
*** crates/pstore-engine/src/lib.rs:182:9: replace Engine<S>::fold -> Result<Epoch, EngineError> with Ok(Default::default())

*** mutation diff:
--- crates/pstore-engine/src/lib.rs
+++ replace Engine<S>::fold -> Result<Epoch, EngineError> with Ok(Default::default())
@@ -174,107 +174,17 @@
     /// in-memory copy would make the WAL write-only: the objects would be paid for and
     /// never read, and a process that restarted could not recover a single acknowledged
     /// write. The memtable exists to make a write *visible*; the bundle is what makes it
     /// *durable*, and only one of those survives a crash.
     ///
     /// Retries a lost CAS by rebasing, which is the protocol: `Lost` means the world
     /// moved, so the attempt is rebuilt against the world that exists now.
     pub async fn fold(&self) -> Result<Epoch, EngineError> {
-        let flushed = *self
-            .seq
-            .lock()
-            .unwrap_or_else(std::sync::PoisonError::into_inner);
-
-        for attempt in 0..MAX_COMMIT_ATTEMPTS {
-            let at = head::read(&*self.store, self.tenant).await?;
-            let from = at.head.watermarks.get(&self.lane.0).copied().unwrap_or(0);
-            if from >= flushed.0 {
-                // Nothing of ours is unfolded. Another committer may have moved the epoch
-                // on, which is not our concern.
-                return Ok(at.head.epoch);
-            }
-
-            // Every unfolded bundle in this lane, fetched together: the sequence numbers
-            // are dense and derived, so there is nothing to discover and nothing to list.
-            let keys: Vec<Key> = (from..flushed.0).map(|n| self.lane_key(Seq(n))).collect();
-            let bodies =
-                futures_util::future::try_join_all(keys.iter().map(|k| self.store.get(k))).await?;
-
-            let mut by_index: BTreeMap<String, Vec<Document>> = BTreeMap::new();
-            for body in &bodies {
-                for (name, entry) in bundle::read_index(body)? {
-                    by_index
-                        .entry(name)
-                        .or_default()
-                        .extend(bundle::read_entry(body, &entry)?);
-                }
-            }
-            if by_index.is_empty() {
-                return Ok(at.head.epoch);
-            }
-
-            let mut next = at.head.clone();
-            next.epoch = next.epoch.next();
-            // The ABA guard: two HEADs differing only in content a content-derived tag is
-            // computed from would otherwise share a tag. Derived from the epoch and lane,
-            // so it is deterministic and needs no clock.
-            next.nonce = next.epoch.0.wrapping_mul(0x9E37_79B9_7F4A_7C15) ^ self.lane.0;
-
-            // One segment per index. Folding every index into one object would make each
-            // index's ref point at the whole thing, and a scan would return its
-            // neighbours' rows.
-            for (idx, docs) in &by_index {
-                let seg_key = self.segment_key(next.epoch, idx);
-                let mut w = SegmentWriter::new(ROWS_PER_BLOCK);
-                for d in docs {
-                    w.push(d.clone());
-                }
-                // Keyed by the epoch being attempted, so a retry rewrites the same bytes
-                // at the same key. A loser leaves an orphan that GC reaps, because no HEAD
-                // references it.
-                self.store.put(&seg_key, w.finish()).await?;
-                next.indexes
-                    .entry(idx.clone())
-                    .or_default()
-                    .push(SegmentRef {
-                        key: seg_key.as_str().to_owned(),
-                        rows: docs.len() as u32,
-                    });
-            }
-            next.watermarks.insert(self.lane.0, flushed.0);
-
-            match head::commit(&*self.store, self.tenant, &at, &next).await {
-                Ok(epoch) => {
-                    // Dropped only after the commit lands, so a lost race leaves the rows
-                    // visible from the memtable rather than briefly from nowhere.
-                    self.mem().durable.clear();
-                    *self
-                        .committed
-                        .lock()
-                        .unwrap_or_else(std::sync::PoisonError::into_inner) = epoch;
-                    return Ok(epoch);
-                }
-                Err(EngineError::Lost | EngineError::Contended)
-                    if attempt < MAX_COMMIT_ATTEMPTS - 1 =>
-                {
-                    // ⚠️ Backoff, and jittered. Without it, optimistic concurrency
-                    // LIVELOCKS: every loser retries immediately, collides with the same
-                    // peers, and loses again. It showed up here as a flaky test rather
-                    // than a failing one, which is the more expensive way to find out.
-                    // The jitter is derived from the lane so two writers never wake
-                    // together, and needs no clock or randomness to be reproducible.
-                    let base = 1u64 << attempt.min(6);
-                    let jitter = (self.lane.0 % 8) + 1;
-                    tokio::time::sleep(std::time::Duration::from_micros(base * jitter)).await;
-                }
-                Err(e) => return Err(e),
-            }
-        }
-        Err(EngineError::Lost)
+        Ok(Default::default()) /* ~ changed by cargo-mutants ~ */
     }
 
     /// Every row of an index a filter selects: committed segments plus everything not yet
     /// folded, each appearing **exactly once**.
     pub async fn scan(
         &self,
         index: &str,
         filter: Option<&Filter>,


*** /home/tuong/.rustup/toolchains/1.90-x86_64-unknown-linux-gnu/bin/cargo test --no-run --verbose --package=pstore-engine@0.1.0 --all-features
       Fresh unicode-ident v1.0.24
       Fresh proc-macro2 v1.0.107
       Fresh pin-project-lite v0.2.17
       Fresh slab v0.4.12
       Fresh futures-core v0.3.34
       Fresh futures-task v0.3.34
       Fresh bytes v1.12.1
       Fresh pstore-types v0.1.0 (/tmp/cargo-mutants-pstore-LuBYam.tmp/crates/pstore-types)
       Fresh quote v1.0.47
       Fresh futures-util v0.3.34
       Fresh syn v3.0.5
       Fresh tokio-macros v2.7.2
       Fresh thiserror-impl v2.0.20
       Fresh async-trait v0.1.92
       Fresh thiserror v2.0.20
       Fresh tokio v1.53.1
       Fresh pstore-blob v0.1.0 (/tmp/cargo-mutants-pstore-LuBYam.tmp/crates/pstore-blob)
       Fresh pstore-format v0.1.0 (/tmp/cargo-mutants-pstore-LuBYam.tmp/crates/pstore-format)
       Fresh pstore-testkit v0.1.0 (/tmp/cargo-mutants-pstore-LuBYam.tmp/crates/pstore-testkit)
       Dirty pstore-engine v0.1.0 (/tmp/cargo-mutants-pstore-LuBYam.tmp/crates/pstore-engine): the file `crates/pstore-engine/src/lib.rs` has changed (1788607274.413614100s, 1s after last build at 1788607273.074140626s)
   Compiling pstore-engine v0.1.0 (/tmp/cargo-mutants-pstore-LuBYam.tmp/crates/pstore-engine)
     Running `/home/tuong/.rustup/toolchains/1.90-x86_64-unknown-linux-gnu/bin/rustc --crate-name pstore_engine --edition=2024 crates/pstore-engine/src/lib.rs --error-format=json --json=diagnostic-rendered-ansi,artifacts,future-incompat --emit=dep-info,link -C embed-bitcode=no -C debuginfo=2 --warn=rust_2018_idioms '--deny=clippy::unwrap_used' --forbid=unsafe_code --warn=unreachable_pub '--deny=clippy::unimplemented' '--deny=clippy::todo' '--deny=clippy::panic' --warn=missing_docs '--deny=clippy::mem_forget' '--deny=clippy::indexing_slicing' '--deny=clippy::float_cmp' '--deny=clippy::expect_used' '--deny=clippy::dbg_macro' --test --check-cfg 'cfg(docsrs,test)' --check-cfg 'cfg(feature, values())' -C metadata=4693ee9f44933b5d -C extra-filename=-8cfb19ad04048a97 --out-dir /tmp/cargo-mutants-pstore-LuBYam.tmp/target/debug/deps -C incremental=/tmp/cargo-mutants-pstore-LuBYam.tmp/target/debug/incremental -L dependency=/tmp/cargo-mutants-pstore-LuBYam.tmp/target/debug/deps --extern bytes=/tmp/cargo-mutants-pstore-LuBYam.tmp/target/debug/deps/libbytes-31b8f712e3be84e8.rlib --extern futures_util=/tmp/cargo-mutants-pstore-LuBYam.tmp/target/debug/deps/libfutures_util-9467758a9490225b.rlib --extern pstore_blob=/tmp/cargo-mutants-pstore-LuBYam.tmp/target/debug/deps/libpstore_blob-b6cf016c092a0ac2.rlib --extern pstore_format=/tmp/cargo-mutants-pstore-LuBYam.tmp/target/debug/deps/libpstore_format-1275d00aeb99a72a.rlib --extern pstore_testkit=/tmp/cargo-mutants-pstore-LuBYam.tmp/target/debug/deps/libpstore_testkit-c545806fa049828c.rlib --extern pstore_types=/tmp/cargo-mutants-pstore-LuBYam.tmp/target/debug/deps/libpstore_types-c19df0e60947a156.rlib --extern thiserror=/tmp/cargo-mutants-pstore-LuBYam.tmp/target/debug/deps/libthiserror-a555ba146edbfd98.rlib --extern tokio=/tmp/cargo-mutants-pstore-LuBYam.tmp/target/debug/deps/libtokio-1c12c7fb7aae7e9d.rlib`
     Running `/home/tuong/.rustup/toolchains/1.90-x86_64-unknown-linux-gnu/bin/rustc --crate-name pstore_engine --edition=2024 crates/pstore-engine/src/lib.rs --error-format=json --json=diagnostic-rendered-ansi,artifacts,future-incompat --crate-type lib --emit=dep-info,metadata,link -C embed-bitcode=no -C debuginfo=2 --warn=rust_2018_idioms '--deny=clippy::unwrap_used' --forbid=unsafe_code --warn=unreachable_pub '--deny=clippy::unimplemented' '--deny=clippy::todo' '--deny=clippy::panic' --warn=missing_docs '--deny=clippy::mem_forget' '--deny=clippy::indexing_slicing' '--deny=clippy::float_cmp' '--deny=clippy::expect_used' '--deny=clippy::dbg_macro' --check-cfg 'cfg(docsrs,test)' --check-cfg 'cfg(feature, values())' -C metadata=a276e8e21a30ee6c -C extra-filename=-bda1651ff56837d3 --out-dir /tmp/cargo-mutants-pstore-LuBYam.tmp/target/debug/deps -C incremental=/tmp/cargo-mutants-pstore-LuBYam.tmp/target/debug/incremental -L dependency=/tmp/cargo-mutants-pstore-LuBYam.tmp/target/debug/deps --extern bytes=/tmp/cargo-mutants-pstore-LuBYam.tmp/target/debug/deps/libbytes-31b8f712e3be84e8.rmeta --extern futures_util=/tmp/cargo-mutants-pstore-LuBYam.tmp/target/debug/deps/libfutures_util-9467758a9490225b.rmeta --extern pstore_blob=/tmp/cargo-mutants-pstore-LuBYam.tmp/target/debug/deps/libpstore_blob-b6cf016c092a0ac2.rmeta --extern pstore_format=/tmp/cargo-mutants-pstore-LuBYam.tmp/target/debug/deps/libpstore_format-1275d00aeb99a72a.rmeta --extern pstore_types=/tmp/cargo-mutants-pstore-LuBYam.tmp/target/debug/deps/libpstore_types-c19df0e60947a156.rmeta --extern thiserror=/tmp/cargo-mutants-pstore-LuBYam.tmp/target/debug/deps/libthiserror-a555ba146edbfd98.rmeta --extern tokio=/tmp/cargo-mutants-pstore-LuBYam.tmp/target/debug/deps/libtokio-1c12c7fb7aae7e9d.rmeta`
warning: unused import: `SegmentWriter`
  --> crates/pstore-engine/src/lib.rs:11:48
   |
11 | use pstore_format::{Document, Filter, Segment, SegmentWriter};
   |                                                ^^^^^^^^^^^^^
   |
   = note: `#[warn(unused_imports)]` on by default

warning: constant `ROWS_PER_BLOCK` is never used
  --> crates/pstore-engine/src/lib.rs:18:7
   |
18 | const ROWS_PER_BLOCK: usize = 64;
   |       ^^^^^^^^^^^^^^
   |
   = note: `#[warn(dead_code)]` on by default

warning: constant `MAX_COMMIT_ATTEMPTS` is never used
  --> crates/pstore-engine/src/lib.rs:24:7
   |
24 | const MAX_COMMIT_ATTEMPTS: u32 = 24;
   |       ^^^^^^^^^^^^^^^^^^^

warning: method `segment_key` is never used
   --> crates/pstore-engine/src/lib.rs:121:8
    |
 86 | impl<S: BlobStore> Engine<S> {
    | ---------------------------- method in this implementation
...
121 |     fn segment_key(&self, epoch: Epoch, index: &str) -> Key {
    |        ^^^^^^^^^^^

warning: function `read_index` is never used
  --> crates/pstore-engine/src/bundle.rs:72:15
   |
72 | pub(crate) fn read_index(buf: &[u8]) -> Result<BTreeMap<String, Entry>, EngineError> {
   |               ^^^^^^^^^^

warning: function `read_entry` is never used
   --> crates/pstore-engine/src/bundle.rs:144:15
    |
144 | pub(crate) fn read_entry(buf: &[u8], e: &Entry) -> Result<Vec<Document>, EngineError> {
    |               ^^^^^^^^^^

warning: `pstore-engine` (lib test) generated 6 warnings (run `cargo fix --lib -p pstore-engine --tests` to apply 1 suggestion)
warning: `pstore-engine` (lib) generated 6 warnings (6 duplicates)
     Running `/home/tuong/.rustup/toolchains/1.90-x86_64-unknown-linux-gnu/bin/rustc --crate-name engine --edition=2024 crates/pstore-engine/tests/engine.rs --error-format=json --json=diagnostic-rendered-ansi,artifacts,future-incompat --emit=dep-info,link -C embed-bitcode=no -C debuginfo=2 --warn=rust_2018_idioms '--deny=clippy::unwrap_used' --forbid=unsafe_code --warn=unreachable_pub '--deny=clippy::unimplemented' '--deny=clippy::todo' '--deny=clippy::panic' --warn=missing_docs '--deny=clippy::mem_forget' '--deny=clippy::indexing_slicing' '--deny=clippy::float_cmp' '--deny=clippy::expect_used' '--deny=clippy::dbg_macro' --test --check-cfg 'cfg(docsrs,test)' --check-cfg 'cfg(feature, values())' -C metadata=e449d115f1b6d00d -C extra-filename=-6770e7487f03c003 --out-dir /tmp/cargo-mutants-pstore-LuBYam.tmp/target/debug/deps -C incremental=/tmp/cargo-mutants-pstore-LuBYam.tmp/target/debug/incremental -L dependency=/tmp/cargo-mutants-pstore-LuBYam.tmp/target/debug/deps --extern bytes=/tmp/cargo-mutants-pstore-LuBYam.tmp/target/debug/deps/libbytes-31b8f712e3be84e8.rlib --extern futures_util=/tmp/cargo-mutants-pstore-LuBYam.tmp/target/debug/deps/libfutures_util-9467758a9490225b.rlib --extern pstore_blob=/tmp/cargo-mutants-pstore-LuBYam.tmp/target/debug/deps/libpstore_blob-b6cf016c092a0ac2.rlib --extern pstore_engine=/tmp/cargo-mutants-pstore-LuBYam.tmp/target/debug/deps/libpstore_engine-bda1651ff56837d3.rlib --extern pstore_format=/tmp/cargo-mutants-pstore-LuBYam.tmp/target/debug/deps/libpstore_format-1275d00aeb99a72a.rlib --extern pstore_testkit=/tmp/cargo-mutants-pstore-LuBYam.tmp/target/debug/deps/libpstore_testkit-c545806fa049828c.rlib --extern pstore_types=/tmp/cargo-mutants-pstore-LuBYam.tmp/target/debug/deps/libpstore_types-c19df0e60947a156.rlib --extern thiserror=/tmp/cargo-mutants-pstore-LuBYam.tmp/target/debug/deps/libthiserror-a555ba146edbfd98.rlib --extern tokio=/tmp/cargo-mutants-pstore-LuBYam.tmp/target/debug/deps/libtokio-1c12c7fb7aae7e9d.rlib`
     Running `/home/tuong/.rustup/toolchains/1.90-x86_64-unknown-linux-gnu/bin/rustc --crate-name bundle_errors --edition=2024 crates/pstore-engine/tests/bundle_errors.rs --error-format=json --json=diagnostic-rendered-ansi,artifacts,future-incompat --emit=dep-info,link -C embed-bitcode=no -C debuginfo=2 --warn=rust_2018_idioms '--deny=clippy::unwrap_used' --forbid=unsafe_code --warn=unreachable_pub '--deny=clippy::unimplemented' '--deny=clippy::todo' '--deny=clippy::panic' --warn=missing_docs '--deny=clippy::mem_forget' '--deny=clippy::indexing_slicing' '--deny=clippy::float_cmp' '--deny=clippy::expect_used' '--deny=clippy::dbg_macro' --test --check-cfg 'cfg(docsrs,test)' --check-cfg 'cfg(feature, values())' -C metadata=50a806b046ac6275 -C extra-filename=-12e10ac571c4c893 --out-dir /tmp/cargo-mutants-pstore-LuBYam.tmp/target/debug/deps -C incremental=/tmp/cargo-mutants-pstore-LuBYam.tmp/target/debug/incremental -L dependency=/tmp/cargo-mutants-pstore-LuBYam.tmp/target/debug/deps --extern bytes=/tmp/cargo-mutants-pstore-LuBYam.tmp/target/debug/deps/libbytes-31b8f712e3be84e8.rlib --extern futures_util=/tmp/cargo-mutants-pstore-LuBYam.tmp/target/debug/deps/libfutures_util-9467758a9490225b.rlib --extern pstore_blob=/tmp/cargo-mutants-pstore-LuBYam.tmp/target/debug/deps/libpstore_blob-b6cf016c092a0ac2.rlib --extern pstore_engine=/tmp/cargo-mutants-pstore-LuBYam.tmp/target/debug/deps/libpstore_engine-bda1651ff56837d3.rlib --extern pstore_format=/tmp/cargo-mutants-pstore-LuBYam.tmp/target/debug/deps/libpstore_format-1275d00aeb99a72a.rlib --extern pstore_testkit=/tmp/cargo-mutants-pstore-LuBYam.tmp/target/debug/deps/libpstore_testkit-c545806fa049828c.rlib --extern pstore_types=/tmp/cargo-mutants-pstore-LuBYam.tmp/target/debug/deps/libpstore_types-c19df0e60947a156.rlib --extern thiserror=/tmp/cargo-mutants-pstore-LuBYam.tmp/target/debug/deps/libthiserror-a555ba146edbfd98.rlib --extern tokio=/tmp/cargo-mutants-pstore-LuBYam.tmp/target/debug/deps/libtokio-1c12c7fb7aae7e9d.rlib`
     Running `/home/tuong/.rustup/toolchains/1.90-x86_64-unknown-linux-gnu/bin/rustc --crate-name invariants --edition=2024 crates/pstore-engine/tests/invariants.rs --error-format=json --json=diagnostic-rendered-ansi,artifacts,future-incompat --emit=dep-info,link -C embed-bitcode=no -C debuginfo=2 --warn=rust_2018_idioms '--deny=clippy::unwrap_used' --forbid=unsafe_code --warn=unreachable_pub '--deny=clippy::unimplemented' '--deny=clippy::todo' '--deny=clippy::panic' --warn=missing_docs '--deny=clippy::mem_forget' '--deny=clippy::indexing_slicing' '--deny=clippy::float_cmp' '--deny=clippy::expect_used' '--deny=clippy::dbg_macro' --test --check-cfg 'cfg(docsrs,test)' --check-cfg 'cfg(feature, values())' -C metadata=abed4b24add1deec -C extra-filename=-0c8b8182a0366e4f --out-dir /tmp/cargo-mutants-pstore-LuBYam.tmp/target/debug/deps -C incremental=/tmp/cargo-mutants-pstore-LuBYam.tmp/target/debug/incremental -L dependency=/tmp/cargo-mutants-pstore-LuBYam.tmp/target/debug/deps --extern bytes=/tmp/cargo-mutants-pstore-LuBYam.tmp/target/debug/deps/libbytes-31b8f712e3be84e8.rlib --extern futures_util=/tmp/cargo-mutants-pstore-LuBYam.tmp/target/debug/deps/libfutures_util-9467758a9490225b.rlib --extern pstore_blob=/tmp/cargo-mutants-pstore-LuBYam.tmp/target/debug/deps/libpstore_blob-b6cf016c092a0ac2.rlib --extern pstore_engine=/tmp/cargo-mutants-pstore-LuBYam.tmp/target/debug/deps/libpstore_engine-bda1651ff56837d3.rlib --extern pstore_format=/tmp/cargo-mutants-pstore-LuBYam.tmp/target/debug/deps/libpstore_format-1275d00aeb99a72a.rlib --extern pstore_testkit=/tmp/cargo-mutants-pstore-LuBYam.tmp/target/debug/deps/libpstore_testkit-c545806fa049828c.rlib --extern pstore_types=/tmp/cargo-mutants-pstore-LuBYam.tmp/target/debug/deps/libpstore_types-c19df0e60947a156.rlib --extern thiserror=/tmp/cargo-mutants-pstore-LuBYam.tmp/target/debug/deps/libthiserror-a555ba146edbfd98.rlib --extern tokio=/tmp/cargo-mutants-pstore-LuBYam.tmp/target/debug/deps/libtokio-1c12c7fb7aae7e9d.rlib`
     Running `/home/tuong/.rustup/toolchains/1.90-x86_64-unknown-linux-gnu/bin/rustc --crate-name end_to_end --edition=2024 crates/pstore-engine/tests/end_to_end.rs --error-format=json --json=diagnostic-rendered-ansi,artifacts,future-incompat --emit=dep-info,link -C embed-bitcode=no -C debuginfo=2 --warn=rust_2018_idioms '--deny=clippy::unwrap_used' --forbid=unsafe_code --warn=unreachable_pub '--deny=clippy::unimplemented' '--deny=clippy::todo' '--deny=clippy::panic' --warn=missing_docs '--deny=clippy::mem_forget' '--deny=clippy::indexing_slicing' '--deny=clippy::float_cmp' '--deny=clippy::expect_used' '--deny=clippy::dbg_macro' --test --check-cfg 'cfg(docsrs,test)' --check-cfg 'cfg(feature, values())' -C metadata=f79278e72e1f6f1e -C extra-filename=-064b00503e0e203b --out-dir /tmp/cargo-mutants-pstore-LuBYam.tmp/target/debug/deps -C incremental=/tmp/cargo-mutants-pstore-LuBYam.tmp/target/debug/incremental -L dependency=/tmp/cargo-mutants-pstore-LuBYam.tmp/target/debug/deps --extern bytes=/tmp/cargo-mutants-pstore-LuBYam.tmp/target/debug/deps/libbytes-31b8f712e3be84e8.rlib --extern futures_util=/tmp/cargo-mutants-pstore-LuBYam.tmp/target/debug/deps/libfutures_util-9467758a9490225b.rlib --extern pstore_blob=/tmp/cargo-mutants-pstore-LuBYam.tmp/target/debug/deps/libpstore_blob-b6cf016c092a0ac2.rlib --extern pstore_engine=/tmp/cargo-mutants-pstore-LuBYam.tmp/target/debug/deps/libpstore_engine-bda1651ff56837d3.rlib --extern pstore_format=/tmp/cargo-mutants-pstore-LuBYam.tmp/target/debug/deps/libpstore_format-1275d00aeb99a72a.rlib --extern pstore_testkit=/tmp/cargo-mutants-pstore-LuBYam.tmp/target/debug/deps/libpstore_testkit-c545806fa049828c.rlib --extern pstore_types=/tmp/cargo-mutants-pstore-LuBYam.tmp/target/debug/deps/libpstore_types-c19df0e60947a156.rlib --extern thiserror=/tmp/cargo-mutants-pstore-LuBYam.tmp/target/debug/deps/libthiserror-a555ba146edbfd98.rlib --extern tokio=/tmp/cargo-mutants-pstore-LuBYam.tmp/target/debug/deps/libtokio-1c12c7fb7aae7e9d.rlib`
     Running `/home/tuong/.rustup/toolchains/1.90-x86_64-unknown-linux-gnu/bin/rustc --crate-name head --edition=2024 crates/pstore-engine/tests/head.rs --error-format=json --json=diagnostic-rendered-ansi,artifacts,future-incompat --emit=dep-info,link -C embed-bitcode=no -C debuginfo=2 --warn=rust_2018_idioms '--deny=clippy::unwrap_used' --forbid=unsafe_code --warn=unreachable_pub '--deny=clippy::unimplemented' '--deny=clippy::todo' '--deny=clippy::panic' --warn=missing_docs '--deny=clippy::mem_forget' '--deny=clippy::indexing_slicing' '--deny=clippy::float_cmp' '--deny=clippy::expect_used' '--deny=clippy::dbg_macro' --test --check-cfg 'cfg(docsrs,test)' --check-cfg 'cfg(feature, values())' -C metadata=ff3733eee68dac93 -C extra-filename=-bf684d7be510072b --out-dir /tmp/cargo-mutants-pstore-LuBYam.tmp/target/debug/deps -C incremental=/tmp/cargo-mutants-pstore-LuBYam.tmp/target/debug/incremental -L dependency=/tmp/cargo-mutants-pstore-LuBYam.tmp/target/debug/deps --extern bytes=/tmp/cargo-mutants-pstore-LuBYam.tmp/target/debug/deps/libbytes-31b8f712e3be84e8.rlib --extern futures_util=/tmp/cargo-mutants-pstore-LuBYam.tmp/target/debug/deps/libfutures_util-9467758a9490225b.rlib --extern pstore_blob=/tmp/cargo-mutants-pstore-LuBYam.tmp/target/debug/deps/libpstore_blob-b6cf016c092a0ac2.rlib --extern pstore_engine=/tmp/cargo-mutants-pstore-LuBYam.tmp/target/debug/deps/libpstore_engine-bda1651ff56837d3.rlib --extern pstore_format=/tmp/cargo-mutants-pstore-LuBYam.tmp/target/debug/deps/libpstore_format-1275d00aeb99a72a.rlib --extern pstore_testkit=/tmp/cargo-mutants-pstore-LuBYam.tmp/target/debug/deps/libpstore_testkit-c545806fa049828c.rlib --extern pstore_types=/tmp/cargo-mutants-pstore-LuBYam.tmp/target/debug/deps/libpstore_types-c19df0e60947a156.rlib --extern thiserror=/tmp/cargo-mutants-pstore-LuBYam.tmp/target/debug/deps/libthiserror-a555ba146edbfd98.rlib --extern tokio=/tmp/cargo-mutants-pstore-LuBYam.tmp/target/debug/deps/libtokio-1c12c7fb7aae7e9d.rlib`
    Finished `test` profile [unoptimized + debuginfo] target(s) in 1.33s
  Executable `/tmp/cargo-mutants-pstore-LuBYam.tmp/target/debug/deps/pstore_engine-8cfb19ad04048a97`
  Executable `/tmp/cargo-mutants-pstore-LuBYam.tmp/target/debug/deps/bundle_errors-12e10ac571c4c893`
  Executable `/tmp/cargo-mutants-pstore-LuBYam.tmp/target/debug/deps/end_to_end-064b00503e0e203b`
  Executable `/tmp/cargo-mutants-pstore-LuBYam.tmp/target/debug/deps/engine-6770e7487f03c003`
  Executable `/tmp/cargo-mutants-pstore-LuBYam.tmp/target/debug/deps/head-bf684d7be510072b`
  Executable `/tmp/cargo-mutants-pstore-LuBYam.tmp/target/debug/deps/invariants-0c8b8182a0366e4f`

*** result: Success

*** /home/tuong/.rustup/toolchains/1.90-x86_64-unknown-linux-gnu/bin/cargo test --verbose --package=pstore-engine@0.1.0 --all-features
       Fresh unicode-ident v1.0.24
       Fresh pin-project-lite v0.2.17
       Fresh slab v0.4.12
       Fresh futures-core v0.3.34
       Fresh futures-task v0.3.34
       Fresh bytes v1.12.1
       Fresh pstore-types v0.1.0 (/tmp/cargo-mutants-pstore-LuBYam.tmp/crates/pstore-types)
       Fresh proc-macro2 v1.0.107
       Fresh futures-util v0.3.34
       Fresh quote v1.0.47
       Fresh syn v3.0.5
       Fresh thiserror-impl v2.0.20
       Fresh tokio-macros v2.7.2
       Fresh async-trait v0.1.92
       Fresh thiserror v2.0.20
       Fresh tokio v1.53.1
       Fresh pstore-blob v0.1.0 (/tmp/cargo-mutants-pstore-LuBYam.tmp/crates/pstore-blob)
       Fresh pstore-format v0.1.0 (/tmp/cargo-mutants-pstore-LuBYam.tmp/crates/pstore-format)
       Fresh pstore-testkit v0.1.0 (/tmp/cargo-mutants-pstore-LuBYam.tmp/crates/pstore-testkit)
warning: unused import: `SegmentWriter`
  --> crates/pstore-engine/src/lib.rs:11:48
   |
11 | use pstore_format::{Document, Filter, Segment, SegmentWriter};
   |                                                ^^^^^^^^^^^^^
   |
   = note: `#[warn(unused_imports)]` on by default

warning: constant `ROWS_PER_BLOCK` is never used
  --> crates/pstore-engine/src/lib.rs:18:7
   |
18 | const ROWS_PER_BLOCK: usize = 64;
   |       ^^^^^^^^^^^^^^
   |
   = note: `#[warn(dead_code)]` on by default

warning: constant `MAX_COMMIT_ATTEMPTS` is never used
  --> crates/pstore-engine/src/lib.rs:24:7
   |
24 | const MAX_COMMIT_ATTEMPTS: u32 = 24;
   |       ^^^^^^^^^^^^^^^^^^^

warning: method `segment_key` is never used
   --> crates/pstore-engine/src/lib.rs:121:8
    |
 86 | impl<S: BlobStore> Engine<S> {
    | ---------------------------- method in this implementation
...
121 |     fn segment_key(&self, epoch: Epoch, index: &str) -> Key {
    |        ^^^^^^^^^^^

warning: function `read_index` is never used
  --> crates/pstore-engine/src/bundle.rs:72:15
   |
72 | pub(crate) fn read_index(buf: &[u8]) -> Result<BTreeMap<String, Entry>, EngineError> {
   |               ^^^^^^^^^^

warning: function `read_entry` is never used
   --> crates/pstore-engine/src/bundle.rs:144:15
    |
144 | pub(crate) fn read_entry(buf: &[u8], e: &Entry) -> Result<Vec<Document>, EngineError> {
    |               ^^^^^^^^^^

warning: `pstore-engine` (lib) generated 6 warnings (run `cargo fix --lib -p pstore-engine` to apply 1 suggestion)
warning: `pstore-engine` (lib test) generated 6 warnings (6 duplicates)
       Fresh pstore-engine v0.1.0 (/tmp/cargo-mutants-pstore-LuBYam.tmp/crates/pstore-engine)
    Finished `test` profile [unoptimized + debuginfo] target(s) in 0.02s
     Running `/tmp/cargo-mutants-pstore-LuBYam.tmp/target/debug/deps/pstore_engine-8cfb19ad04048a97`

running 0 tests

test result: ok. 0 passed; 0 failed; 0 ignored; 0 measured; 0 filtered out; finished in 0.00s

     Running `/tmp/cargo-mutants-pstore-LuBYam.tmp/target/debug/deps/bundle_errors-12e10ac571c4c893`

running 7 tests
test a_bundle_with_an_impossible_index_offset_fails_the_fold ... FAILED
test documents_round_trip_through_the_shared_codec ... ok
test a_bundle_with_a_mangled_footer_fails_the_fold ... FAILED
test a_truncated_document_run_is_refused_at_every_length ... ok
test folding_nothing_is_a_no_op_not_an_error ... ok
test an_unknown_value_tag_in_a_document_run_is_refused ... ok
test a_missing_bundle_fails_the_fold_rather_than_skipping_it ... FAILED

failures:

---- a_bundle_with_an_impossible_index_offset_fails_the_fold stdout ----

thread 'a_bundle_with_an_impossible_index_offset_fails_the_fold' panicked at crates/pstore-engine/tests/bundle_errors.rs:103:5:
an offset past the object must not be trusted
note: run with `RUST_BACKTRACE=1` environment variable to display a backtrace

---- a_bundle_with_a_mangled_footer_fails_the_fold stdout ----

thread 'a_bundle_with_a_mangled_footer_fails_the_fold' panicked at crates/pstore-engine/tests/bundle_errors.rs:85:5:
assertion failed: e.fold().await.is_err()

---- a_missing_bundle_fails_the_fold_rather_than_skipping_it stdout ----

thread 'a_missing_bundle_fails_the_fold_rather_than_skipping_it' panicked at crates/pstore-engine/tests/bundle_errors.rs:119:5:
assertion failed: e.fold().await.is_err()


failures:
    a_bundle_with_a_mangled_footer_fails_the_fold
    a_bundle_with_an_impossible_index_offset_fails_the_fold
    a_missing_bundle_fails_the_fold_rather_than_skipping_it

test result: FAILED. 4 passed; 3 failed; 0 ignored; 0 measured; 0 filtered out; finished in 0.00s

error: test failed, to rerun pass `-p pstore-engine --test bundle_errors`

*** result: Failure(101)
