
*** crates/pstore-blob/src/object_store_backend.rs:107:9: replace <impl crate::BlobStore for ObjectStoreBackend>::get_range -> Result<Bytes, BlobError> with Ok(Default::default())

*** mutation diff:
--- crates/pstore-blob/src/object_store_backend.rs
+++ replace <impl crate::BlobStore for ObjectStoreBackend>::get_range -> Result<Bytes, BlobError> with Ok(Default::default())
@@ -99,32 +99,17 @@
             .await
             .map_err(Self::map_err)?
             .bytes()
             .await
             .map_err(Self::map_err)
     }
 
     async fn get_range(&self, key: &Key, range: std::ops::Range<u64>) -> Result<Bytes, BlobError> {
-        let want = range.end.saturating_sub(range.start);
-        let got = self
-            .inner
-            .get_range(&Self::path(key), range.clone())
-            .await
-            .map_err(Self::map_err)?;
-        // ⚠️ FOUND BY THE CONFORMANCE SUITE, not by reading the docs. HTTP `Range` is
-        // permitted to answer a range that overruns the object with `206 Partial
-        // Content` and the bytes that exist -- a SHORT READ, not an error -- and
-        // `object_store` passes that through. Our trait promises the requested bytes or
-        // an error, because a silent truncation here surfaces several layers away as a
-        // recall bug: a posting list that ends early scores as a missing document.
-        if got.len() as u64 != want {
-            return Err(BlobError::RangeOutOfBounds(range, got.len() as u64));
-        }
-        Ok(got)
+        Ok(Default::default()) /* ~ changed by cargo-mutants ~ */
     }
 
     async fn get_tag(&self, key: &Key) -> Option<CasTag> {
         self.inner
             .head(&Self::path(key))
             .await
             .ok()
             .and_then(|m| m.e_tag)


*** /home/tuong/.rustup/toolchains/1.90-x86_64-unknown-linux-gnu/bin/cargo test --no-run --verbose --package=pstore-blob@0.1.0 --all-features
       Fresh unicode-ident v1.0.24
       Fresh proc-macro2 v1.0.107
       Fresh stable_deref_trait v1.2.1
       Fresh quote v1.0.47
       Fresh litemap v0.8.3
       Fresh writeable v0.6.4
       Fresh smallvec v1.16.0
       Fresh utf8_iter v1.0.4
       Fresh autocfg v1.5.1
       Fresh percent-encoding v2.3.2
       Fresh scopeguard v1.2.0
       Fresh pin-project-lite v0.2.17
       Fresh cfg-if v1.0.4
       Fresh syn v3.0.5
       Fresh syn v2.0.119
       Fresh lock_api v0.4.14
       Fresh form_urlencoded v1.2.2
       Fresh futures-core v0.3.34
       Fresh slab v0.4.12
       Fresh itoa v1.0.18
       Fresh either v1.18.0
       Fresh futures-task v0.3.34
       Fresh synstructure v0.13.2
       Fresh zerovec-derive v0.11.6
       Fresh displaydoc v0.2.7
       Fresh icu_normalizer_data v2.3.0
       Fresh icu_properties_data v2.3.0
       Fresh libc v0.2.189
       Fresh futures-macro v0.3.34
       Fresh thiserror-impl v2.0.20
       Fresh bytes v1.12.1
       Fresh iana-time-zone v0.1.65
       Fresh futures-sink v0.3.34
       Fresh tokio-macros v2.7.2
       Fresh itertools v0.15.0
       Fresh async-trait v0.1.92
       Fresh zerofrom-derive v0.1.7
       Fresh yoke-derive v0.8.2
       Fresh num-traits v0.2.19
       Fresh parking_lot_core v0.9.12
       Fresh futures-util v0.3.34
       Fresh thiserror v2.0.20
       Fresh http v1.5.0
       Fresh humantime v2.4.0
       Fresh tokio v1.53.1
       Fresh pstore-types v0.1.0 (/tmp/cargo-mutants-pstore-1GLcYs.tmp/crates/pstore-types)
       Fresh zerofrom v0.1.8
       Fresh parking_lot v0.12.5
       Fresh chrono v0.4.45
       Fresh yoke v0.8.3
       Fresh zerovec v0.11.8
       Fresh zerotrie v0.2.5
       Fresh tinystr v0.8.4
       Fresh potential_utf v0.1.6
       Fresh icu_locale_core v2.3.0
       Fresh icu_collections v2.3.0
       Fresh icu_provider v2.3.1
       Fresh icu_normalizer v2.3.0
       Fresh icu_properties v2.3.0
       Fresh idna_adapter v1.2.2
       Fresh idna v1.1.0
       Fresh url v2.5.8
       Fresh object_store v0.14.1
       Dirty pstore-blob v0.1.0 (/tmp/cargo-mutants-pstore-1GLcYs.tmp/crates/pstore-blob): the file `crates/pstore-blob/src/object_store_backend.rs` has changed (1788604992.691715341s, 626607486ns after last build at 1788604992.065107855s)
   Compiling pstore-blob v0.1.0 (/tmp/cargo-mutants-pstore-1GLcYs.tmp/crates/pstore-blob)
     Running `/home/tuong/.rustup/toolchains/1.90-x86_64-unknown-linux-gnu/bin/rustc --crate-name pstore_blob --edition=2024 crates/pstore-blob/src/lib.rs --error-format=json --json=diagnostic-rendered-ansi,artifacts,future-incompat --crate-type lib --emit=dep-info,metadata,link -C embed-bitcode=no -C debuginfo=2 --warn=rust_2018_idioms '--deny=clippy::unwrap_used' --forbid=unsafe_code --warn=unreachable_pub '--deny=clippy::unimplemented' '--deny=clippy::todo' '--deny=clippy::panic' --warn=missing_docs '--deny=clippy::mem_forget' '--deny=clippy::indexing_slicing' '--deny=clippy::float_cmp' '--deny=clippy::expect_used' '--deny=clippy::dbg_macro' --cfg 'feature="object_store"' --check-cfg 'cfg(docsrs,test)' --check-cfg 'cfg(feature, values("object_store"))' -C metadata=b615e1a99aa61aeb -C extra-filename=-ea7ab0f4ca431f83 --out-dir /tmp/cargo-mutants-pstore-1GLcYs.tmp/target/debug/deps -C incremental=/tmp/cargo-mutants-pstore-1GLcYs.tmp/target/debug/incremental -L dependency=/tmp/cargo-mutants-pstore-1GLcYs.tmp/target/debug/deps --extern async_trait=/tmp/cargo-mutants-pstore-1GLcYs.tmp/target/debug/deps/libasync_trait-14b400283fac8cea.so --extern bytes=/tmp/cargo-mutants-pstore-1GLcYs.tmp/target/debug/deps/libbytes-31b8f712e3be84e8.rmeta --extern object_store=/tmp/cargo-mutants-pstore-1GLcYs.tmp/target/debug/deps/libobject_store-b201e14610e40912.rmeta --extern pstore_types=/tmp/cargo-mutants-pstore-1GLcYs.tmp/target/debug/deps/libpstore_types-c19df0e60947a156.rmeta --extern thiserror=/tmp/cargo-mutants-pstore-1GLcYs.tmp/target/debug/deps/libthiserror-5a6de54893a1cf1a.rmeta --extern tokio=/tmp/cargo-mutants-pstore-1GLcYs.tmp/target/debug/deps/libtokio-8f73ed7cb87faa2b.rmeta`
warning: unused variable: `key`
   --> crates/pstore-blob/src/object_store_backend.rs:106:31
    |
106 |     async fn get_range(&self, key: &Key, range: std::ops::Range<u64>) -> Result<Bytes, BlobError> {
    |                               ^^^ help: if this is intentional, prefix it with an underscore: `_key`
    |
    = note: `#[warn(unused_variables)]` on by default

warning: unused variable: `range`
   --> crates/pstore-blob/src/object_store_backend.rs:106:42
    |
106 |     async fn get_range(&self, key: &Key, range: std::ops::Range<u64>) -> Result<Bytes, BlobError> {
    |                                          ^^^^^ help: if this is intentional, prefix it with an underscore: `_range`

       Dirty pstore-testkit v0.1.0 (/tmp/cargo-mutants-pstore-1GLcYs.tmp/crates/pstore-testkit): the dependency pstore_blob was rebuilt
   Compiling pstore-testkit v0.1.0 (/tmp/cargo-mutants-pstore-1GLcYs.tmp/crates/pstore-testkit)
     Running `/home/tuong/.rustup/toolchains/1.90-x86_64-unknown-linux-gnu/bin/rustc --crate-name pstore_testkit --edition=2024 crates/pstore-testkit/src/lib.rs --error-format=json --json=diagnostic-rendered-ansi,artifacts,future-incompat --crate-type lib --emit=dep-info,metadata,link -C embed-bitcode=no -C debuginfo=2 --warn=rust_2018_idioms '--deny=clippy::unwrap_used' --forbid=unsafe_code --warn=unreachable_pub '--deny=clippy::unimplemented' '--deny=clippy::todo' '--deny=clippy::panic' --warn=missing_docs '--deny=clippy::mem_forget' '--deny=clippy::indexing_slicing' '--deny=clippy::float_cmp' '--deny=clippy::expect_used' '--deny=clippy::dbg_macro' --check-cfg 'cfg(docsrs,test)' --check-cfg 'cfg(feature, values())' -C metadata=b46c42ddbbe89fe2 -C extra-filename=-61fc817970e2660e --out-dir /tmp/cargo-mutants-pstore-1GLcYs.tmp/target/debug/deps -C incremental=/tmp/cargo-mutants-pstore-1GLcYs.tmp/target/debug/incremental -L dependency=/tmp/cargo-mutants-pstore-1GLcYs.tmp/target/debug/deps --extern bytes=/tmp/cargo-mutants-pstore-1GLcYs.tmp/target/debug/deps/libbytes-31b8f712e3be84e8.rmeta --extern pstore_blob=/tmp/cargo-mutants-pstore-1GLcYs.tmp/target/debug/deps/libpstore_blob-ea7ab0f4ca431f83.rmeta --extern pstore_types=/tmp/cargo-mutants-pstore-1GLcYs.tmp/target/debug/deps/libpstore_types-c19df0e60947a156.rmeta --extern tokio=/tmp/cargo-mutants-pstore-1GLcYs.tmp/target/debug/deps/libtokio-8f73ed7cb87faa2b.rmeta`
warning: `pstore-blob` (lib) generated 2 warnings
     Running `/home/tuong/.rustup/toolchains/1.90-x86_64-unknown-linux-gnu/bin/rustc --crate-name cas --edition=2024 crates/pstore-blob/tests/cas.rs --error-format=json --json=diagnostic-rendered-ansi,artifacts,future-incompat --emit=dep-info,link -C embed-bitcode=no -C debuginfo=2 --warn=rust_2018_idioms '--deny=clippy::unwrap_used' --forbid=unsafe_code --warn=unreachable_pub '--deny=clippy::unimplemented' '--deny=clippy::todo' '--deny=clippy::panic' --warn=missing_docs '--deny=clippy::mem_forget' '--deny=clippy::indexing_slicing' '--deny=clippy::float_cmp' '--deny=clippy::expect_used' '--deny=clippy::dbg_macro' --test --cfg 'feature="object_store"' --check-cfg 'cfg(docsrs,test)' --check-cfg 'cfg(feature, values("object_store"))' -C metadata=22b4f5ea19ab425b -C extra-filename=-33f9287e979ab8b9 --out-dir /tmp/cargo-mutants-pstore-1GLcYs.tmp/target/debug/deps -C incremental=/tmp/cargo-mutants-pstore-1GLcYs.tmp/target/debug/incremental -L dependency=/tmp/cargo-mutants-pstore-1GLcYs.tmp/target/debug/deps --extern async_trait=/tmp/cargo-mutants-pstore-1GLcYs.tmp/target/debug/deps/libasync_trait-14b400283fac8cea.so --extern bytes=/tmp/cargo-mutants-pstore-1GLcYs.tmp/target/debug/deps/libbytes-31b8f712e3be84e8.rlib --extern object_store=/tmp/cargo-mutants-pstore-1GLcYs.tmp/target/debug/deps/libobject_store-b201e14610e40912.rlib --extern pstore_blob=/tmp/cargo-mutants-pstore-1GLcYs.tmp/target/debug/deps/libpstore_blob-ea7ab0f4ca431f83.rlib --extern pstore_testkit=/tmp/cargo-mutants-pstore-1GLcYs.tmp/target/debug/deps/libpstore_testkit-61fc817970e2660e.rlib --extern pstore_types=/tmp/cargo-mutants-pstore-1GLcYs.tmp/target/debug/deps/libpstore_types-c19df0e60947a156.rlib --extern thiserror=/tmp/cargo-mutants-pstore-1GLcYs.tmp/target/debug/deps/libthiserror-5a6de54893a1cf1a.rlib --extern tokio=/tmp/cargo-mutants-pstore-1GLcYs.tmp/target/debug/deps/libtokio-8f73ed7cb87faa2b.rlib`
     Running `/home/tuong/.rustup/toolchains/1.90-x86_64-unknown-linux-gnu/bin/rustc --crate-name coalescing --edition=2024 crates/pstore-blob/tests/coalescing.rs --error-format=json --json=diagnostic-rendered-ansi,artifacts,future-incompat --emit=dep-info,link -C embed-bitcode=no -C debuginfo=2 --warn=rust_2018_idioms '--deny=clippy::unwrap_used' --forbid=unsafe_code --warn=unreachable_pub '--deny=clippy::unimplemented' '--deny=clippy::todo' '--deny=clippy::panic' --warn=missing_docs '--deny=clippy::mem_forget' '--deny=clippy::indexing_slicing' '--deny=clippy::float_cmp' '--deny=clippy::expect_used' '--deny=clippy::dbg_macro' --test --cfg 'feature="object_store"' --check-cfg 'cfg(docsrs,test)' --check-cfg 'cfg(feature, values("object_store"))' -C metadata=b780582d36a05c99 -C extra-filename=-6ee23c2a88174747 --out-dir /tmp/cargo-mutants-pstore-1GLcYs.tmp/target/debug/deps -C incremental=/tmp/cargo-mutants-pstore-1GLcYs.tmp/target/debug/incremental -L dependency=/tmp/cargo-mutants-pstore-1GLcYs.tmp/target/debug/deps --extern async_trait=/tmp/cargo-mutants-pstore-1GLcYs.tmp/target/debug/deps/libasync_trait-14b400283fac8cea.so --extern bytes=/tmp/cargo-mutants-pstore-1GLcYs.tmp/target/debug/deps/libbytes-31b8f712e3be84e8.rlib --extern object_store=/tmp/cargo-mutants-pstore-1GLcYs.tmp/target/debug/deps/libobject_store-b201e14610e40912.rlib --extern pstore_blob=/tmp/cargo-mutants-pstore-1GLcYs.tmp/target/debug/deps/libpstore_blob-ea7ab0f4ca431f83.rlib --extern pstore_testkit=/tmp/cargo-mutants-pstore-1GLcYs.tmp/target/debug/deps/libpstore_testkit-61fc817970e2660e.rlib --extern pstore_types=/tmp/cargo-mutants-pstore-1GLcYs.tmp/target/debug/deps/libpstore_types-c19df0e60947a156.rlib --extern thiserror=/tmp/cargo-mutants-pstore-1GLcYs.tmp/target/debug/deps/libthiserror-5a6de54893a1cf1a.rlib --extern tokio=/tmp/cargo-mutants-pstore-1GLcYs.tmp/target/debug/deps/libtokio-8f73ed7cb87faa2b.rlib`
     Running `/home/tuong/.rustup/toolchains/1.90-x86_64-unknown-linux-gnu/bin/rustc --crate-name pstore_blob --edition=2024 crates/pstore-blob/src/lib.rs --error-format=json --json=diagnostic-rendered-ansi,artifacts,future-incompat --emit=dep-info,link -C embed-bitcode=no -C debuginfo=2 --warn=rust_2018_idioms '--deny=clippy::unwrap_used' --forbid=unsafe_code --warn=unreachable_pub '--deny=clippy::unimplemented' '--deny=clippy::todo' '--deny=clippy::panic' --warn=missing_docs '--deny=clippy::mem_forget' '--deny=clippy::indexing_slicing' '--deny=clippy::float_cmp' '--deny=clippy::expect_used' '--deny=clippy::dbg_macro' --test --cfg 'feature="object_store"' --check-cfg 'cfg(docsrs,test)' --check-cfg 'cfg(feature, values("object_store"))' -C metadata=2950325ed21908b6 -C extra-filename=-1e5ef3b6ca37eb78 --out-dir /tmp/cargo-mutants-pstore-1GLcYs.tmp/target/debug/deps -C incremental=/tmp/cargo-mutants-pstore-1GLcYs.tmp/target/debug/incremental -L dependency=/tmp/cargo-mutants-pstore-1GLcYs.tmp/target/debug/deps --extern async_trait=/tmp/cargo-mutants-pstore-1GLcYs.tmp/target/debug/deps/libasync_trait-14b400283fac8cea.so --extern bytes=/tmp/cargo-mutants-pstore-1GLcYs.tmp/target/debug/deps/libbytes-31b8f712e3be84e8.rlib --extern object_store=/tmp/cargo-mutants-pstore-1GLcYs.tmp/target/debug/deps/libobject_store-b201e14610e40912.rlib --extern pstore_testkit=/tmp/cargo-mutants-pstore-1GLcYs.tmp/target/debug/deps/libpstore_testkit-61fc817970e2660e.rlib --extern pstore_types=/tmp/cargo-mutants-pstore-1GLcYs.tmp/target/debug/deps/libpstore_types-c19df0e60947a156.rlib --extern thiserror=/tmp/cargo-mutants-pstore-1GLcYs.tmp/target/debug/deps/libthiserror-5a6de54893a1cf1a.rlib --extern tokio=/tmp/cargo-mutants-pstore-1GLcYs.tmp/target/debug/deps/libtokio-8f73ed7cb87faa2b.rlib`
     Running `/home/tuong/.rustup/toolchains/1.90-x86_64-unknown-linux-gnu/bin/rustc --crate-name faults --edition=2024 crates/pstore-blob/tests/faults.rs --error-format=json --json=diagnostic-rendered-ansi,artifacts,future-incompat --emit=dep-info,link -C embed-bitcode=no -C debuginfo=2 --warn=rust_2018_idioms '--deny=clippy::unwrap_used' --forbid=unsafe_code --warn=unreachable_pub '--deny=clippy::unimplemented' '--deny=clippy::todo' '--deny=clippy::panic' --warn=missing_docs '--deny=clippy::mem_forget' '--deny=clippy::indexing_slicing' '--deny=clippy::float_cmp' '--deny=clippy::expect_used' '--deny=clippy::dbg_macro' --test --cfg 'feature="object_store"' --check-cfg 'cfg(docsrs,test)' --check-cfg 'cfg(feature, values("object_store"))' -C metadata=1f6dcef2770d97ae -C extra-filename=-776ab11dccc54719 --out-dir /tmp/cargo-mutants-pstore-1GLcYs.tmp/target/debug/deps -C incremental=/tmp/cargo-mutants-pstore-1GLcYs.tmp/target/debug/incremental -L dependency=/tmp/cargo-mutants-pstore-1GLcYs.tmp/target/debug/deps --extern async_trait=/tmp/cargo-mutants-pstore-1GLcYs.tmp/target/debug/deps/libasync_trait-14b400283fac8cea.so --extern bytes=/tmp/cargo-mutants-pstore-1GLcYs.tmp/target/debug/deps/libbytes-31b8f712e3be84e8.rlib --extern object_store=/tmp/cargo-mutants-pstore-1GLcYs.tmp/target/debug/deps/libobject_store-b201e14610e40912.rlib --extern pstore_blob=/tmp/cargo-mutants-pstore-1GLcYs.tmp/target/debug/deps/libpstore_blob-ea7ab0f4ca431f83.rlib --extern pstore_testkit=/tmp/cargo-mutants-pstore-1GLcYs.tmp/target/debug/deps/libpstore_testkit-61fc817970e2660e.rlib --extern pstore_types=/tmp/cargo-mutants-pstore-1GLcYs.tmp/target/debug/deps/libpstore_types-c19df0e60947a156.rlib --extern thiserror=/tmp/cargo-mutants-pstore-1GLcYs.tmp/target/debug/deps/libthiserror-5a6de54893a1cf1a.rlib --extern tokio=/tmp/cargo-mutants-pstore-1GLcYs.tmp/target/debug/deps/libtokio-8f73ed7cb87faa2b.rlib`
     Running `/home/tuong/.rustup/toolchains/1.90-x86_64-unknown-linux-gnu/bin/rustc --crate-name accounting --edition=2024 crates/pstore-blob/tests/accounting.rs --error-format=json --json=diagnostic-rendered-ansi,artifacts,future-incompat --emit=dep-info,link -C embed-bitcode=no -C debuginfo=2 --warn=rust_2018_idioms '--deny=clippy::unwrap_used' --forbid=unsafe_code --warn=unreachable_pub '--deny=clippy::unimplemented' '--deny=clippy::todo' '--deny=clippy::panic' --warn=missing_docs '--deny=clippy::mem_forget' '--deny=clippy::indexing_slicing' '--deny=clippy::float_cmp' '--deny=clippy::expect_used' '--deny=clippy::dbg_macro' --test --cfg 'feature="object_store"' --check-cfg 'cfg(docsrs,test)' --check-cfg 'cfg(feature, values("object_store"))' -C metadata=8cc917bd624a15f3 -C extra-filename=-0377ee41d9fce3c7 --out-dir /tmp/cargo-mutants-pstore-1GLcYs.tmp/target/debug/deps -C incremental=/tmp/cargo-mutants-pstore-1GLcYs.tmp/target/debug/incremental -L dependency=/tmp/cargo-mutants-pstore-1GLcYs.tmp/target/debug/deps --extern async_trait=/tmp/cargo-mutants-pstore-1GLcYs.tmp/target/debug/deps/libasync_trait-14b400283fac8cea.so --extern bytes=/tmp/cargo-mutants-pstore-1GLcYs.tmp/target/debug/deps/libbytes-31b8f712e3be84e8.rlib --extern object_store=/tmp/cargo-mutants-pstore-1GLcYs.tmp/target/debug/deps/libobject_store-b201e14610e40912.rlib --extern pstore_blob=/tmp/cargo-mutants-pstore-1GLcYs.tmp/target/debug/deps/libpstore_blob-ea7ab0f4ca431f83.rlib --extern pstore_testkit=/tmp/cargo-mutants-pstore-1GLcYs.tmp/target/debug/deps/libpstore_testkit-61fc817970e2660e.rlib --extern pstore_types=/tmp/cargo-mutants-pstore-1GLcYs.tmp/target/debug/deps/libpstore_types-c19df0e60947a156.rlib --extern thiserror=/tmp/cargo-mutants-pstore-1GLcYs.tmp/target/debug/deps/libthiserror-5a6de54893a1cf1a.rlib --extern tokio=/tmp/cargo-mutants-pstore-1GLcYs.tmp/target/debug/deps/libtokio-8f73ed7cb87faa2b.rlib`
     Running `/home/tuong/.rustup/toolchains/1.90-x86_64-unknown-linux-gnu/bin/rustc --crate-name semantics --edition=2024 crates/pstore-blob/tests/semantics.rs --error-format=json --json=diagnostic-rendered-ansi,artifacts,future-incompat --emit=dep-info,link -C embed-bitcode=no -C debuginfo=2 --warn=rust_2018_idioms '--deny=clippy::unwrap_used' --forbid=unsafe_code --warn=unreachable_pub '--deny=clippy::unimplemented' '--deny=clippy::todo' '--deny=clippy::panic' --warn=missing_docs '--deny=clippy::mem_forget' '--deny=clippy::indexing_slicing' '--deny=clippy::float_cmp' '--deny=clippy::expect_used' '--deny=clippy::dbg_macro' --test --cfg 'feature="object_store"' --check-cfg 'cfg(docsrs,test)' --check-cfg 'cfg(feature, values("object_store"))' -C metadata=16358018a2b379a0 -C extra-filename=-d3c763f9a0f7c901 --out-dir /tmp/cargo-mutants-pstore-1GLcYs.tmp/target/debug/deps -C incremental=/tmp/cargo-mutants-pstore-1GLcYs.tmp/target/debug/incremental -L dependency=/tmp/cargo-mutants-pstore-1GLcYs.tmp/target/debug/deps --extern async_trait=/tmp/cargo-mutants-pstore-1GLcYs.tmp/target/debug/deps/libasync_trait-14b400283fac8cea.so --extern bytes=/tmp/cargo-mutants-pstore-1GLcYs.tmp/target/debug/deps/libbytes-31b8f712e3be84e8.rlib --extern object_store=/tmp/cargo-mutants-pstore-1GLcYs.tmp/target/debug/deps/libobject_store-b201e14610e40912.rlib --extern pstore_blob=/tmp/cargo-mutants-pstore-1GLcYs.tmp/target/debug/deps/libpstore_blob-ea7ab0f4ca431f83.rlib --extern pstore_testkit=/tmp/cargo-mutants-pstore-1GLcYs.tmp/target/debug/deps/libpstore_testkit-61fc817970e2660e.rlib --extern pstore_types=/tmp/cargo-mutants-pstore-1GLcYs.tmp/target/debug/deps/libpstore_types-c19df0e60947a156.rlib --extern thiserror=/tmp/cargo-mutants-pstore-1GLcYs.tmp/target/debug/deps/libthiserror-5a6de54893a1cf1a.rlib --extern tokio=/tmp/cargo-mutants-pstore-1GLcYs.tmp/target/debug/deps/libtokio-8f73ed7cb87faa2b.rlib`
     Running `/home/tuong/.rustup/toolchains/1.90-x86_64-unknown-linux-gnu/bin/rustc --crate-name object_store_adapter --edition=2024 crates/pstore-blob/tests/object_store_adapter.rs --error-format=json --json=diagnostic-rendered-ansi,artifacts,future-incompat --emit=dep-info,link -C embed-bitcode=no -C debuginfo=2 --warn=rust_2018_idioms '--deny=clippy::unwrap_used' --forbid=unsafe_code --warn=unreachable_pub '--deny=clippy::unimplemented' '--deny=clippy::todo' '--deny=clippy::panic' --warn=missing_docs '--deny=clippy::mem_forget' '--deny=clippy::indexing_slicing' '--deny=clippy::float_cmp' '--deny=clippy::expect_used' '--deny=clippy::dbg_macro' --test --cfg 'feature="object_store"' --check-cfg 'cfg(docsrs,test)' --check-cfg 'cfg(feature, values("object_store"))' -C metadata=da158ed8b71ada1d -C extra-filename=-a5da31a9a85f85c8 --out-dir /tmp/cargo-mutants-pstore-1GLcYs.tmp/target/debug/deps -C incremental=/tmp/cargo-mutants-pstore-1GLcYs.tmp/target/debug/incremental -L dependency=/tmp/cargo-mutants-pstore-1GLcYs.tmp/target/debug/deps --extern async_trait=/tmp/cargo-mutants-pstore-1GLcYs.tmp/target/debug/deps/libasync_trait-14b400283fac8cea.so --extern bytes=/tmp/cargo-mutants-pstore-1GLcYs.tmp/target/debug/deps/libbytes-31b8f712e3be84e8.rlib --extern object_store=/tmp/cargo-mutants-pstore-1GLcYs.tmp/target/debug/deps/libobject_store-b201e14610e40912.rlib --extern pstore_blob=/tmp/cargo-mutants-pstore-1GLcYs.tmp/target/debug/deps/libpstore_blob-ea7ab0f4ca431f83.rlib --extern pstore_testkit=/tmp/cargo-mutants-pstore-1GLcYs.tmp/target/debug/deps/libpstore_testkit-61fc817970e2660e.rlib --extern pstore_types=/tmp/cargo-mutants-pstore-1GLcYs.tmp/target/debug/deps/libpstore_types-c19df0e60947a156.rlib --extern thiserror=/tmp/cargo-mutants-pstore-1GLcYs.tmp/target/debug/deps/libthiserror-5a6de54893a1cf1a.rlib --extern tokio=/tmp/cargo-mutants-pstore-1GLcYs.tmp/target/debug/deps/libtokio-8f73ed7cb87faa2b.rlib`
warning: `pstore-blob` (lib test) generated 2 warnings (2 duplicates)
    Finished `test` profile [unoptimized + debuginfo] target(s) in 0.55s
  Executable `/tmp/cargo-mutants-pstore-1GLcYs.tmp/target/debug/deps/pstore_blob-1e5ef3b6ca37eb78`
  Executable `/tmp/cargo-mutants-pstore-1GLcYs.tmp/target/debug/deps/accounting-0377ee41d9fce3c7`
  Executable `/tmp/cargo-mutants-pstore-1GLcYs.tmp/target/debug/deps/cas-33f9287e979ab8b9`
  Executable `/tmp/cargo-mutants-pstore-1GLcYs.tmp/target/debug/deps/coalescing-6ee23c2a88174747`
  Executable `/tmp/cargo-mutants-pstore-1GLcYs.tmp/target/debug/deps/faults-776ab11dccc54719`
  Executable `/tmp/cargo-mutants-pstore-1GLcYs.tmp/target/debug/deps/object_store_adapter-a5da31a9a85f85c8`
  Executable `/tmp/cargo-mutants-pstore-1GLcYs.tmp/target/debug/deps/semantics-d3c763f9a0f7c901`

*** result: Success

*** /home/tuong/.rustup/toolchains/1.90-x86_64-unknown-linux-gnu/bin/cargo test --verbose --package=pstore-blob@0.1.0 --all-features
       Fresh unicode-ident v1.0.24
       Fresh proc-macro2 v1.0.107
       Fresh stable_deref_trait v1.2.1
       Fresh litemap v0.8.3
       Fresh writeable v0.6.4
       Fresh smallvec v1.16.0
       Fresh utf8_iter v1.0.4
       Fresh autocfg v1.5.1
       Fresh pin-project-lite v0.2.17
       Fresh percent-encoding v2.3.2
       Fresh cfg-if v1.0.4
       Fresh scopeguard v1.2.0
       Fresh bytes v1.12.1
       Fresh form_urlencoded v1.2.2
       Fresh lock_api v0.4.14
       Fresh futures-task v0.3.34
       Fresh itoa v1.0.18
       Fresh iana-time-zone v0.1.65
       Fresh futures-sink v0.3.34
       Fresh futures-core v0.3.34
       Fresh either v1.18.0
       Fresh slab v0.4.12
       Fresh humantime v2.4.0
       Fresh pstore-types v0.1.0 (/tmp/cargo-mutants-pstore-1GLcYs.tmp/crates/pstore-types)
       Fresh quote v1.0.47
       Fresh icu_properties_data v2.3.0
       Fresh icu_normalizer_data v2.3.0
       Fresh libc v0.2.189
       Fresh http v1.5.0
       Fresh itertools v0.15.0
       Fresh syn v3.0.5
       Fresh syn v2.0.119
       Fresh parking_lot_core v0.9.12
       Fresh num-traits v0.2.19
       Fresh synstructure v0.13.2
       Fresh zerovec-derive v0.11.6
       Fresh displaydoc v0.2.7
       Fresh thiserror-impl v2.0.20
       Fresh futures-macro v0.3.34
       Fresh async-trait v0.1.92
       Fresh chrono v0.4.45
       Fresh parking_lot v0.12.5
       Fresh tokio-macros v2.7.2
       Fresh zerofrom-derive v0.1.7
       Fresh yoke-derive v0.8.2
       Fresh futures-util v0.3.34
       Fresh thiserror v2.0.20
       Fresh tokio v1.53.1
       Fresh zerofrom v0.1.8
       Fresh yoke v0.8.3
       Fresh zerovec v0.11.8
       Fresh zerotrie v0.2.5
       Fresh tinystr v0.8.4
       Fresh potential_utf v0.1.6
       Fresh icu_locale_core v2.3.0
       Fresh icu_collections v2.3.0
       Fresh icu_provider v2.3.1
       Fresh icu_properties v2.3.0
       Fresh icu_normalizer v2.3.0
       Fresh idna_adapter v1.2.2
       Fresh idna v1.1.0
       Fresh url v2.5.8
       Fresh object_store v0.14.1
warning: unused variable: `key`
   --> crates/pstore-blob/src/object_store_backend.rs:106:31
    |
106 |     async fn get_range(&self, key: &Key, range: std::ops::Range<u64>) -> Result<Bytes, BlobError> {
    |                               ^^^ help: if this is intentional, prefix it with an underscore: `_key`
    |
    = note: `#[warn(unused_variables)]` on by default

warning: unused variable: `range`
   --> crates/pstore-blob/src/object_store_backend.rs:106:42
    |
106 |     async fn get_range(&self, key: &Key, range: std::ops::Range<u64>) -> Result<Bytes, BlobError> {
    |                                          ^^^^^ help: if this is intentional, prefix it with an underscore: `_range`

warning: `pstore-blob` (lib) generated 2 warnings
       Fresh pstore-testkit v0.1.0 (/tmp/cargo-mutants-pstore-1GLcYs.tmp/crates/pstore-testkit)
       Fresh pstore-blob v0.1.0 (/tmp/cargo-mutants-pstore-1GLcYs.tmp/crates/pstore-blob)
warning: `pstore-blob` (lib test) generated 2 warnings (2 duplicates)
    Finished `test` profile [unoptimized + debuginfo] target(s) in 0.02s
     Running `/tmp/cargo-mutants-pstore-1GLcYs.tmp/target/debug/deps/pstore_blob-1e5ef3b6ca37eb78`

running 8 tests
test coalesce::tests::a_contained_range_does_not_underflow_the_gap ... ok
test coalesce::tests::a_zero_gap_merges_only_touching_ranges ... ok
test coalesce::tests::empty_input_plans_nothing ... ok
test coalesce::tests::empty_ranges_are_dropped ... ok
test object_store_backend::tests::a_409_is_contended_so_the_caller_retries_without_rebasing ... ok
test object_store_backend::tests::a_412_is_lost_so_the_caller_rebases ... ok
test object_store_backend::tests::a_slowdown_is_recognised_wherever_it_appears ... ok
test object_store_backend::tests::anything_else_is_neither_and_must_not_be_guessed_at ... ok

test result: ok. 8 passed; 0 failed; 0 ignored; 0 measured; 0 filtered out; finished in 0.00s

     Running `/tmp/cargo-mutants-pstore-1GLcYs.tmp/target/debug/deps/accounting-0377ee41d9fce3c7`

running 4 tests
test accounting_is_per_tenant ... ok
test a_failed_conditional_write_is_still_billed ... ok
test accounting_counts_one_write_per_put ... ok
test accounting_separates_read_write_and_list_classes ... ok

test result: ok. 4 passed; 0 failed; 0 ignored; 0 measured; 0 filtered out; finished in 0.00s

     Running `/tmp/cargo-mutants-pstore-1GLcYs.tmp/target/debug/deps/cas-33f9287e979ab8b9`

running 5 tests
test cas_lost_and_contended_are_distinct ... ok
test create_if_absent_rejects_second_write ... ok
test delete_batch_removes_only_the_named_keys ... ok
test get_range_returns_the_requested_slice ... ok
test cas_rejects_stale_tag ... ok

test result: ok. 5 passed; 0 failed; 0 ignored; 0 measured; 0 filtered out; finished in 0.00s

     Running `/tmp/cargo-mutants-pstore-1GLcYs.tmp/target/debug/deps/coalescing-6ee23c2a88174747`

running 8 tests
test coalescing_actually_saves_requests ... ok
test a_single_far_range_is_offset_correctly ... ok
test coalescing_merges_ranges_closer_than_the_gap ... ok
test coalescing_never_issues_more_requests_than_ranges ... ok
test coalesced_reads_equal_separate_reads ... ok
test coalescing_respects_the_gap_threshold ... ok
test ranges_out_of_order_are_returned_in_the_order_asked ... ok
test slices_are_offset_from_the_fetch_start_not_the_object_start ... ok

test result: ok. 8 passed; 0 failed; 0 ignored; 0 measured; 0 filtered out; finished in 0.00s

     Running `/tmp/cargo-mutants-pstore-1GLcYs.tmp/target/debug/deps/faults-776ab11dccc54719`

running 7 tests
test an_injected_write_fault_does_not_reach_the_backend ... ok
test each_fault_kind_is_injected_independently ... ok
test a_zero_rate_injects_nothing ... ok
test same_seed_reproduces_the_same_failures ... ok
test a_transient_slowdown_is_retried_and_succeeds ... ok
test retries_are_bounded ... ok
test slowdown_reduces_concurrency_then_recovers ... ok

test result: ok. 7 passed; 0 failed; 0 ignored; 0 measured; 0 filtered out; finished in 0.02s

     Running `/tmp/cargo-mutants-pstore-1GLcYs.tmp/target/debug/deps/object_store_adapter-a5da31a9a85f85c8`

running 5 tests
test a_short_read_is_an_error_not_a_truncation ... FAILED
test an_unprobed_backend_is_divergent_not_supported ... ok
test coalescing_works_through_the_adapter ... FAILED
test the_conformance_suite_runs_through_the_adapter ... FAILED
test the_trait_fits_a_real_object_store_implementation ... FAILED

failures:

---- a_short_read_is_an_error_not_a_truncation stdout ----

thread 'a_short_read_is_an_error_not_a_truncation' panicked at crates/pstore-blob/tests/object_store_adapter.rs:103:5:
assertion `left == right` failed
  left: []
 right: [49, 50]
note: run with `RUST_BACKTRACE=1` environment variable to display a backtrace

---- coalescing_works_through_the_adapter stdout ----

thread 'coalescing_works_through_the_adapter' panicked at /home/tuong/.cargo/registry/src/index.crates.io-1949cf8c6b5b557f/bytes-1.12.1/src/bytes.rs:374:28:
range end out of bounds: 4 <= 0

---- the_conformance_suite_runs_through_the_adapter stdout ----

thread 'the_conformance_suite_runs_through_the_adapter' panicked at /home/tuong/.cargo/registry/src/index.crates.io-1949cf8c6b5b557f/bytes-1.12.1/src/bytes.rs:374:28:
range end out of bounds: 4 <= 0

---- the_trait_fits_a_real_object_store_implementation stdout ----

thread 'the_trait_fits_a_real_object_store_implementation' panicked at crates/pstore-blob/tests/object_store_adapter.rs:36:5:
assertion `left == right` failed
  left: []
 right: [50, 51, 52]


failures:
    a_short_read_is_an_error_not_a_truncation
    coalescing_works_through_the_adapter
    the_conformance_suite_runs_through_the_adapter
    the_trait_fits_a_real_object_store_implementation

test result: FAILED. 1 passed; 4 failed; 0 ignored; 0 measured; 0 filtered out; finished in 0.00s

error: test failed, to rerun pass `-p pstore-blob --test object_store_adapter`

*** result: Failure(101)
