
*** crates/pstore-format/src/writer.rs:241:46: replace + with - in SegmentWriter::finish

*** mutation diff:
--- crates/pstore-format/src/writer.rs
+++ replace + with - in SegmentWriter::finish
@@ -233,17 +233,17 @@
             meta.u16(*id);
             meta.u64(*offset);
             meta.u64(*len);
         }
         let blocks_at = meta_offset + meta.len() as u64;
         // Patch the Blocks entry now that the directory's size is known. Encoding it twice
         // would be simpler and would silently break the moment the directory's size depended
         // on the value being patched.
-        let entry = 4 + (dir.len() - 1) * (2 + 8 + 8) + 2;
+        let entry = 4 + (dir.len() - 1) * (2 - /* ~ changed by cargo-mutants ~ */ 8 + 8) + 2;
         if let Some(slot) = meta.0.get_mut(entry..entry + 8) {
             slot.copy_from_slice(&blocks_at.to_le_bytes());
         }
         meta.raw(&idx.0);
 
         let meta_len = meta.len() as u32;
         let sum = checksum(&meta.0);
         out.raw(&meta.0);


*** /home/tuong/.rustup/toolchains/1.90-x86_64-unknown-linux-gnu/bin/cargo test --no-run --verbose --workspace
       Fresh unicode-ident v1.0.24
       Fresh proc-macro2 v1.0.107
       Fresh quote v1.0.47
       Fresh syn v3.0.5
       Fresh pin-project-lite v0.2.17
       Fresh tokio-macros v2.7.2
       Fresh thiserror-impl v2.0.20
       Fresh futures-core v0.3.34
       Fresh slab v0.4.12
       Fresh futures-task v0.3.34
       Fresh futures-util v0.3.34
       Fresh thiserror v2.0.20
       Fresh tokio v1.53.1
       Fresh async-trait v0.1.92
       Fresh bytes v1.12.1
       Dirty pstore-format v0.1.0 (/tmp/cargo-mutants-pstore-FkDeYx.tmp/crates/pstore-format): the file `crates/pstore-format/src/writer.rs` has changed (1788644781.511655386s, 1s after last build at 1788644780.055879966s)
   Compiling pstore-format v0.1.0 (/tmp/cargo-mutants-pstore-FkDeYx.tmp/crates/pstore-format)
     Running `/home/tuong/.rustup/toolchains/1.90-x86_64-unknown-linux-gnu/bin/rustc --crate-name pstore_format --edition=2024 crates/pstore-format/src/lib.rs --error-format=json --json=diagnostic-rendered-ansi,artifacts,future-incompat --crate-type lib --emit=dep-info,metadata,link -C embed-bitcode=no -C debuginfo=2 --warn=rust_2018_idioms '--deny=clippy::unwrap_used' --forbid=unsafe_code --warn=unreachable_pub '--deny=clippy::unimplemented' '--deny=clippy::todo' '--deny=clippy::panic' --warn=missing_docs '--deny=clippy::mem_forget' '--deny=clippy::indexing_slicing' '--deny=clippy::float_cmp' '--deny=clippy::expect_used' '--deny=clippy::dbg_macro' --check-cfg 'cfg(docsrs,test)' --check-cfg 'cfg(feature, values())' -C metadata=01612be049a97498 -C extra-filename=-b47669c15c655435 --out-dir /tmp/cargo-mutants-pstore-FkDeYx.tmp/target/debug/deps -C incremental=/tmp/cargo-mutants-pstore-FkDeYx.tmp/target/debug/incremental -L dependency=/tmp/cargo-mutants-pstore-FkDeYx.tmp/target/debug/deps --extern async_trait=/tmp/cargo-mutants-pstore-FkDeYx.tmp/target/debug/deps/libasync_trait-efaaae825ff87b5f.so --extern bytes=/tmp/cargo-mutants-pstore-FkDeYx.tmp/target/debug/deps/libbytes-31b8f712e3be84e8.rmeta --extern futures_util=/tmp/cargo-mutants-pstore-FkDeYx.tmp/target/debug/deps/libfutures_util-9467758a9490225b.rmeta --extern pstore_blob=/tmp/cargo-mutants-pstore-FkDeYx.tmp/target/debug/deps/libpstore_blob-a1c846e65fcdfc47.rmeta --extern pstore_types=/tmp/cargo-mutants-pstore-FkDeYx.tmp/target/debug/deps/libpstore_types-c19df0e60947a156.rmeta --extern thiserror=/tmp/cargo-mutants-pstore-FkDeYx.tmp/target/debug/deps/libthiserror-a555ba146edbfd98.rmeta`
       Fresh pstore-blob v0.1.0 (/tmp/cargo-mutants-pstore-FkDeYx.tmp/crates/pstore-blob)
     Running `/home/tuong/.rustup/toolchains/1.90-x86_64-unknown-linux-gnu/bin/rustc --crate-name pstore_format --edition=2024 crates/pstore-format/src/lib.rs --error-format=json --json=diagnostic-rendered-ansi,artifacts,future-incompat --emit=dep-info,link -C embed-bitcode=no -C debuginfo=2 --warn=rust_2018_idioms '--deny=clippy::unwrap_used' --forbid=unsafe_code --warn=unreachable_pub '--deny=clippy::unimplemented' '--deny=clippy::todo' '--deny=clippy::panic' --warn=missing_docs '--deny=clippy::mem_forget' '--deny=clippy::indexing_slicing' '--deny=clippy::float_cmp' '--deny=clippy::expect_used' '--deny=clippy::dbg_macro' --test --check-cfg 'cfg(docsrs,test)' --check-cfg 'cfg(feature, values())' -C metadata=a754d8b7b402e13f -C extra-filename=-222b2d320583739b --out-dir /tmp/cargo-mutants-pstore-FkDeYx.tmp/target/debug/deps -C incremental=/tmp/cargo-mutants-pstore-FkDeYx.tmp/target/debug/incremental -L dependency=/tmp/cargo-mutants-pstore-FkDeYx.tmp/target/debug/deps --extern async_trait=/tmp/cargo-mutants-pstore-FkDeYx.tmp/target/debug/deps/libasync_trait-efaaae825ff87b5f.so --extern bytes=/tmp/cargo-mutants-pstore-FkDeYx.tmp/target/debug/deps/libbytes-31b8f712e3be84e8.rlib --extern futures_util=/tmp/cargo-mutants-pstore-FkDeYx.tmp/target/debug/deps/libfutures_util-9467758a9490225b.rlib --extern pstore_blob=/tmp/cargo-mutants-pstore-FkDeYx.tmp/target/debug/deps/libpstore_blob-a1c846e65fcdfc47.rlib --extern pstore_types=/tmp/cargo-mutants-pstore-FkDeYx.tmp/target/debug/deps/libpstore_types-c19df0e60947a156.rlib --extern thiserror=/tmp/cargo-mutants-pstore-FkDeYx.tmp/target/debug/deps/libthiserror-a555ba146edbfd98.rlib --extern tokio=/tmp/cargo-mutants-pstore-FkDeYx.tmp/target/debug/deps/libtokio-c4794fa7272c7af3.rlib`
error: this arithmetic operation will overflow
   --> crates/pstore-format/src/writer.rs:241:44
    |
241 |         let entry = 4 + (dir.len() - 1) * (2 - /* ~ changed by cargo-mutants ~ */ 8 + 8) + 2;
    |                                            ^^^^^^^^^^^^^^^^^^^^^^^^^^^^^^^^^^^^^^^^ attempt to compute `2_usize - 8_usize`, which would overflow
    |
    = note: `#[deny(arithmetic_overflow)]` on by default

error: could not compile `pstore-format` (lib) due to 1 previous error

Caused by:
  process didn't exit successfully: `/home/tuong/.rustup/toolchains/1.90-x86_64-unknown-linux-gnu/bin/rustc --crate-name pstore_format --edition=2024 crates/pstore-format/src/lib.rs --error-format=json --json=diagnostic-rendered-ansi,artifacts,future-incompat --crate-type lib --emit=dep-info,metadata,link -C embed-bitcode=no -C debuginfo=2 --warn=rust_2018_idioms '--deny=clippy::unwrap_used' --forbid=unsafe_code --warn=unreachable_pub '--deny=clippy::unimplemented' '--deny=clippy::todo' '--deny=clippy::panic' --warn=missing_docs '--deny=clippy::mem_forget' '--deny=clippy::indexing_slicing' '--deny=clippy::float_cmp' '--deny=clippy::expect_used' '--deny=clippy::dbg_macro' --check-cfg 'cfg(docsrs,test)' --check-cfg 'cfg(feature, values())' -C metadata=01612be049a97498 -C extra-filename=-b47669c15c655435 --out-dir /tmp/cargo-mutants-pstore-FkDeYx.tmp/target/debug/deps -C incremental=/tmp/cargo-mutants-pstore-FkDeYx.tmp/target/debug/incremental -L dependency=/tmp/cargo-mutants-pstore-FkDeYx.tmp/target/debug/deps --extern async_trait=/tmp/cargo-mutants-pstore-FkDeYx.tmp/target/debug/deps/libasync_trait-efaaae825ff87b5f.so --extern bytes=/tmp/cargo-mutants-pstore-FkDeYx.tmp/target/debug/deps/libbytes-31b8f712e3be84e8.rmeta --extern futures_util=/tmp/cargo-mutants-pstore-FkDeYx.tmp/target/debug/deps/libfutures_util-9467758a9490225b.rmeta --extern pstore_blob=/tmp/cargo-mutants-pstore-FkDeYx.tmp/target/debug/deps/libpstore_blob-a1c846e65fcdfc47.rmeta --extern pstore_types=/tmp/cargo-mutants-pstore-FkDeYx.tmp/target/debug/deps/libpstore_types-c19df0e60947a156.rmeta --extern thiserror=/tmp/cargo-mutants-pstore-FkDeYx.tmp/target/debug/deps/libthiserror-a555ba146edbfd98.rmeta` (exit status: 1)
warning: build failed, waiting for other jobs to finish...
error: could not compile `pstore-format` (lib test) due to 1 previous error

Caused by:
  process didn't exit successfully: `/home/tuong/.rustup/toolchains/1.90-x86_64-unknown-linux-gnu/bin/rustc --crate-name pstore_format --edition=2024 crates/pstore-format/src/lib.rs --error-format=json --json=diagnostic-rendered-ansi,artifacts,future-incompat --emit=dep-info,link -C embed-bitcode=no -C debuginfo=2 --warn=rust_2018_idioms '--deny=clippy::unwrap_used' --forbid=unsafe_code --warn=unreachable_pub '--deny=clippy::unimplemented' '--deny=clippy::todo' '--deny=clippy::panic' --warn=missing_docs '--deny=clippy::mem_forget' '--deny=clippy::indexing_slicing' '--deny=clippy::float_cmp' '--deny=clippy::expect_used' '--deny=clippy::dbg_macro' --test --check-cfg 'cfg(docsrs,test)' --check-cfg 'cfg(feature, values())' -C metadata=a754d8b7b402e13f -C extra-filename=-222b2d320583739b --out-dir /tmp/cargo-mutants-pstore-FkDeYx.tmp/target/debug/deps -C incremental=/tmp/cargo-mutants-pstore-FkDeYx.tmp/target/debug/incremental -L dependency=/tmp/cargo-mutants-pstore-FkDeYx.tmp/target/debug/deps --extern async_trait=/tmp/cargo-mutants-pstore-FkDeYx.tmp/target/debug/deps/libasync_trait-efaaae825ff87b5f.so --extern bytes=/tmp/cargo-mutants-pstore-FkDeYx.tmp/target/debug/deps/libbytes-31b8f712e3be84e8.rlib --extern futures_util=/tmp/cargo-mutants-pstore-FkDeYx.tmp/target/debug/deps/libfutures_util-9467758a9490225b.rlib --extern pstore_blob=/tmp/cargo-mutants-pstore-FkDeYx.tmp/target/debug/deps/libpstore_blob-a1c846e65fcdfc47.rlib --extern pstore_types=/tmp/cargo-mutants-pstore-FkDeYx.tmp/target/debug/deps/libpstore_types-c19df0e60947a156.rlib --extern thiserror=/tmp/cargo-mutants-pstore-FkDeYx.tmp/target/debug/deps/libthiserror-a555ba146edbfd98.rlib --extern tokio=/tmp/cargo-mutants-pstore-FkDeYx.tmp/target/debug/deps/libtokio-c4794fa7272c7af3.rlib` (exit status: 1)

*** result: Failure(101)
