
*** crates/pstore-blob/src/memory.rs:58:9: replace MemoryStore::with_tag_style -> Self with Default::default()

*** mutation diff:
--- crates/pstore-blob/src/memory.rs
+++ replace MemoryStore::with_tag_style -> Self with Default::default()
@@ -50,28 +50,17 @@
     #[must_use]
     pub fn new() -> Self {
         Self::with_tag_style(TagStyle::Monotonic)
     }
 
     /// A backend with the chosen tag semantics, for exercising the ABA hazard.
     #[must_use]
     pub fn with_tag_style(tag_style: TagStyle) -> Self {
-        Self {
-            state: Arc::new(Mutex::new(State::default())),
-            caps: Capabilities {
-                backend: format!("memory({tag_style:?})"),
-                cas: Support::Supported,
-                create_if_absent: Support::Supported,
-                delete_is_free: true,
-                max_batch_delete: 1000,
-                coalesce_gap: 64 * 1024,
-            },
-            tag_style,
-        }
+        Default::default() /* ~ changed by cargo-mutants ~ */
     }
 
     /// Poison recovery rather than `unwrap`: a panic in another thread must not make the
     /// store permanently unusable, and this crate denies `unwrap_used`.
     fn lock(&self) -> std::sync::MutexGuard<'_, State> {
         self.state
             .lock()
             .unwrap_or_else(std::sync::PoisonError::into_inner)


*** /home/tuong/.rustup/toolchains/1.90-x86_64-unknown-linux-gnu/bin/cargo test --no-run --verbose --package=pstore-blob@0.1.0
       Fresh unicode-ident v1.0.24
       Fresh proc-macro2 v1.0.107
       Fresh quote v1.0.47
       Fresh syn v3.0.5
       Fresh pin-project-lite v0.2.17
       Fresh thiserror-impl v2.0.20
       Fresh tokio-macros v2.7.2
       Fresh slab v0.4.12
       Fresh futures-task v0.3.34
       Fresh futures-core v0.3.34
       Fresh futures-util v0.3.34
       Fresh tokio v1.53.1
       Fresh thiserror v2.0.20
       Fresh async-trait v0.1.92
       Fresh bytes v1.12.1
       Fresh pstore-types v0.1.0 (/tmp/cargo-mutants-pstore-kKE8d1.tmp/crates/pstore-types)
       Dirty pstore-blob v0.1.0 (/tmp/cargo-mutants-pstore-kKE8d1.tmp/crates/pstore-blob): the file `crates/pstore-blob/src/faulty.rs` has changed (1788613288.363689158s, 1s after last build at 1788613287.191609561s)
   Compiling pstore-blob v0.1.0 (/tmp/cargo-mutants-pstore-kKE8d1.tmp/crates/pstore-blob)
     Running `/home/tuong/.rustup/toolchains/1.90-x86_64-unknown-linux-gnu/bin/rustc --crate-name pstore_blob --edition=2024 crates/pstore-blob/src/lib.rs --error-format=json --json=diagnostic-rendered-ansi,artifacts,future-incompat --crate-type lib --emit=dep-info,metadata,link -C embed-bitcode=no -C debuginfo=2 --warn=rust_2018_idioms '--deny=clippy::unwrap_used' --forbid=unsafe_code --warn=unreachable_pub '--deny=clippy::unimplemented' '--deny=clippy::todo' '--deny=clippy::panic' --warn=missing_docs '--deny=clippy::mem_forget' '--deny=clippy::indexing_slicing' '--deny=clippy::float_cmp' '--deny=clippy::expect_used' '--deny=clippy::dbg_macro' --check-cfg 'cfg(docsrs,test)' --check-cfg 'cfg(feature, values("object_store"))' -C metadata=948d266b4a441e08 -C extra-filename=-a1c846e65fcdfc47 --out-dir /tmp/cargo-mutants-pstore-kKE8d1.tmp/target/debug/deps -C incremental=/tmp/cargo-mutants-pstore-kKE8d1.tmp/target/debug/incremental -L dependency=/tmp/cargo-mutants-pstore-kKE8d1.tmp/target/debug/deps --extern async_trait=/tmp/cargo-mutants-pstore-kKE8d1.tmp/target/debug/deps/libasync_trait-efaaae825ff87b5f.so --extern bytes=/tmp/cargo-mutants-pstore-kKE8d1.tmp/target/debug/deps/libbytes-31b8f712e3be84e8.rmeta --extern futures_util=/tmp/cargo-mutants-pstore-kKE8d1.tmp/target/debug/deps/libfutures_util-9467758a9490225b.rmeta --extern pstore_types=/tmp/cargo-mutants-pstore-kKE8d1.tmp/target/debug/deps/libpstore_types-c19df0e60947a156.rmeta --extern thiserror=/tmp/cargo-mutants-pstore-kKE8d1.tmp/target/debug/deps/libthiserror-a555ba146edbfd98.rmeta --extern tokio=/tmp/cargo-mutants-pstore-kKE8d1.tmp/target/debug/deps/libtokio-c4794fa7272c7af3.rmeta`
warning: unused import: `Support`
 --> crates/pstore-blob/src/memory.rs:7:79
  |
7 | use crate::{BlobError, Capabilities, CasError, Key, Precondition, PutOutcome, Support};
  |                                                                               ^^^^^^^
  |
  = note: `#[warn(unused_imports)]` on by default

warning: unused variable: `tag_style`
  --> crates/pstore-blob/src/memory.rs:57:27
   |
57 |     pub fn with_tag_style(tag_style: TagStyle) -> Self {
   |                           ^^^^^^^^^ help: if this is intentional, prefix it with an underscore: `_tag_style`
   |
   = note: `#[warn(unused_variables)]` on by default

       Dirty pstore-testkit v0.1.0 (/tmp/cargo-mutants-pstore-kKE8d1.tmp/crates/pstore-testkit): the dependency pstore_blob was rebuilt
   Compiling pstore-testkit v0.1.0 (/tmp/cargo-mutants-pstore-kKE8d1.tmp/crates/pstore-testkit)
     Running `/home/tuong/.rustup/toolchains/1.90-x86_64-unknown-linux-gnu/bin/rustc --crate-name pstore_testkit --edition=2024 crates/pstore-testkit/src/lib.rs --error-format=json --json=diagnostic-rendered-ansi,artifacts,future-incompat --crate-type lib --emit=dep-info,metadata,link -C embed-bitcode=no -C debuginfo=2 --warn=rust_2018_idioms '--deny=clippy::unwrap_used' --forbid=unsafe_code --warn=unreachable_pub '--deny=clippy::unimplemented' '--deny=clippy::todo' '--deny=clippy::panic' --warn=missing_docs '--deny=clippy::mem_forget' '--deny=clippy::indexing_slicing' '--deny=clippy::float_cmp' '--deny=clippy::expect_used' '--deny=clippy::dbg_macro' --check-cfg 'cfg(docsrs,test)' --check-cfg 'cfg(feature, values())' -C metadata=7c6884569a017aab -C extra-filename=-c70127229fd98aeb --out-dir /tmp/cargo-mutants-pstore-kKE8d1.tmp/target/debug/deps -C incremental=/tmp/cargo-mutants-pstore-kKE8d1.tmp/target/debug/incremental -L dependency=/tmp/cargo-mutants-pstore-kKE8d1.tmp/target/debug/deps --extern async_trait=/tmp/cargo-mutants-pstore-kKE8d1.tmp/target/debug/deps/libasync_trait-efaaae825ff87b5f.so --extern bytes=/tmp/cargo-mutants-pstore-kKE8d1.tmp/target/debug/deps/libbytes-31b8f712e3be84e8.rmeta --extern pstore_blob=/tmp/cargo-mutants-pstore-kKE8d1.tmp/target/debug/deps/libpstore_blob-a1c846e65fcdfc47.rmeta --extern pstore_types=/tmp/cargo-mutants-pstore-kKE8d1.tmp/target/debug/deps/libpstore_types-c19df0e60947a156.rmeta --extern tokio=/tmp/cargo-mutants-pstore-kKE8d1.tmp/target/debug/deps/libtokio-c4794fa7272c7af3.rmeta`
warning: `pstore-blob` (lib) generated 2 warnings (run `cargo fix --lib -p pstore-blob` to apply 1 suggestion)
     Running `/home/tuong/.rustup/toolchains/1.90-x86_64-unknown-linux-gnu/bin/rustc --crate-name faults --edition=2024 crates/pstore-blob/tests/faults.rs --error-format=json --json=diagnostic-rendered-ansi,artifacts,future-incompat --emit=dep-info,link -C embed-bitcode=no -C debuginfo=2 --warn=rust_2018_idioms '--deny=clippy::unwrap_used' --forbid=unsafe_code --warn=unreachable_pub '--deny=clippy::unimplemented' '--deny=clippy::todo' '--deny=clippy::panic' --warn=missing_docs '--deny=clippy::mem_forget' '--deny=clippy::indexing_slicing' '--deny=clippy::float_cmp' '--deny=clippy::expect_used' '--deny=clippy::dbg_macro' --test --check-cfg 'cfg(docsrs,test)' --check-cfg 'cfg(feature, values("object_store"))' -C metadata=ef654a0a1786a870 -C extra-filename=-6ff9c0975fba4475 --out-dir /tmp/cargo-mutants-pstore-kKE8d1.tmp/target/debug/deps -C incremental=/tmp/cargo-mutants-pstore-kKE8d1.tmp/target/debug/incremental -L dependency=/tmp/cargo-mutants-pstore-kKE8d1.tmp/target/debug/deps --extern async_trait=/tmp/cargo-mutants-pstore-kKE8d1.tmp/target/debug/deps/libasync_trait-efaaae825ff87b5f.so --extern bytes=/tmp/cargo-mutants-pstore-kKE8d1.tmp/target/debug/deps/libbytes-31b8f712e3be84e8.rlib --extern futures_util=/tmp/cargo-mutants-pstore-kKE8d1.tmp/target/debug/deps/libfutures_util-9467758a9490225b.rlib --extern pstore_blob=/tmp/cargo-mutants-pstore-kKE8d1.tmp/target/debug/deps/libpstore_blob-a1c846e65fcdfc47.rlib --extern pstore_testkit=/tmp/cargo-mutants-pstore-kKE8d1.tmp/target/debug/deps/libpstore_testkit-c70127229fd98aeb.rlib --extern pstore_types=/tmp/cargo-mutants-pstore-kKE8d1.tmp/target/debug/deps/libpstore_types-c19df0e60947a156.rlib --extern thiserror=/tmp/cargo-mutants-pstore-kKE8d1.tmp/target/debug/deps/libthiserror-a555ba146edbfd98.rlib --extern tokio=/tmp/cargo-mutants-pstore-kKE8d1.tmp/target/debug/deps/libtokio-c4794fa7272c7af3.rlib`
     Running `/home/tuong/.rustup/toolchains/1.90-x86_64-unknown-linux-gnu/bin/rustc --crate-name object_store_adapter --edition=2024 crates/pstore-blob/tests/object_store_adapter.rs --error-format=json --json=diagnostic-rendered-ansi,artifacts,future-incompat --emit=dep-info,link -C embed-bitcode=no -C debuginfo=2 --warn=rust_2018_idioms '--deny=clippy::unwrap_used' --forbid=unsafe_code --warn=unreachable_pub '--deny=clippy::unimplemented' '--deny=clippy::todo' '--deny=clippy::panic' --warn=missing_docs '--deny=clippy::mem_forget' '--deny=clippy::indexing_slicing' '--deny=clippy::float_cmp' '--deny=clippy::expect_used' '--deny=clippy::dbg_macro' --test --check-cfg 'cfg(docsrs,test)' --check-cfg 'cfg(feature, values("object_store"))' -C metadata=96973d3c9d325fd5 -C extra-filename=-318667f311816eef --out-dir /tmp/cargo-mutants-pstore-kKE8d1.tmp/target/debug/deps -C incremental=/tmp/cargo-mutants-pstore-kKE8d1.tmp/target/debug/incremental -L dependency=/tmp/cargo-mutants-pstore-kKE8d1.tmp/target/debug/deps --extern async_trait=/tmp/cargo-mutants-pstore-kKE8d1.tmp/target/debug/deps/libasync_trait-efaaae825ff87b5f.so --extern bytes=/tmp/cargo-mutants-pstore-kKE8d1.tmp/target/debug/deps/libbytes-31b8f712e3be84e8.rlib --extern futures_util=/tmp/cargo-mutants-pstore-kKE8d1.tmp/target/debug/deps/libfutures_util-9467758a9490225b.rlib --extern pstore_blob=/tmp/cargo-mutants-pstore-kKE8d1.tmp/target/debug/deps/libpstore_blob-a1c846e65fcdfc47.rlib --extern pstore_testkit=/tmp/cargo-mutants-pstore-kKE8d1.tmp/target/debug/deps/libpstore_testkit-c70127229fd98aeb.rlib --extern pstore_types=/tmp/cargo-mutants-pstore-kKE8d1.tmp/target/debug/deps/libpstore_types-c19df0e60947a156.rlib --extern thiserror=/tmp/cargo-mutants-pstore-kKE8d1.tmp/target/debug/deps/libthiserror-a555ba146edbfd98.rlib --extern tokio=/tmp/cargo-mutants-pstore-kKE8d1.tmp/target/debug/deps/libtokio-c4794fa7272c7af3.rlib`
     Running `/home/tuong/.rustup/toolchains/1.90-x86_64-unknown-linux-gnu/bin/rustc --crate-name accounting --edition=2024 crates/pstore-blob/tests/accounting.rs --error-format=json --json=diagnostic-rendered-ansi,artifacts,future-incompat --emit=dep-info,link -C embed-bitcode=no -C debuginfo=2 --warn=rust_2018_idioms '--deny=clippy::unwrap_used' --forbid=unsafe_code --warn=unreachable_pub '--deny=clippy::unimplemented' '--deny=clippy::todo' '--deny=clippy::panic' --warn=missing_docs '--deny=clippy::mem_forget' '--deny=clippy::indexing_slicing' '--deny=clippy::float_cmp' '--deny=clippy::expect_used' '--deny=clippy::dbg_macro' --test --check-cfg 'cfg(docsrs,test)' --check-cfg 'cfg(feature, values("object_store"))' -C metadata=023f0ddac3062718 -C extra-filename=-f4906d65a4a0bb28 --out-dir /tmp/cargo-mutants-pstore-kKE8d1.tmp/target/debug/deps -C incremental=/tmp/cargo-mutants-pstore-kKE8d1.tmp/target/debug/incremental -L dependency=/tmp/cargo-mutants-pstore-kKE8d1.tmp/target/debug/deps --extern async_trait=/tmp/cargo-mutants-pstore-kKE8d1.tmp/target/debug/deps/libasync_trait-efaaae825ff87b5f.so --extern bytes=/tmp/cargo-mutants-pstore-kKE8d1.tmp/target/debug/deps/libbytes-31b8f712e3be84e8.rlib --extern futures_util=/tmp/cargo-mutants-pstore-kKE8d1.tmp/target/debug/deps/libfutures_util-9467758a9490225b.rlib --extern pstore_blob=/tmp/cargo-mutants-pstore-kKE8d1.tmp/target/debug/deps/libpstore_blob-a1c846e65fcdfc47.rlib --extern pstore_testkit=/tmp/cargo-mutants-pstore-kKE8d1.tmp/target/debug/deps/libpstore_testkit-c70127229fd98aeb.rlib --extern pstore_types=/tmp/cargo-mutants-pstore-kKE8d1.tmp/target/debug/deps/libpstore_types-c19df0e60947a156.rlib --extern thiserror=/tmp/cargo-mutants-pstore-kKE8d1.tmp/target/debug/deps/libthiserror-a555ba146edbfd98.rlib --extern tokio=/tmp/cargo-mutants-pstore-kKE8d1.tmp/target/debug/deps/libtokio-c4794fa7272c7af3.rlib`
     Running `/home/tuong/.rustup/toolchains/1.90-x86_64-unknown-linux-gnu/bin/rustc --crate-name cas --edition=2024 crates/pstore-blob/tests/cas.rs --error-format=json --json=diagnostic-rendered-ansi,artifacts,future-incompat --emit=dep-info,link -C embed-bitcode=no -C debuginfo=2 --warn=rust_2018_idioms '--deny=clippy::unwrap_used' --forbid=unsafe_code --warn=unreachable_pub '--deny=clippy::unimplemented' '--deny=clippy::todo' '--deny=clippy::panic' --warn=missing_docs '--deny=clippy::mem_forget' '--deny=clippy::indexing_slicing' '--deny=clippy::float_cmp' '--deny=clippy::expect_used' '--deny=clippy::dbg_macro' --test --check-cfg 'cfg(docsrs,test)' --check-cfg 'cfg(feature, values("object_store"))' -C metadata=3fb4d681b59d484c -C extra-filename=-4a0e1648b7639c55 --out-dir /tmp/cargo-mutants-pstore-kKE8d1.tmp/target/debug/deps -C incremental=/tmp/cargo-mutants-pstore-kKE8d1.tmp/target/debug/incremental -L dependency=/tmp/cargo-mutants-pstore-kKE8d1.tmp/target/debug/deps --extern async_trait=/tmp/cargo-mutants-pstore-kKE8d1.tmp/target/debug/deps/libasync_trait-efaaae825ff87b5f.so --extern bytes=/tmp/cargo-mutants-pstore-kKE8d1.tmp/target/debug/deps/libbytes-31b8f712e3be84e8.rlib --extern futures_util=/tmp/cargo-mutants-pstore-kKE8d1.tmp/target/debug/deps/libfutures_util-9467758a9490225b.rlib --extern pstore_blob=/tmp/cargo-mutants-pstore-kKE8d1.tmp/target/debug/deps/libpstore_blob-a1c846e65fcdfc47.rlib --extern pstore_testkit=/tmp/cargo-mutants-pstore-kKE8d1.tmp/target/debug/deps/libpstore_testkit-c70127229fd98aeb.rlib --extern pstore_types=/tmp/cargo-mutants-pstore-kKE8d1.tmp/target/debug/deps/libpstore_types-c19df0e60947a156.rlib --extern thiserror=/tmp/cargo-mutants-pstore-kKE8d1.tmp/target/debug/deps/libthiserror-a555ba146edbfd98.rlib --extern tokio=/tmp/cargo-mutants-pstore-kKE8d1.tmp/target/debug/deps/libtokio-c4794fa7272c7af3.rlib`
     Running `/home/tuong/.rustup/toolchains/1.90-x86_64-unknown-linux-gnu/bin/rustc --crate-name pstore_blob --edition=2024 crates/pstore-blob/src/lib.rs --error-format=json --json=diagnostic-rendered-ansi,artifacts,future-incompat --emit=dep-info,link -C embed-bitcode=no -C debuginfo=2 --warn=rust_2018_idioms '--deny=clippy::unwrap_used' --forbid=unsafe_code --warn=unreachable_pub '--deny=clippy::unimplemented' '--deny=clippy::todo' '--deny=clippy::panic' --warn=missing_docs '--deny=clippy::mem_forget' '--deny=clippy::indexing_slicing' '--deny=clippy::float_cmp' '--deny=clippy::expect_used' '--deny=clippy::dbg_macro' --test --check-cfg 'cfg(docsrs,test)' --check-cfg 'cfg(feature, values("object_store"))' -C metadata=f2f4f50824e7892c -C extra-filename=-beebd50e20890a1c --out-dir /tmp/cargo-mutants-pstore-kKE8d1.tmp/target/debug/deps -C incremental=/tmp/cargo-mutants-pstore-kKE8d1.tmp/target/debug/incremental -L dependency=/tmp/cargo-mutants-pstore-kKE8d1.tmp/target/debug/deps --extern async_trait=/tmp/cargo-mutants-pstore-kKE8d1.tmp/target/debug/deps/libasync_trait-efaaae825ff87b5f.so --extern bytes=/tmp/cargo-mutants-pstore-kKE8d1.tmp/target/debug/deps/libbytes-31b8f712e3be84e8.rlib --extern futures_util=/tmp/cargo-mutants-pstore-kKE8d1.tmp/target/debug/deps/libfutures_util-9467758a9490225b.rlib --extern pstore_testkit=/tmp/cargo-mutants-pstore-kKE8d1.tmp/target/debug/deps/libpstore_testkit-c70127229fd98aeb.rlib --extern pstore_types=/tmp/cargo-mutants-pstore-kKE8d1.tmp/target/debug/deps/libpstore_types-c19df0e60947a156.rlib --extern thiserror=/tmp/cargo-mutants-pstore-kKE8d1.tmp/target/debug/deps/libthiserror-a555ba146edbfd98.rlib --extern tokio=/tmp/cargo-mutants-pstore-kKE8d1.tmp/target/debug/deps/libtokio-c4794fa7272c7af3.rlib`
     Running `/home/tuong/.rustup/toolchains/1.90-x86_64-unknown-linux-gnu/bin/rustc --crate-name coalescing --edition=2024 crates/pstore-blob/tests/coalescing.rs --error-format=json --json=diagnostic-rendered-ansi,artifacts,future-incompat --emit=dep-info,link -C embed-bitcode=no -C debuginfo=2 --warn=rust_2018_idioms '--deny=clippy::unwrap_used' --forbid=unsafe_code --warn=unreachable_pub '--deny=clippy::unimplemented' '--deny=clippy::todo' '--deny=clippy::panic' --warn=missing_docs '--deny=clippy::mem_forget' '--deny=clippy::indexing_slicing' '--deny=clippy::float_cmp' '--deny=clippy::expect_used' '--deny=clippy::dbg_macro' --test --check-cfg 'cfg(docsrs,test)' --check-cfg 'cfg(feature, values("object_store"))' -C metadata=95fd0fb8bd343508 -C extra-filename=-07cd275959561fdd --out-dir /tmp/cargo-mutants-pstore-kKE8d1.tmp/target/debug/deps -C incremental=/tmp/cargo-mutants-pstore-kKE8d1.tmp/target/debug/incremental -L dependency=/tmp/cargo-mutants-pstore-kKE8d1.tmp/target/debug/deps --extern async_trait=/tmp/cargo-mutants-pstore-kKE8d1.tmp/target/debug/deps/libasync_trait-efaaae825ff87b5f.so --extern bytes=/tmp/cargo-mutants-pstore-kKE8d1.tmp/target/debug/deps/libbytes-31b8f712e3be84e8.rlib --extern futures_util=/tmp/cargo-mutants-pstore-kKE8d1.tmp/target/debug/deps/libfutures_util-9467758a9490225b.rlib --extern pstore_blob=/tmp/cargo-mutants-pstore-kKE8d1.tmp/target/debug/deps/libpstore_blob-a1c846e65fcdfc47.rlib --extern pstore_testkit=/tmp/cargo-mutants-pstore-kKE8d1.tmp/target/debug/deps/libpstore_testkit-c70127229fd98aeb.rlib --extern pstore_types=/tmp/cargo-mutants-pstore-kKE8d1.tmp/target/debug/deps/libpstore_types-c19df0e60947a156.rlib --extern thiserror=/tmp/cargo-mutants-pstore-kKE8d1.tmp/target/debug/deps/libthiserror-a555ba146edbfd98.rlib --extern tokio=/tmp/cargo-mutants-pstore-kKE8d1.tmp/target/debug/deps/libtokio-c4794fa7272c7af3.rlib`
     Running `/home/tuong/.rustup/toolchains/1.90-x86_64-unknown-linux-gnu/bin/rustc --crate-name semantics --edition=2024 crates/pstore-blob/tests/semantics.rs --error-format=json --json=diagnostic-rendered-ansi,artifacts,future-incompat --emit=dep-info,link -C embed-bitcode=no -C debuginfo=2 --warn=rust_2018_idioms '--deny=clippy::unwrap_used' --forbid=unsafe_code --warn=unreachable_pub '--deny=clippy::unimplemented' '--deny=clippy::todo' '--deny=clippy::panic' --warn=missing_docs '--deny=clippy::mem_forget' '--deny=clippy::indexing_slicing' '--deny=clippy::float_cmp' '--deny=clippy::expect_used' '--deny=clippy::dbg_macro' --test --check-cfg 'cfg(docsrs,test)' --check-cfg 'cfg(feature, values("object_store"))' -C metadata=955ca3f9d7c7f70e -C extra-filename=-498f3631a70a0c40 --out-dir /tmp/cargo-mutants-pstore-kKE8d1.tmp/target/debug/deps -C incremental=/tmp/cargo-mutants-pstore-kKE8d1.tmp/target/debug/incremental -L dependency=/tmp/cargo-mutants-pstore-kKE8d1.tmp/target/debug/deps --extern async_trait=/tmp/cargo-mutants-pstore-kKE8d1.tmp/target/debug/deps/libasync_trait-efaaae825ff87b5f.so --extern bytes=/tmp/cargo-mutants-pstore-kKE8d1.tmp/target/debug/deps/libbytes-31b8f712e3be84e8.rlib --extern futures_util=/tmp/cargo-mutants-pstore-kKE8d1.tmp/target/debug/deps/libfutures_util-9467758a9490225b.rlib --extern pstore_blob=/tmp/cargo-mutants-pstore-kKE8d1.tmp/target/debug/deps/libpstore_blob-a1c846e65fcdfc47.rlib --extern pstore_testkit=/tmp/cargo-mutants-pstore-kKE8d1.tmp/target/debug/deps/libpstore_testkit-c70127229fd98aeb.rlib --extern pstore_types=/tmp/cargo-mutants-pstore-kKE8d1.tmp/target/debug/deps/libpstore_types-c19df0e60947a156.rlib --extern thiserror=/tmp/cargo-mutants-pstore-kKE8d1.tmp/target/debug/deps/libthiserror-a555ba146edbfd98.rlib --extern tokio=/tmp/cargo-mutants-pstore-kKE8d1.tmp/target/debug/deps/libtokio-c4794fa7272c7af3.rlib`
warning: `pstore-blob` (lib test) generated 2 warnings (2 duplicates)
    Finished `test` profile [unoptimized + debuginfo] target(s) in 1.36s
  Executable `/tmp/cargo-mutants-pstore-kKE8d1.tmp/target/debug/deps/pstore_blob-beebd50e20890a1c`
  Executable `/tmp/cargo-mutants-pstore-kKE8d1.tmp/target/debug/deps/accounting-f4906d65a4a0bb28`
  Executable `/tmp/cargo-mutants-pstore-kKE8d1.tmp/target/debug/deps/cas-4a0e1648b7639c55`
  Executable `/tmp/cargo-mutants-pstore-kKE8d1.tmp/target/debug/deps/coalescing-07cd275959561fdd`
  Executable `/tmp/cargo-mutants-pstore-kKE8d1.tmp/target/debug/deps/faults-6ff9c0975fba4475`
  Executable `/tmp/cargo-mutants-pstore-kKE8d1.tmp/target/debug/deps/object_store_adapter-318667f311816eef`
  Executable `/tmp/cargo-mutants-pstore-kKE8d1.tmp/target/debug/deps/semantics-498f3631a70a0c40`

*** result: Success

*** /home/tuong/.rustup/toolchains/1.90-x86_64-unknown-linux-gnu/bin/cargo test --verbose --package=pstore-blob@0.1.0
       Fresh unicode-ident v1.0.24
       Fresh proc-macro2 v1.0.107
       Fresh quote v1.0.47
       Fresh syn v3.0.5
       Fresh pin-project-lite v0.2.17
       Fresh tokio-macros v2.7.2
       Fresh thiserror-impl v2.0.20
       Fresh slab v0.4.12
       Fresh futures-core v0.3.34
       Fresh futures-task v0.3.34
       Fresh futures-util v0.3.34
       Fresh thiserror v2.0.20
       Fresh tokio v1.53.1
       Fresh async-trait v0.1.92
       Fresh bytes v1.12.1
       Fresh pstore-types v0.1.0 (/tmp/cargo-mutants-pstore-kKE8d1.tmp/crates/pstore-types)
warning: unused import: `Support`
 --> crates/pstore-blob/src/memory.rs:7:79
  |
7 | use crate::{BlobError, Capabilities, CasError, Key, Precondition, PutOutcome, Support};
  |                                                                               ^^^^^^^
  |
  = note: `#[warn(unused_imports)]` on by default

warning: unused variable: `tag_style`
  --> crates/pstore-blob/src/memory.rs:57:27
   |
57 |     pub fn with_tag_style(tag_style: TagStyle) -> Self {
   |                           ^^^^^^^^^ help: if this is intentional, prefix it with an underscore: `_tag_style`
   |
   = note: `#[warn(unused_variables)]` on by default

warning: `pstore-blob` (lib) generated 2 warnings (run `cargo fix --lib -p pstore-blob` to apply 1 suggestion)
       Fresh pstore-testkit v0.1.0 (/tmp/cargo-mutants-pstore-kKE8d1.tmp/crates/pstore-testkit)
warning: `pstore-blob` (lib test) generated 2 warnings (2 duplicates)
       Fresh pstore-blob v0.1.0 (/tmp/cargo-mutants-pstore-kKE8d1.tmp/crates/pstore-blob)
    Finished `test` profile [unoptimized + debuginfo] target(s) in 0.03s
     Running `/tmp/cargo-mutants-pstore-kKE8d1.tmp/target/debug/deps/pstore_blob-beebd50e20890a1c`

running 4 tests
test coalesce::tests::a_contained_range_does_not_underflow_the_gap ... ok
test coalesce::tests::a_zero_gap_merges_only_touching_ranges ... ok
test coalesce::tests::empty_ranges_are_dropped ... ok
test coalesce::tests::empty_input_plans_nothing ... ok

test result: ok. 4 passed; 0 failed; 0 ignored; 0 measured; 0 filtered out; finished in 0.00s

     Running `/tmp/cargo-mutants-pstore-kKE8d1.tmp/target/debug/deps/accounting-f4906d65a4a0bb28`

running 4 tests

thread 'a_failed_conditional_write_is_still_billed' has overflowed its stack
fatal runtime error: stack overflow, aborting
error: test failed, to rerun pass `-p pstore-blob --test accounting`

Caused by:
  process didn't exit successfully: `/tmp/cargo-mutants-pstore-kKE8d1.tmp/target/debug/deps/accounting-f4906d65a4a0bb28` (signal: 6, SIGABRT: process abort signal)

*** result: Failure(101)
