
*** crates/pstore-format/src/writer.rs:92:9: replace SegmentWriter::finish -> Bytes with Default::default()

*** mutation diff:
--- crates/pstore-format/src/writer.rs
+++ replace SegmentWriter::finish -> Bytes with Default::default()
@@ -84,46 +84,11 @@
         });
         self.rows += self.pending.len() as u32;
         self.pending.clear();
     }
 
     /// Seals the last block and emits the segment.
     #[must_use]
     pub fn finish(mut self) -> Bytes {
-        self.seal();
-
-        let mut idx = Enc::default();
-        idx.u32(self.blocks.len() as u32);
-        for b in &self.blocks {
-            idx.u64(b.offset);
-            idx.u32(b.len);
-            idx.u32(b.rows);
-            idx.u32(b.zones.len() as u32);
-            for (k, (lo, hi)) in &b.zones {
-                idx.bytes(k.as_bytes());
-                idx.i64(*lo);
-                idx.i64(*hi);
-            }
-        }
-
-        let index_offset = self.body.len() as u64;
-        let index_len = idx.len() as u32;
-        let sum = checksum(&idx.0);
-
-        let mut out = self.body;
-        out.raw(&idx.0);
-        // The footer is last and fixed-width, so `Range: -N` finds it without knowing the
-        // object's length -- which is what makes an open possible from the key alone.
-        out.raw(MAGIC);
-        out.u16(VERSION);
-        out.u64(index_offset);
-        out.u32(index_len);
-        out.u32(self.rows);
-        out.u64(sum);
-        out.raw(MAGIC);
-        debug_assert_eq!(
-            out.len() as u64 - index_offset - u64::from(index_len),
-            FOOTER_LEN as u64
-        );
-        Bytes::from(out.0)
+        Default::default() /* ~ changed by cargo-mutants ~ */
     }
 }


*** /home/tuong/.rustup/toolchains/1.90-x86_64-unknown-linux-gnu/bin/cargo test --no-run --verbose --package=pstore-format@0.1.0
    Blocking waiting for file lock on package cache
       Fresh unicode-ident v1.0.24
       Fresh proc-macro2 v1.0.107
       Fresh quote v1.0.47
       Fresh syn v3.0.5
       Fresh pin-project-lite v0.2.17
       Fresh tokio-macros v2.7.2
       Fresh thiserror-impl v2.0.20
       Fresh futures-task v0.3.34
       Fresh slab v0.4.12
       Fresh futures-core v0.3.34
       Fresh async-trait v0.1.92
       Fresh bytes v1.12.1
       Fresh pstore-types v0.1.0 (/tmp/cargo-mutants-pstore-Tv7zHT.tmp/crates/pstore-types)
       Fresh futures-util v0.3.34
       Fresh thiserror v2.0.20
       Fresh tokio v1.53.1
       Fresh pstore-blob v0.1.0 (/tmp/cargo-mutants-pstore-Tv7zHT.tmp/crates/pstore-blob)
       Dirty pstore-format v0.1.0 (/tmp/cargo-mutants-pstore-Tv7zHT.tmp/crates/pstore-format): the file `crates/pstore-format/src/writer.rs` has changed (1788613545.621513286s, 580317860ns after last build at 1788613545.041195426s)
   Compiling pstore-format v0.1.0 (/tmp/cargo-mutants-pstore-Tv7zHT.tmp/crates/pstore-format)
     Running `/home/tuong/.rustup/toolchains/1.90-x86_64-unknown-linux-gnu/bin/rustc --crate-name pstore_format --edition=2024 crates/pstore-format/src/lib.rs --error-format=json --json=diagnostic-rendered-ansi,artifacts,future-incompat --emit=dep-info,link -C embed-bitcode=no -C debuginfo=2 --warn=rust_2018_idioms '--deny=clippy::unwrap_used' --forbid=unsafe_code --warn=unreachable_pub '--deny=clippy::unimplemented' '--deny=clippy::todo' '--deny=clippy::panic' --warn=missing_docs '--deny=clippy::mem_forget' '--deny=clippy::indexing_slicing' '--deny=clippy::float_cmp' '--deny=clippy::expect_used' '--deny=clippy::dbg_macro' --test --check-cfg 'cfg(docsrs,test)' --check-cfg 'cfg(feature, values())' -C metadata=821cada9fb09dc73 -C extra-filename=-6c8cb96cbdbdb465 --out-dir /tmp/cargo-mutants-pstore-Tv7zHT.tmp/target/debug/deps -C incremental=/tmp/cargo-mutants-pstore-Tv7zHT.tmp/target/debug/incremental -L dependency=/tmp/cargo-mutants-pstore-Tv7zHT.tmp/target/debug/deps --extern async_trait=/tmp/cargo-mutants-pstore-Tv7zHT.tmp/target/debug/deps/libasync_trait-efaaae825ff87b5f.so --extern bytes=/tmp/cargo-mutants-pstore-Tv7zHT.tmp/target/debug/deps/libbytes-31b8f712e3be84e8.rlib --extern pstore_blob=/tmp/cargo-mutants-pstore-Tv7zHT.tmp/target/debug/deps/libpstore_blob-b6cf016c092a0ac2.rlib --extern pstore_types=/tmp/cargo-mutants-pstore-Tv7zHT.tmp/target/debug/deps/libpstore_types-c19df0e60947a156.rlib --extern thiserror=/tmp/cargo-mutants-pstore-Tv7zHT.tmp/target/debug/deps/libthiserror-a555ba146edbfd98.rlib --extern tokio=/tmp/cargo-mutants-pstore-Tv7zHT.tmp/target/debug/deps/libtokio-1c12c7fb7aae7e9d.rlib`
     Running `/home/tuong/.rustup/toolchains/1.90-x86_64-unknown-linux-gnu/bin/rustc --crate-name pstore_format --edition=2024 crates/pstore-format/src/lib.rs --error-format=json --json=diagnostic-rendered-ansi,artifacts,future-incompat --crate-type lib --emit=dep-info,metadata,link -C embed-bitcode=no -C debuginfo=2 --warn=rust_2018_idioms '--deny=clippy::unwrap_used' --forbid=unsafe_code --warn=unreachable_pub '--deny=clippy::unimplemented' '--deny=clippy::todo' '--deny=clippy::panic' --warn=missing_docs '--deny=clippy::mem_forget' '--deny=clippy::indexing_slicing' '--deny=clippy::float_cmp' '--deny=clippy::expect_used' '--deny=clippy::dbg_macro' --check-cfg 'cfg(docsrs,test)' --check-cfg 'cfg(feature, values())' -C metadata=57d28a0e0e46fc90 -C extra-filename=-1275d00aeb99a72a --out-dir /tmp/cargo-mutants-pstore-Tv7zHT.tmp/target/debug/deps -C incremental=/tmp/cargo-mutants-pstore-Tv7zHT.tmp/target/debug/incremental -L dependency=/tmp/cargo-mutants-pstore-Tv7zHT.tmp/target/debug/deps --extern async_trait=/tmp/cargo-mutants-pstore-Tv7zHT.tmp/target/debug/deps/libasync_trait-efaaae825ff87b5f.so --extern bytes=/tmp/cargo-mutants-pstore-Tv7zHT.tmp/target/debug/deps/libbytes-31b8f712e3be84e8.rmeta --extern pstore_blob=/tmp/cargo-mutants-pstore-Tv7zHT.tmp/target/debug/deps/libpstore_blob-b6cf016c092a0ac2.rmeta --extern pstore_types=/tmp/cargo-mutants-pstore-Tv7zHT.tmp/target/debug/deps/libpstore_types-c19df0e60947a156.rmeta --extern thiserror=/tmp/cargo-mutants-pstore-Tv7zHT.tmp/target/debug/deps/libthiserror-a555ba146edbfd98.rmeta`
warning: unused import: `checksum`
 --> crates/pstore-format/src/writer.rs:3:25
  |
3 | use crate::codec::{Enc, checksum};
  |                         ^^^^^^^^
  |
  = note: `#[warn(unused_imports)]` on by default

warning: unused imports: `FOOTER_LEN`, `MAGIC`, and `VERSION`
 --> crates/pstore-format/src/writer.rs:4:34
  |
4 | use crate::{BlockMeta, Document, FOOTER_LEN, MAGIC, VERSION, Value};
  |                                  ^^^^^^^^^^  ^^^^^  ^^^^^^^

warning: variable does not need to be mutable
  --> crates/pstore-format/src/writer.rs:91:19
   |
91 |     pub fn finish(mut self) -> Bytes {
   |                   ----^^^^
   |                   |
   |                   help: remove this `mut`
   |
   = note: `#[warn(unused_mut)]` on by default

warning: methods `u16` and `u64` are never used
  --> crates/pstore-format/src/codec.rs:18:19
   |
14 | impl Enc {
   | -------- methods in this implementation
...
18 |     pub(crate) fn u16(&mut self, v: u16) {
   |                   ^^^
...
24 |     pub(crate) fn u64(&mut self, v: u64) {
   |                   ^^^
   |
   = note: `#[warn(dead_code)]` on by default

warning: `pstore-format` (lib test) generated 3 warnings (run `cargo fix --lib -p pstore-format --tests` to apply 3 suggestions)
warning: `pstore-format` (lib) generated 4 warnings (3 duplicates)
     Running `/home/tuong/.rustup/toolchains/1.90-x86_64-unknown-linux-gnu/bin/rustc --crate-name search --edition=2024 crates/pstore-format/tests/search.rs --error-format=json --json=diagnostic-rendered-ansi,artifacts,future-incompat --emit=dep-info,link -C embed-bitcode=no -C debuginfo=2 --warn=rust_2018_idioms '--deny=clippy::unwrap_used' --forbid=unsafe_code --warn=unreachable_pub '--deny=clippy::unimplemented' '--deny=clippy::todo' '--deny=clippy::panic' --warn=missing_docs '--deny=clippy::mem_forget' '--deny=clippy::indexing_slicing' '--deny=clippy::float_cmp' '--deny=clippy::expect_used' '--deny=clippy::dbg_macro' --test --check-cfg 'cfg(docsrs,test)' --check-cfg 'cfg(feature, values())' -C metadata=a12da3018441d499 -C extra-filename=-d4e51932dcef29a0 --out-dir /tmp/cargo-mutants-pstore-Tv7zHT.tmp/target/debug/deps -C incremental=/tmp/cargo-mutants-pstore-Tv7zHT.tmp/target/debug/incremental -L dependency=/tmp/cargo-mutants-pstore-Tv7zHT.tmp/target/debug/deps --extern async_trait=/tmp/cargo-mutants-pstore-Tv7zHT.tmp/target/debug/deps/libasync_trait-efaaae825ff87b5f.so --extern bytes=/tmp/cargo-mutants-pstore-Tv7zHT.tmp/target/debug/deps/libbytes-31b8f712e3be84e8.rlib --extern pstore_blob=/tmp/cargo-mutants-pstore-Tv7zHT.tmp/target/debug/deps/libpstore_blob-b6cf016c092a0ac2.rlib --extern pstore_format=/tmp/cargo-mutants-pstore-Tv7zHT.tmp/target/debug/deps/libpstore_format-1275d00aeb99a72a.rlib --extern pstore_types=/tmp/cargo-mutants-pstore-Tv7zHT.tmp/target/debug/deps/libpstore_types-c19df0e60947a156.rlib --extern thiserror=/tmp/cargo-mutants-pstore-Tv7zHT.tmp/target/debug/deps/libthiserror-a555ba146edbfd98.rlib --extern tokio=/tmp/cargo-mutants-pstore-Tv7zHT.tmp/target/debug/deps/libtokio-1c12c7fb7aae7e9d.rlib`
     Running `/home/tuong/.rustup/toolchains/1.90-x86_64-unknown-linux-gnu/bin/rustc --crate-name corrupt --edition=2024 crates/pstore-format/tests/corrupt.rs --error-format=json --json=diagnostic-rendered-ansi,artifacts,future-incompat --emit=dep-info,link -C embed-bitcode=no -C debuginfo=2 --warn=rust_2018_idioms '--deny=clippy::unwrap_used' --forbid=unsafe_code --warn=unreachable_pub '--deny=clippy::unimplemented' '--deny=clippy::todo' '--deny=clippy::panic' --warn=missing_docs '--deny=clippy::mem_forget' '--deny=clippy::indexing_slicing' '--deny=clippy::float_cmp' '--deny=clippy::expect_used' '--deny=clippy::dbg_macro' --test --check-cfg 'cfg(docsrs,test)' --check-cfg 'cfg(feature, values())' -C metadata=de6f1515f976f7e8 -C extra-filename=-cff173796626ae2c --out-dir /tmp/cargo-mutants-pstore-Tv7zHT.tmp/target/debug/deps -C incremental=/tmp/cargo-mutants-pstore-Tv7zHT.tmp/target/debug/incremental -L dependency=/tmp/cargo-mutants-pstore-Tv7zHT.tmp/target/debug/deps --extern async_trait=/tmp/cargo-mutants-pstore-Tv7zHT.tmp/target/debug/deps/libasync_trait-efaaae825ff87b5f.so --extern bytes=/tmp/cargo-mutants-pstore-Tv7zHT.tmp/target/debug/deps/libbytes-31b8f712e3be84e8.rlib --extern pstore_blob=/tmp/cargo-mutants-pstore-Tv7zHT.tmp/target/debug/deps/libpstore_blob-b6cf016c092a0ac2.rlib --extern pstore_format=/tmp/cargo-mutants-pstore-Tv7zHT.tmp/target/debug/deps/libpstore_format-1275d00aeb99a72a.rlib --extern pstore_types=/tmp/cargo-mutants-pstore-Tv7zHT.tmp/target/debug/deps/libpstore_types-c19df0e60947a156.rlib --extern thiserror=/tmp/cargo-mutants-pstore-Tv7zHT.tmp/target/debug/deps/libthiserror-a555ba146edbfd98.rlib --extern tokio=/tmp/cargo-mutants-pstore-Tv7zHT.tmp/target/debug/deps/libtokio-1c12c7fb7aae7e9d.rlib`
     Running `/home/tuong/.rustup/toolchains/1.90-x86_64-unknown-linux-gnu/bin/rustc --crate-name segment --edition=2024 crates/pstore-format/tests/segment.rs --error-format=json --json=diagnostic-rendered-ansi,artifacts,future-incompat --emit=dep-info,link -C embed-bitcode=no -C debuginfo=2 --warn=rust_2018_idioms '--deny=clippy::unwrap_used' --forbid=unsafe_code --warn=unreachable_pub '--deny=clippy::unimplemented' '--deny=clippy::todo' '--deny=clippy::panic' --warn=missing_docs '--deny=clippy::mem_forget' '--deny=clippy::indexing_slicing' '--deny=clippy::float_cmp' '--deny=clippy::expect_used' '--deny=clippy::dbg_macro' --test --check-cfg 'cfg(docsrs,test)' --check-cfg 'cfg(feature, values())' -C metadata=a243db0e9609e460 -C extra-filename=-a5c2cb1d0b2aa6ef --out-dir /tmp/cargo-mutants-pstore-Tv7zHT.tmp/target/debug/deps -C incremental=/tmp/cargo-mutants-pstore-Tv7zHT.tmp/target/debug/incremental -L dependency=/tmp/cargo-mutants-pstore-Tv7zHT.tmp/target/debug/deps --extern async_trait=/tmp/cargo-mutants-pstore-Tv7zHT.tmp/target/debug/deps/libasync_trait-efaaae825ff87b5f.so --extern bytes=/tmp/cargo-mutants-pstore-Tv7zHT.tmp/target/debug/deps/libbytes-31b8f712e3be84e8.rlib --extern pstore_blob=/tmp/cargo-mutants-pstore-Tv7zHT.tmp/target/debug/deps/libpstore_blob-b6cf016c092a0ac2.rlib --extern pstore_format=/tmp/cargo-mutants-pstore-Tv7zHT.tmp/target/debug/deps/libpstore_format-1275d00aeb99a72a.rlib --extern pstore_types=/tmp/cargo-mutants-pstore-Tv7zHT.tmp/target/debug/deps/libpstore_types-c19df0e60947a156.rlib --extern thiserror=/tmp/cargo-mutants-pstore-Tv7zHT.tmp/target/debug/deps/libthiserror-a555ba146edbfd98.rlib --extern tokio=/tmp/cargo-mutants-pstore-Tv7zHT.tmp/target/debug/deps/libtokio-1c12c7fb7aae7e9d.rlib`
    Finished `test` profile [unoptimized + debuginfo] target(s) in 0.60s
  Executable `/tmp/cargo-mutants-pstore-Tv7zHT.tmp/target/debug/deps/pstore_format-6c8cb96cbdbdb465`
  Executable `/tmp/cargo-mutants-pstore-Tv7zHT.tmp/target/debug/deps/corrupt-cff173796626ae2c`
  Executable `/tmp/cargo-mutants-pstore-Tv7zHT.tmp/target/debug/deps/search-d4e51932dcef29a0`
  Executable `/tmp/cargo-mutants-pstore-Tv7zHT.tmp/target/debug/deps/segment-a5c2cb1d0b2aa6ef`

*** result: Success

*** /home/tuong/.rustup/toolchains/1.90-x86_64-unknown-linux-gnu/bin/cargo test --verbose --package=pstore-format@0.1.0
       Fresh unicode-ident v1.0.24
       Fresh proc-macro2 v1.0.107
       Fresh pin-project-lite v0.2.17
       Fresh slab v0.4.12
       Fresh quote v1.0.47
       Fresh futures-core v0.3.34
       Fresh futures-task v0.3.34
       Fresh pstore-types v0.1.0 (/tmp/cargo-mutants-pstore-Tv7zHT.tmp/crates/pstore-types)
       Fresh syn v3.0.5
       Fresh futures-util v0.3.34
       Fresh bytes v1.12.1
       Fresh tokio-macros v2.7.2
       Fresh thiserror-impl v2.0.20
       Fresh async-trait v0.1.92
       Fresh tokio v1.53.1
       Fresh thiserror v2.0.20
       Fresh pstore-blob v0.1.0 (/tmp/cargo-mutants-pstore-Tv7zHT.tmp/crates/pstore-blob)
warning: unused import: `checksum`
 --> crates/pstore-format/src/writer.rs:3:25
  |
3 | use crate::codec::{Enc, checksum};
  |                         ^^^^^^^^
  |
  = note: `#[warn(unused_imports)]` on by default

warning: unused imports: `FOOTER_LEN`, `MAGIC`, and `VERSION`
 --> crates/pstore-format/src/writer.rs:4:34
  |
4 | use crate::{BlockMeta, Document, FOOTER_LEN, MAGIC, VERSION, Value};
  |                                  ^^^^^^^^^^  ^^^^^  ^^^^^^^

warning: variable does not need to be mutable
  --> crates/pstore-format/src/writer.rs:91:19
   |
91 |     pub fn finish(mut self) -> Bytes {
   |                   ----^^^^
   |                   |
   |                   help: remove this `mut`
   |
   = note: `#[warn(unused_mut)]` on by default

warning: methods `u16` and `u64` are never used
  --> crates/pstore-format/src/codec.rs:18:19
   |
14 | impl Enc {
   | -------- methods in this implementation
...
18 |     pub(crate) fn u16(&mut self, v: u16) {
   |                   ^^^
...
24 |     pub(crate) fn u64(&mut self, v: u64) {
   |                   ^^^
   |
   = note: `#[warn(dead_code)]` on by default

warning: `pstore-format` (lib) generated 4 warnings (run `cargo fix --lib -p pstore-format` to apply 3 suggestions)
warning: `pstore-format` (lib test) generated 3 warnings (3 duplicates)
       Fresh pstore-format v0.1.0 (/tmp/cargo-mutants-pstore-Tv7zHT.tmp/crates/pstore-format)
    Finished `test` profile [unoptimized + debuginfo] target(s) in 0.03s
     Running `/tmp/cargo-mutants-pstore-Tv7zHT.tmp/target/debug/deps/pstore_format-6c8cb96cbdbdb465`

running 4 tests
test codec::tests::a_string_field_rejects_invalid_utf8 ... ok
test codec::tests::every_primitive_round_trips ... ok
test codec::tests::the_checksum_changes_when_any_byte_does ... ok
test codec::tests::every_primitive_refuses_a_short_buffer_rather_than_panicking ... ok

test result: ok. 4 passed; 0 failed; 0 ignored; 0 measured; 0 filtered out; finished in 0.00s

     Running `/tmp/cargo-mutants-pstore-Tv7zHT.tmp/target/debug/deps/corrupt-cff173796626ae2c`

running 10 tests
test a_missing_segment_is_an_error_not_an_empty_one ... ok
test a_truncated_segment_is_an_error ... FAILED
test an_unknown_value_tag_is_an_error ... FAILED
test a_scan_of_a_segment_whose_blocks_are_gone_is_an_error ... ok
test a_document_starts_with_no_attributes ... ok
test a_future_version_is_refused_rather_than_guessed_at ... FAILED
test a_segment_with_an_impossible_block_count_is_refused ... FAILED
test filters_match_rows_by_type ... ok
test filters_prune_only_what_they_provably_can ... ok
test a_tampered_index_section_is_caught_by_the_checksum ... FAILED

failures:

---- a_truncated_segment_is_an_error stdout ----

thread 'a_truncated_segment_is_an_error' panicked at crates/pstore-format/tests/corrupt.rs:36:46:
attempt to subtract with overflow
note: run with `RUST_BACKTRACE=1` environment variable to display a backtrace

---- an_unknown_value_tag_is_an_error stdout ----

thread 'an_unknown_value_tag_is_an_error' panicked at crates/pstore-format/tests/corrupt.rs:85:6:
index out of bounds: the len is 0 but the index is 0

---- a_future_version_is_refused_rather_than_guessed_at stdout ----

thread 'a_future_version_is_refused_rather_than_guessed_at' panicked at crates/pstore-format/tests/corrupt.rs:51:13:
attempt to subtract with overflow

---- a_segment_with_an_impossible_block_count_is_refused stdout ----

thread 'a_segment_with_an_impossible_block_count_is_refused' panicked at crates/pstore-format/tests/corrupt.rs:171:14:
attempt to subtract with overflow

---- a_tampered_index_section_is_caught_by_the_checksum stdout ----

thread 'a_tampered_index_section_is_caught_by_the_checksum' panicked at crates/pstore-format/tests/corrupt.rs:63:15:
attempt to subtract with overflow


failures:
    a_future_version_is_refused_rather_than_guessed_at
    a_segment_with_an_impossible_block_count_is_refused
    a_tampered_index_section_is_caught_by_the_checksum
    a_truncated_segment_is_an_error
    an_unknown_value_tag_is_an_error

test result: FAILED. 5 passed; 5 failed; 0 ignored; 0 measured; 0 filtered out; finished in 0.01s

error: test failed, to rerun pass `-p pstore-format --test corrupt`

*** result: Failure(101)
