
*** crates/pstore-engine/src/head.rs:183:5: replace read -> Result<HeadAt, EngineError> with Ok(Default::default())

*** mutation diff:
--- crates/pstore-engine/src/head.rs
+++ replace read -> Result<HeadAt, EngineError> with Ok(Default::default())
@@ -175,28 +175,17 @@
     pub tag: Option<CasTag>,
 }
 
 /// Reads HEAD, or the empty state if the tenant has never committed.
 pub(crate) async fn read<S: BlobStore>(
     store: &S,
     tenant: pstore_types::TenantId,
 ) -> Result<HeadAt, EngineError> {
-    let key = Head::key(tenant);
-    match store.get_with_tag(&key).await {
-        Ok((bytes, tag)) => Ok(HeadAt {
-            head: Head::decode(&bytes)?,
-            tag: Some(tag),
-        }),
-        Err(pstore_blob::BlobError::NotFound(_)) => Ok(HeadAt {
-            head: Head::default(),
-            tag: None,
-        }),
-        Err(e) => Err(e.into()),
-    }
+    Ok(Default::default()) /* ~ changed by cargo-mutants ~ */
 }
 
 /// Publishes a new HEAD, conditioned on exactly the state the caller observed.
 ///
 /// ⚠️ This is the whole fencing mechanism. A caller that was paused, partitioned, or
 /// duplicated cannot land, because its write names a version of the world that no longer
 /// exists — and the *storage layer* enforces that, not a lock we would have to keep alive.
 pub(crate) async fn commit<S: BlobStore>(


*** /home/tuong/.rustup/toolchains/1.90-x86_64-unknown-linux-gnu/bin/cargo test --no-run --verbose --workspace
       Fresh unicode-ident v1.0.24
       Fresh proc-macro2 v1.0.107
       Fresh quote v1.0.47
       Fresh syn v3.0.5
       Fresh pin-project-lite v0.2.17
       Fresh thiserror-impl v2.0.20
       Fresh tokio-macros v2.7.2
       Fresh futures-task v0.3.34
       Fresh slab v0.4.12
       Fresh futures-core v0.3.34
       Fresh futures-util v0.3.34
       Fresh tokio v1.53.1
       Fresh thiserror v2.0.20
       Fresh async-trait v0.1.92
       Fresh bytes v1.12.1
       Dirty pstore-engine v0.1.0 (/tmp/cargo-mutants-pstore-qSPLO4.tmp/crates/pstore-engine): the file `crates/pstore-engine/src/head.rs` has changed (1788614449.659184267s, 3s after last build at 1788614446.586122818s)
   Compiling pstore-engine v0.1.0 (/tmp/cargo-mutants-pstore-qSPLO4.tmp/crates/pstore-engine)
     Running `/home/tuong/.rustup/toolchains/1.90-x86_64-unknown-linux-gnu/bin/rustc --crate-name pstore_engine --edition=2024 crates/pstore-engine/src/lib.rs --error-format=json --json=diagnostic-rendered-ansi,artifacts,future-incompat --crate-type lib --emit=dep-info,metadata,link -C embed-bitcode=no -C debuginfo=2 --warn=rust_2018_idioms '--deny=clippy::unwrap_used' --forbid=unsafe_code --warn=unreachable_pub '--deny=clippy::unimplemented' '--deny=clippy::todo' '--deny=clippy::panic' --warn=missing_docs '--deny=clippy::mem_forget' '--deny=clippy::indexing_slicing' '--deny=clippy::float_cmp' '--deny=clippy::expect_used' '--deny=clippy::dbg_macro' --check-cfg 'cfg(docsrs,test)' --check-cfg 'cfg(feature, values())' -C metadata=446648b18a245ce2 -C extra-filename=-57ca2718b28a8562 --out-dir /tmp/cargo-mutants-pstore-qSPLO4.tmp/target/debug/deps -C incremental=/tmp/cargo-mutants-pstore-qSPLO4.tmp/target/debug/incremental -L dependency=/tmp/cargo-mutants-pstore-qSPLO4.tmp/target/debug/deps --extern bytes=/tmp/cargo-mutants-pstore-qSPLO4.tmp/target/debug/deps/libbytes-31b8f712e3be84e8.rmeta --extern futures_util=/tmp/cargo-mutants-pstore-qSPLO4.tmp/target/debug/deps/libfutures_util-9467758a9490225b.rmeta --extern pstore_blob=/tmp/cargo-mutants-pstore-qSPLO4.tmp/target/debug/deps/libpstore_blob-a1c846e65fcdfc47.rmeta --extern pstore_format=/tmp/cargo-mutants-pstore-qSPLO4.tmp/target/debug/deps/libpstore_format-915614e952a6fbe8.rmeta --extern pstore_types=/tmp/cargo-mutants-pstore-qSPLO4.tmp/target/debug/deps/libpstore_types-c19df0e60947a156.rmeta --extern thiserror=/tmp/cargo-mutants-pstore-qSPLO4.tmp/target/debug/deps/libthiserror-a555ba146edbfd98.rmeta --extern tokio=/tmp/cargo-mutants-pstore-qSPLO4.tmp/target/debug/deps/libtokio-c4794fa7272c7af3.rmeta`
error[E0277]: the trait bound `HeadAt: Default` is not satisfied
   --> crates/pstore-engine/src/head.rs:183:8
    |
183 |     Ok(Default::default()) /* ~ changed by cargo-mutants ~ */
    |        ^^^^^^^^^^^^^^^^^^ the trait `Default` is not implemented for `HeadAt`
    |
help: consider annotating `HeadAt` with `#[derive(Default)]`
    |
171 + #[derive(Default)]
172 | pub struct HeadAt {
    |

     Running `/home/tuong/.rustup/toolchains/1.90-x86_64-unknown-linux-gnu/bin/rustc --crate-name pstore_engine --edition=2024 crates/pstore-engine/src/lib.rs --error-format=json --json=diagnostic-rendered-ansi,artifacts,future-incompat --emit=dep-info,link -C embed-bitcode=no -C debuginfo=2 --warn=rust_2018_idioms '--deny=clippy::unwrap_used' --forbid=unsafe_code --warn=unreachable_pub '--deny=clippy::unimplemented' '--deny=clippy::todo' '--deny=clippy::panic' --warn=missing_docs '--deny=clippy::mem_forget' '--deny=clippy::indexing_slicing' '--deny=clippy::float_cmp' '--deny=clippy::expect_used' '--deny=clippy::dbg_macro' --test --check-cfg 'cfg(docsrs,test)' --check-cfg 'cfg(feature, values())' -C metadata=1d717388a189498b -C extra-filename=-a10afff159302613 --out-dir /tmp/cargo-mutants-pstore-qSPLO4.tmp/target/debug/deps -C incremental=/tmp/cargo-mutants-pstore-qSPLO4.tmp/target/debug/incremental -L dependency=/tmp/cargo-mutants-pstore-qSPLO4.tmp/target/debug/deps --extern bytes=/tmp/cargo-mutants-pstore-qSPLO4.tmp/target/debug/deps/libbytes-31b8f712e3be84e8.rlib --extern futures_util=/tmp/cargo-mutants-pstore-qSPLO4.tmp/target/debug/deps/libfutures_util-9467758a9490225b.rlib --extern pstore_blob=/tmp/cargo-mutants-pstore-qSPLO4.tmp/target/debug/deps/libpstore_blob-a1c846e65fcdfc47.rlib --extern pstore_format=/tmp/cargo-mutants-pstore-qSPLO4.tmp/target/debug/deps/libpstore_format-915614e952a6fbe8.rlib --extern pstore_testkit=/tmp/cargo-mutants-pstore-qSPLO4.tmp/target/debug/deps/libpstore_testkit-c70127229fd98aeb.rlib --extern pstore_types=/tmp/cargo-mutants-pstore-qSPLO4.tmp/target/debug/deps/libpstore_types-c19df0e60947a156.rlib --extern thiserror=/tmp/cargo-mutants-pstore-qSPLO4.tmp/target/debug/deps/libthiserror-a555ba146edbfd98.rlib --extern tokio=/tmp/cargo-mutants-pstore-qSPLO4.tmp/target/debug/deps/libtokio-c4794fa7272c7af3.rlib`
For more information about this error, try `rustc --explain E0277`.
       Fresh pstore-blob v0.1.0 (/tmp/cargo-mutants-pstore-qSPLO4.tmp/crates/pstore-blob)
       Fresh pstore-testkit v0.1.0 (/tmp/cargo-mutants-pstore-qSPLO4.tmp/crates/pstore-testkit)
       Fresh pstore-format v0.1.0 (/tmp/cargo-mutants-pstore-qSPLO4.tmp/crates/pstore-format)
       Fresh pstore-types v0.1.0 (/tmp/cargo-mutants-pstore-qSPLO4.tmp/crates/pstore-types)
error: could not compile `pstore-engine` (lib) due to 1 previous error

Caused by:
  process didn't exit successfully: `/home/tuong/.rustup/toolchains/1.90-x86_64-unknown-linux-gnu/bin/rustc --crate-name pstore_engine --edition=2024 crates/pstore-engine/src/lib.rs --error-format=json --json=diagnostic-rendered-ansi,artifacts,future-incompat --crate-type lib --emit=dep-info,metadata,link -C embed-bitcode=no -C debuginfo=2 --warn=rust_2018_idioms '--deny=clippy::unwrap_used' --forbid=unsafe_code --warn=unreachable_pub '--deny=clippy::unimplemented' '--deny=clippy::todo' '--deny=clippy::panic' --warn=missing_docs '--deny=clippy::mem_forget' '--deny=clippy::indexing_slicing' '--deny=clippy::float_cmp' '--deny=clippy::expect_used' '--deny=clippy::dbg_macro' --check-cfg 'cfg(docsrs,test)' --check-cfg 'cfg(feature, values())' -C metadata=446648b18a245ce2 -C extra-filename=-57ca2718b28a8562 --out-dir /tmp/cargo-mutants-pstore-qSPLO4.tmp/target/debug/deps -C incremental=/tmp/cargo-mutants-pstore-qSPLO4.tmp/target/debug/incremental -L dependency=/tmp/cargo-mutants-pstore-qSPLO4.tmp/target/debug/deps --extern bytes=/tmp/cargo-mutants-pstore-qSPLO4.tmp/target/debug/deps/libbytes-31b8f712e3be84e8.rmeta --extern futures_util=/tmp/cargo-mutants-pstore-qSPLO4.tmp/target/debug/deps/libfutures_util-9467758a9490225b.rmeta --extern pstore_blob=/tmp/cargo-mutants-pstore-qSPLO4.tmp/target/debug/deps/libpstore_blob-a1c846e65fcdfc47.rmeta --extern pstore_format=/tmp/cargo-mutants-pstore-qSPLO4.tmp/target/debug/deps/libpstore_format-915614e952a6fbe8.rmeta --extern pstore_types=/tmp/cargo-mutants-pstore-qSPLO4.tmp/target/debug/deps/libpstore_types-c19df0e60947a156.rmeta --extern thiserror=/tmp/cargo-mutants-pstore-qSPLO4.tmp/target/debug/deps/libthiserror-a555ba146edbfd98.rmeta --extern tokio=/tmp/cargo-mutants-pstore-qSPLO4.tmp/target/debug/deps/libtokio-c4794fa7272c7af3.rmeta` (exit status: 1)
warning: build failed, waiting for other jobs to finish...
error: could not compile `pstore-engine` (lib test) due to 1 previous error

Caused by:
  process didn't exit successfully: `/home/tuong/.rustup/toolchains/1.90-x86_64-unknown-linux-gnu/bin/rustc --crate-name pstore_engine --edition=2024 crates/pstore-engine/src/lib.rs --error-format=json --json=diagnostic-rendered-ansi,artifacts,future-incompat --emit=dep-info,link -C embed-bitcode=no -C debuginfo=2 --warn=rust_2018_idioms '--deny=clippy::unwrap_used' --forbid=unsafe_code --warn=unreachable_pub '--deny=clippy::unimplemented' '--deny=clippy::todo' '--deny=clippy::panic' --warn=missing_docs '--deny=clippy::mem_forget' '--deny=clippy::indexing_slicing' '--deny=clippy::float_cmp' '--deny=clippy::expect_used' '--deny=clippy::dbg_macro' --test --check-cfg 'cfg(docsrs,test)' --check-cfg 'cfg(feature, values())' -C metadata=1d717388a189498b -C extra-filename=-a10afff159302613 --out-dir /tmp/cargo-mutants-pstore-qSPLO4.tmp/target/debug/deps -C incremental=/tmp/cargo-mutants-pstore-qSPLO4.tmp/target/debug/incremental -L dependency=/tmp/cargo-mutants-pstore-qSPLO4.tmp/target/debug/deps --extern bytes=/tmp/cargo-mutants-pstore-qSPLO4.tmp/target/debug/deps/libbytes-31b8f712e3be84e8.rlib --extern futures_util=/tmp/cargo-mutants-pstore-qSPLO4.tmp/target/debug/deps/libfutures_util-9467758a9490225b.rlib --extern pstore_blob=/tmp/cargo-mutants-pstore-qSPLO4.tmp/target/debug/deps/libpstore_blob-a1c846e65fcdfc47.rlib --extern pstore_format=/tmp/cargo-mutants-pstore-qSPLO4.tmp/target/debug/deps/libpstore_format-915614e952a6fbe8.rlib --extern pstore_testkit=/tmp/cargo-mutants-pstore-qSPLO4.tmp/target/debug/deps/libpstore_testkit-c70127229fd98aeb.rlib --extern pstore_types=/tmp/cargo-mutants-pstore-qSPLO4.tmp/target/debug/deps/libpstore_types-c19df0e60947a156.rlib --extern thiserror=/tmp/cargo-mutants-pstore-qSPLO4.tmp/target/debug/deps/libthiserror-a555ba146edbfd98.rlib --extern tokio=/tmp/cargo-mutants-pstore-qSPLO4.tmp/target/debug/deps/libtokio-c4794fa7272c7af3.rlib` (exit status: 1)

*** result: Failure(101)
