
*** crates/pstore-engine/src/lanes.rs:101:5: replace live -> Result<Vec<LaneId>, EngineError> with Ok(vec![Default::default()])

*** mutation diff:
--- crates/pstore-engine/src/lanes.rs
+++ replace live -> Result<Vec<LaneId>, EngineError> with Ok(vec![Default::default()])
@@ -93,21 +93,17 @@
             Err(CasError::Io(e)) => return Err(EngineError::Blob(e)),
         }
     }
     Err(EngineError::Lost)
 }
 
 /// Every lane a writer has ever registered for this tenant. **One read, no LIST.**
 pub async fn live<S: BlobStore>(store: &S, tenant: TenantId) -> Result<Vec<LaneId>, EngineError> {
-    match store.get(&key(tenant)).await {
-        Ok(bytes) => Ok(decode(&bytes)?.into_iter().collect()),
-        Err(pstore_blob::BlobError::NotFound(_)) => Ok(Vec::new()),
-        Err(e) => Err(e.into()),
-    }
+    Ok(vec![Default::default()]) /* ~ changed by cargo-mutants ~ */
 }
 
 /// How far a lane has been written, discovered by **probing forward** from `from`.
 ///
 /// Returns the first sequence number that does not exist, which is the count of bundles
 /// written. Probes in each window go out together, so cost is reads rather than round
 /// trips, and a 404 is a normal answer — it is what bounds the lane.
 pub async fn tail<S: BlobStore>(


*** /home/tuong/.rustup/toolchains/1.90-x86_64-unknown-linux-gnu/bin/cargo test --no-run --verbose --workspace
       Fresh unicode-ident v1.0.24
       Fresh proc-macro2 v1.0.107
       Fresh quote v1.0.47
       Fresh syn v3.0.5
       Fresh pin-project-lite v0.2.17
       Fresh thiserror-impl v2.0.20
       Fresh tokio-macros v2.7.2
       Fresh futures-task v0.3.34
       Fresh slab v0.4.12
       Fresh futures-core v0.3.34
       Fresh futures-util v0.3.34
       Fresh tokio v1.53.1
       Fresh thiserror v2.0.20
       Fresh async-trait v0.1.92
       Fresh bytes v1.12.1
       Dirty pstore-engine v0.1.0 (/tmp/cargo-mutants-pstore-g2AIBs.tmp/crates/pstore-engine): the file `crates/pstore-engine/src/lanes.rs` has changed (1788615158.341549664s, 2s after last build at 1788615156.542848840s)
   Compiling pstore-engine v0.1.0 (/tmp/cargo-mutants-pstore-g2AIBs.tmp/crates/pstore-engine)
     Running `/home/tuong/.rustup/toolchains/1.90-x86_64-unknown-linux-gnu/bin/rustc --crate-name pstore_engine --edition=2024 crates/pstore-engine/src/lib.rs --error-format=json --json=diagnostic-rendered-ansi,artifacts,future-incompat --crate-type lib --emit=dep-info,metadata,link -C embed-bitcode=no -C debuginfo=2 --warn=rust_2018_idioms '--deny=clippy::unwrap_used' --forbid=unsafe_code --warn=unreachable_pub '--deny=clippy::unimplemented' '--deny=clippy::todo' '--deny=clippy::panic' --warn=missing_docs '--deny=clippy::mem_forget' '--deny=clippy::indexing_slicing' '--deny=clippy::float_cmp' '--deny=clippy::expect_used' '--deny=clippy::dbg_macro' --check-cfg 'cfg(docsrs,test)' --check-cfg 'cfg(feature, values())' -C metadata=446648b18a245ce2 -C extra-filename=-57ca2718b28a8562 --out-dir /tmp/cargo-mutants-pstore-g2AIBs.tmp/target/debug/deps -C incremental=/tmp/cargo-mutants-pstore-g2AIBs.tmp/target/debug/incremental -L dependency=/tmp/cargo-mutants-pstore-g2AIBs.tmp/target/debug/deps --extern bytes=/tmp/cargo-mutants-pstore-g2AIBs.tmp/target/debug/deps/libbytes-31b8f712e3be84e8.rmeta --extern futures_util=/tmp/cargo-mutants-pstore-g2AIBs.tmp/target/debug/deps/libfutures_util-9467758a9490225b.rmeta --extern pstore_blob=/tmp/cargo-mutants-pstore-g2AIBs.tmp/target/debug/deps/libpstore_blob-a1c846e65fcdfc47.rmeta --extern pstore_format=/tmp/cargo-mutants-pstore-g2AIBs.tmp/target/debug/deps/libpstore_format-915614e952a6fbe8.rmeta --extern pstore_types=/tmp/cargo-mutants-pstore-g2AIBs.tmp/target/debug/deps/libpstore_types-c19df0e60947a156.rmeta --extern thiserror=/tmp/cargo-mutants-pstore-g2AIBs.tmp/target/debug/deps/libthiserror-a555ba146edbfd98.rmeta --extern tokio=/tmp/cargo-mutants-pstore-g2AIBs.tmp/target/debug/deps/libtokio-c4794fa7272c7af3.rmeta`
error[E0277]: the trait bound `LaneId: Default` is not satisfied
   --> crates/pstore-engine/src/lanes.rs:101:13
    |
101 |     Ok(vec![Default::default()]) /* ~ changed by cargo-mutants ~ */
    |             ^^^^^^^^^^^^^^^^^^ the trait `Default` is not implemented for `LaneId`

For more information about this error, try `rustc --explain E0277`.
error: could not compile `pstore-engine` (lib) due to 1 previous error

Caused by:
  process didn't exit successfully: `/home/tuong/.rustup/toolchains/1.90-x86_64-unknown-linux-gnu/bin/rustc --crate-name pstore_engine --edition=2024 crates/pstore-engine/src/lib.rs --error-format=json --json=diagnostic-rendered-ansi,artifacts,future-incompat --crate-type lib --emit=dep-info,metadata,link -C embed-bitcode=no -C debuginfo=2 --warn=rust_2018_idioms '--deny=clippy::unwrap_used' --forbid=unsafe_code --warn=unreachable_pub '--deny=clippy::unimplemented' '--deny=clippy::todo' '--deny=clippy::panic' --warn=missing_docs '--deny=clippy::mem_forget' '--deny=clippy::indexing_slicing' '--deny=clippy::float_cmp' '--deny=clippy::expect_used' '--deny=clippy::dbg_macro' --check-cfg 'cfg(docsrs,test)' --check-cfg 'cfg(feature, values())' -C metadata=446648b18a245ce2 -C extra-filename=-57ca2718b28a8562 --out-dir /tmp/cargo-mutants-pstore-g2AIBs.tmp/target/debug/deps -C incremental=/tmp/cargo-mutants-pstore-g2AIBs.tmp/target/debug/incremental -L dependency=/tmp/cargo-mutants-pstore-g2AIBs.tmp/target/debug/deps --extern bytes=/tmp/cargo-mutants-pstore-g2AIBs.tmp/target/debug/deps/libbytes-31b8f712e3be84e8.rmeta --extern futures_util=/tmp/cargo-mutants-pstore-g2AIBs.tmp/target/debug/deps/libfutures_util-9467758a9490225b.rmeta --extern pstore_blob=/tmp/cargo-mutants-pstore-g2AIBs.tmp/target/debug/deps/libpstore_blob-a1c846e65fcdfc47.rmeta --extern pstore_format=/tmp/cargo-mutants-pstore-g2AIBs.tmp/target/debug/deps/libpstore_format-915614e952a6fbe8.rmeta --extern pstore_types=/tmp/cargo-mutants-pstore-g2AIBs.tmp/target/debug/deps/libpstore_types-c19df0e60947a156.rmeta --extern thiserror=/tmp/cargo-mutants-pstore-g2AIBs.tmp/target/debug/deps/libthiserror-a555ba146edbfd98.rmeta --extern tokio=/tmp/cargo-mutants-pstore-g2AIBs.tmp/target/debug/deps/libtokio-c4794fa7272c7af3.rmeta` (exit status: 1)

*** result: Failure(101)
