
*** crates/pstore-format/src/writer.rs:72:9: replace SegmentWriter::with_index_budget -> Self with Default::default()

*** mutation diff:
--- crates/pstore-format/src/writer.rs
+++ replace SegmentWriter::with_index_budget -> Self with Default::default()
@@ -64,18 +64,17 @@
     /// A writer allowed only `budget` bytes of index section.
     ///
     /// The default is the whole suffix read minus the footer. It is a knob because a
     /// segment that carries more footer-addressed sections — M3 adds centroids — has less
     /// room for the block index, and because a reader's two-read path cannot be tested
     /// against a writer that makes it unreachable.
     #[must_use]
     pub fn with_index_budget(mut self, budget: usize) -> Self {
-        self.index_budget = budget;
-        self
+        Default::default() /* ~ changed by cargo-mutants ~ */
     }
 
     /// Attaches a fixed-width section, one equal-length record per row.
     ///
     /// The reader derives the record width by dividing by the row count, so a caller that
     /// supplies a ragged payload gets rows that read as garbage — hence the debug assert.
     #[must_use]
     pub fn with_section(mut self, section: Section, bytes: Vec<u8>) -> Self {


*** /home/tuong/.rustup/toolchains/1.90-x86_64-unknown-linux-gnu/bin/cargo test --no-run --verbose --workspace
    Blocking waiting for file lock on package cache
    Blocking waiting for file lock on package cache
       Fresh unicode-ident v1.0.24
       Fresh pin-project-lite v0.2.17
       Fresh futures-core v0.3.34
       Fresh futures-task v0.3.34
       Fresh slab v0.4.12
       Fresh bytes v1.12.1
       Fresh proc-macro2 v1.0.107
       Fresh futures-util v0.3.34
       Fresh pstore-types v0.1.0 (/tmp/cargo-mutants-pstore-yddpDt.tmp/crates/pstore-types)
       Fresh quote v1.0.47
       Fresh syn v3.0.5
       Fresh tokio-macros v2.7.2
       Fresh thiserror-impl v2.0.20
       Fresh async-trait v0.1.92
       Fresh thiserror v2.0.20
       Fresh tokio v1.53.1
       Dirty pstore-format v0.1.0 (/tmp/cargo-mutants-pstore-yddpDt.tmp/crates/pstore-format): the file `crates/pstore-format/src/reader.rs` has changed (1788644761.798396618s, 3s after last build at 1788644758.956383717s)
   Compiling pstore-format v0.1.0 (/tmp/cargo-mutants-pstore-yddpDt.tmp/crates/pstore-format)
     Running `/home/tuong/.rustup/toolchains/1.90-x86_64-unknown-linux-gnu/bin/rustc --crate-name pstore_format --edition=2024 crates/pstore-format/src/lib.rs --error-format=json --json=diagnostic-rendered-ansi,artifacts,future-incompat --emit=dep-info,link -C embed-bitcode=no -C debuginfo=2 --warn=rust_2018_idioms '--deny=clippy::unwrap_used' --forbid=unsafe_code --warn=unreachable_pub '--deny=clippy::unimplemented' '--deny=clippy::todo' '--deny=clippy::panic' --warn=missing_docs '--deny=clippy::mem_forget' '--deny=clippy::indexing_slicing' '--deny=clippy::float_cmp' '--deny=clippy::expect_used' '--deny=clippy::dbg_macro' --test --check-cfg 'cfg(docsrs,test)' --check-cfg 'cfg(feature, values())' -C metadata=a754d8b7b402e13f -C extra-filename=-222b2d320583739b --out-dir /tmp/cargo-mutants-pstore-yddpDt.tmp/target/debug/deps -C incremental=/tmp/cargo-mutants-pstore-yddpDt.tmp/target/debug/incremental -L dependency=/tmp/cargo-mutants-pstore-yddpDt.tmp/target/debug/deps --extern async_trait=/tmp/cargo-mutants-pstore-yddpDt.tmp/target/debug/deps/libasync_trait-efaaae825ff87b5f.so --extern bytes=/tmp/cargo-mutants-pstore-yddpDt.tmp/target/debug/deps/libbytes-31b8f712e3be84e8.rlib --extern futures_util=/tmp/cargo-mutants-pstore-yddpDt.tmp/target/debug/deps/libfutures_util-9467758a9490225b.rlib --extern pstore_blob=/tmp/cargo-mutants-pstore-yddpDt.tmp/target/debug/deps/libpstore_blob-a1c846e65fcdfc47.rlib --extern pstore_types=/tmp/cargo-mutants-pstore-yddpDt.tmp/target/debug/deps/libpstore_types-c19df0e60947a156.rlib --extern thiserror=/tmp/cargo-mutants-pstore-yddpDt.tmp/target/debug/deps/libthiserror-a555ba146edbfd98.rlib --extern tokio=/tmp/cargo-mutants-pstore-yddpDt.tmp/target/debug/deps/libtokio-c4794fa7272c7af3.rlib`
       Fresh pstore-testkit v0.1.0 (/tmp/cargo-mutants-pstore-yddpDt.tmp/crates/pstore-testkit)
       Fresh pstore-blob v0.1.0 (/tmp/cargo-mutants-pstore-yddpDt.tmp/crates/pstore-blob)
     Running `/home/tuong/.rustup/toolchains/1.90-x86_64-unknown-linux-gnu/bin/rustc --crate-name pstore_format --edition=2024 crates/pstore-format/src/lib.rs --error-format=json --json=diagnostic-rendered-ansi,artifacts,future-incompat --crate-type lib --emit=dep-info,metadata,link -C embed-bitcode=no -C debuginfo=2 --warn=rust_2018_idioms '--deny=clippy::unwrap_used' --forbid=unsafe_code --warn=unreachable_pub '--deny=clippy::unimplemented' '--deny=clippy::todo' '--deny=clippy::panic' --warn=missing_docs '--deny=clippy::mem_forget' '--deny=clippy::indexing_slicing' '--deny=clippy::float_cmp' '--deny=clippy::expect_used' '--deny=clippy::dbg_macro' --check-cfg 'cfg(docsrs,test)' --check-cfg 'cfg(feature, values())' -C metadata=01612be049a97498 -C extra-filename=-b47669c15c655435 --out-dir /tmp/cargo-mutants-pstore-yddpDt.tmp/target/debug/deps -C incremental=/tmp/cargo-mutants-pstore-yddpDt.tmp/target/debug/incremental -L dependency=/tmp/cargo-mutants-pstore-yddpDt.tmp/target/debug/deps --extern async_trait=/tmp/cargo-mutants-pstore-yddpDt.tmp/target/debug/deps/libasync_trait-efaaae825ff87b5f.so --extern bytes=/tmp/cargo-mutants-pstore-yddpDt.tmp/target/debug/deps/libbytes-31b8f712e3be84e8.rmeta --extern futures_util=/tmp/cargo-mutants-pstore-yddpDt.tmp/target/debug/deps/libfutures_util-9467758a9490225b.rmeta --extern pstore_blob=/tmp/cargo-mutants-pstore-yddpDt.tmp/target/debug/deps/libpstore_blob-a1c846e65fcdfc47.rmeta --extern pstore_types=/tmp/cargo-mutants-pstore-yddpDt.tmp/target/debug/deps/libpstore_types-c19df0e60947a156.rmeta --extern thiserror=/tmp/cargo-mutants-pstore-yddpDt.tmp/target/debug/deps/libthiserror-a555ba146edbfd98.rmeta`
error[E0277]: the trait bound `SegmentWriter: Default` is not satisfied
  --> crates/pstore-format/src/writer.rs:72:9
   |
72 |         Default::default() /* ~ changed by cargo-mutants ~ */
   |         ^^^^^^^^^^^^^^^^^^ the trait `Default` is not implemented for `SegmentWriter`
   |
help: consider annotating `SegmentWriter` with `#[derive(Default)]`
   |
21 + #[derive(Default)]
22 | pub struct SegmentWriter {
   |

For more information about this error, try `rustc --explain E0277`.
error: could not compile `pstore-format` (lib) due to 1 previous error

Caused by:
  process didn't exit successfully: `/home/tuong/.rustup/toolchains/1.90-x86_64-unknown-linux-gnu/bin/rustc --crate-name pstore_format --edition=2024 crates/pstore-format/src/lib.rs --error-format=json --json=diagnostic-rendered-ansi,artifacts,future-incompat --crate-type lib --emit=dep-info,metadata,link -C embed-bitcode=no -C debuginfo=2 --warn=rust_2018_idioms '--deny=clippy::unwrap_used' --forbid=unsafe_code --warn=unreachable_pub '--deny=clippy::unimplemented' '--deny=clippy::todo' '--deny=clippy::panic' --warn=missing_docs '--deny=clippy::mem_forget' '--deny=clippy::indexing_slicing' '--deny=clippy::float_cmp' '--deny=clippy::expect_used' '--deny=clippy::dbg_macro' --check-cfg 'cfg(docsrs,test)' --check-cfg 'cfg(feature, values())' -C metadata=01612be049a97498 -C extra-filename=-b47669c15c655435 --out-dir /tmp/cargo-mutants-pstore-yddpDt.tmp/target/debug/deps -C incremental=/tmp/cargo-mutants-pstore-yddpDt.tmp/target/debug/incremental -L dependency=/tmp/cargo-mutants-pstore-yddpDt.tmp/target/debug/deps --extern async_trait=/tmp/cargo-mutants-pstore-yddpDt.tmp/target/debug/deps/libasync_trait-efaaae825ff87b5f.so --extern bytes=/tmp/cargo-mutants-pstore-yddpDt.tmp/target/debug/deps/libbytes-31b8f712e3be84e8.rmeta --extern futures_util=/tmp/cargo-mutants-pstore-yddpDt.tmp/target/debug/deps/libfutures_util-9467758a9490225b.rmeta --extern pstore_blob=/tmp/cargo-mutants-pstore-yddpDt.tmp/target/debug/deps/libpstore_blob-a1c846e65fcdfc47.rmeta --extern pstore_types=/tmp/cargo-mutants-pstore-yddpDt.tmp/target/debug/deps/libpstore_types-c19df0e60947a156.rmeta --extern thiserror=/tmp/cargo-mutants-pstore-yddpDt.tmp/target/debug/deps/libthiserror-a555ba146edbfd98.rmeta` (exit status: 1)
warning: build failed, waiting for other jobs to finish...
error: could not compile `pstore-format` (lib test) due to 1 previous error

Caused by:
  process didn't exit successfully: `/home/tuong/.rustup/toolchains/1.90-x86_64-unknown-linux-gnu/bin/rustc --crate-name pstore_format --edition=2024 crates/pstore-format/src/lib.rs --error-format=json --json=diagnostic-rendered-ansi,artifacts,future-incompat --emit=dep-info,link -C embed-bitcode=no -C debuginfo=2 --warn=rust_2018_idioms '--deny=clippy::unwrap_used' --forbid=unsafe_code --warn=unreachable_pub '--deny=clippy::unimplemented' '--deny=clippy::todo' '--deny=clippy::panic' --warn=missing_docs '--deny=clippy::mem_forget' '--deny=clippy::indexing_slicing' '--deny=clippy::float_cmp' '--deny=clippy::expect_used' '--deny=clippy::dbg_macro' --test --check-cfg 'cfg(docsrs,test)' --check-cfg 'cfg(feature, values())' -C metadata=a754d8b7b402e13f -C extra-filename=-222b2d320583739b --out-dir /tmp/cargo-mutants-pstore-yddpDt.tmp/target/debug/deps -C incremental=/tmp/cargo-mutants-pstore-yddpDt.tmp/target/debug/incremental -L dependency=/tmp/cargo-mutants-pstore-yddpDt.tmp/target/debug/deps --extern async_trait=/tmp/cargo-mutants-pstore-yddpDt.tmp/target/debug/deps/libasync_trait-efaaae825ff87b5f.so --extern bytes=/tmp/cargo-mutants-pstore-yddpDt.tmp/target/debug/deps/libbytes-31b8f712e3be84e8.rlib --extern futures_util=/tmp/cargo-mutants-pstore-yddpDt.tmp/target/debug/deps/libfutures_util-9467758a9490225b.rlib --extern pstore_blob=/tmp/cargo-mutants-pstore-yddpDt.tmp/target/debug/deps/libpstore_blob-a1c846e65fcdfc47.rlib --extern pstore_types=/tmp/cargo-mutants-pstore-yddpDt.tmp/target/debug/deps/libpstore_types-c19df0e60947a156.rlib --extern thiserror=/tmp/cargo-mutants-pstore-yddpDt.tmp/target/debug/deps/libthiserror-a555ba146edbfd98.rlib --extern tokio=/tmp/cargo-mutants-pstore-yddpDt.tmp/target/debug/deps/libtokio-c4794fa7272c7af3.rlib` (exit status: 1)

*** result: Failure(101)
