
*** crates/pstore-engine/src/lib.rs:309:9: replace Engine<S>::fold -> Result<Epoch, EngineError> with Ok(Default::default())

*** mutation diff:
--- crates/pstore-engine/src/lib.rs
+++ replace Engine<S>::fold -> Result<Epoch, EngineError> with Ok(Default::default())
@@ -301,118 +301,17 @@
     /// behalf of the tenant*, so any node may do it and a successor can fold a dead
     /// writer's lane without ever having spoken to it. The lanes come from the registry
     /// and the tails from forward probing — nothing is listed, and nothing is injected.
     ///
     /// ⚠️ **Reads the bundles from the blob store, not from memory.** Folding the in-memory
     /// copy would make the WAL write-only: the objects would be paid for and never read,
     /// and a process that restarted could not recover a single acknowledged write.
     pub async fn fold(&self) -> Result<Epoch, EngineError> {
-        for attempt in 0..MAX_COMMIT_ATTEMPTS {
-            let at = head::read(&*self.store, self.tenant).await?;
-            let live = lanes::live(&*self.store, self.tenant).await?;
-
-            // Each lane's unfolded span, discovered rather than remembered.
-            let spans = futures_util::future::try_join_all(live.iter().map(|l| {
-                let from = at.head.watermarks.get(&l.0).copied().unwrap_or(0);
-                async move {
-                    lanes::tail(&*self.store, self.tenant, *l, from)
-                        .await
-                        .map(|tail| (*l, from, tail))
-                }
-            }))
-            .await?;
-
-            let keys: Vec<(LaneId, Key)> = spans
-                .iter()
-                .flat_map(|(lane, from, tail)| {
-                    (*from..*tail).map(move |n| (*lane, bundle_key(self.tenant, *lane, Seq(n))))
-                })
-                .collect();
-            if keys.is_empty() {
-                return Ok(at.head.epoch);
-            }
-
-            let bodies =
-                futures_util::future::try_join_all(keys.iter().map(|(_, k)| self.store.get(k)))
-                    .await?;
-
-            let mut by_index: BTreeMap<String, Vec<Document>> = BTreeMap::new();
-            for body in &bodies {
-                for (name, entry) in bundle::read_index(body)? {
-                    by_index
-                        .entry(name)
-                        .or_default()
-                        .extend(bundle::read_entry(body, &entry)?);
-                }
-            }
-            if by_index.is_empty() {
-                return Ok(at.head.epoch);
-            }
-
-            let mut next = at.head.clone();
-            next.epoch = next.epoch.next();
-            // The ABA guard: two HEADs differing only in content a content-derived tag is
-            // computed from would otherwise share a tag. Derived from the epoch and lane,
-            // so it is deterministic and needs no clock.
-            next.nonce = nonce_for(next.epoch, self.lane);
-
-            // One segment per index. Folding every index into one object would make each
-            // index's ref point at the whole thing, and a scan would return its
-            // neighbours' rows.
-            for (idx, docs) in &by_index {
-                let seg_key = self.segment_key(next.epoch, idx);
-                let mut w = SegmentWriter::new(ROWS_PER_BLOCK);
-                for d in docs {
-                    w.push(d.clone());
-                }
-                self.store.put(&seg_key, w.finish()).await?;
-                next.indexes
-                    .entry(idx.clone())
-                    .or_default()
-                    .push(SegmentRef {
-                        key: seg_key.as_str().to_owned(),
-                        rows: docs.len() as u32,
-                    });
-            }
-            // ⚠️ Advanced only for the spans actually folded. Advancing a lane past
-            // bundles this attempt did not read would drop them permanently — and nothing
-            // downstream could tell, because the watermark is the only record of what is
-            // outstanding.
-            for (lane, _, tail) in &spans {
-                if *tail > 0 {
-                    next.watermarks.insert(lane.0, *tail);
-                }
-            }
-            // The bundles just folded are now garbage: their rows live in a segment HEAD
-            // names. Recorded here rather than deleted here, because a reader holding the
-            // previous epoch may still be replaying them.
-            next.graveyard
-                .entry(next.epoch.0)
-                .or_default()
-                .extend(keys.iter().map(|(_, k)| k.as_str().to_owned()));
-
-            match head::commit(&*self.store, self.tenant, &at, &next).await {
-                Ok(epoch) => {
-                    self.mem().durable.clear();
-                    *self
-                        .committed
-                        .lock()
-                        .unwrap_or_else(std::sync::PoisonError::into_inner) = epoch;
-                    return Ok(epoch);
-                }
-                Err(EngineError::Lost | EngineError::Contended)
-                    if attempt < MAX_COMMIT_ATTEMPTS - 1 =>
-                {
-                    backoff(self.lane, attempt).await;
-                }
-                Err(e) => return Err(e),
-            }
-        }
-        Err(EngineError::Lost)
+        Ok(Default::default()) /* ~ changed by cargo-mutants ~ */
     }
 
     /// Reaps objects dereferenced more than `retention` epochs ago.
     ///
     /// **Zero LIST.** GC works from the manifest's graveyard, which records each key at
     /// the epoch it stopped being referenced. Enumerating the bucket would answer a
     /// different question — what *exists*, rather than what is still reachable — and cost
     /// a PUT per thousand keys to answer it wrongly.


*** /home/tuong/.rustup/toolchains/1.90-x86_64-unknown-linux-gnu/bin/cargo test --no-run --verbose --workspace
       Fresh unicode-ident v1.0.24
       Fresh proc-macro2 v1.0.107
       Fresh quote v1.0.47
       Fresh syn v3.0.5
       Fresh pin-project-lite v0.2.17
       Fresh thiserror-impl v2.0.20
       Fresh tokio-macros v2.7.2
       Fresh futures-task v0.3.34
       Fresh futures-core v0.3.34
       Fresh slab v0.4.12
       Fresh futures-util v0.3.34
       Fresh tokio v1.53.1
       Fresh thiserror v2.0.20
       Fresh async-trait v0.1.92
       Fresh bytes v1.12.1
       Dirty pstore-engine v0.1.0 (/tmp/cargo-mutants-pstore-nGQ9ea.tmp/crates/pstore-engine): the file `crates/pstore-engine/src/lib.rs` has changed (1788614354.017711783s, 7s after last build at 1788614347.165687365s)
   Compiling pstore-engine v0.1.0 (/tmp/cargo-mutants-pstore-nGQ9ea.tmp/crates/pstore-engine)
     Running `/home/tuong/.rustup/toolchains/1.90-x86_64-unknown-linux-gnu/bin/rustc --crate-name pstore_engine --edition=2024 crates/pstore-engine/src/lib.rs --error-format=json --json=diagnostic-rendered-ansi,artifacts,future-incompat --crate-type lib --emit=dep-info,metadata,link -C embed-bitcode=no -C debuginfo=2 --warn=rust_2018_idioms '--deny=clippy::unwrap_used' --forbid=unsafe_code --warn=unreachable_pub '--deny=clippy::unimplemented' '--deny=clippy::todo' '--deny=clippy::panic' --warn=missing_docs '--deny=clippy::mem_forget' '--deny=clippy::indexing_slicing' '--deny=clippy::float_cmp' '--deny=clippy::expect_used' '--deny=clippy::dbg_macro' --check-cfg 'cfg(docsrs,test)' --check-cfg 'cfg(feature, values())' -C metadata=446648b18a245ce2 -C extra-filename=-57ca2718b28a8562 --out-dir /tmp/cargo-mutants-pstore-nGQ9ea.tmp/target/debug/deps -C incremental=/tmp/cargo-mutants-pstore-nGQ9ea.tmp/target/debug/incremental -L dependency=/tmp/cargo-mutants-pstore-nGQ9ea.tmp/target/debug/deps --extern bytes=/tmp/cargo-mutants-pstore-nGQ9ea.tmp/target/debug/deps/libbytes-31b8f712e3be84e8.rmeta --extern futures_util=/tmp/cargo-mutants-pstore-nGQ9ea.tmp/target/debug/deps/libfutures_util-9467758a9490225b.rmeta --extern pstore_blob=/tmp/cargo-mutants-pstore-nGQ9ea.tmp/target/debug/deps/libpstore_blob-a1c846e65fcdfc47.rmeta --extern pstore_format=/tmp/cargo-mutants-pstore-nGQ9ea.tmp/target/debug/deps/libpstore_format-915614e952a6fbe8.rmeta --extern pstore_types=/tmp/cargo-mutants-pstore-nGQ9ea.tmp/target/debug/deps/libpstore_types-c19df0e60947a156.rmeta --extern thiserror=/tmp/cargo-mutants-pstore-nGQ9ea.tmp/target/debug/deps/libthiserror-a555ba146edbfd98.rmeta --extern tokio=/tmp/cargo-mutants-pstore-nGQ9ea.tmp/target/debug/deps/libtokio-c4794fa7272c7af3.rmeta`
     Running `/home/tuong/.rustup/toolchains/1.90-x86_64-unknown-linux-gnu/bin/rustc --crate-name pstore_engine --edition=2024 crates/pstore-engine/src/lib.rs --error-format=json --json=diagnostic-rendered-ansi,artifacts,future-incompat --emit=dep-info,link -C embed-bitcode=no -C debuginfo=2 --warn=rust_2018_idioms '--deny=clippy::unwrap_used' --forbid=unsafe_code --warn=unreachable_pub '--deny=clippy::unimplemented' '--deny=clippy::todo' '--deny=clippy::panic' --warn=missing_docs '--deny=clippy::mem_forget' '--deny=clippy::indexing_slicing' '--deny=clippy::float_cmp' '--deny=clippy::expect_used' '--deny=clippy::dbg_macro' --test --check-cfg 'cfg(docsrs,test)' --check-cfg 'cfg(feature, values())' -C metadata=1d717388a189498b -C extra-filename=-a10afff159302613 --out-dir /tmp/cargo-mutants-pstore-nGQ9ea.tmp/target/debug/deps -C incremental=/tmp/cargo-mutants-pstore-nGQ9ea.tmp/target/debug/incremental -L dependency=/tmp/cargo-mutants-pstore-nGQ9ea.tmp/target/debug/deps --extern bytes=/tmp/cargo-mutants-pstore-nGQ9ea.tmp/target/debug/deps/libbytes-31b8f712e3be84e8.rlib --extern futures_util=/tmp/cargo-mutants-pstore-nGQ9ea.tmp/target/debug/deps/libfutures_util-9467758a9490225b.rlib --extern pstore_blob=/tmp/cargo-mutants-pstore-nGQ9ea.tmp/target/debug/deps/libpstore_blob-a1c846e65fcdfc47.rlib --extern pstore_format=/tmp/cargo-mutants-pstore-nGQ9ea.tmp/target/debug/deps/libpstore_format-915614e952a6fbe8.rlib --extern pstore_testkit=/tmp/cargo-mutants-pstore-nGQ9ea.tmp/target/debug/deps/libpstore_testkit-c70127229fd98aeb.rlib --extern pstore_types=/tmp/cargo-mutants-pstore-nGQ9ea.tmp/target/debug/deps/libpstore_types-c19df0e60947a156.rlib --extern thiserror=/tmp/cargo-mutants-pstore-nGQ9ea.tmp/target/debug/deps/libthiserror-a555ba146edbfd98.rlib --extern tokio=/tmp/cargo-mutants-pstore-nGQ9ea.tmp/target/debug/deps/libtokio-c4794fa7272c7af3.rlib`
       Fresh pstore-blob v0.1.0 (/tmp/cargo-mutants-pstore-nGQ9ea.tmp/crates/pstore-blob)
       Fresh pstore-format v0.1.0 (/tmp/cargo-mutants-pstore-nGQ9ea.tmp/crates/pstore-format)
       Fresh pstore-testkit v0.1.0 (/tmp/cargo-mutants-pstore-nGQ9ea.tmp/crates/pstore-testkit)
       Fresh pstore-types v0.1.0 (/tmp/cargo-mutants-pstore-nGQ9ea.tmp/crates/pstore-types)
warning: method `segment_key` is never used
   --> crates/pstore-engine/src/lib.rs:188:8
    |
155 | impl<S: BlobStore> Engine<S> {
    | ---------------------------- method in this implementation
...
188 |     fn segment_key(&self, epoch: Epoch, index: &str) -> Key {
    |        ^^^^^^^^^^^
    |
    = note: `#[warn(dead_code)]` on by default

warning: function `read_index` is never used
  --> crates/pstore-engine/src/bundle.rs:72:15
   |
72 | pub(crate) fn read_index(buf: &[u8]) -> Result<BTreeMap<String, Entry>, EngineError> {
   |               ^^^^^^^^^^

warning: function `read_entry` is never used
   --> crates/pstore-engine/src/bundle.rs:144:15
    |
144 | pub(crate) fn read_entry(buf: &[u8], e: &Entry) -> Result<Vec<Document>, EngineError> {
    |               ^^^^^^^^^^

warning: `pstore-engine` (lib test) generated 3 warnings (3 duplicates)
warning: `pstore-engine` (lib) generated 3 warnings
     Running `/home/tuong/.rustup/toolchains/1.90-x86_64-unknown-linux-gnu/bin/rustc --crate-name oq91 --edition=2024 crates/pstore-engine/tests/oq91.rs --error-format=json --json=diagnostic-rendered-ansi,artifacts,future-incompat --emit=dep-info,link -C embed-bitcode=no -C debuginfo=2 --warn=rust_2018_idioms '--deny=clippy::unwrap_used' --forbid=unsafe_code --warn=unreachable_pub '--deny=clippy::unimplemented' '--deny=clippy::todo' '--deny=clippy::panic' --warn=missing_docs '--deny=clippy::mem_forget' '--deny=clippy::indexing_slicing' '--deny=clippy::float_cmp' '--deny=clippy::expect_used' '--deny=clippy::dbg_macro' --test --check-cfg 'cfg(docsrs,test)' --check-cfg 'cfg(feature, values())' -C metadata=6cb15318f59096c2 -C extra-filename=-d4ce40b15d2ee193 --out-dir /tmp/cargo-mutants-pstore-nGQ9ea.tmp/target/debug/deps -C incremental=/tmp/cargo-mutants-pstore-nGQ9ea.tmp/target/debug/incremental -L dependency=/tmp/cargo-mutants-pstore-nGQ9ea.tmp/target/debug/deps --extern bytes=/tmp/cargo-mutants-pstore-nGQ9ea.tmp/target/debug/deps/libbytes-31b8f712e3be84e8.rlib --extern futures_util=/tmp/cargo-mutants-pstore-nGQ9ea.tmp/target/debug/deps/libfutures_util-9467758a9490225b.rlib --extern pstore_blob=/tmp/cargo-mutants-pstore-nGQ9ea.tmp/target/debug/deps/libpstore_blob-a1c846e65fcdfc47.rlib --extern pstore_engine=/tmp/cargo-mutants-pstore-nGQ9ea.tmp/target/debug/deps/libpstore_engine-57ca2718b28a8562.rlib --extern pstore_format=/tmp/cargo-mutants-pstore-nGQ9ea.tmp/target/debug/deps/libpstore_format-915614e952a6fbe8.rlib --extern pstore_testkit=/tmp/cargo-mutants-pstore-nGQ9ea.tmp/target/debug/deps/libpstore_testkit-c70127229fd98aeb.rlib --extern pstore_types=/tmp/cargo-mutants-pstore-nGQ9ea.tmp/target/debug/deps/libpstore_types-c19df0e60947a156.rlib --extern thiserror=/tmp/cargo-mutants-pstore-nGQ9ea.tmp/target/debug/deps/libthiserror-a555ba146edbfd98.rlib --extern tokio=/tmp/cargo-mutants-pstore-nGQ9ea.tmp/target/debug/deps/libtokio-c4794fa7272c7af3.rlib`
     Running `/home/tuong/.rustup/toolchains/1.90-x86_64-unknown-linux-gnu/bin/rustc --crate-name arithmetic --edition=2024 crates/pstore-engine/tests/arithmetic.rs --error-format=json --json=diagnostic-rendered-ansi,artifacts,future-incompat --emit=dep-info,link -C embed-bitcode=no -C debuginfo=2 --warn=rust_2018_idioms '--deny=clippy::unwrap_used' --forbid=unsafe_code --warn=unreachable_pub '--deny=clippy::unimplemented' '--deny=clippy::todo' '--deny=clippy::panic' --warn=missing_docs '--deny=clippy::mem_forget' '--deny=clippy::indexing_slicing' '--deny=clippy::float_cmp' '--deny=clippy::expect_used' '--deny=clippy::dbg_macro' --test --check-cfg 'cfg(docsrs,test)' --check-cfg 'cfg(feature, values())' -C metadata=25b092164d3e93f7 -C extra-filename=-3a9b05330657663e --out-dir /tmp/cargo-mutants-pstore-nGQ9ea.tmp/target/debug/deps -C incremental=/tmp/cargo-mutants-pstore-nGQ9ea.tmp/target/debug/incremental -L dependency=/tmp/cargo-mutants-pstore-nGQ9ea.tmp/target/debug/deps --extern bytes=/tmp/cargo-mutants-pstore-nGQ9ea.tmp/target/debug/deps/libbytes-31b8f712e3be84e8.rlib --extern futures_util=/tmp/cargo-mutants-pstore-nGQ9ea.tmp/target/debug/deps/libfutures_util-9467758a9490225b.rlib --extern pstore_blob=/tmp/cargo-mutants-pstore-nGQ9ea.tmp/target/debug/deps/libpstore_blob-a1c846e65fcdfc47.rlib --extern pstore_engine=/tmp/cargo-mutants-pstore-nGQ9ea.tmp/target/debug/deps/libpstore_engine-57ca2718b28a8562.rlib --extern pstore_format=/tmp/cargo-mutants-pstore-nGQ9ea.tmp/target/debug/deps/libpstore_format-915614e952a6fbe8.rlib --extern pstore_testkit=/tmp/cargo-mutants-pstore-nGQ9ea.tmp/target/debug/deps/libpstore_testkit-c70127229fd98aeb.rlib --extern pstore_types=/tmp/cargo-mutants-pstore-nGQ9ea.tmp/target/debug/deps/libpstore_types-c19df0e60947a156.rlib --extern thiserror=/tmp/cargo-mutants-pstore-nGQ9ea.tmp/target/debug/deps/libthiserror-a555ba146edbfd98.rlib --extern tokio=/tmp/cargo-mutants-pstore-nGQ9ea.tmp/target/debug/deps/libtokio-c4794fa7272c7af3.rlib`
     Running `/home/tuong/.rustup/toolchains/1.90-x86_64-unknown-linux-gnu/bin/rustc --crate-name compaction --edition=2024 crates/pstore-engine/tests/compaction.rs --error-format=json --json=diagnostic-rendered-ansi,artifacts,future-incompat --emit=dep-info,link -C embed-bitcode=no -C debuginfo=2 --warn=rust_2018_idioms '--deny=clippy::unwrap_used' --forbid=unsafe_code --warn=unreachable_pub '--deny=clippy::unimplemented' '--deny=clippy::todo' '--deny=clippy::panic' --warn=missing_docs '--deny=clippy::mem_forget' '--deny=clippy::indexing_slicing' '--deny=clippy::float_cmp' '--deny=clippy::expect_used' '--deny=clippy::dbg_macro' --test --check-cfg 'cfg(docsrs,test)' --check-cfg 'cfg(feature, values())' -C metadata=60255f1194bf4db1 -C extra-filename=-fea23ca71d87002d --out-dir /tmp/cargo-mutants-pstore-nGQ9ea.tmp/target/debug/deps -C incremental=/tmp/cargo-mutants-pstore-nGQ9ea.tmp/target/debug/incremental -L dependency=/tmp/cargo-mutants-pstore-nGQ9ea.tmp/target/debug/deps --extern bytes=/tmp/cargo-mutants-pstore-nGQ9ea.tmp/target/debug/deps/libbytes-31b8f712e3be84e8.rlib --extern futures_util=/tmp/cargo-mutants-pstore-nGQ9ea.tmp/target/debug/deps/libfutures_util-9467758a9490225b.rlib --extern pstore_blob=/tmp/cargo-mutants-pstore-nGQ9ea.tmp/target/debug/deps/libpstore_blob-a1c846e65fcdfc47.rlib --extern pstore_engine=/tmp/cargo-mutants-pstore-nGQ9ea.tmp/target/debug/deps/libpstore_engine-57ca2718b28a8562.rlib --extern pstore_format=/tmp/cargo-mutants-pstore-nGQ9ea.tmp/target/debug/deps/libpstore_format-915614e952a6fbe8.rlib --extern pstore_testkit=/tmp/cargo-mutants-pstore-nGQ9ea.tmp/target/debug/deps/libpstore_testkit-c70127229fd98aeb.rlib --extern pstore_types=/tmp/cargo-mutants-pstore-nGQ9ea.tmp/target/debug/deps/libpstore_types-c19df0e60947a156.rlib --extern thiserror=/tmp/cargo-mutants-pstore-nGQ9ea.tmp/target/debug/deps/libthiserror-a555ba146edbfd98.rlib --extern tokio=/tmp/cargo-mutants-pstore-nGQ9ea.tmp/target/debug/deps/libtokio-c4794fa7272c7af3.rlib`
     Running `/home/tuong/.rustup/toolchains/1.90-x86_64-unknown-linux-gnu/bin/rustc --crate-name lanes --edition=2024 crates/pstore-engine/tests/lanes.rs --error-format=json --json=diagnostic-rendered-ansi,artifacts,future-incompat --emit=dep-info,link -C embed-bitcode=no -C debuginfo=2 --warn=rust_2018_idioms '--deny=clippy::unwrap_used' --forbid=unsafe_code --warn=unreachable_pub '--deny=clippy::unimplemented' '--deny=clippy::todo' '--deny=clippy::panic' --warn=missing_docs '--deny=clippy::mem_forget' '--deny=clippy::indexing_slicing' '--deny=clippy::float_cmp' '--deny=clippy::expect_used' '--deny=clippy::dbg_macro' --test --check-cfg 'cfg(docsrs,test)' --check-cfg 'cfg(feature, values())' -C metadata=6910df478171efaa -C extra-filename=-4f73796799f37cd5 --out-dir /tmp/cargo-mutants-pstore-nGQ9ea.tmp/target/debug/deps -C incremental=/tmp/cargo-mutants-pstore-nGQ9ea.tmp/target/debug/incremental -L dependency=/tmp/cargo-mutants-pstore-nGQ9ea.tmp/target/debug/deps --extern bytes=/tmp/cargo-mutants-pstore-nGQ9ea.tmp/target/debug/deps/libbytes-31b8f712e3be84e8.rlib --extern futures_util=/tmp/cargo-mutants-pstore-nGQ9ea.tmp/target/debug/deps/libfutures_util-9467758a9490225b.rlib --extern pstore_blob=/tmp/cargo-mutants-pstore-nGQ9ea.tmp/target/debug/deps/libpstore_blob-a1c846e65fcdfc47.rlib --extern pstore_engine=/tmp/cargo-mutants-pstore-nGQ9ea.tmp/target/debug/deps/libpstore_engine-57ca2718b28a8562.rlib --extern pstore_format=/tmp/cargo-mutants-pstore-nGQ9ea.tmp/target/debug/deps/libpstore_format-915614e952a6fbe8.rlib --extern pstore_testkit=/tmp/cargo-mutants-pstore-nGQ9ea.tmp/target/debug/deps/libpstore_testkit-c70127229fd98aeb.rlib --extern pstore_types=/tmp/cargo-mutants-pstore-nGQ9ea.tmp/target/debug/deps/libpstore_types-c19df0e60947a156.rlib --extern thiserror=/tmp/cargo-mutants-pstore-nGQ9ea.tmp/target/debug/deps/libthiserror-a555ba146edbfd98.rlib --extern tokio=/tmp/cargo-mutants-pstore-nGQ9ea.tmp/target/debug/deps/libtokio-c4794fa7272c7af3.rlib`
     Running `/home/tuong/.rustup/toolchains/1.90-x86_64-unknown-linux-gnu/bin/rustc --crate-name end_to_end --edition=2024 crates/pstore-engine/tests/end_to_end.rs --error-format=json --json=diagnostic-rendered-ansi,artifacts,future-incompat --emit=dep-info,link -C embed-bitcode=no -C debuginfo=2 --warn=rust_2018_idioms '--deny=clippy::unwrap_used' --forbid=unsafe_code --warn=unreachable_pub '--deny=clippy::unimplemented' '--deny=clippy::todo' '--deny=clippy::panic' --warn=missing_docs '--deny=clippy::mem_forget' '--deny=clippy::indexing_slicing' '--deny=clippy::float_cmp' '--deny=clippy::expect_used' '--deny=clippy::dbg_macro' --test --check-cfg 'cfg(docsrs,test)' --check-cfg 'cfg(feature, values())' -C metadata=4fd13578167e8dc5 -C extra-filename=-2bee7b37ede99944 --out-dir /tmp/cargo-mutants-pstore-nGQ9ea.tmp/target/debug/deps -C incremental=/tmp/cargo-mutants-pstore-nGQ9ea.tmp/target/debug/incremental -L dependency=/tmp/cargo-mutants-pstore-nGQ9ea.tmp/target/debug/deps --extern bytes=/tmp/cargo-mutants-pstore-nGQ9ea.tmp/target/debug/deps/libbytes-31b8f712e3be84e8.rlib --extern futures_util=/tmp/cargo-mutants-pstore-nGQ9ea.tmp/target/debug/deps/libfutures_util-9467758a9490225b.rlib --extern pstore_blob=/tmp/cargo-mutants-pstore-nGQ9ea.tmp/target/debug/deps/libpstore_blob-a1c846e65fcdfc47.rlib --extern pstore_engine=/tmp/cargo-mutants-pstore-nGQ9ea.tmp/target/debug/deps/libpstore_engine-57ca2718b28a8562.rlib --extern pstore_format=/tmp/cargo-mutants-pstore-nGQ9ea.tmp/target/debug/deps/libpstore_format-915614e952a6fbe8.rlib --extern pstore_testkit=/tmp/cargo-mutants-pstore-nGQ9ea.tmp/target/debug/deps/libpstore_testkit-c70127229fd98aeb.rlib --extern pstore_types=/tmp/cargo-mutants-pstore-nGQ9ea.tmp/target/debug/deps/libpstore_types-c19df0e60947a156.rlib --extern thiserror=/tmp/cargo-mutants-pstore-nGQ9ea.tmp/target/debug/deps/libthiserror-a555ba146edbfd98.rlib --extern tokio=/tmp/cargo-mutants-pstore-nGQ9ea.tmp/target/debug/deps/libtokio-c4794fa7272c7af3.rlib`
     Running `/home/tuong/.rustup/toolchains/1.90-x86_64-unknown-linux-gnu/bin/rustc --crate-name linearizability --edition=2024 crates/pstore-engine/tests/linearizability.rs --error-format=json --json=diagnostic-rendered-ansi,artifacts,future-incompat --emit=dep-info,link -C embed-bitcode=no -C debuginfo=2 --warn=rust_2018_idioms '--deny=clippy::unwrap_used' --forbid=unsafe_code --warn=unreachable_pub '--deny=clippy::unimplemented' '--deny=clippy::todo' '--deny=clippy::panic' --warn=missing_docs '--deny=clippy::mem_forget' '--deny=clippy::indexing_slicing' '--deny=clippy::float_cmp' '--deny=clippy::expect_used' '--deny=clippy::dbg_macro' --test --check-cfg 'cfg(docsrs,test)' --check-cfg 'cfg(feature, values())' -C metadata=4d254723bcc0811c -C extra-filename=-254bc0b1b39781af --out-dir /tmp/cargo-mutants-pstore-nGQ9ea.tmp/target/debug/deps -C incremental=/tmp/cargo-mutants-pstore-nGQ9ea.tmp/target/debug/incremental -L dependency=/tmp/cargo-mutants-pstore-nGQ9ea.tmp/target/debug/deps --extern bytes=/tmp/cargo-mutants-pstore-nGQ9ea.tmp/target/debug/deps/libbytes-31b8f712e3be84e8.rlib --extern futures_util=/tmp/cargo-mutants-pstore-nGQ9ea.tmp/target/debug/deps/libfutures_util-9467758a9490225b.rlib --extern pstore_blob=/tmp/cargo-mutants-pstore-nGQ9ea.tmp/target/debug/deps/libpstore_blob-a1c846e65fcdfc47.rlib --extern pstore_engine=/tmp/cargo-mutants-pstore-nGQ9ea.tmp/target/debug/deps/libpstore_engine-57ca2718b28a8562.rlib --extern pstore_format=/tmp/cargo-mutants-pstore-nGQ9ea.tmp/target/debug/deps/libpstore_format-915614e952a6fbe8.rlib --extern pstore_testkit=/tmp/cargo-mutants-pstore-nGQ9ea.tmp/target/debug/deps/libpstore_testkit-c70127229fd98aeb.rlib --extern pstore_types=/tmp/cargo-mutants-pstore-nGQ9ea.tmp/target/debug/deps/libpstore_types-c19df0e60947a156.rlib --extern thiserror=/tmp/cargo-mutants-pstore-nGQ9ea.tmp/target/debug/deps/libthiserror-a555ba146edbfd98.rlib --extern tokio=/tmp/cargo-mutants-pstore-nGQ9ea.tmp/target/debug/deps/libtokio-c4794fa7272c7af3.rlib`
     Running `/home/tuong/.rustup/toolchains/1.90-x86_64-unknown-linux-gnu/bin/rustc --crate-name head --edition=2024 crates/pstore-engine/tests/head.rs --error-format=json --json=diagnostic-rendered-ansi,artifacts,future-incompat --emit=dep-info,link -C embed-bitcode=no -C debuginfo=2 --warn=rust_2018_idioms '--deny=clippy::unwrap_used' --forbid=unsafe_code --warn=unreachable_pub '--deny=clippy::unimplemented' '--deny=clippy::todo' '--deny=clippy::panic' --warn=missing_docs '--deny=clippy::mem_forget' '--deny=clippy::indexing_slicing' '--deny=clippy::float_cmp' '--deny=clippy::expect_used' '--deny=clippy::dbg_macro' --test --check-cfg 'cfg(docsrs,test)' --check-cfg 'cfg(feature, values())' -C metadata=6744ca41f6952a23 -C extra-filename=-bae2d0c8b8f449bc --out-dir /tmp/cargo-mutants-pstore-nGQ9ea.tmp/target/debug/deps -C incremental=/tmp/cargo-mutants-pstore-nGQ9ea.tmp/target/debug/incremental -L dependency=/tmp/cargo-mutants-pstore-nGQ9ea.tmp/target/debug/deps --extern bytes=/tmp/cargo-mutants-pstore-nGQ9ea.tmp/target/debug/deps/libbytes-31b8f712e3be84e8.rlib --extern futures_util=/tmp/cargo-mutants-pstore-nGQ9ea.tmp/target/debug/deps/libfutures_util-9467758a9490225b.rlib --extern pstore_blob=/tmp/cargo-mutants-pstore-nGQ9ea.tmp/target/debug/deps/libpstore_blob-a1c846e65fcdfc47.rlib --extern pstore_engine=/tmp/cargo-mutants-pstore-nGQ9ea.tmp/target/debug/deps/libpstore_engine-57ca2718b28a8562.rlib --extern pstore_format=/tmp/cargo-mutants-pstore-nGQ9ea.tmp/target/debug/deps/libpstore_format-915614e952a6fbe8.rlib --extern pstore_testkit=/tmp/cargo-mutants-pstore-nGQ9ea.tmp/target/debug/deps/libpstore_testkit-c70127229fd98aeb.rlib --extern pstore_types=/tmp/cargo-mutants-pstore-nGQ9ea.tmp/target/debug/deps/libpstore_types-c19df0e60947a156.rlib --extern thiserror=/tmp/cargo-mutants-pstore-nGQ9ea.tmp/target/debug/deps/libthiserror-a555ba146edbfd98.rlib --extern tokio=/tmp/cargo-mutants-pstore-nGQ9ea.tmp/target/debug/deps/libtokio-c4794fa7272c7af3.rlib`
     Running `/home/tuong/.rustup/toolchains/1.90-x86_64-unknown-linux-gnu/bin/rustc --crate-name gc --edition=2024 crates/pstore-engine/tests/gc.rs --error-format=json --json=diagnostic-rendered-ansi,artifacts,future-incompat --emit=dep-info,link -C embed-bitcode=no -C debuginfo=2 --warn=rust_2018_idioms '--deny=clippy::unwrap_used' --forbid=unsafe_code --warn=unreachable_pub '--deny=clippy::unimplemented' '--deny=clippy::todo' '--deny=clippy::panic' --warn=missing_docs '--deny=clippy::mem_forget' '--deny=clippy::indexing_slicing' '--deny=clippy::float_cmp' '--deny=clippy::expect_used' '--deny=clippy::dbg_macro' --test --check-cfg 'cfg(docsrs,test)' --check-cfg 'cfg(feature, values())' -C metadata=6a829d9c507f5849 -C extra-filename=-a51240571b343ea3 --out-dir /tmp/cargo-mutants-pstore-nGQ9ea.tmp/target/debug/deps -C incremental=/tmp/cargo-mutants-pstore-nGQ9ea.tmp/target/debug/incremental -L dependency=/tmp/cargo-mutants-pstore-nGQ9ea.tmp/target/debug/deps --extern bytes=/tmp/cargo-mutants-pstore-nGQ9ea.tmp/target/debug/deps/libbytes-31b8f712e3be84e8.rlib --extern futures_util=/tmp/cargo-mutants-pstore-nGQ9ea.tmp/target/debug/deps/libfutures_util-9467758a9490225b.rlib --extern pstore_blob=/tmp/cargo-mutants-pstore-nGQ9ea.tmp/target/debug/deps/libpstore_blob-a1c846e65fcdfc47.rlib --extern pstore_engine=/tmp/cargo-mutants-pstore-nGQ9ea.tmp/target/debug/deps/libpstore_engine-57ca2718b28a8562.rlib --extern pstore_format=/tmp/cargo-mutants-pstore-nGQ9ea.tmp/target/debug/deps/libpstore_format-915614e952a6fbe8.rlib --extern pstore_testkit=/tmp/cargo-mutants-pstore-nGQ9ea.tmp/target/debug/deps/libpstore_testkit-c70127229fd98aeb.rlib --extern pstore_types=/tmp/cargo-mutants-pstore-nGQ9ea.tmp/target/debug/deps/libpstore_types-c19df0e60947a156.rlib --extern thiserror=/tmp/cargo-mutants-pstore-nGQ9ea.tmp/target/debug/deps/libthiserror-a555ba146edbfd98.rlib --extern tokio=/tmp/cargo-mutants-pstore-nGQ9ea.tmp/target/debug/deps/libtokio-c4794fa7272c7af3.rlib`
     Running `/home/tuong/.rustup/toolchains/1.90-x86_64-unknown-linux-gnu/bin/rustc --crate-name bundle_errors --edition=2024 crates/pstore-engine/tests/bundle_errors.rs --error-format=json --json=diagnostic-rendered-ansi,artifacts,future-incompat --emit=dep-info,link -C embed-bitcode=no -C debuginfo=2 --warn=rust_2018_idioms '--deny=clippy::unwrap_used' --forbid=unsafe_code --warn=unreachable_pub '--deny=clippy::unimplemented' '--deny=clippy::todo' '--deny=clippy::panic' --warn=missing_docs '--deny=clippy::mem_forget' '--deny=clippy::indexing_slicing' '--deny=clippy::float_cmp' '--deny=clippy::expect_used' '--deny=clippy::dbg_macro' --test --check-cfg 'cfg(docsrs,test)' --check-cfg 'cfg(feature, values())' -C metadata=28754e23c98f5123 -C extra-filename=-f5f75d0122717507 --out-dir /tmp/cargo-mutants-pstore-nGQ9ea.tmp/target/debug/deps -C incremental=/tmp/cargo-mutants-pstore-nGQ9ea.tmp/target/debug/incremental -L dependency=/tmp/cargo-mutants-pstore-nGQ9ea.tmp/target/debug/deps --extern bytes=/tmp/cargo-mutants-pstore-nGQ9ea.tmp/target/debug/deps/libbytes-31b8f712e3be84e8.rlib --extern futures_util=/tmp/cargo-mutants-pstore-nGQ9ea.tmp/target/debug/deps/libfutures_util-9467758a9490225b.rlib --extern pstore_blob=/tmp/cargo-mutants-pstore-nGQ9ea.tmp/target/debug/deps/libpstore_blob-a1c846e65fcdfc47.rlib --extern pstore_engine=/tmp/cargo-mutants-pstore-nGQ9ea.tmp/target/debug/deps/libpstore_engine-57ca2718b28a8562.rlib --extern pstore_format=/tmp/cargo-mutants-pstore-nGQ9ea.tmp/target/debug/deps/libpstore_format-915614e952a6fbe8.rlib --extern pstore_testkit=/tmp/cargo-mutants-pstore-nGQ9ea.tmp/target/debug/deps/libpstore_testkit-c70127229fd98aeb.rlib --extern pstore_types=/tmp/cargo-mutants-pstore-nGQ9ea.tmp/target/debug/deps/libpstore_types-c19df0e60947a156.rlib --extern thiserror=/tmp/cargo-mutants-pstore-nGQ9ea.tmp/target/debug/deps/libthiserror-a555ba146edbfd98.rlib --extern tokio=/tmp/cargo-mutants-pstore-nGQ9ea.tmp/target/debug/deps/libtokio-c4794fa7272c7af3.rlib`
     Running `/home/tuong/.rustup/toolchains/1.90-x86_64-unknown-linux-gnu/bin/rustc --crate-name invariants --edition=2024 crates/pstore-engine/tests/invariants.rs --error-format=json --json=diagnostic-rendered-ansi,artifacts,future-incompat --emit=dep-info,link -C embed-bitcode=no -C debuginfo=2 --warn=rust_2018_idioms '--deny=clippy::unwrap_used' --forbid=unsafe_code --warn=unreachable_pub '--deny=clippy::unimplemented' '--deny=clippy::todo' '--deny=clippy::panic' --warn=missing_docs '--deny=clippy::mem_forget' '--deny=clippy::indexing_slicing' '--deny=clippy::float_cmp' '--deny=clippy::expect_used' '--deny=clippy::dbg_macro' --test --check-cfg 'cfg(docsrs,test)' --check-cfg 'cfg(feature, values())' -C metadata=f1ab011b492174b3 -C extra-filename=-7c58ff7140e0f97d --out-dir /tmp/cargo-mutants-pstore-nGQ9ea.tmp/target/debug/deps -C incremental=/tmp/cargo-mutants-pstore-nGQ9ea.tmp/target/debug/incremental -L dependency=/tmp/cargo-mutants-pstore-nGQ9ea.tmp/target/debug/deps --extern bytes=/tmp/cargo-mutants-pstore-nGQ9ea.tmp/target/debug/deps/libbytes-31b8f712e3be84e8.rlib --extern futures_util=/tmp/cargo-mutants-pstore-nGQ9ea.tmp/target/debug/deps/libfutures_util-9467758a9490225b.rlib --extern pstore_blob=/tmp/cargo-mutants-pstore-nGQ9ea.tmp/target/debug/deps/libpstore_blob-a1c846e65fcdfc47.rlib --extern pstore_engine=/tmp/cargo-mutants-pstore-nGQ9ea.tmp/target/debug/deps/libpstore_engine-57ca2718b28a8562.rlib --extern pstore_format=/tmp/cargo-mutants-pstore-nGQ9ea.tmp/target/debug/deps/libpstore_format-915614e952a6fbe8.rlib --extern pstore_testkit=/tmp/cargo-mutants-pstore-nGQ9ea.tmp/target/debug/deps/libpstore_testkit-c70127229fd98aeb.rlib --extern pstore_types=/tmp/cargo-mutants-pstore-nGQ9ea.tmp/target/debug/deps/libpstore_types-c19df0e60947a156.rlib --extern thiserror=/tmp/cargo-mutants-pstore-nGQ9ea.tmp/target/debug/deps/libthiserror-a555ba146edbfd98.rlib --extern tokio=/tmp/cargo-mutants-pstore-nGQ9ea.tmp/target/debug/deps/libtokio-c4794fa7272c7af3.rlib`
     Running `/home/tuong/.rustup/toolchains/1.90-x86_64-unknown-linux-gnu/bin/rustc --crate-name failures --edition=2024 crates/pstore-engine/tests/failures.rs --error-format=json --json=diagnostic-rendered-ansi,artifacts,future-incompat --emit=dep-info,link -C embed-bitcode=no -C debuginfo=2 --warn=rust_2018_idioms '--deny=clippy::unwrap_used' --forbid=unsafe_code --warn=unreachable_pub '--deny=clippy::unimplemented' '--deny=clippy::todo' '--deny=clippy::panic' --warn=missing_docs '--deny=clippy::mem_forget' '--deny=clippy::indexing_slicing' '--deny=clippy::float_cmp' '--deny=clippy::expect_used' '--deny=clippy::dbg_macro' --test --check-cfg 'cfg(docsrs,test)' --check-cfg 'cfg(feature, values())' -C metadata=da2153a1a301194a -C extra-filename=-395c7ad6521485a0 --out-dir /tmp/cargo-mutants-pstore-nGQ9ea.tmp/target/debug/deps -C incremental=/tmp/cargo-mutants-pstore-nGQ9ea.tmp/target/debug/incremental -L dependency=/tmp/cargo-mutants-pstore-nGQ9ea.tmp/target/debug/deps --extern bytes=/tmp/cargo-mutants-pstore-nGQ9ea.tmp/target/debug/deps/libbytes-31b8f712e3be84e8.rlib --extern futures_util=/tmp/cargo-mutants-pstore-nGQ9ea.tmp/target/debug/deps/libfutures_util-9467758a9490225b.rlib --extern pstore_blob=/tmp/cargo-mutants-pstore-nGQ9ea.tmp/target/debug/deps/libpstore_blob-a1c846e65fcdfc47.rlib --extern pstore_engine=/tmp/cargo-mutants-pstore-nGQ9ea.tmp/target/debug/deps/libpstore_engine-57ca2718b28a8562.rlib --extern pstore_format=/tmp/cargo-mutants-pstore-nGQ9ea.tmp/target/debug/deps/libpstore_format-915614e952a6fbe8.rlib --extern pstore_testkit=/tmp/cargo-mutants-pstore-nGQ9ea.tmp/target/debug/deps/libpstore_testkit-c70127229fd98aeb.rlib --extern pstore_types=/tmp/cargo-mutants-pstore-nGQ9ea.tmp/target/debug/deps/libpstore_types-c19df0e60947a156.rlib --extern thiserror=/tmp/cargo-mutants-pstore-nGQ9ea.tmp/target/debug/deps/libthiserror-a555ba146edbfd98.rlib --extern tokio=/tmp/cargo-mutants-pstore-nGQ9ea.tmp/target/debug/deps/libtokio-c4794fa7272c7af3.rlib`
     Running `/home/tuong/.rustup/toolchains/1.90-x86_64-unknown-linux-gnu/bin/rustc --crate-name engine --edition=2024 crates/pstore-engine/tests/engine.rs --error-format=json --json=diagnostic-rendered-ansi,artifacts,future-incompat --emit=dep-info,link -C embed-bitcode=no -C debuginfo=2 --warn=rust_2018_idioms '--deny=clippy::unwrap_used' --forbid=unsafe_code --warn=unreachable_pub '--deny=clippy::unimplemented' '--deny=clippy::todo' '--deny=clippy::panic' --warn=missing_docs '--deny=clippy::mem_forget' '--deny=clippy::indexing_slicing' '--deny=clippy::float_cmp' '--deny=clippy::expect_used' '--deny=clippy::dbg_macro' --test --check-cfg 'cfg(docsrs,test)' --check-cfg 'cfg(feature, values())' -C metadata=9adddba898cfe624 -C extra-filename=-d3f6e35023412aa0 --out-dir /tmp/cargo-mutants-pstore-nGQ9ea.tmp/target/debug/deps -C incremental=/tmp/cargo-mutants-pstore-nGQ9ea.tmp/target/debug/incremental -L dependency=/tmp/cargo-mutants-pstore-nGQ9ea.tmp/target/debug/deps --extern bytes=/tmp/cargo-mutants-pstore-nGQ9ea.tmp/target/debug/deps/libbytes-31b8f712e3be84e8.rlib --extern futures_util=/tmp/cargo-mutants-pstore-nGQ9ea.tmp/target/debug/deps/libfutures_util-9467758a9490225b.rlib --extern pstore_blob=/tmp/cargo-mutants-pstore-nGQ9ea.tmp/target/debug/deps/libpstore_blob-a1c846e65fcdfc47.rlib --extern pstore_engine=/tmp/cargo-mutants-pstore-nGQ9ea.tmp/target/debug/deps/libpstore_engine-57ca2718b28a8562.rlib --extern pstore_format=/tmp/cargo-mutants-pstore-nGQ9ea.tmp/target/debug/deps/libpstore_format-915614e952a6fbe8.rlib --extern pstore_testkit=/tmp/cargo-mutants-pstore-nGQ9ea.tmp/target/debug/deps/libpstore_testkit-c70127229fd98aeb.rlib --extern pstore_types=/tmp/cargo-mutants-pstore-nGQ9ea.tmp/target/debug/deps/libpstore_types-c19df0e60947a156.rlib --extern thiserror=/tmp/cargo-mutants-pstore-nGQ9ea.tmp/target/debug/deps/libthiserror-a555ba146edbfd98.rlib --extern tokio=/tmp/cargo-mutants-pstore-nGQ9ea.tmp/target/debug/deps/libtokio-c4794fa7272c7af3.rlib`
    Finished `test` profile [unoptimized + debuginfo] target(s) in 5.55s
  Executable `/tmp/cargo-mutants-pstore-nGQ9ea.tmp/target/debug/deps/pstore_blob-beebd50e20890a1c`
  Executable `/tmp/cargo-mutants-pstore-nGQ9ea.tmp/target/debug/deps/accounting-f4906d65a4a0bb28`
  Executable `/tmp/cargo-mutants-pstore-nGQ9ea.tmp/target/debug/deps/cas-4a0e1648b7639c55`
  Executable `/tmp/cargo-mutants-pstore-nGQ9ea.tmp/target/debug/deps/coalescing-07cd275959561fdd`
  Executable `/tmp/cargo-mutants-pstore-nGQ9ea.tmp/target/debug/deps/faults-6ff9c0975fba4475`
  Executable `/tmp/cargo-mutants-pstore-nGQ9ea.tmp/target/debug/deps/object_store_adapter-318667f311816eef`
  Executable `/tmp/cargo-mutants-pstore-nGQ9ea.tmp/target/debug/deps/semantics-498f3631a70a0c40`
  Executable `/tmp/cargo-mutants-pstore-nGQ9ea.tmp/target/debug/deps/pstore_engine-a10afff159302613`
  Executable `/tmp/cargo-mutants-pstore-nGQ9ea.tmp/target/debug/deps/arithmetic-3a9b05330657663e`
  Executable `/tmp/cargo-mutants-pstore-nGQ9ea.tmp/target/debug/deps/bundle_errors-f5f75d0122717507`
  Executable `/tmp/cargo-mutants-pstore-nGQ9ea.tmp/target/debug/deps/compaction-fea23ca71d87002d`
  Executable `/tmp/cargo-mutants-pstore-nGQ9ea.tmp/target/debug/deps/end_to_end-2bee7b37ede99944`
  Executable `/tmp/cargo-mutants-pstore-nGQ9ea.tmp/target/debug/deps/engine-d3f6e35023412aa0`
  Executable `/tmp/cargo-mutants-pstore-nGQ9ea.tmp/target/debug/deps/failures-395c7ad6521485a0`
  Executable `/tmp/cargo-mutants-pstore-nGQ9ea.tmp/target/debug/deps/gc-a51240571b343ea3`
  Executable `/tmp/cargo-mutants-pstore-nGQ9ea.tmp/target/debug/deps/head-bae2d0c8b8f449bc`
  Executable `/tmp/cargo-mutants-pstore-nGQ9ea.tmp/target/debug/deps/invariants-7c58ff7140e0f97d`
  Executable `/tmp/cargo-mutants-pstore-nGQ9ea.tmp/target/debug/deps/lanes-4f73796799f37cd5`
  Executable `/tmp/cargo-mutants-pstore-nGQ9ea.tmp/target/debug/deps/linearizability-254bc0b1b39781af`
  Executable `/tmp/cargo-mutants-pstore-nGQ9ea.tmp/target/debug/deps/oq91-d4ce40b15d2ee193`
  Executable `/tmp/cargo-mutants-pstore-nGQ9ea.tmp/target/debug/deps/pstore_format-bd498c68e6c46481`
  Executable `/tmp/cargo-mutants-pstore-nGQ9ea.tmp/target/debug/deps/corrupt-1b001b89d0d01ece`
  Executable `/tmp/cargo-mutants-pstore-nGQ9ea.tmp/target/debug/deps/search-df777557c562d446`
  Executable `/tmp/cargo-mutants-pstore-nGQ9ea.tmp/target/debug/deps/segment-5c77b70ad5435831`
  Executable `/tmp/cargo-mutants-pstore-nGQ9ea.tmp/target/debug/deps/pstore_testkit-5d9681023401e166`
  Executable `/tmp/cargo-mutants-pstore-nGQ9ea.tmp/target/debug/deps/conformance-b77084fd195a7c41`
  Executable `/tmp/cargo-mutants-pstore-nGQ9ea.tmp/target/debug/deps/depth-6790482b94222d43`
  Executable `/tmp/cargo-mutants-pstore-nGQ9ea.tmp/target/debug/deps/hostile-f0118fdf2cfac1af`
  Executable `/tmp/cargo-mutants-pstore-nGQ9ea.tmp/target/debug/deps/injectors-a3592247aa5e2312`
  Executable `/tmp/cargo-mutants-pstore-nGQ9ea.tmp/target/debug/deps/sim-bbf2b604e1467e00`
  Executable `/tmp/cargo-mutants-pstore-nGQ9ea.tmp/target/debug/deps/sweep-88387a89f9831276`
  Executable `/tmp/cargo-mutants-pstore-nGQ9ea.tmp/target/debug/deps/pstore_types-ac8d1ba0068fec8f`

*** result: Success

*** /home/tuong/.rustup/toolchains/1.90-x86_64-unknown-linux-gnu/bin/cargo test --verbose --workspace
       Fresh unicode-ident v1.0.24
       Fresh proc-macro2 v1.0.107
       Fresh quote v1.0.47
       Fresh syn v3.0.5
       Fresh pin-project-lite v0.2.17
       Fresh thiserror-impl v2.0.20
       Fresh tokio-macros v2.7.2
       Fresh futures-task v0.3.34
       Fresh slab v0.4.12
       Fresh futures-core v0.3.34
       Fresh futures-util v0.3.34
       Fresh tokio v1.53.1
       Fresh thiserror v2.0.20
       Fresh async-trait v0.1.92
       Fresh bytes v1.12.1
warning: method `segment_key` is never used
   --> crates/pstore-engine/src/lib.rs:188:8
    |
155 | impl<S: BlobStore> Engine<S> {
    | ---------------------------- method in this implementation
...
188 |     fn segment_key(&self, epoch: Epoch, index: &str) -> Key {
    |        ^^^^^^^^^^^
    |
    = note: `#[warn(dead_code)]` on by default

warning: function `read_index` is never used
  --> crates/pstore-engine/src/bundle.rs:72:15
   |
72 | pub(crate) fn read_index(buf: &[u8]) -> Result<BTreeMap<String, Entry>, EngineError> {
   |               ^^^^^^^^^^

warning: function `read_entry` is never used
   --> crates/pstore-engine/src/bundle.rs:144:15
    |
144 | pub(crate) fn read_entry(buf: &[u8], e: &Entry) -> Result<Vec<Document>, EngineError> {
    |               ^^^^^^^^^^

warning: `pstore-engine` (lib) generated 3 warnings
       Fresh pstore-engine v0.1.0 (/tmp/cargo-mutants-pstore-nGQ9ea.tmp/crates/pstore-engine)
warning: `pstore-engine` (lib test) generated 3 warnings (3 duplicates)
       Fresh pstore-blob v0.1.0 (/tmp/cargo-mutants-pstore-nGQ9ea.tmp/crates/pstore-blob)
       Fresh pstore-testkit v0.1.0 (/tmp/cargo-mutants-pstore-nGQ9ea.tmp/crates/pstore-testkit)
       Fresh pstore-format v0.1.0 (/tmp/cargo-mutants-pstore-nGQ9ea.tmp/crates/pstore-format)
       Fresh pstore-types v0.1.0 (/tmp/cargo-mutants-pstore-nGQ9ea.tmp/crates/pstore-types)
    Finished `test` profile [unoptimized + debuginfo] target(s) in 0.05s
     Running `/tmp/cargo-mutants-pstore-nGQ9ea.tmp/target/debug/deps/pstore_blob-beebd50e20890a1c`

running 4 tests
test coalesce::tests::a_contained_range_does_not_underflow_the_gap ... ok
test coalesce::tests::a_zero_gap_merges_only_touching_ranges ... ok
test coalesce::tests::empty_input_plans_nothing ... ok
test coalesce::tests::empty_ranges_are_dropped ... ok

test result: ok. 4 passed; 0 failed; 0 ignored; 0 measured; 0 filtered out; finished in 0.00s

     Running `/tmp/cargo-mutants-pstore-nGQ9ea.tmp/target/debug/deps/accounting-f4906d65a4a0bb28`

running 4 tests
test a_failed_conditional_write_is_still_billed ... ok
test accounting_separates_read_write_and_list_classes ... ok
test accounting_counts_one_write_per_put ... ok
test accounting_is_per_tenant ... ok

test result: ok. 4 passed; 0 failed; 0 ignored; 0 measured; 0 filtered out; finished in 0.00s

     Running `/tmp/cargo-mutants-pstore-nGQ9ea.tmp/target/debug/deps/cas-4a0e1648b7639c55`

running 5 tests
test cas_lost_and_contended_are_distinct ... ok
test cas_rejects_stale_tag ... ok
test create_if_absent_rejects_second_write ... ok
test delete_batch_removes_only_the_named_keys ... ok
test get_range_returns_the_requested_slice ... ok

test result: ok. 5 passed; 0 failed; 0 ignored; 0 measured; 0 filtered out; finished in 0.00s

     Running `/tmp/cargo-mutants-pstore-nGQ9ea.tmp/target/debug/deps/coalescing-07cd275959561fdd`

running 8 tests
test coalescing_merges_ranges_closer_than_the_gap ... ok
test slices_are_offset_from_the_fetch_start_not_the_object_start ... ok
test coalescing_respects_the_gap_threshold ... ok
test ranges_out_of_order_are_returned_in_the_order_asked ... ok
test coalescing_never_issues_more_requests_than_ranges ... ok
test a_single_far_range_is_offset_correctly ... ok
test coalesced_reads_equal_separate_reads ... ok
test coalescing_actually_saves_requests ... ok

test result: ok. 8 passed; 0 failed; 0 ignored; 0 measured; 0 filtered out; finished in 0.00s

     Running `/tmp/cargo-mutants-pstore-nGQ9ea.tmp/target/debug/deps/faults-6ff9c0975fba4475`

running 13 tests
test same_seed_reproduces_the_same_failures ... ok
test a_fault_rate_of_one_injects_on_every_call_and_zero_on_none ... ok
test slow_down_first_n_covers_exactly_the_first_n_operations ... ok
test a_zero_rate_injects_nothing ... ok
test the_retry_delay_is_exponential_and_capped ... ok
test a_transient_slowdown_is_retried_and_succeeds ... ok
test each_fault_kind_is_injected_independently ... ok
test an_injected_write_fault_does_not_reach_the_backend ... ok
test injected_faults_land_at_roughly_the_rate_asked_for ... ok
test recovery_is_additive_and_slow ... ok
test a_slow_down_halves_the_limit_rather_than_merely_lowering_it ... ok
test slowdown_reduces_concurrency_then_recovers ... ok
test retries_are_bounded ... ok

test result: ok. 13 passed; 0 failed; 0 ignored; 0 measured; 0 filtered out; finished in 0.03s

     Running `/tmp/cargo-mutants-pstore-nGQ9ea.tmp/target/debug/deps/object_store_adapter-318667f311816eef`

running 0 tests

test result: ok. 0 passed; 0 failed; 0 ignored; 0 measured; 0 filtered out; finished in 0.00s

     Running `/tmp/cargo-mutants-pstore-nGQ9ea.tmp/target/debug/deps/semantics-498f3631a70a0c40`

running 15 tests
test a_full_length_range_is_legal ... ok
test a_key_displays_as_the_path_it_will_be_fetched_from ... ok
test an_empty_range_is_legal_and_returns_nothing ... ok
test a_batch_delete_over_the_backend_limit_is_refused ... ok
test cas_against_a_deleted_object_is_refused ... ok
test a_range_past_the_end_is_an_error_not_a_short_read ... ok
test capabilities_name_the_backend_and_its_tag_style ... ok
test cas_with_a_fabricated_tag_is_refused ... ok
test get_ranges_propagates_a_read_error ... ok
test get_tag_reports_the_current_tag_and_none_when_absent ... ok
test get_ranges_of_nothing_is_not_a_request ... ok
test content_hash_tags_exhibit_the_aba_hazard ... ok
test head_reports_size_without_the_body ... ok
test list_is_prefix_filtered ... ok
test monotonic_tags_are_immune_to_aba ... ok

test result: ok. 15 passed; 0 failed; 0 ignored; 0 measured; 0 filtered out; finished in 0.01s

     Running `/tmp/cargo-mutants-pstore-nGQ9ea.tmp/target/debug/deps/pstore_engine-a10afff159302613`

running 0 tests

test result: ok. 0 passed; 0 failed; 0 ignored; 0 measured; 0 filtered out; finished in 0.00s

     Running `/tmp/cargo-mutants-pstore-nGQ9ea.tmp/target/debug/deps/arithmetic-3a9b05330657663e`

running 5 tests
test lanes_do_not_back_off_in_lockstep ... ok
test a_nonce_changes_when_only_the_epoch_does ... ok
test backoff_grows_with_the_attempt ... ok
test backoff_is_capped ... ok
test nonces_never_collide_across_epochs_and_lanes ... ok

test result: ok. 5 passed; 0 failed; 0 ignored; 0 measured; 0 filtered out; finished in 0.00s

     Running `/tmp/cargo-mutants-pstore-nGQ9ea.tmp/target/debug/deps/bundle_errors-f5f75d0122717507`

running 7 tests
test a_bundle_with_a_mangled_footer_fails_the_fold ... FAILED
test a_truncated_document_run_is_refused_at_every_length ... ok
test an_unknown_value_tag_in_a_document_run_is_refused ... ok
test a_hole_in_a_lane_bounds_the_tail_rather_than_being_skipped ... ok
test documents_round_trip_through_the_shared_codec ... ok
test a_bundle_with_an_impossible_index_offset_fails_the_fold ... FAILED
test folding_nothing_is_a_no_op_not_an_error ... ok

failures:

---- a_bundle_with_a_mangled_footer_fails_the_fold stdout ----

thread 'a_bundle_with_a_mangled_footer_fails_the_fold' panicked at crates/pstore-engine/tests/bundle_errors.rs:85:5:
assertion failed: e.fold().await.is_err()
note: run with `RUST_BACKTRACE=1` environment variable to display a backtrace

---- a_bundle_with_an_impossible_index_offset_fails_the_fold stdout ----

thread 'a_bundle_with_an_impossible_index_offset_fails_the_fold' panicked at crates/pstore-engine/tests/bundle_errors.rs:103:5:
an offset past the object must not be trusted


failures:
    a_bundle_with_a_mangled_footer_fails_the_fold
    a_bundle_with_an_impossible_index_offset_fails_the_fold

test result: FAILED. 5 passed; 2 failed; 0 ignored; 0 measured; 0 filtered out; finished in 0.00s

error: test failed, to rerun pass `-p pstore-engine --test bundle_errors`

*** result: Failure(101)
