
*** crates/pstore-format/src/reader.rs:79:9: replace Segment::decode_index -> Result<Vec<BlockMeta>, FormatError> with Ok(vec![Default::default()])

*** mutation diff:
--- crates/pstore-format/src/reader.rs
+++ replace Segment::decode_index -> Result<Vec<BlockMeta>, FormatError> with Ok(vec![Default::default()])
@@ -71,35 +71,17 @@
 
         Ok(Self {
             blocks: Self::decode_index(&idx_bytes)?,
             rows,
         })
     }
 
     fn decode_index(bytes: &[u8]) -> Result<Vec<BlockMeta>, FormatError> {
-        let mut d = Dec::new(bytes);
-        let n = d.u32()? as usize;
-        let mut blocks = Vec::with_capacity(n.min(1 << 20));
-        for _ in 0..n {
-            let (offset, len, rows) = (d.u64()?, d.u32()?, d.u32()?);
-            let zn = d.u32()? as usize;
-            let mut zones = BTreeMap::new();
-            for _ in 0..zn {
-                let k = d.string()?;
-                zones.insert(k, (d.i64()?, d.i64()?));
-            }
-            blocks.push(BlockMeta {
-                offset,
-                len,
-                rows,
-                zones,
-            });
-        }
-        Ok(blocks)
+        Ok(vec![Default::default()]) /* ~ changed by cargo-mutants ~ */
     }
 
     /// Rows in the segment.
     #[must_use]
     pub fn row_count(&self) -> usize {
         self.rows as usize
     }
 


*** /home/tuong/.rustup/toolchains/1.90-x86_64-unknown-linux-gnu/bin/cargo test --no-run --verbose --workspace
       Fresh unicode-ident v1.0.24
       Fresh proc-macro2 v1.0.107
       Fresh quote v1.0.47
       Fresh syn v3.0.5
       Fresh pin-project-lite v0.2.17
       Fresh tokio-macros v2.7.2
       Fresh thiserror-impl v2.0.20
       Fresh slab v0.4.12
       Fresh futures-task v0.3.34
       Fresh futures-core v0.3.34
       Fresh futures-util v0.3.34
       Fresh thiserror v2.0.20
       Fresh tokio v1.53.1
       Fresh async-trait v0.1.92
       Fresh bytes v1.12.1
       Dirty pstore-format v0.1.0 (/tmp/cargo-mutants-pstore-9mUODO.tmp/crates/pstore-format): the file `crates/pstore-format/src/reader.rs` has changed (1788615235.307183073s, 6s after last build at 1788615229.579340885s)
   Compiling pstore-format v0.1.0 (/tmp/cargo-mutants-pstore-9mUODO.tmp/crates/pstore-format)
     Running `/home/tuong/.rustup/toolchains/1.90-x86_64-unknown-linux-gnu/bin/rustc --crate-name pstore_format --edition=2024 crates/pstore-format/src/lib.rs --error-format=json --json=diagnostic-rendered-ansi,artifacts,future-incompat --crate-type lib --emit=dep-info,metadata,link -C embed-bitcode=no -C debuginfo=2 --warn=rust_2018_idioms '--deny=clippy::unwrap_used' --forbid=unsafe_code --warn=unreachable_pub '--deny=clippy::unimplemented' '--deny=clippy::todo' '--deny=clippy::panic' --warn=missing_docs '--deny=clippy::mem_forget' '--deny=clippy::indexing_slicing' '--deny=clippy::float_cmp' '--deny=clippy::expect_used' '--deny=clippy::dbg_macro' --check-cfg 'cfg(docsrs,test)' --check-cfg 'cfg(feature, values())' -C metadata=7e5610228b83a3fe -C extra-filename=-915614e952a6fbe8 --out-dir /tmp/cargo-mutants-pstore-9mUODO.tmp/target/debug/deps -C incremental=/tmp/cargo-mutants-pstore-9mUODO.tmp/target/debug/incremental -L dependency=/tmp/cargo-mutants-pstore-9mUODO.tmp/target/debug/deps --extern async_trait=/tmp/cargo-mutants-pstore-9mUODO.tmp/target/debug/deps/libasync_trait-efaaae825ff87b5f.so --extern bytes=/tmp/cargo-mutants-pstore-9mUODO.tmp/target/debug/deps/libbytes-31b8f712e3be84e8.rmeta --extern pstore_blob=/tmp/cargo-mutants-pstore-9mUODO.tmp/target/debug/deps/libpstore_blob-a1c846e65fcdfc47.rmeta --extern pstore_types=/tmp/cargo-mutants-pstore-9mUODO.tmp/target/debug/deps/libpstore_types-c19df0e60947a156.rmeta --extern thiserror=/tmp/cargo-mutants-pstore-9mUODO.tmp/target/debug/deps/libthiserror-a555ba146edbfd98.rmeta`
       Fresh pstore-blob v0.1.0 (/tmp/cargo-mutants-pstore-9mUODO.tmp/crates/pstore-blob)
       Fresh pstore-testkit v0.1.0 (/tmp/cargo-mutants-pstore-9mUODO.tmp/crates/pstore-testkit)
     Running `/home/tuong/.rustup/toolchains/1.90-x86_64-unknown-linux-gnu/bin/rustc --crate-name pstore_format --edition=2024 crates/pstore-format/src/lib.rs --error-format=json --json=diagnostic-rendered-ansi,artifacts,future-incompat --emit=dep-info,link -C embed-bitcode=no -C debuginfo=2 --warn=rust_2018_idioms '--deny=clippy::unwrap_used' --forbid=unsafe_code --warn=unreachable_pub '--deny=clippy::unimplemented' '--deny=clippy::todo' '--deny=clippy::panic' --warn=missing_docs '--deny=clippy::mem_forget' '--deny=clippy::indexing_slicing' '--deny=clippy::float_cmp' '--deny=clippy::expect_used' '--deny=clippy::dbg_macro' --test --check-cfg 'cfg(docsrs,test)' --check-cfg 'cfg(feature, values())' -C metadata=f9ddd0184316b536 -C extra-filename=-bd498c68e6c46481 --out-dir /tmp/cargo-mutants-pstore-9mUODO.tmp/target/debug/deps -C incremental=/tmp/cargo-mutants-pstore-9mUODO.tmp/target/debug/incremental -L dependency=/tmp/cargo-mutants-pstore-9mUODO.tmp/target/debug/deps --extern async_trait=/tmp/cargo-mutants-pstore-9mUODO.tmp/target/debug/deps/libasync_trait-efaaae825ff87b5f.so --extern bytes=/tmp/cargo-mutants-pstore-9mUODO.tmp/target/debug/deps/libbytes-31b8f712e3be84e8.rlib --extern pstore_blob=/tmp/cargo-mutants-pstore-9mUODO.tmp/target/debug/deps/libpstore_blob-a1c846e65fcdfc47.rlib --extern pstore_types=/tmp/cargo-mutants-pstore-9mUODO.tmp/target/debug/deps/libpstore_types-c19df0e60947a156.rlib --extern thiserror=/tmp/cargo-mutants-pstore-9mUODO.tmp/target/debug/deps/libthiserror-a555ba146edbfd98.rlib --extern tokio=/tmp/cargo-mutants-pstore-9mUODO.tmp/target/debug/deps/libtokio-c4794fa7272c7af3.rlib`
       Fresh pstore-types v0.1.0 (/tmp/cargo-mutants-pstore-9mUODO.tmp/crates/pstore-types)
warning: unused import: `std::collections::BTreeMap`
 --> crates/pstore-format/src/reader.rs:7:5
  |
7 | use std::collections::BTreeMap;
  |     ^^^^^^^^^^^^^^^^^^^^^^^^^^
  |
  = note: `#[warn(unused_imports)]` on by default

error[E0277]: the trait bound `BlockMeta: Default` is not satisfied
  --> crates/pstore-format/src/reader.rs:79:17
   |
79 |         Ok(vec![Default::default()]) /* ~ changed by cargo-mutants ~ */
   |                 ^^^^^^^^^^^^^^^^^^ the trait `Default` is not implemented for `BlockMeta`
   |
help: consider annotating `BlockMeta` with `#[derive(Default)]`
  --> crates/pstore-format/src/lib.rs:160:1
   |
160+ #[derive(Default)]
161| pub(crate) struct BlockMeta {
   |

For more information about this error, try `rustc --explain E0277`.
warning: `pstore-format` (lib) generated 1 warning
error: could not compile `pstore-format` (lib) due to 1 previous error; 1 warning emitted

Caused by:
  process didn't exit successfully: `/home/tuong/.rustup/toolchains/1.90-x86_64-unknown-linux-gnu/bin/rustc --crate-name pstore_format --edition=2024 crates/pstore-format/src/lib.rs --error-format=json --json=diagnostic-rendered-ansi,artifacts,future-incompat --crate-type lib --emit=dep-info,metadata,link -C embed-bitcode=no -C debuginfo=2 --warn=rust_2018_idioms '--deny=clippy::unwrap_used' --forbid=unsafe_code --warn=unreachable_pub '--deny=clippy::unimplemented' '--deny=clippy::todo' '--deny=clippy::panic' --warn=missing_docs '--deny=clippy::mem_forget' '--deny=clippy::indexing_slicing' '--deny=clippy::float_cmp' '--deny=clippy::expect_used' '--deny=clippy::dbg_macro' --check-cfg 'cfg(docsrs,test)' --check-cfg 'cfg(feature, values())' -C metadata=7e5610228b83a3fe -C extra-filename=-915614e952a6fbe8 --out-dir /tmp/cargo-mutants-pstore-9mUODO.tmp/target/debug/deps -C incremental=/tmp/cargo-mutants-pstore-9mUODO.tmp/target/debug/incremental -L dependency=/tmp/cargo-mutants-pstore-9mUODO.tmp/target/debug/deps --extern async_trait=/tmp/cargo-mutants-pstore-9mUODO.tmp/target/debug/deps/libasync_trait-efaaae825ff87b5f.so --extern bytes=/tmp/cargo-mutants-pstore-9mUODO.tmp/target/debug/deps/libbytes-31b8f712e3be84e8.rmeta --extern pstore_blob=/tmp/cargo-mutants-pstore-9mUODO.tmp/target/debug/deps/libpstore_blob-a1c846e65fcdfc47.rmeta --extern pstore_types=/tmp/cargo-mutants-pstore-9mUODO.tmp/target/debug/deps/libpstore_types-c19df0e60947a156.rmeta --extern thiserror=/tmp/cargo-mutants-pstore-9mUODO.tmp/target/debug/deps/libthiserror-a555ba146edbfd98.rmeta` (exit status: 1)
warning: build failed, waiting for other jobs to finish...
warning: `pstore-format` (lib test) generated 1 warning (1 duplicate)
error: could not compile `pstore-format` (lib test) due to 1 previous error; 1 warning emitted

Caused by:
  process didn't exit successfully: `/home/tuong/.rustup/toolchains/1.90-x86_64-unknown-linux-gnu/bin/rustc --crate-name pstore_format --edition=2024 crates/pstore-format/src/lib.rs --error-format=json --json=diagnostic-rendered-ansi,artifacts,future-incompat --emit=dep-info,link -C embed-bitcode=no -C debuginfo=2 --warn=rust_2018_idioms '--deny=clippy::unwrap_used' --forbid=unsafe_code --warn=unreachable_pub '--deny=clippy::unimplemented' '--deny=clippy::todo' '--deny=clippy::panic' --warn=missing_docs '--deny=clippy::mem_forget' '--deny=clippy::indexing_slicing' '--deny=clippy::float_cmp' '--deny=clippy::expect_used' '--deny=clippy::dbg_macro' --test --check-cfg 'cfg(docsrs,test)' --check-cfg 'cfg(feature, values())' -C metadata=f9ddd0184316b536 -C extra-filename=-bd498c68e6c46481 --out-dir /tmp/cargo-mutants-pstore-9mUODO.tmp/target/debug/deps -C incremental=/tmp/cargo-mutants-pstore-9mUODO.tmp/target/debug/incremental -L dependency=/tmp/cargo-mutants-pstore-9mUODO.tmp/target/debug/deps --extern async_trait=/tmp/cargo-mutants-pstore-9mUODO.tmp/target/debug/deps/libasync_trait-efaaae825ff87b5f.so --extern bytes=/tmp/cargo-mutants-pstore-9mUODO.tmp/target/debug/deps/libbytes-31b8f712e3be84e8.rlib --extern pstore_blob=/tmp/cargo-mutants-pstore-9mUODO.tmp/target/debug/deps/libpstore_blob-a1c846e65fcdfc47.rlib --extern pstore_types=/tmp/cargo-mutants-pstore-9mUODO.tmp/target/debug/deps/libpstore_types-c19df0e60947a156.rlib --extern thiserror=/tmp/cargo-mutants-pstore-9mUODO.tmp/target/debug/deps/libthiserror-a555ba146edbfd98.rlib --extern tokio=/tmp/cargo-mutants-pstore-9mUODO.tmp/target/debug/deps/libtokio-c4794fa7272c7af3.rlib` (exit status: 1)

*** result: Failure(101)
