
*** crates/pstore-engine/src/lib.rs:160:9: replace Engine<S>::write -> Result<(), EngineError> with Ok(())

*** mutation diff:
--- crates/pstore-engine/src/lib.rs
+++ replace Engine<S>::write -> Result<(), EngineError> with Ok(())
@@ -152,22 +152,17 @@
         Key::new(format!(
             "{:04x}/tnt/{}/idx/{index}/seg/L0/{:020}-{:016x}.seg",
             self.tenant.0 as u16, self.tenant.0, epoch.0, self.lane.0
         ))
     }
 
     /// Buffers documents. **Visible immediately**; durable at the next [`Self::flush`].
     pub async fn write(&self, index: &str, docs: Vec<Document>) -> Result<(), EngineError> {
-        self.mem()
-            .pending
-            .entry(index.to_owned())
-            .or_default()
-            .extend(docs);
-        Ok(())
+        Ok(()) /* ~ changed by cargo-mutants ~ */
     }
 
     /// The ids currently buffered and not yet acknowledged.
     ///
     /// Exposed so a recovery test can state precisely which rows a `flush` acknowledges.
     /// Guessing that from the outside would make the test's own bookkeeping the thing
     /// under test.
     #[doc(hidden)]


*** /home/tuong/.rustup/toolchains/1.90-x86_64-unknown-linux-gnu/bin/cargo test --no-run --verbose --package=pstore-engine@0.1.0
       Fresh unicode-ident v1.0.24
       Fresh proc-macro2 v1.0.107
       Fresh quote v1.0.47
       Fresh syn v3.0.5
       Fresh pin-project-lite v0.2.17
       Fresh tokio-macros v2.7.2
       Fresh thiserror-impl v2.0.20
       Fresh futures-core v0.3.34
       Fresh futures-task v0.3.34
       Fresh slab v0.4.12
       Fresh futures-util v0.3.34
       Fresh thiserror v2.0.20
       Fresh tokio v1.53.1
       Fresh async-trait v0.1.92
       Fresh pstore-types v0.1.0 (/tmp/cargo-mutants-pstore-zLaeUx.tmp/crates/pstore-types)
       Fresh bytes v1.12.1
       Fresh pstore-blob v0.1.0 (/tmp/cargo-mutants-pstore-zLaeUx.tmp/crates/pstore-blob)
       Fresh pstore-format v0.1.0 (/tmp/cargo-mutants-pstore-zLaeUx.tmp/crates/pstore-format)
       Fresh pstore-testkit v0.1.0 (/tmp/cargo-mutants-pstore-zLaeUx.tmp/crates/pstore-testkit)
       Dirty pstore-engine v0.1.0 (/tmp/cargo-mutants-pstore-zLaeUx.tmp/crates/pstore-engine): the file `crates/pstore-engine/src/lib.rs` has changed (1788611481.719533606s, 5s after last build at 1788611476.127137822s)
   Compiling pstore-engine v0.1.0 (/tmp/cargo-mutants-pstore-zLaeUx.tmp/crates/pstore-engine)
     Running `/home/tuong/.rustup/toolchains/1.90-x86_64-unknown-linux-gnu/bin/rustc --crate-name pstore_engine --edition=2024 crates/pstore-engine/src/lib.rs --error-format=json --json=diagnostic-rendered-ansi,artifacts,future-incompat --crate-type lib --emit=dep-info,metadata,link -C embed-bitcode=no -C debuginfo=2 --warn=rust_2018_idioms '--deny=clippy::unwrap_used' --forbid=unsafe_code --warn=unreachable_pub '--deny=clippy::unimplemented' '--deny=clippy::todo' '--deny=clippy::panic' --warn=missing_docs '--deny=clippy::mem_forget' '--deny=clippy::indexing_slicing' '--deny=clippy::float_cmp' '--deny=clippy::expect_used' '--deny=clippy::dbg_macro' --check-cfg 'cfg(docsrs,test)' --check-cfg 'cfg(feature, values())' -C metadata=a276e8e21a30ee6c -C extra-filename=-bda1651ff56837d3 --out-dir /tmp/cargo-mutants-pstore-zLaeUx.tmp/target/debug/deps -C incremental=/tmp/cargo-mutants-pstore-zLaeUx.tmp/target/debug/incremental -L dependency=/tmp/cargo-mutants-pstore-zLaeUx.tmp/target/debug/deps --extern bytes=/tmp/cargo-mutants-pstore-zLaeUx.tmp/target/debug/deps/libbytes-31b8f712e3be84e8.rmeta --extern futures_util=/tmp/cargo-mutants-pstore-zLaeUx.tmp/target/debug/deps/libfutures_util-9467758a9490225b.rmeta --extern pstore_blob=/tmp/cargo-mutants-pstore-zLaeUx.tmp/target/debug/deps/libpstore_blob-b6cf016c092a0ac2.rmeta --extern pstore_format=/tmp/cargo-mutants-pstore-zLaeUx.tmp/target/debug/deps/libpstore_format-1275d00aeb99a72a.rmeta --extern pstore_types=/tmp/cargo-mutants-pstore-zLaeUx.tmp/target/debug/deps/libpstore_types-c19df0e60947a156.rmeta --extern thiserror=/tmp/cargo-mutants-pstore-zLaeUx.tmp/target/debug/deps/libthiserror-a555ba146edbfd98.rmeta --extern tokio=/tmp/cargo-mutants-pstore-zLaeUx.tmp/target/debug/deps/libtokio-1c12c7fb7aae7e9d.rmeta`
     Running `/home/tuong/.rustup/toolchains/1.90-x86_64-unknown-linux-gnu/bin/rustc --crate-name pstore_engine --edition=2024 crates/pstore-engine/src/lib.rs --error-format=json --json=diagnostic-rendered-ansi,artifacts,future-incompat --emit=dep-info,link -C embed-bitcode=no -C debuginfo=2 --warn=rust_2018_idioms '--deny=clippy::unwrap_used' --forbid=unsafe_code --warn=unreachable_pub '--deny=clippy::unimplemented' '--deny=clippy::todo' '--deny=clippy::panic' --warn=missing_docs '--deny=clippy::mem_forget' '--deny=clippy::indexing_slicing' '--deny=clippy::float_cmp' '--deny=clippy::expect_used' '--deny=clippy::dbg_macro' --test --check-cfg 'cfg(docsrs,test)' --check-cfg 'cfg(feature, values())' -C metadata=4693ee9f44933b5d -C extra-filename=-8cfb19ad04048a97 --out-dir /tmp/cargo-mutants-pstore-zLaeUx.tmp/target/debug/deps -C incremental=/tmp/cargo-mutants-pstore-zLaeUx.tmp/target/debug/incremental -L dependency=/tmp/cargo-mutants-pstore-zLaeUx.tmp/target/debug/deps --extern bytes=/tmp/cargo-mutants-pstore-zLaeUx.tmp/target/debug/deps/libbytes-31b8f712e3be84e8.rlib --extern futures_util=/tmp/cargo-mutants-pstore-zLaeUx.tmp/target/debug/deps/libfutures_util-9467758a9490225b.rlib --extern pstore_blob=/tmp/cargo-mutants-pstore-zLaeUx.tmp/target/debug/deps/libpstore_blob-b6cf016c092a0ac2.rlib --extern pstore_format=/tmp/cargo-mutants-pstore-zLaeUx.tmp/target/debug/deps/libpstore_format-1275d00aeb99a72a.rlib --extern pstore_testkit=/tmp/cargo-mutants-pstore-zLaeUx.tmp/target/debug/deps/libpstore_testkit-c545806fa049828c.rlib --extern pstore_types=/tmp/cargo-mutants-pstore-zLaeUx.tmp/target/debug/deps/libpstore_types-c19df0e60947a156.rlib --extern thiserror=/tmp/cargo-mutants-pstore-zLaeUx.tmp/target/debug/deps/libthiserror-a555ba146edbfd98.rlib --extern tokio=/tmp/cargo-mutants-pstore-zLaeUx.tmp/target/debug/deps/libtokio-1c12c7fb7aae7e9d.rlib`
warning: unused variable: `index`
   --> crates/pstore-engine/src/lib.rs:159:31
    |
159 |     pub async fn write(&self, index: &str, docs: Vec<Document>) -> Result<(), EngineError> {
    |                               ^^^^^ help: if this is intentional, prefix it with an underscore: `_index`
    |
    = note: `#[warn(unused_variables)]` on by default

warning: unused variable: `docs`
   --> crates/pstore-engine/src/lib.rs:159:44
    |
159 |     pub async fn write(&self, index: &str, docs: Vec<Document>) -> Result<(), EngineError> {
    |                                            ^^^^ help: if this is intentional, prefix it with an underscore: `_docs`

warning: `pstore-engine` (lib test) generated 2 warnings
warning: `pstore-engine` (lib) generated 2 warnings (2 duplicates)
     Running `/home/tuong/.rustup/toolchains/1.90-x86_64-unknown-linux-gnu/bin/rustc --crate-name end_to_end --edition=2024 crates/pstore-engine/tests/end_to_end.rs --error-format=json --json=diagnostic-rendered-ansi,artifacts,future-incompat --emit=dep-info,link -C embed-bitcode=no -C debuginfo=2 --warn=rust_2018_idioms '--deny=clippy::unwrap_used' --forbid=unsafe_code --warn=unreachable_pub '--deny=clippy::unimplemented' '--deny=clippy::todo' '--deny=clippy::panic' --warn=missing_docs '--deny=clippy::mem_forget' '--deny=clippy::indexing_slicing' '--deny=clippy::float_cmp' '--deny=clippy::expect_used' '--deny=clippy::dbg_macro' --test --check-cfg 'cfg(docsrs,test)' --check-cfg 'cfg(feature, values())' -C metadata=f79278e72e1f6f1e -C extra-filename=-064b00503e0e203b --out-dir /tmp/cargo-mutants-pstore-zLaeUx.tmp/target/debug/deps -C incremental=/tmp/cargo-mutants-pstore-zLaeUx.tmp/target/debug/incremental -L dependency=/tmp/cargo-mutants-pstore-zLaeUx.tmp/target/debug/deps --extern bytes=/tmp/cargo-mutants-pstore-zLaeUx.tmp/target/debug/deps/libbytes-31b8f712e3be84e8.rlib --extern futures_util=/tmp/cargo-mutants-pstore-zLaeUx.tmp/target/debug/deps/libfutures_util-9467758a9490225b.rlib --extern pstore_blob=/tmp/cargo-mutants-pstore-zLaeUx.tmp/target/debug/deps/libpstore_blob-b6cf016c092a0ac2.rlib --extern pstore_engine=/tmp/cargo-mutants-pstore-zLaeUx.tmp/target/debug/deps/libpstore_engine-bda1651ff56837d3.rlib --extern pstore_format=/tmp/cargo-mutants-pstore-zLaeUx.tmp/target/debug/deps/libpstore_format-1275d00aeb99a72a.rlib --extern pstore_testkit=/tmp/cargo-mutants-pstore-zLaeUx.tmp/target/debug/deps/libpstore_testkit-c545806fa049828c.rlib --extern pstore_types=/tmp/cargo-mutants-pstore-zLaeUx.tmp/target/debug/deps/libpstore_types-c19df0e60947a156.rlib --extern thiserror=/tmp/cargo-mutants-pstore-zLaeUx.tmp/target/debug/deps/libthiserror-a555ba146edbfd98.rlib --extern tokio=/tmp/cargo-mutants-pstore-zLaeUx.tmp/target/debug/deps/libtokio-1c12c7fb7aae7e9d.rlib`
     Running `/home/tuong/.rustup/toolchains/1.90-x86_64-unknown-linux-gnu/bin/rustc --crate-name invariants --edition=2024 crates/pstore-engine/tests/invariants.rs --error-format=json --json=diagnostic-rendered-ansi,artifacts,future-incompat --emit=dep-info,link -C embed-bitcode=no -C debuginfo=2 --warn=rust_2018_idioms '--deny=clippy::unwrap_used' --forbid=unsafe_code --warn=unreachable_pub '--deny=clippy::unimplemented' '--deny=clippy::todo' '--deny=clippy::panic' --warn=missing_docs '--deny=clippy::mem_forget' '--deny=clippy::indexing_slicing' '--deny=clippy::float_cmp' '--deny=clippy::expect_used' '--deny=clippy::dbg_macro' --test --check-cfg 'cfg(docsrs,test)' --check-cfg 'cfg(feature, values())' -C metadata=abed4b24add1deec -C extra-filename=-0c8b8182a0366e4f --out-dir /tmp/cargo-mutants-pstore-zLaeUx.tmp/target/debug/deps -C incremental=/tmp/cargo-mutants-pstore-zLaeUx.tmp/target/debug/incremental -L dependency=/tmp/cargo-mutants-pstore-zLaeUx.tmp/target/debug/deps --extern bytes=/tmp/cargo-mutants-pstore-zLaeUx.tmp/target/debug/deps/libbytes-31b8f712e3be84e8.rlib --extern futures_util=/tmp/cargo-mutants-pstore-zLaeUx.tmp/target/debug/deps/libfutures_util-9467758a9490225b.rlib --extern pstore_blob=/tmp/cargo-mutants-pstore-zLaeUx.tmp/target/debug/deps/libpstore_blob-b6cf016c092a0ac2.rlib --extern pstore_engine=/tmp/cargo-mutants-pstore-zLaeUx.tmp/target/debug/deps/libpstore_engine-bda1651ff56837d3.rlib --extern pstore_format=/tmp/cargo-mutants-pstore-zLaeUx.tmp/target/debug/deps/libpstore_format-1275d00aeb99a72a.rlib --extern pstore_testkit=/tmp/cargo-mutants-pstore-zLaeUx.tmp/target/debug/deps/libpstore_testkit-c545806fa049828c.rlib --extern pstore_types=/tmp/cargo-mutants-pstore-zLaeUx.tmp/target/debug/deps/libpstore_types-c19df0e60947a156.rlib --extern thiserror=/tmp/cargo-mutants-pstore-zLaeUx.tmp/target/debug/deps/libthiserror-a555ba146edbfd98.rlib --extern tokio=/tmp/cargo-mutants-pstore-zLaeUx.tmp/target/debug/deps/libtokio-1c12c7fb7aae7e9d.rlib`
     Running `/home/tuong/.rustup/toolchains/1.90-x86_64-unknown-linux-gnu/bin/rustc --crate-name head --edition=2024 crates/pstore-engine/tests/head.rs --error-format=json --json=diagnostic-rendered-ansi,artifacts,future-incompat --emit=dep-info,link -C embed-bitcode=no -C debuginfo=2 --warn=rust_2018_idioms '--deny=clippy::unwrap_used' --forbid=unsafe_code --warn=unreachable_pub '--deny=clippy::unimplemented' '--deny=clippy::todo' '--deny=clippy::panic' --warn=missing_docs '--deny=clippy::mem_forget' '--deny=clippy::indexing_slicing' '--deny=clippy::float_cmp' '--deny=clippy::expect_used' '--deny=clippy::dbg_macro' --test --check-cfg 'cfg(docsrs,test)' --check-cfg 'cfg(feature, values())' -C metadata=ff3733eee68dac93 -C extra-filename=-bf684d7be510072b --out-dir /tmp/cargo-mutants-pstore-zLaeUx.tmp/target/debug/deps -C incremental=/tmp/cargo-mutants-pstore-zLaeUx.tmp/target/debug/incremental -L dependency=/tmp/cargo-mutants-pstore-zLaeUx.tmp/target/debug/deps --extern bytes=/tmp/cargo-mutants-pstore-zLaeUx.tmp/target/debug/deps/libbytes-31b8f712e3be84e8.rlib --extern futures_util=/tmp/cargo-mutants-pstore-zLaeUx.tmp/target/debug/deps/libfutures_util-9467758a9490225b.rlib --extern pstore_blob=/tmp/cargo-mutants-pstore-zLaeUx.tmp/target/debug/deps/libpstore_blob-b6cf016c092a0ac2.rlib --extern pstore_engine=/tmp/cargo-mutants-pstore-zLaeUx.tmp/target/debug/deps/libpstore_engine-bda1651ff56837d3.rlib --extern pstore_format=/tmp/cargo-mutants-pstore-zLaeUx.tmp/target/debug/deps/libpstore_format-1275d00aeb99a72a.rlib --extern pstore_testkit=/tmp/cargo-mutants-pstore-zLaeUx.tmp/target/debug/deps/libpstore_testkit-c545806fa049828c.rlib --extern pstore_types=/tmp/cargo-mutants-pstore-zLaeUx.tmp/target/debug/deps/libpstore_types-c19df0e60947a156.rlib --extern thiserror=/tmp/cargo-mutants-pstore-zLaeUx.tmp/target/debug/deps/libthiserror-a555ba146edbfd98.rlib --extern tokio=/tmp/cargo-mutants-pstore-zLaeUx.tmp/target/debug/deps/libtokio-1c12c7fb7aae7e9d.rlib`
     Running `/home/tuong/.rustup/toolchains/1.90-x86_64-unknown-linux-gnu/bin/rustc --crate-name failures --edition=2024 crates/pstore-engine/tests/failures.rs --error-format=json --json=diagnostic-rendered-ansi,artifacts,future-incompat --emit=dep-info,link -C embed-bitcode=no -C debuginfo=2 --warn=rust_2018_idioms '--deny=clippy::unwrap_used' --forbid=unsafe_code --warn=unreachable_pub '--deny=clippy::unimplemented' '--deny=clippy::todo' '--deny=clippy::panic' --warn=missing_docs '--deny=clippy::mem_forget' '--deny=clippy::indexing_slicing' '--deny=clippy::float_cmp' '--deny=clippy::expect_used' '--deny=clippy::dbg_macro' --test --check-cfg 'cfg(docsrs,test)' --check-cfg 'cfg(feature, values())' -C metadata=f1ef4b3b0a257981 -C extra-filename=-42cd40aa6ec937fc --out-dir /tmp/cargo-mutants-pstore-zLaeUx.tmp/target/debug/deps -C incremental=/tmp/cargo-mutants-pstore-zLaeUx.tmp/target/debug/incremental -L dependency=/tmp/cargo-mutants-pstore-zLaeUx.tmp/target/debug/deps --extern bytes=/tmp/cargo-mutants-pstore-zLaeUx.tmp/target/debug/deps/libbytes-31b8f712e3be84e8.rlib --extern futures_util=/tmp/cargo-mutants-pstore-zLaeUx.tmp/target/debug/deps/libfutures_util-9467758a9490225b.rlib --extern pstore_blob=/tmp/cargo-mutants-pstore-zLaeUx.tmp/target/debug/deps/libpstore_blob-b6cf016c092a0ac2.rlib --extern pstore_engine=/tmp/cargo-mutants-pstore-zLaeUx.tmp/target/debug/deps/libpstore_engine-bda1651ff56837d3.rlib --extern pstore_format=/tmp/cargo-mutants-pstore-zLaeUx.tmp/target/debug/deps/libpstore_format-1275d00aeb99a72a.rlib --extern pstore_testkit=/tmp/cargo-mutants-pstore-zLaeUx.tmp/target/debug/deps/libpstore_testkit-c545806fa049828c.rlib --extern pstore_types=/tmp/cargo-mutants-pstore-zLaeUx.tmp/target/debug/deps/libpstore_types-c19df0e60947a156.rlib --extern thiserror=/tmp/cargo-mutants-pstore-zLaeUx.tmp/target/debug/deps/libthiserror-a555ba146edbfd98.rlib --extern tokio=/tmp/cargo-mutants-pstore-zLaeUx.tmp/target/debug/deps/libtokio-1c12c7fb7aae7e9d.rlib`
     Running `/home/tuong/.rustup/toolchains/1.90-x86_64-unknown-linux-gnu/bin/rustc --crate-name engine --edition=2024 crates/pstore-engine/tests/engine.rs --error-format=json --json=diagnostic-rendered-ansi,artifacts,future-incompat --emit=dep-info,link -C embed-bitcode=no -C debuginfo=2 --warn=rust_2018_idioms '--deny=clippy::unwrap_used' --forbid=unsafe_code --warn=unreachable_pub '--deny=clippy::unimplemented' '--deny=clippy::todo' '--deny=clippy::panic' --warn=missing_docs '--deny=clippy::mem_forget' '--deny=clippy::indexing_slicing' '--deny=clippy::float_cmp' '--deny=clippy::expect_used' '--deny=clippy::dbg_macro' --test --check-cfg 'cfg(docsrs,test)' --check-cfg 'cfg(feature, values())' -C metadata=e449d115f1b6d00d -C extra-filename=-6770e7487f03c003 --out-dir /tmp/cargo-mutants-pstore-zLaeUx.tmp/target/debug/deps -C incremental=/tmp/cargo-mutants-pstore-zLaeUx.tmp/target/debug/incremental -L dependency=/tmp/cargo-mutants-pstore-zLaeUx.tmp/target/debug/deps --extern bytes=/tmp/cargo-mutants-pstore-zLaeUx.tmp/target/debug/deps/libbytes-31b8f712e3be84e8.rlib --extern futures_util=/tmp/cargo-mutants-pstore-zLaeUx.tmp/target/debug/deps/libfutures_util-9467758a9490225b.rlib --extern pstore_blob=/tmp/cargo-mutants-pstore-zLaeUx.tmp/target/debug/deps/libpstore_blob-b6cf016c092a0ac2.rlib --extern pstore_engine=/tmp/cargo-mutants-pstore-zLaeUx.tmp/target/debug/deps/libpstore_engine-bda1651ff56837d3.rlib --extern pstore_format=/tmp/cargo-mutants-pstore-zLaeUx.tmp/target/debug/deps/libpstore_format-1275d00aeb99a72a.rlib --extern pstore_testkit=/tmp/cargo-mutants-pstore-zLaeUx.tmp/target/debug/deps/libpstore_testkit-c545806fa049828c.rlib --extern pstore_types=/tmp/cargo-mutants-pstore-zLaeUx.tmp/target/debug/deps/libpstore_types-c19df0e60947a156.rlib --extern thiserror=/tmp/cargo-mutants-pstore-zLaeUx.tmp/target/debug/deps/libthiserror-a555ba146edbfd98.rlib --extern tokio=/tmp/cargo-mutants-pstore-zLaeUx.tmp/target/debug/deps/libtokio-1c12c7fb7aae7e9d.rlib`
     Running `/home/tuong/.rustup/toolchains/1.90-x86_64-unknown-linux-gnu/bin/rustc --crate-name gc --edition=2024 crates/pstore-engine/tests/gc.rs --error-format=json --json=diagnostic-rendered-ansi,artifacts,future-incompat --emit=dep-info,link -C embed-bitcode=no -C debuginfo=2 --warn=rust_2018_idioms '--deny=clippy::unwrap_used' --forbid=unsafe_code --warn=unreachable_pub '--deny=clippy::unimplemented' '--deny=clippy::todo' '--deny=clippy::panic' --warn=missing_docs '--deny=clippy::mem_forget' '--deny=clippy::indexing_slicing' '--deny=clippy::float_cmp' '--deny=clippy::expect_used' '--deny=clippy::dbg_macro' --test --check-cfg 'cfg(docsrs,test)' --check-cfg 'cfg(feature, values())' -C metadata=802e45e568c15c77 -C extra-filename=-c5cc4388e9b62172 --out-dir /tmp/cargo-mutants-pstore-zLaeUx.tmp/target/debug/deps -C incremental=/tmp/cargo-mutants-pstore-zLaeUx.tmp/target/debug/incremental -L dependency=/tmp/cargo-mutants-pstore-zLaeUx.tmp/target/debug/deps --extern bytes=/tmp/cargo-mutants-pstore-zLaeUx.tmp/target/debug/deps/libbytes-31b8f712e3be84e8.rlib --extern futures_util=/tmp/cargo-mutants-pstore-zLaeUx.tmp/target/debug/deps/libfutures_util-9467758a9490225b.rlib --extern pstore_blob=/tmp/cargo-mutants-pstore-zLaeUx.tmp/target/debug/deps/libpstore_blob-b6cf016c092a0ac2.rlib --extern pstore_engine=/tmp/cargo-mutants-pstore-zLaeUx.tmp/target/debug/deps/libpstore_engine-bda1651ff56837d3.rlib --extern pstore_format=/tmp/cargo-mutants-pstore-zLaeUx.tmp/target/debug/deps/libpstore_format-1275d00aeb99a72a.rlib --extern pstore_testkit=/tmp/cargo-mutants-pstore-zLaeUx.tmp/target/debug/deps/libpstore_testkit-c545806fa049828c.rlib --extern pstore_types=/tmp/cargo-mutants-pstore-zLaeUx.tmp/target/debug/deps/libpstore_types-c19df0e60947a156.rlib --extern thiserror=/tmp/cargo-mutants-pstore-zLaeUx.tmp/target/debug/deps/libthiserror-a555ba146edbfd98.rlib --extern tokio=/tmp/cargo-mutants-pstore-zLaeUx.tmp/target/debug/deps/libtokio-1c12c7fb7aae7e9d.rlib`
     Running `/home/tuong/.rustup/toolchains/1.90-x86_64-unknown-linux-gnu/bin/rustc --crate-name linearizability --edition=2024 crates/pstore-engine/tests/linearizability.rs --error-format=json --json=diagnostic-rendered-ansi,artifacts,future-incompat --emit=dep-info,link -C embed-bitcode=no -C debuginfo=2 --warn=rust_2018_idioms '--deny=clippy::unwrap_used' --forbid=unsafe_code --warn=unreachable_pub '--deny=clippy::unimplemented' '--deny=clippy::todo' '--deny=clippy::panic' --warn=missing_docs '--deny=clippy::mem_forget' '--deny=clippy::indexing_slicing' '--deny=clippy::float_cmp' '--deny=clippy::expect_used' '--deny=clippy::dbg_macro' --test --check-cfg 'cfg(docsrs,test)' --check-cfg 'cfg(feature, values())' -C metadata=b5f5d883389ad973 -C extra-filename=-de8a0036b41b7c31 --out-dir /tmp/cargo-mutants-pstore-zLaeUx.tmp/target/debug/deps -C incremental=/tmp/cargo-mutants-pstore-zLaeUx.tmp/target/debug/incremental -L dependency=/tmp/cargo-mutants-pstore-zLaeUx.tmp/target/debug/deps --extern bytes=/tmp/cargo-mutants-pstore-zLaeUx.tmp/target/debug/deps/libbytes-31b8f712e3be84e8.rlib --extern futures_util=/tmp/cargo-mutants-pstore-zLaeUx.tmp/target/debug/deps/libfutures_util-9467758a9490225b.rlib --extern pstore_blob=/tmp/cargo-mutants-pstore-zLaeUx.tmp/target/debug/deps/libpstore_blob-b6cf016c092a0ac2.rlib --extern pstore_engine=/tmp/cargo-mutants-pstore-zLaeUx.tmp/target/debug/deps/libpstore_engine-bda1651ff56837d3.rlib --extern pstore_format=/tmp/cargo-mutants-pstore-zLaeUx.tmp/target/debug/deps/libpstore_format-1275d00aeb99a72a.rlib --extern pstore_testkit=/tmp/cargo-mutants-pstore-zLaeUx.tmp/target/debug/deps/libpstore_testkit-c545806fa049828c.rlib --extern pstore_types=/tmp/cargo-mutants-pstore-zLaeUx.tmp/target/debug/deps/libpstore_types-c19df0e60947a156.rlib --extern thiserror=/tmp/cargo-mutants-pstore-zLaeUx.tmp/target/debug/deps/libthiserror-a555ba146edbfd98.rlib --extern tokio=/tmp/cargo-mutants-pstore-zLaeUx.tmp/target/debug/deps/libtokio-1c12c7fb7aae7e9d.rlib`
     Running `/home/tuong/.rustup/toolchains/1.90-x86_64-unknown-linux-gnu/bin/rustc --crate-name bundle_errors --edition=2024 crates/pstore-engine/tests/bundle_errors.rs --error-format=json --json=diagnostic-rendered-ansi,artifacts,future-incompat --emit=dep-info,link -C embed-bitcode=no -C debuginfo=2 --warn=rust_2018_idioms '--deny=clippy::unwrap_used' --forbid=unsafe_code --warn=unreachable_pub '--deny=clippy::unimplemented' '--deny=clippy::todo' '--deny=clippy::panic' --warn=missing_docs '--deny=clippy::mem_forget' '--deny=clippy::indexing_slicing' '--deny=clippy::float_cmp' '--deny=clippy::expect_used' '--deny=clippy::dbg_macro' --test --check-cfg 'cfg(docsrs,test)' --check-cfg 'cfg(feature, values())' -C metadata=50a806b046ac6275 -C extra-filename=-12e10ac571c4c893 --out-dir /tmp/cargo-mutants-pstore-zLaeUx.tmp/target/debug/deps -C incremental=/tmp/cargo-mutants-pstore-zLaeUx.tmp/target/debug/incremental -L dependency=/tmp/cargo-mutants-pstore-zLaeUx.tmp/target/debug/deps --extern bytes=/tmp/cargo-mutants-pstore-zLaeUx.tmp/target/debug/deps/libbytes-31b8f712e3be84e8.rlib --extern futures_util=/tmp/cargo-mutants-pstore-zLaeUx.tmp/target/debug/deps/libfutures_util-9467758a9490225b.rlib --extern pstore_blob=/tmp/cargo-mutants-pstore-zLaeUx.tmp/target/debug/deps/libpstore_blob-b6cf016c092a0ac2.rlib --extern pstore_engine=/tmp/cargo-mutants-pstore-zLaeUx.tmp/target/debug/deps/libpstore_engine-bda1651ff56837d3.rlib --extern pstore_format=/tmp/cargo-mutants-pstore-zLaeUx.tmp/target/debug/deps/libpstore_format-1275d00aeb99a72a.rlib --extern pstore_testkit=/tmp/cargo-mutants-pstore-zLaeUx.tmp/target/debug/deps/libpstore_testkit-c545806fa049828c.rlib --extern pstore_types=/tmp/cargo-mutants-pstore-zLaeUx.tmp/target/debug/deps/libpstore_types-c19df0e60947a156.rlib --extern thiserror=/tmp/cargo-mutants-pstore-zLaeUx.tmp/target/debug/deps/libthiserror-a555ba146edbfd98.rlib --extern tokio=/tmp/cargo-mutants-pstore-zLaeUx.tmp/target/debug/deps/libtokio-1c12c7fb7aae7e9d.rlib`
     Running `/home/tuong/.rustup/toolchains/1.90-x86_64-unknown-linux-gnu/bin/rustc --crate-name lanes --edition=2024 crates/pstore-engine/tests/lanes.rs --error-format=json --json=diagnostic-rendered-ansi,artifacts,future-incompat --emit=dep-info,link -C embed-bitcode=no -C debuginfo=2 --warn=rust_2018_idioms '--deny=clippy::unwrap_used' --forbid=unsafe_code --warn=unreachable_pub '--deny=clippy::unimplemented' '--deny=clippy::todo' '--deny=clippy::panic' --warn=missing_docs '--deny=clippy::mem_forget' '--deny=clippy::indexing_slicing' '--deny=clippy::float_cmp' '--deny=clippy::expect_used' '--deny=clippy::dbg_macro' --test --check-cfg 'cfg(docsrs,test)' --check-cfg 'cfg(feature, values())' -C metadata=70e813f3a6992de7 -C extra-filename=-7792817a29f10d61 --out-dir /tmp/cargo-mutants-pstore-zLaeUx.tmp/target/debug/deps -C incremental=/tmp/cargo-mutants-pstore-zLaeUx.tmp/target/debug/incremental -L dependency=/tmp/cargo-mutants-pstore-zLaeUx.tmp/target/debug/deps --extern bytes=/tmp/cargo-mutants-pstore-zLaeUx.tmp/target/debug/deps/libbytes-31b8f712e3be84e8.rlib --extern futures_util=/tmp/cargo-mutants-pstore-zLaeUx.tmp/target/debug/deps/libfutures_util-9467758a9490225b.rlib --extern pstore_blob=/tmp/cargo-mutants-pstore-zLaeUx.tmp/target/debug/deps/libpstore_blob-b6cf016c092a0ac2.rlib --extern pstore_engine=/tmp/cargo-mutants-pstore-zLaeUx.tmp/target/debug/deps/libpstore_engine-bda1651ff56837d3.rlib --extern pstore_format=/tmp/cargo-mutants-pstore-zLaeUx.tmp/target/debug/deps/libpstore_format-1275d00aeb99a72a.rlib --extern pstore_testkit=/tmp/cargo-mutants-pstore-zLaeUx.tmp/target/debug/deps/libpstore_testkit-c545806fa049828c.rlib --extern pstore_types=/tmp/cargo-mutants-pstore-zLaeUx.tmp/target/debug/deps/libpstore_types-c19df0e60947a156.rlib --extern thiserror=/tmp/cargo-mutants-pstore-zLaeUx.tmp/target/debug/deps/libthiserror-a555ba146edbfd98.rlib --extern tokio=/tmp/cargo-mutants-pstore-zLaeUx.tmp/target/debug/deps/libtokio-1c12c7fb7aae7e9d.rlib`
     Running `/home/tuong/.rustup/toolchains/1.90-x86_64-unknown-linux-gnu/bin/rustc --crate-name oq91 --edition=2024 crates/pstore-engine/tests/oq91.rs --error-format=json --json=diagnostic-rendered-ansi,artifacts,future-incompat --emit=dep-info,link -C embed-bitcode=no -C debuginfo=2 --warn=rust_2018_idioms '--deny=clippy::unwrap_used' --forbid=unsafe_code --warn=unreachable_pub '--deny=clippy::unimplemented' '--deny=clippy::todo' '--deny=clippy::panic' --warn=missing_docs '--deny=clippy::mem_forget' '--deny=clippy::indexing_slicing' '--deny=clippy::float_cmp' '--deny=clippy::expect_used' '--deny=clippy::dbg_macro' --test --check-cfg 'cfg(docsrs,test)' --check-cfg 'cfg(feature, values())' -C metadata=818c5d701d97c498 -C extra-filename=-0041ee8d544e3276 --out-dir /tmp/cargo-mutants-pstore-zLaeUx.tmp/target/debug/deps -C incremental=/tmp/cargo-mutants-pstore-zLaeUx.tmp/target/debug/incremental -L dependency=/tmp/cargo-mutants-pstore-zLaeUx.tmp/target/debug/deps --extern bytes=/tmp/cargo-mutants-pstore-zLaeUx.tmp/target/debug/deps/libbytes-31b8f712e3be84e8.rlib --extern futures_util=/tmp/cargo-mutants-pstore-zLaeUx.tmp/target/debug/deps/libfutures_util-9467758a9490225b.rlib --extern pstore_blob=/tmp/cargo-mutants-pstore-zLaeUx.tmp/target/debug/deps/libpstore_blob-b6cf016c092a0ac2.rlib --extern pstore_engine=/tmp/cargo-mutants-pstore-zLaeUx.tmp/target/debug/deps/libpstore_engine-bda1651ff56837d3.rlib --extern pstore_format=/tmp/cargo-mutants-pstore-zLaeUx.tmp/target/debug/deps/libpstore_format-1275d00aeb99a72a.rlib --extern pstore_testkit=/tmp/cargo-mutants-pstore-zLaeUx.tmp/target/debug/deps/libpstore_testkit-c545806fa049828c.rlib --extern pstore_types=/tmp/cargo-mutants-pstore-zLaeUx.tmp/target/debug/deps/libpstore_types-c19df0e60947a156.rlib --extern thiserror=/tmp/cargo-mutants-pstore-zLaeUx.tmp/target/debug/deps/libthiserror-a555ba146edbfd98.rlib --extern tokio=/tmp/cargo-mutants-pstore-zLaeUx.tmp/target/debug/deps/libtokio-1c12c7fb7aae7e9d.rlib`
     Running `/home/tuong/.rustup/toolchains/1.90-x86_64-unknown-linux-gnu/bin/rustc --crate-name compaction --edition=2024 crates/pstore-engine/tests/compaction.rs --error-format=json --json=diagnostic-rendered-ansi,artifacts,future-incompat --emit=dep-info,link -C embed-bitcode=no -C debuginfo=2 --warn=rust_2018_idioms '--deny=clippy::unwrap_used' --forbid=unsafe_code --warn=unreachable_pub '--deny=clippy::unimplemented' '--deny=clippy::todo' '--deny=clippy::panic' --warn=missing_docs '--deny=clippy::mem_forget' '--deny=clippy::indexing_slicing' '--deny=clippy::float_cmp' '--deny=clippy::expect_used' '--deny=clippy::dbg_macro' --test --check-cfg 'cfg(docsrs,test)' --check-cfg 'cfg(feature, values())' -C metadata=d922605588006a06 -C extra-filename=-e2694d7d2381ec53 --out-dir /tmp/cargo-mutants-pstore-zLaeUx.tmp/target/debug/deps -C incremental=/tmp/cargo-mutants-pstore-zLaeUx.tmp/target/debug/incremental -L dependency=/tmp/cargo-mutants-pstore-zLaeUx.tmp/target/debug/deps --extern bytes=/tmp/cargo-mutants-pstore-zLaeUx.tmp/target/debug/deps/libbytes-31b8f712e3be84e8.rlib --extern futures_util=/tmp/cargo-mutants-pstore-zLaeUx.tmp/target/debug/deps/libfutures_util-9467758a9490225b.rlib --extern pstore_blob=/tmp/cargo-mutants-pstore-zLaeUx.tmp/target/debug/deps/libpstore_blob-b6cf016c092a0ac2.rlib --extern pstore_engine=/tmp/cargo-mutants-pstore-zLaeUx.tmp/target/debug/deps/libpstore_engine-bda1651ff56837d3.rlib --extern pstore_format=/tmp/cargo-mutants-pstore-zLaeUx.tmp/target/debug/deps/libpstore_format-1275d00aeb99a72a.rlib --extern pstore_testkit=/tmp/cargo-mutants-pstore-zLaeUx.tmp/target/debug/deps/libpstore_testkit-c545806fa049828c.rlib --extern pstore_types=/tmp/cargo-mutants-pstore-zLaeUx.tmp/target/debug/deps/libpstore_types-c19df0e60947a156.rlib --extern thiserror=/tmp/cargo-mutants-pstore-zLaeUx.tmp/target/debug/deps/libthiserror-a555ba146edbfd98.rlib --extern tokio=/tmp/cargo-mutants-pstore-zLaeUx.tmp/target/debug/deps/libtokio-1c12c7fb7aae7e9d.rlib`
    Finished `test` profile [unoptimized + debuginfo] target(s) in 8.34s
  Executable `/tmp/cargo-mutants-pstore-zLaeUx.tmp/target/debug/deps/pstore_engine-8cfb19ad04048a97`
  Executable `/tmp/cargo-mutants-pstore-zLaeUx.tmp/target/debug/deps/bundle_errors-12e10ac571c4c893`
  Executable `/tmp/cargo-mutants-pstore-zLaeUx.tmp/target/debug/deps/compaction-e2694d7d2381ec53`
  Executable `/tmp/cargo-mutants-pstore-zLaeUx.tmp/target/debug/deps/end_to_end-064b00503e0e203b`
  Executable `/tmp/cargo-mutants-pstore-zLaeUx.tmp/target/debug/deps/engine-6770e7487f03c003`
  Executable `/tmp/cargo-mutants-pstore-zLaeUx.tmp/target/debug/deps/failures-42cd40aa6ec937fc`
  Executable `/tmp/cargo-mutants-pstore-zLaeUx.tmp/target/debug/deps/gc-c5cc4388e9b62172`
  Executable `/tmp/cargo-mutants-pstore-zLaeUx.tmp/target/debug/deps/head-bf684d7be510072b`
  Executable `/tmp/cargo-mutants-pstore-zLaeUx.tmp/target/debug/deps/invariants-0c8b8182a0366e4f`
  Executable `/tmp/cargo-mutants-pstore-zLaeUx.tmp/target/debug/deps/lanes-7792817a29f10d61`
  Executable `/tmp/cargo-mutants-pstore-zLaeUx.tmp/target/debug/deps/linearizability-de8a0036b41b7c31`
  Executable `/tmp/cargo-mutants-pstore-zLaeUx.tmp/target/debug/deps/oq91-0041ee8d544e3276`

*** result: Success

*** /home/tuong/.rustup/toolchains/1.90-x86_64-unknown-linux-gnu/bin/cargo test --verbose --package=pstore-engine@0.1.0
       Fresh unicode-ident v1.0.24
       Fresh proc-macro2 v1.0.107
       Fresh quote v1.0.47
       Fresh syn v3.0.5
       Fresh pin-project-lite v0.2.17
       Fresh thiserror-impl v2.0.20
       Fresh tokio-macros v2.7.2
       Fresh futures-task v0.3.34
       Fresh slab v0.4.12
       Fresh futures-core v0.3.34
       Fresh futures-util v0.3.34
       Fresh tokio v1.53.1
       Fresh thiserror v2.0.20
       Fresh async-trait v0.1.92
       Fresh pstore-types v0.1.0 (/tmp/cargo-mutants-pstore-zLaeUx.tmp/crates/pstore-types)
       Fresh bytes v1.12.1
       Fresh pstore-blob v0.1.0 (/tmp/cargo-mutants-pstore-zLaeUx.tmp/crates/pstore-blob)
       Fresh pstore-format v0.1.0 (/tmp/cargo-mutants-pstore-zLaeUx.tmp/crates/pstore-format)
       Fresh pstore-testkit v0.1.0 (/tmp/cargo-mutants-pstore-zLaeUx.tmp/crates/pstore-testkit)
warning: unused variable: `index`
   --> crates/pstore-engine/src/lib.rs:159:31
    |
159 |     pub async fn write(&self, index: &str, docs: Vec<Document>) -> Result<(), EngineError> {
    |                               ^^^^^ help: if this is intentional, prefix it with an underscore: `_index`
    |
    = note: `#[warn(unused_variables)]` on by default

warning: unused variable: `docs`
   --> crates/pstore-engine/src/lib.rs:159:44
    |
159 |     pub async fn write(&self, index: &str, docs: Vec<Document>) -> Result<(), EngineError> {
    |                                            ^^^^ help: if this is intentional, prefix it with an underscore: `_docs`

warning: `pstore-engine` (lib) generated 2 warnings
       Fresh pstore-engine v0.1.0 (/tmp/cargo-mutants-pstore-zLaeUx.tmp/crates/pstore-engine)
warning: `pstore-engine` (lib test) generated 2 warnings (2 duplicates)
    Finished `test` profile [unoptimized + debuginfo] target(s) in 0.05s
     Running `/tmp/cargo-mutants-pstore-zLaeUx.tmp/target/debug/deps/pstore_engine-8cfb19ad04048a97`

running 0 tests

test result: ok. 0 passed; 0 failed; 0 ignored; 0 measured; 0 filtered out; finished in 0.00s

     Running `/tmp/cargo-mutants-pstore-zLaeUx.tmp/target/debug/deps/bundle_errors-12e10ac571c4c893`

running 7 tests
test a_bundle_with_an_impossible_index_offset_fails_the_fold ... FAILED
test a_hole_in_a_lane_bounds_the_tail_rather_than_being_skipped ... FAILED
test an_unknown_value_tag_in_a_document_run_is_refused ... ok
test documents_round_trip_through_the_shared_codec ... ok
test folding_nothing_is_a_no_op_not_an_error ... ok
test a_truncated_document_run_is_refused_at_every_length ... ok
test a_bundle_with_a_mangled_footer_fails_the_fold ... FAILED

failures:

---- a_bundle_with_an_impossible_index_offset_fails_the_fold stdout ----

thread 'a_bundle_with_an_impossible_index_offset_fails_the_fold' panicked at crates/pstore-engine/tests/bundle_errors.rs:94:40:
called `Option::unwrap()` on a `None` value
note: run with `RUST_BACKTRACE=1` environment variable to display a backtrace

---- a_hole_in_a_lane_bounds_the_tail_rather_than_being_skipped stdout ----

thread 'a_hole_in_a_lane_bounds_the_tail_rather_than_being_skipped' panicked at crates/pstore-engine/tests/bundle_errors.rs:127:5:
assertion `left == right` failed: the tail is the hole
  left: 0
 right: 1

---- a_bundle_with_a_mangled_footer_fails_the_fold stdout ----

thread 'a_bundle_with_a_mangled_footer_fails_the_fold' panicked at crates/pstore-engine/tests/bundle_errors.rs:77:40:
called `Option::unwrap()` on a `None` value


failures:
    a_bundle_with_a_mangled_footer_fails_the_fold
    a_bundle_with_an_impossible_index_offset_fails_the_fold
    a_hole_in_a_lane_bounds_the_tail_rather_than_being_skipped

test result: FAILED. 4 passed; 3 failed; 0 ignored; 0 measured; 0 filtered out; finished in 0.01s

error: test failed, to rerun pass `-p pstore-engine --test bundle_errors`

*** result: Failure(101)
