
*** crates/pstore-types/src/lib.rs:70:9: replace Seq::next -> Self with Default::default()

*** mutation diff:
--- crates/pstore-types/src/lib.rs
+++ replace Seq::next -> Self with Default::default()
@@ -62,17 +62,17 @@
 
 impl Seq {
     /// The first position in a lane.
     pub const ZERO: Self = Self(0);
 
     /// The next position. Saturating, for the same reason as [`Epoch::next`].
     #[must_use]
     pub const fn next(self) -> Self {
-        Self(self.0.saturating_add(1))
+        Default::default() /* ~ changed by cargo-mutants ~ */
     }
 }
 
 /// An immutable segment. Globally unique and never reused, which is why cache entries
 /// keyed by it never need invalidation.
 #[derive(Debug, Clone, Copy, PartialEq, Eq, PartialOrd, Ord, Hash)]
 pub struct SegmentId(pub u128);
 


*** /home/tuong/.rustup/toolchains/1.90-x86_64-unknown-linux-gnu/bin/cargo test --no-run --verbose --package=pstore-types@0.1.0 --all-features
       Dirty pstore-types v0.1.0 (/tmp/cargo-mutants-pstore-1GLcYs.tmp/crates/pstore-types): couldn't read metadata for file `target/debug/deps/libpstore_types-c19df0e60947a156.rlib`
   Compiling pstore-types v0.1.0 (/tmp/cargo-mutants-pstore-1GLcYs.tmp/crates/pstore-types)
     Running `/home/tuong/.rustup/toolchains/1.90-x86_64-unknown-linux-gnu/bin/rustc --crate-name pstore_types --edition=2024 crates/pstore-types/src/lib.rs --error-format=json --json=diagnostic-rendered-ansi,artifacts,future-incompat --crate-type lib --emit=dep-info,metadata,link -C embed-bitcode=no -C debuginfo=2 --warn=rust_2018_idioms '--deny=clippy::unwrap_used' --forbid=unsafe_code --warn=unreachable_pub '--deny=clippy::unimplemented' '--deny=clippy::todo' '--deny=clippy::panic' --warn=missing_docs '--deny=clippy::mem_forget' '--deny=clippy::indexing_slicing' '--deny=clippy::float_cmp' '--deny=clippy::expect_used' '--deny=clippy::dbg_macro' --check-cfg 'cfg(docsrs,test)' --check-cfg 'cfg(feature, values())' -C metadata=8e75c1784602381c -C extra-filename=-c19df0e60947a156 --out-dir /tmp/cargo-mutants-pstore-1GLcYs.tmp/target/debug/deps -C incremental=/tmp/cargo-mutants-pstore-1GLcYs.tmp/target/debug/incremental -L dependency=/tmp/cargo-mutants-pstore-1GLcYs.tmp/target/debug/deps`
     Running `/home/tuong/.rustup/toolchains/1.90-x86_64-unknown-linux-gnu/bin/rustc --crate-name pstore_types --edition=2024 crates/pstore-types/src/lib.rs --error-format=json --json=diagnostic-rendered-ansi,artifacts,future-incompat --emit=dep-info,link -C embed-bitcode=no -C debuginfo=2 --warn=rust_2018_idioms '--deny=clippy::unwrap_used' --forbid=unsafe_code --warn=unreachable_pub '--deny=clippy::unimplemented' '--deny=clippy::todo' '--deny=clippy::panic' --warn=missing_docs '--deny=clippy::mem_forget' '--deny=clippy::indexing_slicing' '--deny=clippy::float_cmp' '--deny=clippy::expect_used' '--deny=clippy::dbg_macro' --test --check-cfg 'cfg(docsrs,test)' --check-cfg 'cfg(feature, values())' -C metadata=0797840b733e1881 -C extra-filename=-ac8d1ba0068fec8f --out-dir /tmp/cargo-mutants-pstore-1GLcYs.tmp/target/debug/deps -C incremental=/tmp/cargo-mutants-pstore-1GLcYs.tmp/target/debug/incremental -L dependency=/tmp/cargo-mutants-pstore-1GLcYs.tmp/target/debug/deps`
error[E0277]: the trait bound `Seq: Default` is not satisfied
  --> crates/pstore-types/src/lib.rs:70:9
   |
70 |         Default::default() /* ~ changed by cargo-mutants ~ */
   |         ^^^^^^^^^^^^^^^^^^ the trait `Default` is not implemented for `Seq`
   |
help: consider annotating `Seq` with `#[derive(Default)]`
   |
61 + #[derive(Default)]
62 | pub struct Seq(pub u64);
   |

For more information about this error, try `rustc --explain E0277`.
error: could not compile `pstore-types` (lib) due to 1 previous error

Caused by:
  process didn't exit successfully: `/home/tuong/.rustup/toolchains/1.90-x86_64-unknown-linux-gnu/bin/rustc --crate-name pstore_types --edition=2024 crates/pstore-types/src/lib.rs --error-format=json --json=diagnostic-rendered-ansi,artifacts,future-incompat --crate-type lib --emit=dep-info,metadata,link -C embed-bitcode=no -C debuginfo=2 --warn=rust_2018_idioms '--deny=clippy::unwrap_used' --forbid=unsafe_code --warn=unreachable_pub '--deny=clippy::unimplemented' '--deny=clippy::todo' '--deny=clippy::panic' --warn=missing_docs '--deny=clippy::mem_forget' '--deny=clippy::indexing_slicing' '--deny=clippy::float_cmp' '--deny=clippy::expect_used' '--deny=clippy::dbg_macro' --check-cfg 'cfg(docsrs,test)' --check-cfg 'cfg(feature, values())' -C metadata=8e75c1784602381c -C extra-filename=-c19df0e60947a156 --out-dir /tmp/cargo-mutants-pstore-1GLcYs.tmp/target/debug/deps -C incremental=/tmp/cargo-mutants-pstore-1GLcYs.tmp/target/debug/incremental -L dependency=/tmp/cargo-mutants-pstore-1GLcYs.tmp/target/debug/deps` (exit status: 1)
warning: build failed, waiting for other jobs to finish...
error: could not compile `pstore-types` (lib test) due to 1 previous error

Caused by:
  process didn't exit successfully: `/home/tuong/.rustup/toolchains/1.90-x86_64-unknown-linux-gnu/bin/rustc --crate-name pstore_types --edition=2024 crates/pstore-types/src/lib.rs --error-format=json --json=diagnostic-rendered-ansi,artifacts,future-incompat --emit=dep-info,link -C embed-bitcode=no -C debuginfo=2 --warn=rust_2018_idioms '--deny=clippy::unwrap_used' --forbid=unsafe_code --warn=unreachable_pub '--deny=clippy::unimplemented' '--deny=clippy::todo' '--deny=clippy::panic' --warn=missing_docs '--deny=clippy::mem_forget' '--deny=clippy::indexing_slicing' '--deny=clippy::float_cmp' '--deny=clippy::expect_used' '--deny=clippy::dbg_macro' --test --check-cfg 'cfg(docsrs,test)' --check-cfg 'cfg(feature, values())' -C metadata=0797840b733e1881 -C extra-filename=-ac8d1ba0068fec8f --out-dir /tmp/cargo-mutants-pstore-1GLcYs.tmp/target/debug/deps -C incremental=/tmp/cargo-mutants-pstore-1GLcYs.tmp/target/debug/incremental -L dependency=/tmp/cargo-mutants-pstore-1GLcYs.tmp/target/debug/deps` (exit status: 1)

*** result: Failure(101)
