
*** crates/pstore-engine/src/lib.rs:224:9: replace Engine<S>::flush -> Result<Option<Seq>, EngineError> with Ok(Some(Default::default()))

*** mutation diff:
--- crates/pstore-engine/src/lib.rs
+++ replace Engine<S>::flush -> Result<Option<Seq>, EngineError> with Ok(Some(Default::default()))
@@ -216,72 +216,17 @@
             .map(|d| d.id.clone())
             .collect()
     }
 
     /// Writes everything buffered as **one bundle object**, whatever it covers.
     ///
     /// `RA = 1 W` for the batch, and for every index in it.
     pub async fn flush(&self) -> Result<Option<Seq>, EngineError> {
-        let _lane = self.flushing.lock().await;
-        let pending = {
-            let mut m = self.mem();
-            if m.pending.is_empty() {
-                return Ok(None);
-            }
-            std::mem::take(&mut m.pending)
-        };
-        let seq = *self
-            .seq
-            .lock()
-            .unwrap_or_else(std::sync::PoisonError::into_inner);
-
-        // Registered once, on the lane's first flush. A lane nobody can find is a lane
-        // whose writes cannot be recovered, and the registration is what makes a successor
-        // able to discover it without being told.
-        if seq == Seq::ZERO
-            && let Err(e) = lanes::register(&*self.store, self.tenant, self.lane).await
-        {
-            self.restore(pending);
-            return Err(e);
-        }
-        // The one PUT.
-        if let Err(e) = self
-            .store
-            .put(&self.lane_key(seq), bundle::encode(&pending).into())
-            .await
-        {
-            // ⚠️ **The sequence is not consumed, and this is load-bearing** (OQ-91).
-            //
-            // A lane is recovered by probing forward from the last watermark until a key
-            // is missing, so a lane must be DENSE: the first absent sequence is taken as
-            // the end. Burning a number on a failed write punches a permanent hole, and
-            // every bundle after it — all of them acknowledged, all of them durable —
-            // becomes invisible to every future reader. One refused PUT silently
-            // truncates the lane forever.
-            //
-            // Found by the OQ-91 scenario losing two acknowledged rows on seed 0, not by
-            // reading this code.
-            self.restore(pending);
-            return Err(e.into());
-        }
-        {
-            let mut s = self
-                .seq
-                .lock()
-                .unwrap_or_else(std::sync::PoisonError::into_inner);
-            *s = seq.next();
-        }
-        // Only now does it move from pending to durable: a write that failed to land must
-        // not be reported as durable, and must stay visible so it is not lost.
-        let mut m = self.mem();
-        for (idx, docs) in pending {
-            m.durable.entry(idx).or_default().extend(docs);
-        }
-        Ok(Some(seq))
+        Ok(Some(Default::default())) /* ~ changed by cargo-mutants ~ */
     }
 
     /// Puts a failed flush's rows back in front of anything written since.
     ///
     /// Without this a refused flush would drop the rows it took, which is a silent loss of
     /// data the caller was never told was durable — worse than the error it reports,
     /// because the caller's retry would have no way to know what to retry.
     fn restore(&self, pending: BTreeMap<String, Vec<Document>>) {


*** /home/tuong/.rustup/toolchains/1.90-x86_64-unknown-linux-gnu/bin/cargo test --no-run --verbose --package=pstore-engine@0.1.0
       Fresh unicode-ident v1.0.24
       Fresh proc-macro2 v1.0.107
       Fresh quote v1.0.47
       Fresh syn v3.0.5
       Fresh pin-project-lite v0.2.17
       Fresh tokio-macros v2.7.2
       Fresh thiserror-impl v2.0.20
       Fresh slab v0.4.12
       Fresh futures-task v0.3.34
       Fresh futures-core v0.3.34
       Fresh futures-util v0.3.34
       Fresh thiserror v2.0.20
       Fresh tokio v1.53.1
       Fresh async-trait v0.1.92
       Fresh bytes v1.12.1
       Fresh pstore-types v0.1.0 (/tmp/cargo-mutants-pstore-aCsOiw.tmp/crates/pstore-types)
       Fresh pstore-blob v0.1.0 (/tmp/cargo-mutants-pstore-aCsOiw.tmp/crates/pstore-blob)
       Fresh pstore-format v0.1.0 (/tmp/cargo-mutants-pstore-aCsOiw.tmp/crates/pstore-format)
       Fresh pstore-testkit v0.1.0 (/tmp/cargo-mutants-pstore-aCsOiw.tmp/crates/pstore-testkit)
       Dirty pstore-engine v0.1.0 (/tmp/cargo-mutants-pstore-aCsOiw.tmp/crates/pstore-engine): the file `crates/pstore-engine/src/lib.rs` has changed (1788613346.991389068s, 12s after last build at 1788613334.998406444s)
   Compiling pstore-engine v0.1.0 (/tmp/cargo-mutants-pstore-aCsOiw.tmp/crates/pstore-engine)
     Running `/home/tuong/.rustup/toolchains/1.90-x86_64-unknown-linux-gnu/bin/rustc --crate-name pstore_engine --edition=2024 crates/pstore-engine/src/lib.rs --error-format=json --json=diagnostic-rendered-ansi,artifacts,future-incompat --crate-type lib --emit=dep-info,metadata,link -C embed-bitcode=no -C debuginfo=2 --warn=rust_2018_idioms '--deny=clippy::unwrap_used' --forbid=unsafe_code --warn=unreachable_pub '--deny=clippy::unimplemented' '--deny=clippy::todo' '--deny=clippy::panic' --warn=missing_docs '--deny=clippy::mem_forget' '--deny=clippy::indexing_slicing' '--deny=clippy::float_cmp' '--deny=clippy::expect_used' '--deny=clippy::dbg_macro' --check-cfg 'cfg(docsrs,test)' --check-cfg 'cfg(feature, values())' -C metadata=a276e8e21a30ee6c -C extra-filename=-bda1651ff56837d3 --out-dir /tmp/cargo-mutants-pstore-aCsOiw.tmp/target/debug/deps -C incremental=/tmp/cargo-mutants-pstore-aCsOiw.tmp/target/debug/incremental -L dependency=/tmp/cargo-mutants-pstore-aCsOiw.tmp/target/debug/deps --extern bytes=/tmp/cargo-mutants-pstore-aCsOiw.tmp/target/debug/deps/libbytes-31b8f712e3be84e8.rmeta --extern futures_util=/tmp/cargo-mutants-pstore-aCsOiw.tmp/target/debug/deps/libfutures_util-9467758a9490225b.rmeta --extern pstore_blob=/tmp/cargo-mutants-pstore-aCsOiw.tmp/target/debug/deps/libpstore_blob-b6cf016c092a0ac2.rmeta --extern pstore_format=/tmp/cargo-mutants-pstore-aCsOiw.tmp/target/debug/deps/libpstore_format-1275d00aeb99a72a.rmeta --extern pstore_types=/tmp/cargo-mutants-pstore-aCsOiw.tmp/target/debug/deps/libpstore_types-c19df0e60947a156.rmeta --extern thiserror=/tmp/cargo-mutants-pstore-aCsOiw.tmp/target/debug/deps/libthiserror-a555ba146edbfd98.rmeta --extern tokio=/tmp/cargo-mutants-pstore-aCsOiw.tmp/target/debug/deps/libtokio-1c12c7fb7aae7e9d.rmeta`
     Running `/home/tuong/.rustup/toolchains/1.90-x86_64-unknown-linux-gnu/bin/rustc --crate-name pstore_engine --edition=2024 crates/pstore-engine/src/lib.rs --error-format=json --json=diagnostic-rendered-ansi,artifacts,future-incompat --emit=dep-info,link -C embed-bitcode=no -C debuginfo=2 --warn=rust_2018_idioms '--deny=clippy::unwrap_used' --forbid=unsafe_code --warn=unreachable_pub '--deny=clippy::unimplemented' '--deny=clippy::todo' '--deny=clippy::panic' --warn=missing_docs '--deny=clippy::mem_forget' '--deny=clippy::indexing_slicing' '--deny=clippy::float_cmp' '--deny=clippy::expect_used' '--deny=clippy::dbg_macro' --test --check-cfg 'cfg(docsrs,test)' --check-cfg 'cfg(feature, values())' -C metadata=4693ee9f44933b5d -C extra-filename=-8cfb19ad04048a97 --out-dir /tmp/cargo-mutants-pstore-aCsOiw.tmp/target/debug/deps -C incremental=/tmp/cargo-mutants-pstore-aCsOiw.tmp/target/debug/incremental -L dependency=/tmp/cargo-mutants-pstore-aCsOiw.tmp/target/debug/deps --extern bytes=/tmp/cargo-mutants-pstore-aCsOiw.tmp/target/debug/deps/libbytes-31b8f712e3be84e8.rlib --extern futures_util=/tmp/cargo-mutants-pstore-aCsOiw.tmp/target/debug/deps/libfutures_util-9467758a9490225b.rlib --extern pstore_blob=/tmp/cargo-mutants-pstore-aCsOiw.tmp/target/debug/deps/libpstore_blob-b6cf016c092a0ac2.rlib --extern pstore_format=/tmp/cargo-mutants-pstore-aCsOiw.tmp/target/debug/deps/libpstore_format-1275d00aeb99a72a.rlib --extern pstore_testkit=/tmp/cargo-mutants-pstore-aCsOiw.tmp/target/debug/deps/libpstore_testkit-c545806fa049828c.rlib --extern pstore_types=/tmp/cargo-mutants-pstore-aCsOiw.tmp/target/debug/deps/libpstore_types-c19df0e60947a156.rlib --extern thiserror=/tmp/cargo-mutants-pstore-aCsOiw.tmp/target/debug/deps/libthiserror-a555ba146edbfd98.rlib --extern tokio=/tmp/cargo-mutants-pstore-aCsOiw.tmp/target/debug/deps/libtokio-1c12c7fb7aae7e9d.rlib`
warning: fields `seq` and `flushing` are never read
   --> crates/pstore-engine/src/lib.rs:93:5
    |
 86 | pub struct Engine<S> {
    |            ------ fields in this struct
...
 93 |     seq: Mutex<Seq>,
    |     ^^^
...
101 |     flushing: tokio::sync::Mutex<()>,
    |     ^^^^^^^^
    |
    = note: `Engine` has a derived impl for the trait `Debug`, but this is intentionally ignored during dead code analysis
    = note: `#[warn(dead_code)]` on by default

warning: methods `lane_key` and `restore` are never used
   --> crates/pstore-engine/src/lib.rs:184:8
    |
155 | impl<S: BlobStore> Engine<S> {
    | ---------------------------- methods in this implementation
...
184 |     fn lane_key(&self, seq: Seq) -> Key {
    |        ^^^^^^^^
...
232 |     fn restore(&self, pending: BTreeMap<String, Vec<Document>>) {
    |        ^^^^^^^

warning: function `encode` is never used
  --> crates/pstore-engine/src/bundle.rs:34:15
   |
34 | pub(crate) fn encode(by_index: &BTreeMap<String, Vec<Document>>) -> Vec<u8> {
   |               ^^^^^^

warning: `pstore-engine` (lib test) generated 3 warnings
warning: `pstore-engine` (lib) generated 3 warnings (3 duplicates)
     Running `/home/tuong/.rustup/toolchains/1.90-x86_64-unknown-linux-gnu/bin/rustc --crate-name lanes --edition=2024 crates/pstore-engine/tests/lanes.rs --error-format=json --json=diagnostic-rendered-ansi,artifacts,future-incompat --emit=dep-info,link -C embed-bitcode=no -C debuginfo=2 --warn=rust_2018_idioms '--deny=clippy::unwrap_used' --forbid=unsafe_code --warn=unreachable_pub '--deny=clippy::unimplemented' '--deny=clippy::todo' '--deny=clippy::panic' --warn=missing_docs '--deny=clippy::mem_forget' '--deny=clippy::indexing_slicing' '--deny=clippy::float_cmp' '--deny=clippy::expect_used' '--deny=clippy::dbg_macro' --test --check-cfg 'cfg(docsrs,test)' --check-cfg 'cfg(feature, values())' -C metadata=70e813f3a6992de7 -C extra-filename=-7792817a29f10d61 --out-dir /tmp/cargo-mutants-pstore-aCsOiw.tmp/target/debug/deps -C incremental=/tmp/cargo-mutants-pstore-aCsOiw.tmp/target/debug/incremental -L dependency=/tmp/cargo-mutants-pstore-aCsOiw.tmp/target/debug/deps --extern bytes=/tmp/cargo-mutants-pstore-aCsOiw.tmp/target/debug/deps/libbytes-31b8f712e3be84e8.rlib --extern futures_util=/tmp/cargo-mutants-pstore-aCsOiw.tmp/target/debug/deps/libfutures_util-9467758a9490225b.rlib --extern pstore_blob=/tmp/cargo-mutants-pstore-aCsOiw.tmp/target/debug/deps/libpstore_blob-b6cf016c092a0ac2.rlib --extern pstore_engine=/tmp/cargo-mutants-pstore-aCsOiw.tmp/target/debug/deps/libpstore_engine-bda1651ff56837d3.rlib --extern pstore_format=/tmp/cargo-mutants-pstore-aCsOiw.tmp/target/debug/deps/libpstore_format-1275d00aeb99a72a.rlib --extern pstore_testkit=/tmp/cargo-mutants-pstore-aCsOiw.tmp/target/debug/deps/libpstore_testkit-c545806fa049828c.rlib --extern pstore_types=/tmp/cargo-mutants-pstore-aCsOiw.tmp/target/debug/deps/libpstore_types-c19df0e60947a156.rlib --extern thiserror=/tmp/cargo-mutants-pstore-aCsOiw.tmp/target/debug/deps/libthiserror-a555ba146edbfd98.rlib --extern tokio=/tmp/cargo-mutants-pstore-aCsOiw.tmp/target/debug/deps/libtokio-1c12c7fb7aae7e9d.rlib`
     Running `/home/tuong/.rustup/toolchains/1.90-x86_64-unknown-linux-gnu/bin/rustc --crate-name arithmetic --edition=2024 crates/pstore-engine/tests/arithmetic.rs --error-format=json --json=diagnostic-rendered-ansi,artifacts,future-incompat --emit=dep-info,link -C embed-bitcode=no -C debuginfo=2 --warn=rust_2018_idioms '--deny=clippy::unwrap_used' --forbid=unsafe_code --warn=unreachable_pub '--deny=clippy::unimplemented' '--deny=clippy::todo' '--deny=clippy::panic' --warn=missing_docs '--deny=clippy::mem_forget' '--deny=clippy::indexing_slicing' '--deny=clippy::float_cmp' '--deny=clippy::expect_used' '--deny=clippy::dbg_macro' --test --check-cfg 'cfg(docsrs,test)' --check-cfg 'cfg(feature, values())' -C metadata=7cbb68e405db711d -C extra-filename=-f480cc013a8e5cda --out-dir /tmp/cargo-mutants-pstore-aCsOiw.tmp/target/debug/deps -C incremental=/tmp/cargo-mutants-pstore-aCsOiw.tmp/target/debug/incremental -L dependency=/tmp/cargo-mutants-pstore-aCsOiw.tmp/target/debug/deps --extern bytes=/tmp/cargo-mutants-pstore-aCsOiw.tmp/target/debug/deps/libbytes-31b8f712e3be84e8.rlib --extern futures_util=/tmp/cargo-mutants-pstore-aCsOiw.tmp/target/debug/deps/libfutures_util-9467758a9490225b.rlib --extern pstore_blob=/tmp/cargo-mutants-pstore-aCsOiw.tmp/target/debug/deps/libpstore_blob-b6cf016c092a0ac2.rlib --extern pstore_engine=/tmp/cargo-mutants-pstore-aCsOiw.tmp/target/debug/deps/libpstore_engine-bda1651ff56837d3.rlib --extern pstore_format=/tmp/cargo-mutants-pstore-aCsOiw.tmp/target/debug/deps/libpstore_format-1275d00aeb99a72a.rlib --extern pstore_testkit=/tmp/cargo-mutants-pstore-aCsOiw.tmp/target/debug/deps/libpstore_testkit-c545806fa049828c.rlib --extern pstore_types=/tmp/cargo-mutants-pstore-aCsOiw.tmp/target/debug/deps/libpstore_types-c19df0e60947a156.rlib --extern thiserror=/tmp/cargo-mutants-pstore-aCsOiw.tmp/target/debug/deps/libthiserror-a555ba146edbfd98.rlib --extern tokio=/tmp/cargo-mutants-pstore-aCsOiw.tmp/target/debug/deps/libtokio-1c12c7fb7aae7e9d.rlib`
     Running `/home/tuong/.rustup/toolchains/1.90-x86_64-unknown-linux-gnu/bin/rustc --crate-name gc --edition=2024 crates/pstore-engine/tests/gc.rs --error-format=json --json=diagnostic-rendered-ansi,artifacts,future-incompat --emit=dep-info,link -C embed-bitcode=no -C debuginfo=2 --warn=rust_2018_idioms '--deny=clippy::unwrap_used' --forbid=unsafe_code --warn=unreachable_pub '--deny=clippy::unimplemented' '--deny=clippy::todo' '--deny=clippy::panic' --warn=missing_docs '--deny=clippy::mem_forget' '--deny=clippy::indexing_slicing' '--deny=clippy::float_cmp' '--deny=clippy::expect_used' '--deny=clippy::dbg_macro' --test --check-cfg 'cfg(docsrs,test)' --check-cfg 'cfg(feature, values())' -C metadata=802e45e568c15c77 -C extra-filename=-c5cc4388e9b62172 --out-dir /tmp/cargo-mutants-pstore-aCsOiw.tmp/target/debug/deps -C incremental=/tmp/cargo-mutants-pstore-aCsOiw.tmp/target/debug/incremental -L dependency=/tmp/cargo-mutants-pstore-aCsOiw.tmp/target/debug/deps --extern bytes=/tmp/cargo-mutants-pstore-aCsOiw.tmp/target/debug/deps/libbytes-31b8f712e3be84e8.rlib --extern futures_util=/tmp/cargo-mutants-pstore-aCsOiw.tmp/target/debug/deps/libfutures_util-9467758a9490225b.rlib --extern pstore_blob=/tmp/cargo-mutants-pstore-aCsOiw.tmp/target/debug/deps/libpstore_blob-b6cf016c092a0ac2.rlib --extern pstore_engine=/tmp/cargo-mutants-pstore-aCsOiw.tmp/target/debug/deps/libpstore_engine-bda1651ff56837d3.rlib --extern pstore_format=/tmp/cargo-mutants-pstore-aCsOiw.tmp/target/debug/deps/libpstore_format-1275d00aeb99a72a.rlib --extern pstore_testkit=/tmp/cargo-mutants-pstore-aCsOiw.tmp/target/debug/deps/libpstore_testkit-c545806fa049828c.rlib --extern pstore_types=/tmp/cargo-mutants-pstore-aCsOiw.tmp/target/debug/deps/libpstore_types-c19df0e60947a156.rlib --extern thiserror=/tmp/cargo-mutants-pstore-aCsOiw.tmp/target/debug/deps/libthiserror-a555ba146edbfd98.rlib --extern tokio=/tmp/cargo-mutants-pstore-aCsOiw.tmp/target/debug/deps/libtokio-1c12c7fb7aae7e9d.rlib`
     Running `/home/tuong/.rustup/toolchains/1.90-x86_64-unknown-linux-gnu/bin/rustc --crate-name compaction --edition=2024 crates/pstore-engine/tests/compaction.rs --error-format=json --json=diagnostic-rendered-ansi,artifacts,future-incompat --emit=dep-info,link -C embed-bitcode=no -C debuginfo=2 --warn=rust_2018_idioms '--deny=clippy::unwrap_used' --forbid=unsafe_code --warn=unreachable_pub '--deny=clippy::unimplemented' '--deny=clippy::todo' '--deny=clippy::panic' --warn=missing_docs '--deny=clippy::mem_forget' '--deny=clippy::indexing_slicing' '--deny=clippy::float_cmp' '--deny=clippy::expect_used' '--deny=clippy::dbg_macro' --test --check-cfg 'cfg(docsrs,test)' --check-cfg 'cfg(feature, values())' -C metadata=d922605588006a06 -C extra-filename=-e2694d7d2381ec53 --out-dir /tmp/cargo-mutants-pstore-aCsOiw.tmp/target/debug/deps -C incremental=/tmp/cargo-mutants-pstore-aCsOiw.tmp/target/debug/incremental -L dependency=/tmp/cargo-mutants-pstore-aCsOiw.tmp/target/debug/deps --extern bytes=/tmp/cargo-mutants-pstore-aCsOiw.tmp/target/debug/deps/libbytes-31b8f712e3be84e8.rlib --extern futures_util=/tmp/cargo-mutants-pstore-aCsOiw.tmp/target/debug/deps/libfutures_util-9467758a9490225b.rlib --extern pstore_blob=/tmp/cargo-mutants-pstore-aCsOiw.tmp/target/debug/deps/libpstore_blob-b6cf016c092a0ac2.rlib --extern pstore_engine=/tmp/cargo-mutants-pstore-aCsOiw.tmp/target/debug/deps/libpstore_engine-bda1651ff56837d3.rlib --extern pstore_format=/tmp/cargo-mutants-pstore-aCsOiw.tmp/target/debug/deps/libpstore_format-1275d00aeb99a72a.rlib --extern pstore_testkit=/tmp/cargo-mutants-pstore-aCsOiw.tmp/target/debug/deps/libpstore_testkit-c545806fa049828c.rlib --extern pstore_types=/tmp/cargo-mutants-pstore-aCsOiw.tmp/target/debug/deps/libpstore_types-c19df0e60947a156.rlib --extern thiserror=/tmp/cargo-mutants-pstore-aCsOiw.tmp/target/debug/deps/libthiserror-a555ba146edbfd98.rlib --extern tokio=/tmp/cargo-mutants-pstore-aCsOiw.tmp/target/debug/deps/libtokio-1c12c7fb7aae7e9d.rlib`
     Running `/home/tuong/.rustup/toolchains/1.90-x86_64-unknown-linux-gnu/bin/rustc --crate-name end_to_end --edition=2024 crates/pstore-engine/tests/end_to_end.rs --error-format=json --json=diagnostic-rendered-ansi,artifacts,future-incompat --emit=dep-info,link -C embed-bitcode=no -C debuginfo=2 --warn=rust_2018_idioms '--deny=clippy::unwrap_used' --forbid=unsafe_code --warn=unreachable_pub '--deny=clippy::unimplemented' '--deny=clippy::todo' '--deny=clippy::panic' --warn=missing_docs '--deny=clippy::mem_forget' '--deny=clippy::indexing_slicing' '--deny=clippy::float_cmp' '--deny=clippy::expect_used' '--deny=clippy::dbg_macro' --test --check-cfg 'cfg(docsrs,test)' --check-cfg 'cfg(feature, values())' -C metadata=f79278e72e1f6f1e -C extra-filename=-064b00503e0e203b --out-dir /tmp/cargo-mutants-pstore-aCsOiw.tmp/target/debug/deps -C incremental=/tmp/cargo-mutants-pstore-aCsOiw.tmp/target/debug/incremental -L dependency=/tmp/cargo-mutants-pstore-aCsOiw.tmp/target/debug/deps --extern bytes=/tmp/cargo-mutants-pstore-aCsOiw.tmp/target/debug/deps/libbytes-31b8f712e3be84e8.rlib --extern futures_util=/tmp/cargo-mutants-pstore-aCsOiw.tmp/target/debug/deps/libfutures_util-9467758a9490225b.rlib --extern pstore_blob=/tmp/cargo-mutants-pstore-aCsOiw.tmp/target/debug/deps/libpstore_blob-b6cf016c092a0ac2.rlib --extern pstore_engine=/tmp/cargo-mutants-pstore-aCsOiw.tmp/target/debug/deps/libpstore_engine-bda1651ff56837d3.rlib --extern pstore_format=/tmp/cargo-mutants-pstore-aCsOiw.tmp/target/debug/deps/libpstore_format-1275d00aeb99a72a.rlib --extern pstore_testkit=/tmp/cargo-mutants-pstore-aCsOiw.tmp/target/debug/deps/libpstore_testkit-c545806fa049828c.rlib --extern pstore_types=/tmp/cargo-mutants-pstore-aCsOiw.tmp/target/debug/deps/libpstore_types-c19df0e60947a156.rlib --extern thiserror=/tmp/cargo-mutants-pstore-aCsOiw.tmp/target/debug/deps/libthiserror-a555ba146edbfd98.rlib --extern tokio=/tmp/cargo-mutants-pstore-aCsOiw.tmp/target/debug/deps/libtokio-1c12c7fb7aae7e9d.rlib`
     Running `/home/tuong/.rustup/toolchains/1.90-x86_64-unknown-linux-gnu/bin/rustc --crate-name linearizability --edition=2024 crates/pstore-engine/tests/linearizability.rs --error-format=json --json=diagnostic-rendered-ansi,artifacts,future-incompat --emit=dep-info,link -C embed-bitcode=no -C debuginfo=2 --warn=rust_2018_idioms '--deny=clippy::unwrap_used' --forbid=unsafe_code --warn=unreachable_pub '--deny=clippy::unimplemented' '--deny=clippy::todo' '--deny=clippy::panic' --warn=missing_docs '--deny=clippy::mem_forget' '--deny=clippy::indexing_slicing' '--deny=clippy::float_cmp' '--deny=clippy::expect_used' '--deny=clippy::dbg_macro' --test --check-cfg 'cfg(docsrs,test)' --check-cfg 'cfg(feature, values())' -C metadata=b5f5d883389ad973 -C extra-filename=-de8a0036b41b7c31 --out-dir /tmp/cargo-mutants-pstore-aCsOiw.tmp/target/debug/deps -C incremental=/tmp/cargo-mutants-pstore-aCsOiw.tmp/target/debug/incremental -L dependency=/tmp/cargo-mutants-pstore-aCsOiw.tmp/target/debug/deps --extern bytes=/tmp/cargo-mutants-pstore-aCsOiw.tmp/target/debug/deps/libbytes-31b8f712e3be84e8.rlib --extern futures_util=/tmp/cargo-mutants-pstore-aCsOiw.tmp/target/debug/deps/libfutures_util-9467758a9490225b.rlib --extern pstore_blob=/tmp/cargo-mutants-pstore-aCsOiw.tmp/target/debug/deps/libpstore_blob-b6cf016c092a0ac2.rlib --extern pstore_engine=/tmp/cargo-mutants-pstore-aCsOiw.tmp/target/debug/deps/libpstore_engine-bda1651ff56837d3.rlib --extern pstore_format=/tmp/cargo-mutants-pstore-aCsOiw.tmp/target/debug/deps/libpstore_format-1275d00aeb99a72a.rlib --extern pstore_testkit=/tmp/cargo-mutants-pstore-aCsOiw.tmp/target/debug/deps/libpstore_testkit-c545806fa049828c.rlib --extern pstore_types=/tmp/cargo-mutants-pstore-aCsOiw.tmp/target/debug/deps/libpstore_types-c19df0e60947a156.rlib --extern thiserror=/tmp/cargo-mutants-pstore-aCsOiw.tmp/target/debug/deps/libthiserror-a555ba146edbfd98.rlib --extern tokio=/tmp/cargo-mutants-pstore-aCsOiw.tmp/target/debug/deps/libtokio-1c12c7fb7aae7e9d.rlib`
     Running `/home/tuong/.rustup/toolchains/1.90-x86_64-unknown-linux-gnu/bin/rustc --crate-name head --edition=2024 crates/pstore-engine/tests/head.rs --error-format=json --json=diagnostic-rendered-ansi,artifacts,future-incompat --emit=dep-info,link -C embed-bitcode=no -C debuginfo=2 --warn=rust_2018_idioms '--deny=clippy::unwrap_used' --forbid=unsafe_code --warn=unreachable_pub '--deny=clippy::unimplemented' '--deny=clippy::todo' '--deny=clippy::panic' --warn=missing_docs '--deny=clippy::mem_forget' '--deny=clippy::indexing_slicing' '--deny=clippy::float_cmp' '--deny=clippy::expect_used' '--deny=clippy::dbg_macro' --test --check-cfg 'cfg(docsrs,test)' --check-cfg 'cfg(feature, values())' -C metadata=ff3733eee68dac93 -C extra-filename=-bf684d7be510072b --out-dir /tmp/cargo-mutants-pstore-aCsOiw.tmp/target/debug/deps -C incremental=/tmp/cargo-mutants-pstore-aCsOiw.tmp/target/debug/incremental -L dependency=/tmp/cargo-mutants-pstore-aCsOiw.tmp/target/debug/deps --extern bytes=/tmp/cargo-mutants-pstore-aCsOiw.tmp/target/debug/deps/libbytes-31b8f712e3be84e8.rlib --extern futures_util=/tmp/cargo-mutants-pstore-aCsOiw.tmp/target/debug/deps/libfutures_util-9467758a9490225b.rlib --extern pstore_blob=/tmp/cargo-mutants-pstore-aCsOiw.tmp/target/debug/deps/libpstore_blob-b6cf016c092a0ac2.rlib --extern pstore_engine=/tmp/cargo-mutants-pstore-aCsOiw.tmp/target/debug/deps/libpstore_engine-bda1651ff56837d3.rlib --extern pstore_format=/tmp/cargo-mutants-pstore-aCsOiw.tmp/target/debug/deps/libpstore_format-1275d00aeb99a72a.rlib --extern pstore_testkit=/tmp/cargo-mutants-pstore-aCsOiw.tmp/target/debug/deps/libpstore_testkit-c545806fa049828c.rlib --extern pstore_types=/tmp/cargo-mutants-pstore-aCsOiw.tmp/target/debug/deps/libpstore_types-c19df0e60947a156.rlib --extern thiserror=/tmp/cargo-mutants-pstore-aCsOiw.tmp/target/debug/deps/libthiserror-a555ba146edbfd98.rlib --extern tokio=/tmp/cargo-mutants-pstore-aCsOiw.tmp/target/debug/deps/libtokio-1c12c7fb7aae7e9d.rlib`
     Running `/home/tuong/.rustup/toolchains/1.90-x86_64-unknown-linux-gnu/bin/rustc --crate-name engine --edition=2024 crates/pstore-engine/tests/engine.rs --error-format=json --json=diagnostic-rendered-ansi,artifacts,future-incompat --emit=dep-info,link -C embed-bitcode=no -C debuginfo=2 --warn=rust_2018_idioms '--deny=clippy::unwrap_used' --forbid=unsafe_code --warn=unreachable_pub '--deny=clippy::unimplemented' '--deny=clippy::todo' '--deny=clippy::panic' --warn=missing_docs '--deny=clippy::mem_forget' '--deny=clippy::indexing_slicing' '--deny=clippy::float_cmp' '--deny=clippy::expect_used' '--deny=clippy::dbg_macro' --test --check-cfg 'cfg(docsrs,test)' --check-cfg 'cfg(feature, values())' -C metadata=e449d115f1b6d00d -C extra-filename=-6770e7487f03c003 --out-dir /tmp/cargo-mutants-pstore-aCsOiw.tmp/target/debug/deps -C incremental=/tmp/cargo-mutants-pstore-aCsOiw.tmp/target/debug/incremental -L dependency=/tmp/cargo-mutants-pstore-aCsOiw.tmp/target/debug/deps --extern bytes=/tmp/cargo-mutants-pstore-aCsOiw.tmp/target/debug/deps/libbytes-31b8f712e3be84e8.rlib --extern futures_util=/tmp/cargo-mutants-pstore-aCsOiw.tmp/target/debug/deps/libfutures_util-9467758a9490225b.rlib --extern pstore_blob=/tmp/cargo-mutants-pstore-aCsOiw.tmp/target/debug/deps/libpstore_blob-b6cf016c092a0ac2.rlib --extern pstore_engine=/tmp/cargo-mutants-pstore-aCsOiw.tmp/target/debug/deps/libpstore_engine-bda1651ff56837d3.rlib --extern pstore_format=/tmp/cargo-mutants-pstore-aCsOiw.tmp/target/debug/deps/libpstore_format-1275d00aeb99a72a.rlib --extern pstore_testkit=/tmp/cargo-mutants-pstore-aCsOiw.tmp/target/debug/deps/libpstore_testkit-c545806fa049828c.rlib --extern pstore_types=/tmp/cargo-mutants-pstore-aCsOiw.tmp/target/debug/deps/libpstore_types-c19df0e60947a156.rlib --extern thiserror=/tmp/cargo-mutants-pstore-aCsOiw.tmp/target/debug/deps/libthiserror-a555ba146edbfd98.rlib --extern tokio=/tmp/cargo-mutants-pstore-aCsOiw.tmp/target/debug/deps/libtokio-1c12c7fb7aae7e9d.rlib`
     Running `/home/tuong/.rustup/toolchains/1.90-x86_64-unknown-linux-gnu/bin/rustc --crate-name invariants --edition=2024 crates/pstore-engine/tests/invariants.rs --error-format=json --json=diagnostic-rendered-ansi,artifacts,future-incompat --emit=dep-info,link -C embed-bitcode=no -C debuginfo=2 --warn=rust_2018_idioms '--deny=clippy::unwrap_used' --forbid=unsafe_code --warn=unreachable_pub '--deny=clippy::unimplemented' '--deny=clippy::todo' '--deny=clippy::panic' --warn=missing_docs '--deny=clippy::mem_forget' '--deny=clippy::indexing_slicing' '--deny=clippy::float_cmp' '--deny=clippy::expect_used' '--deny=clippy::dbg_macro' --test --check-cfg 'cfg(docsrs,test)' --check-cfg 'cfg(feature, values())' -C metadata=abed4b24add1deec -C extra-filename=-0c8b8182a0366e4f --out-dir /tmp/cargo-mutants-pstore-aCsOiw.tmp/target/debug/deps -C incremental=/tmp/cargo-mutants-pstore-aCsOiw.tmp/target/debug/incremental -L dependency=/tmp/cargo-mutants-pstore-aCsOiw.tmp/target/debug/deps --extern bytes=/tmp/cargo-mutants-pstore-aCsOiw.tmp/target/debug/deps/libbytes-31b8f712e3be84e8.rlib --extern futures_util=/tmp/cargo-mutants-pstore-aCsOiw.tmp/target/debug/deps/libfutures_util-9467758a9490225b.rlib --extern pstore_blob=/tmp/cargo-mutants-pstore-aCsOiw.tmp/target/debug/deps/libpstore_blob-b6cf016c092a0ac2.rlib --extern pstore_engine=/tmp/cargo-mutants-pstore-aCsOiw.tmp/target/debug/deps/libpstore_engine-bda1651ff56837d3.rlib --extern pstore_format=/tmp/cargo-mutants-pstore-aCsOiw.tmp/target/debug/deps/libpstore_format-1275d00aeb99a72a.rlib --extern pstore_testkit=/tmp/cargo-mutants-pstore-aCsOiw.tmp/target/debug/deps/libpstore_testkit-c545806fa049828c.rlib --extern pstore_types=/tmp/cargo-mutants-pstore-aCsOiw.tmp/target/debug/deps/libpstore_types-c19df0e60947a156.rlib --extern thiserror=/tmp/cargo-mutants-pstore-aCsOiw.tmp/target/debug/deps/libthiserror-a555ba146edbfd98.rlib --extern tokio=/tmp/cargo-mutants-pstore-aCsOiw.tmp/target/debug/deps/libtokio-1c12c7fb7aae7e9d.rlib`
     Running `/home/tuong/.rustup/toolchains/1.90-x86_64-unknown-linux-gnu/bin/rustc --crate-name oq91 --edition=2024 crates/pstore-engine/tests/oq91.rs --error-format=json --json=diagnostic-rendered-ansi,artifacts,future-incompat --emit=dep-info,link -C embed-bitcode=no -C debuginfo=2 --warn=rust_2018_idioms '--deny=clippy::unwrap_used' --forbid=unsafe_code --warn=unreachable_pub '--deny=clippy::unimplemented' '--deny=clippy::todo' '--deny=clippy::panic' --warn=missing_docs '--deny=clippy::mem_forget' '--deny=clippy::indexing_slicing' '--deny=clippy::float_cmp' '--deny=clippy::expect_used' '--deny=clippy::dbg_macro' --test --check-cfg 'cfg(docsrs,test)' --check-cfg 'cfg(feature, values())' -C metadata=818c5d701d97c498 -C extra-filename=-0041ee8d544e3276 --out-dir /tmp/cargo-mutants-pstore-aCsOiw.tmp/target/debug/deps -C incremental=/tmp/cargo-mutants-pstore-aCsOiw.tmp/target/debug/incremental -L dependency=/tmp/cargo-mutants-pstore-aCsOiw.tmp/target/debug/deps --extern bytes=/tmp/cargo-mutants-pstore-aCsOiw.tmp/target/debug/deps/libbytes-31b8f712e3be84e8.rlib --extern futures_util=/tmp/cargo-mutants-pstore-aCsOiw.tmp/target/debug/deps/libfutures_util-9467758a9490225b.rlib --extern pstore_blob=/tmp/cargo-mutants-pstore-aCsOiw.tmp/target/debug/deps/libpstore_blob-b6cf016c092a0ac2.rlib --extern pstore_engine=/tmp/cargo-mutants-pstore-aCsOiw.tmp/target/debug/deps/libpstore_engine-bda1651ff56837d3.rlib --extern pstore_format=/tmp/cargo-mutants-pstore-aCsOiw.tmp/target/debug/deps/libpstore_format-1275d00aeb99a72a.rlib --extern pstore_testkit=/tmp/cargo-mutants-pstore-aCsOiw.tmp/target/debug/deps/libpstore_testkit-c545806fa049828c.rlib --extern pstore_types=/tmp/cargo-mutants-pstore-aCsOiw.tmp/target/debug/deps/libpstore_types-c19df0e60947a156.rlib --extern thiserror=/tmp/cargo-mutants-pstore-aCsOiw.tmp/target/debug/deps/libthiserror-a555ba146edbfd98.rlib --extern tokio=/tmp/cargo-mutants-pstore-aCsOiw.tmp/target/debug/deps/libtokio-1c12c7fb7aae7e9d.rlib`
     Running `/home/tuong/.rustup/toolchains/1.90-x86_64-unknown-linux-gnu/bin/rustc --crate-name bundle_errors --edition=2024 crates/pstore-engine/tests/bundle_errors.rs --error-format=json --json=diagnostic-rendered-ansi,artifacts,future-incompat --emit=dep-info,link -C embed-bitcode=no -C debuginfo=2 --warn=rust_2018_idioms '--deny=clippy::unwrap_used' --forbid=unsafe_code --warn=unreachable_pub '--deny=clippy::unimplemented' '--deny=clippy::todo' '--deny=clippy::panic' --warn=missing_docs '--deny=clippy::mem_forget' '--deny=clippy::indexing_slicing' '--deny=clippy::float_cmp' '--deny=clippy::expect_used' '--deny=clippy::dbg_macro' --test --check-cfg 'cfg(docsrs,test)' --check-cfg 'cfg(feature, values())' -C metadata=50a806b046ac6275 -C extra-filename=-12e10ac571c4c893 --out-dir /tmp/cargo-mutants-pstore-aCsOiw.tmp/target/debug/deps -C incremental=/tmp/cargo-mutants-pstore-aCsOiw.tmp/target/debug/incremental -L dependency=/tmp/cargo-mutants-pstore-aCsOiw.tmp/target/debug/deps --extern bytes=/tmp/cargo-mutants-pstore-aCsOiw.tmp/target/debug/deps/libbytes-31b8f712e3be84e8.rlib --extern futures_util=/tmp/cargo-mutants-pstore-aCsOiw.tmp/target/debug/deps/libfutures_util-9467758a9490225b.rlib --extern pstore_blob=/tmp/cargo-mutants-pstore-aCsOiw.tmp/target/debug/deps/libpstore_blob-b6cf016c092a0ac2.rlib --extern pstore_engine=/tmp/cargo-mutants-pstore-aCsOiw.tmp/target/debug/deps/libpstore_engine-bda1651ff56837d3.rlib --extern pstore_format=/tmp/cargo-mutants-pstore-aCsOiw.tmp/target/debug/deps/libpstore_format-1275d00aeb99a72a.rlib --extern pstore_testkit=/tmp/cargo-mutants-pstore-aCsOiw.tmp/target/debug/deps/libpstore_testkit-c545806fa049828c.rlib --extern pstore_types=/tmp/cargo-mutants-pstore-aCsOiw.tmp/target/debug/deps/libpstore_types-c19df0e60947a156.rlib --extern thiserror=/tmp/cargo-mutants-pstore-aCsOiw.tmp/target/debug/deps/libthiserror-a555ba146edbfd98.rlib --extern tokio=/tmp/cargo-mutants-pstore-aCsOiw.tmp/target/debug/deps/libtokio-1c12c7fb7aae7e9d.rlib`
     Running `/home/tuong/.rustup/toolchains/1.90-x86_64-unknown-linux-gnu/bin/rustc --crate-name failures --edition=2024 crates/pstore-engine/tests/failures.rs --error-format=json --json=diagnostic-rendered-ansi,artifacts,future-incompat --emit=dep-info,link -C embed-bitcode=no -C debuginfo=2 --warn=rust_2018_idioms '--deny=clippy::unwrap_used' --forbid=unsafe_code --warn=unreachable_pub '--deny=clippy::unimplemented' '--deny=clippy::todo' '--deny=clippy::panic' --warn=missing_docs '--deny=clippy::mem_forget' '--deny=clippy::indexing_slicing' '--deny=clippy::float_cmp' '--deny=clippy::expect_used' '--deny=clippy::dbg_macro' --test --check-cfg 'cfg(docsrs,test)' --check-cfg 'cfg(feature, values())' -C metadata=f1ef4b3b0a257981 -C extra-filename=-42cd40aa6ec937fc --out-dir /tmp/cargo-mutants-pstore-aCsOiw.tmp/target/debug/deps -C incremental=/tmp/cargo-mutants-pstore-aCsOiw.tmp/target/debug/incremental -L dependency=/tmp/cargo-mutants-pstore-aCsOiw.tmp/target/debug/deps --extern bytes=/tmp/cargo-mutants-pstore-aCsOiw.tmp/target/debug/deps/libbytes-31b8f712e3be84e8.rlib --extern futures_util=/tmp/cargo-mutants-pstore-aCsOiw.tmp/target/debug/deps/libfutures_util-9467758a9490225b.rlib --extern pstore_blob=/tmp/cargo-mutants-pstore-aCsOiw.tmp/target/debug/deps/libpstore_blob-b6cf016c092a0ac2.rlib --extern pstore_engine=/tmp/cargo-mutants-pstore-aCsOiw.tmp/target/debug/deps/libpstore_engine-bda1651ff56837d3.rlib --extern pstore_format=/tmp/cargo-mutants-pstore-aCsOiw.tmp/target/debug/deps/libpstore_format-1275d00aeb99a72a.rlib --extern pstore_testkit=/tmp/cargo-mutants-pstore-aCsOiw.tmp/target/debug/deps/libpstore_testkit-c545806fa049828c.rlib --extern pstore_types=/tmp/cargo-mutants-pstore-aCsOiw.tmp/target/debug/deps/libpstore_types-c19df0e60947a156.rlib --extern thiserror=/tmp/cargo-mutants-pstore-aCsOiw.tmp/target/debug/deps/libthiserror-a555ba146edbfd98.rlib --extern tokio=/tmp/cargo-mutants-pstore-aCsOiw.tmp/target/debug/deps/libtokio-1c12c7fb7aae7e9d.rlib`
    Finished `test` profile [unoptimized + debuginfo] target(s) in 9.16s
  Executable `/tmp/cargo-mutants-pstore-aCsOiw.tmp/target/debug/deps/pstore_engine-8cfb19ad04048a97`
  Executable `/tmp/cargo-mutants-pstore-aCsOiw.tmp/target/debug/deps/arithmetic-f480cc013a8e5cda`
  Executable `/tmp/cargo-mutants-pstore-aCsOiw.tmp/target/debug/deps/bundle_errors-12e10ac571c4c893`
  Executable `/tmp/cargo-mutants-pstore-aCsOiw.tmp/target/debug/deps/compaction-e2694d7d2381ec53`
  Executable `/tmp/cargo-mutants-pstore-aCsOiw.tmp/target/debug/deps/end_to_end-064b00503e0e203b`
  Executable `/tmp/cargo-mutants-pstore-aCsOiw.tmp/target/debug/deps/engine-6770e7487f03c003`
  Executable `/tmp/cargo-mutants-pstore-aCsOiw.tmp/target/debug/deps/failures-42cd40aa6ec937fc`
  Executable `/tmp/cargo-mutants-pstore-aCsOiw.tmp/target/debug/deps/gc-c5cc4388e9b62172`
  Executable `/tmp/cargo-mutants-pstore-aCsOiw.tmp/target/debug/deps/head-bf684d7be510072b`
  Executable `/tmp/cargo-mutants-pstore-aCsOiw.tmp/target/debug/deps/invariants-0c8b8182a0366e4f`
  Executable `/tmp/cargo-mutants-pstore-aCsOiw.tmp/target/debug/deps/lanes-7792817a29f10d61`
  Executable `/tmp/cargo-mutants-pstore-aCsOiw.tmp/target/debug/deps/linearizability-de8a0036b41b7c31`
  Executable `/tmp/cargo-mutants-pstore-aCsOiw.tmp/target/debug/deps/oq91-0041ee8d544e3276`

*** result: Success

*** /home/tuong/.rustup/toolchains/1.90-x86_64-unknown-linux-gnu/bin/cargo test --verbose --package=pstore-engine@0.1.0
       Fresh unicode-ident v1.0.24
       Fresh proc-macro2 v1.0.107
       Fresh quote v1.0.47
       Fresh syn v3.0.5
       Fresh pin-project-lite v0.2.17
       Fresh thiserror-impl v2.0.20
       Fresh tokio-macros v2.7.2
       Fresh futures-task v0.3.34
       Fresh slab v0.4.12
       Fresh futures-core v0.3.34
       Fresh futures-util v0.3.34
       Fresh tokio v1.53.1
       Fresh thiserror v2.0.20
       Fresh async-trait v0.1.92
       Fresh pstore-types v0.1.0 (/tmp/cargo-mutants-pstore-aCsOiw.tmp/crates/pstore-types)
       Fresh bytes v1.12.1
       Fresh pstore-blob v0.1.0 (/tmp/cargo-mutants-pstore-aCsOiw.tmp/crates/pstore-blob)
       Fresh pstore-format v0.1.0 (/tmp/cargo-mutants-pstore-aCsOiw.tmp/crates/pstore-format)
       Fresh pstore-testkit v0.1.0 (/tmp/cargo-mutants-pstore-aCsOiw.tmp/crates/pstore-testkit)
warning: fields `seq` and `flushing` are never read
   --> crates/pstore-engine/src/lib.rs:93:5
    |
 86 | pub struct Engine<S> {
    |            ------ fields in this struct
...
 93 |     seq: Mutex<Seq>,
    |     ^^^
...
101 |     flushing: tokio::sync::Mutex<()>,
    |     ^^^^^^^^
    |
    = note: `Engine` has a derived impl for the trait `Debug`, but this is intentionally ignored during dead code analysis
    = note: `#[warn(dead_code)]` on by default

warning: methods `lane_key` and `restore` are never used
   --> crates/pstore-engine/src/lib.rs:184:8
    |
155 | impl<S: BlobStore> Engine<S> {
    | ---------------------------- methods in this implementation
...
184 |     fn lane_key(&self, seq: Seq) -> Key {
    |        ^^^^^^^^
...
232 |     fn restore(&self, pending: BTreeMap<String, Vec<Document>>) {
    |        ^^^^^^^

warning: function `encode` is never used
  --> crates/pstore-engine/src/bundle.rs:34:15
   |
34 | pub(crate) fn encode(by_index: &BTreeMap<String, Vec<Document>>) -> Vec<u8> {
   |               ^^^^^^

warning: `pstore-engine` (lib) generated 3 warnings
       Fresh pstore-engine v0.1.0 (/tmp/cargo-mutants-pstore-aCsOiw.tmp/crates/pstore-engine)
warning: `pstore-engine` (lib test) generated 3 warnings (3 duplicates)
    Finished `test` profile [unoptimized + debuginfo] target(s) in 0.06s
     Running `/tmp/cargo-mutants-pstore-aCsOiw.tmp/target/debug/deps/pstore_engine-8cfb19ad04048a97`

running 0 tests

test result: ok. 0 passed; 0 failed; 0 ignored; 0 measured; 0 filtered out; finished in 0.00s

     Running `/tmp/cargo-mutants-pstore-aCsOiw.tmp/target/debug/deps/arithmetic-f480cc013a8e5cda`

running 5 tests
test backoff_is_capped ... ok
test lanes_do_not_back_off_in_lockstep ... ok
test backoff_grows_with_the_attempt ... ok
test nonces_never_collide_across_epochs_and_lanes ... ok
test a_nonce_changes_when_only_the_epoch_does ... ok

test result: ok. 5 passed; 0 failed; 0 ignored; 0 measured; 0 filtered out; finished in 0.00s

     Running `/tmp/cargo-mutants-pstore-aCsOiw.tmp/target/debug/deps/bundle_errors-12e10ac571c4c893`

running 7 tests
test an_unknown_value_tag_in_a_document_run_is_refused ... ok
test a_bundle_with_an_impossible_index_offset_fails_the_fold ... FAILED
test a_bundle_with_a_mangled_footer_fails_the_fold ... FAILED
test folding_nothing_is_a_no_op_not_an_error ... FAILED
test a_hole_in_a_lane_bounds_the_tail_rather_than_being_skipped ... FAILED
test a_truncated_document_run_is_refused_at_every_length ... ok
test documents_round_trip_through_the_shared_codec ... ok

failures:

---- a_bundle_with_an_impossible_index_offset_fails_the_fold stdout ----

thread 'a_bundle_with_an_impossible_index_offset_fails_the_fold' panicked at crates/pstore-engine/tests/bundle_errors.rs:97:37:
called `Result::unwrap()` on an `Err` value: NotFound("0029/wal/41/0000000000000001/0000000000000000.bundle")
note: run with `RUST_BACKTRACE=1` environment variable to display a backtrace

---- a_bundle_with_a_mangled_footer_fails_the_fold stdout ----

thread 'a_bundle_with_a_mangled_footer_fails_the_fold' panicked at crates/pstore-engine/tests/bundle_errors.rs:80:34:
called `Result::unwrap()` on an `Err` value: NotFound("0028/wal/40/0000000000000001/0000000000000000.bundle")

---- folding_nothing_is_a_no_op_not_an_error stdout ----

thread 'folding_nothing_is_a_no_op_not_an_error' panicked at crates/pstore-engine/tests/bundle_errors.rs:147:5:
assertion failed: e.flush().await.unwrap().is_none()

---- a_hole_in_a_lane_bounds_the_tail_rather_than_being_skipped stdout ----

thread 'a_hole_in_a_lane_bounds_the_tail_rather_than_being_skipped' panicked at crates/pstore-engine/tests/bundle_errors.rs:127:5:
assertion `left == right` failed: the tail is the hole
  left: 0
 right: 1


failures:
    a_bundle_with_a_mangled_footer_fails_the_fold
    a_bundle_with_an_impossible_index_offset_fails_the_fold
    a_hole_in_a_lane_bounds_the_tail_rather_than_being_skipped
    folding_nothing_is_a_no_op_not_an_error

test result: FAILED. 3 passed; 4 failed; 0 ignored; 0 measured; 0 filtered out; finished in 0.01s

error: test failed, to rerun pass `-p pstore-engine --test bundle_errors`

*** result: Failure(101)
