
*** crates/pstore-engine/src/lanes.rs:45:5: replace decode -> Result<BTreeSet<LaneId>, EngineError> with Ok(BTreeSet::from_iter([Default::default()]))

*** mutation diff:
--- crates/pstore-engine/src/lanes.rs
+++ replace decode -> Result<BTreeSet<LaneId>, EngineError> with Ok(BTreeSet::from_iter([Default::default()]))
@@ -37,24 +37,17 @@
 const MAX_LANES: usize = 4096;
 
 /// The registry's key, derived from the tenant like every other key here.
 pub fn key(tenant: TenantId) -> Key {
     Key::new(format!("{:04x}/tnt/{}/lanes", tenant.0 as u16, tenant.0))
 }
 
 fn decode(buf: &[u8]) -> Result<BTreeSet<LaneId>, EngineError> {
-    if !buf.len().is_multiple_of(8) || buf.len() / 8 > MAX_LANES {
-        return Err(EngineError::CorruptHead);
-    }
-    Ok(buf
-        .chunks_exact(8)
-        .filter_map(|c| c.try_into().ok())
-        .map(|b| LaneId(u64::from_le_bytes(b)))
-        .collect())
+    Ok(BTreeSet::from_iter([Default::default()])) /* ~ changed by cargo-mutants ~ */
 }
 
 fn encode(set: &BTreeSet<LaneId>) -> Vec<u8> {
     set.iter().flat_map(|l| l.0.to_le_bytes()).collect()
 }
 
 /// Records that `lane` exists, if it is not already recorded.
 ///


*** /home/tuong/.rustup/toolchains/1.90-x86_64-unknown-linux-gnu/bin/cargo test --no-run --verbose --package=pstore-engine@0.1.0
       Fresh unicode-ident v1.0.24
       Fresh proc-macro2 v1.0.107
       Fresh quote v1.0.47
       Fresh syn v3.0.5
       Fresh pin-project-lite v0.2.17
       Fresh tokio-macros v2.7.2
       Fresh thiserror-impl v2.0.20
       Fresh slab v0.4.12
       Fresh futures-core v0.3.34
       Fresh futures-task v0.3.34
       Fresh futures-util v0.3.34
       Fresh thiserror v2.0.20
       Fresh tokio v1.53.1
       Fresh async-trait v0.1.92
       Fresh bytes v1.12.1
       Fresh pstore-types v0.1.0 (/tmp/cargo-mutants-pstore-NoaGgA.tmp/crates/pstore-types)
       Fresh pstore-blob v0.1.0 (/tmp/cargo-mutants-pstore-NoaGgA.tmp/crates/pstore-blob)
       Fresh pstore-format v0.1.0 (/tmp/cargo-mutants-pstore-NoaGgA.tmp/crates/pstore-format)
       Fresh pstore-testkit v0.1.0 (/tmp/cargo-mutants-pstore-NoaGgA.tmp/crates/pstore-testkit)
       Dirty pstore-engine v0.1.0 (/tmp/cargo-mutants-pstore-NoaGgA.tmp/crates/pstore-engine): the file `crates/pstore-engine/src/head.rs` has changed (1788611673.410851531s, 6s after last build at 1788611667.386543329s)
   Compiling pstore-engine v0.1.0 (/tmp/cargo-mutants-pstore-NoaGgA.tmp/crates/pstore-engine)
     Running `/home/tuong/.rustup/toolchains/1.90-x86_64-unknown-linux-gnu/bin/rustc --crate-name pstore_engine --edition=2024 crates/pstore-engine/src/lib.rs --error-format=json --json=diagnostic-rendered-ansi,artifacts,future-incompat --crate-type lib --emit=dep-info,metadata,link -C embed-bitcode=no -C debuginfo=2 --warn=rust_2018_idioms '--deny=clippy::unwrap_used' --forbid=unsafe_code --warn=unreachable_pub '--deny=clippy::unimplemented' '--deny=clippy::todo' '--deny=clippy::panic' --warn=missing_docs '--deny=clippy::mem_forget' '--deny=clippy::indexing_slicing' '--deny=clippy::float_cmp' '--deny=clippy::expect_used' '--deny=clippy::dbg_macro' --check-cfg 'cfg(docsrs,test)' --check-cfg 'cfg(feature, values())' -C metadata=a276e8e21a30ee6c -C extra-filename=-bda1651ff56837d3 --out-dir /tmp/cargo-mutants-pstore-NoaGgA.tmp/target/debug/deps -C incremental=/tmp/cargo-mutants-pstore-NoaGgA.tmp/target/debug/incremental -L dependency=/tmp/cargo-mutants-pstore-NoaGgA.tmp/target/debug/deps --extern bytes=/tmp/cargo-mutants-pstore-NoaGgA.tmp/target/debug/deps/libbytes-31b8f712e3be84e8.rmeta --extern futures_util=/tmp/cargo-mutants-pstore-NoaGgA.tmp/target/debug/deps/libfutures_util-9467758a9490225b.rmeta --extern pstore_blob=/tmp/cargo-mutants-pstore-NoaGgA.tmp/target/debug/deps/libpstore_blob-b6cf016c092a0ac2.rmeta --extern pstore_format=/tmp/cargo-mutants-pstore-NoaGgA.tmp/target/debug/deps/libpstore_format-1275d00aeb99a72a.rmeta --extern pstore_types=/tmp/cargo-mutants-pstore-NoaGgA.tmp/target/debug/deps/libpstore_types-c19df0e60947a156.rmeta --extern thiserror=/tmp/cargo-mutants-pstore-NoaGgA.tmp/target/debug/deps/libthiserror-a555ba146edbfd98.rmeta --extern tokio=/tmp/cargo-mutants-pstore-NoaGgA.tmp/target/debug/deps/libtokio-1c12c7fb7aae7e9d.rmeta`
     Running `/home/tuong/.rustup/toolchains/1.90-x86_64-unknown-linux-gnu/bin/rustc --crate-name pstore_engine --edition=2024 crates/pstore-engine/src/lib.rs --error-format=json --json=diagnostic-rendered-ansi,artifacts,future-incompat --emit=dep-info,link -C embed-bitcode=no -C debuginfo=2 --warn=rust_2018_idioms '--deny=clippy::unwrap_used' --forbid=unsafe_code --warn=unreachable_pub '--deny=clippy::unimplemented' '--deny=clippy::todo' '--deny=clippy::panic' --warn=missing_docs '--deny=clippy::mem_forget' '--deny=clippy::indexing_slicing' '--deny=clippy::float_cmp' '--deny=clippy::expect_used' '--deny=clippy::dbg_macro' --test --check-cfg 'cfg(docsrs,test)' --check-cfg 'cfg(feature, values())' -C metadata=4693ee9f44933b5d -C extra-filename=-8cfb19ad04048a97 --out-dir /tmp/cargo-mutants-pstore-NoaGgA.tmp/target/debug/deps -C incremental=/tmp/cargo-mutants-pstore-NoaGgA.tmp/target/debug/incremental -L dependency=/tmp/cargo-mutants-pstore-NoaGgA.tmp/target/debug/deps --extern bytes=/tmp/cargo-mutants-pstore-NoaGgA.tmp/target/debug/deps/libbytes-31b8f712e3be84e8.rlib --extern futures_util=/tmp/cargo-mutants-pstore-NoaGgA.tmp/target/debug/deps/libfutures_util-9467758a9490225b.rlib --extern pstore_blob=/tmp/cargo-mutants-pstore-NoaGgA.tmp/target/debug/deps/libpstore_blob-b6cf016c092a0ac2.rlib --extern pstore_format=/tmp/cargo-mutants-pstore-NoaGgA.tmp/target/debug/deps/libpstore_format-1275d00aeb99a72a.rlib --extern pstore_testkit=/tmp/cargo-mutants-pstore-NoaGgA.tmp/target/debug/deps/libpstore_testkit-c545806fa049828c.rlib --extern pstore_types=/tmp/cargo-mutants-pstore-NoaGgA.tmp/target/debug/deps/libpstore_types-c19df0e60947a156.rlib --extern thiserror=/tmp/cargo-mutants-pstore-NoaGgA.tmp/target/debug/deps/libthiserror-a555ba146edbfd98.rlib --extern tokio=/tmp/cargo-mutants-pstore-NoaGgA.tmp/target/debug/deps/libtokio-1c12c7fb7aae7e9d.rlib`
error[E0277]: the trait bound `LaneId: Default` is not satisfied
  --> crates/pstore-engine/src/lanes.rs:45:29
   |
45 |     Ok(BTreeSet::from_iter([Default::default()])) /* ~ changed by cargo-mutants ~ */
   |                             ^^^^^^^^^^^^^^^^^^ the trait `Default` is not implemented for `LaneId`

For more information about this error, try `rustc --explain E0277`.
error: could not compile `pstore-engine` (lib) due to 1 previous error

Caused by:
  process didn't exit successfully: `/home/tuong/.rustup/toolchains/1.90-x86_64-unknown-linux-gnu/bin/rustc --crate-name pstore_engine --edition=2024 crates/pstore-engine/src/lib.rs --error-format=json --json=diagnostic-rendered-ansi,artifacts,future-incompat --crate-type lib --emit=dep-info,metadata,link -C embed-bitcode=no -C debuginfo=2 --warn=rust_2018_idioms '--deny=clippy::unwrap_used' --forbid=unsafe_code --warn=unreachable_pub '--deny=clippy::unimplemented' '--deny=clippy::todo' '--deny=clippy::panic' --warn=missing_docs '--deny=clippy::mem_forget' '--deny=clippy::indexing_slicing' '--deny=clippy::float_cmp' '--deny=clippy::expect_used' '--deny=clippy::dbg_macro' --check-cfg 'cfg(docsrs,test)' --check-cfg 'cfg(feature, values())' -C metadata=a276e8e21a30ee6c -C extra-filename=-bda1651ff56837d3 --out-dir /tmp/cargo-mutants-pstore-NoaGgA.tmp/target/debug/deps -C incremental=/tmp/cargo-mutants-pstore-NoaGgA.tmp/target/debug/incremental -L dependency=/tmp/cargo-mutants-pstore-NoaGgA.tmp/target/debug/deps --extern bytes=/tmp/cargo-mutants-pstore-NoaGgA.tmp/target/debug/deps/libbytes-31b8f712e3be84e8.rmeta --extern futures_util=/tmp/cargo-mutants-pstore-NoaGgA.tmp/target/debug/deps/libfutures_util-9467758a9490225b.rmeta --extern pstore_blob=/tmp/cargo-mutants-pstore-NoaGgA.tmp/target/debug/deps/libpstore_blob-b6cf016c092a0ac2.rmeta --extern pstore_format=/tmp/cargo-mutants-pstore-NoaGgA.tmp/target/debug/deps/libpstore_format-1275d00aeb99a72a.rmeta --extern pstore_types=/tmp/cargo-mutants-pstore-NoaGgA.tmp/target/debug/deps/libpstore_types-c19df0e60947a156.rmeta --extern thiserror=/tmp/cargo-mutants-pstore-NoaGgA.tmp/target/debug/deps/libthiserror-a555ba146edbfd98.rmeta --extern tokio=/tmp/cargo-mutants-pstore-NoaGgA.tmp/target/debug/deps/libtokio-1c12c7fb7aae7e9d.rmeta` (exit status: 1)
warning: build failed, waiting for other jobs to finish...
error: could not compile `pstore-engine` (lib test) due to 1 previous error

Caused by:
  process didn't exit successfully: `/home/tuong/.rustup/toolchains/1.90-x86_64-unknown-linux-gnu/bin/rustc --crate-name pstore_engine --edition=2024 crates/pstore-engine/src/lib.rs --error-format=json --json=diagnostic-rendered-ansi,artifacts,future-incompat --emit=dep-info,link -C embed-bitcode=no -C debuginfo=2 --warn=rust_2018_idioms '--deny=clippy::unwrap_used' --forbid=unsafe_code --warn=unreachable_pub '--deny=clippy::unimplemented' '--deny=clippy::todo' '--deny=clippy::panic' --warn=missing_docs '--deny=clippy::mem_forget' '--deny=clippy::indexing_slicing' '--deny=clippy::float_cmp' '--deny=clippy::expect_used' '--deny=clippy::dbg_macro' --test --check-cfg 'cfg(docsrs,test)' --check-cfg 'cfg(feature, values())' -C metadata=4693ee9f44933b5d -C extra-filename=-8cfb19ad04048a97 --out-dir /tmp/cargo-mutants-pstore-NoaGgA.tmp/target/debug/deps -C incremental=/tmp/cargo-mutants-pstore-NoaGgA.tmp/target/debug/incremental -L dependency=/tmp/cargo-mutants-pstore-NoaGgA.tmp/target/debug/deps --extern bytes=/tmp/cargo-mutants-pstore-NoaGgA.tmp/target/debug/deps/libbytes-31b8f712e3be84e8.rlib --extern futures_util=/tmp/cargo-mutants-pstore-NoaGgA.tmp/target/debug/deps/libfutures_util-9467758a9490225b.rlib --extern pstore_blob=/tmp/cargo-mutants-pstore-NoaGgA.tmp/target/debug/deps/libpstore_blob-b6cf016c092a0ac2.rlib --extern pstore_format=/tmp/cargo-mutants-pstore-NoaGgA.tmp/target/debug/deps/libpstore_format-1275d00aeb99a72a.rlib --extern pstore_testkit=/tmp/cargo-mutants-pstore-NoaGgA.tmp/target/debug/deps/libpstore_testkit-c545806fa049828c.rlib --extern pstore_types=/tmp/cargo-mutants-pstore-NoaGgA.tmp/target/debug/deps/libpstore_types-c19df0e60947a156.rlib --extern thiserror=/tmp/cargo-mutants-pstore-NoaGgA.tmp/target/debug/deps/libthiserror-a555ba146edbfd98.rlib --extern tokio=/tmp/cargo-mutants-pstore-NoaGgA.tmp/target/debug/deps/libtokio-1c12c7fb7aae7e9d.rlib` (exit status: 1)

*** result: Failure(101)
