
*** crates/pstore-blob/src/coalesce.rs:28:5: replace coalesce -> Vec<Fetch> with vec![Default::default()]

*** mutation diff:
--- crates/pstore-blob/src/coalesce.rs
+++ replace coalesce -> Vec<Fetch> with vec![Default::default()]
@@ -20,38 +20,17 @@
 }
 
 /// Plans the fetches for `ranges`, merging any two whose gap is below `gap`.
 ///
 /// Empty ranges are dropped. The result never contains more fetches than there were
 /// ranges, and every non-empty range is served by exactly one fetch.
 #[must_use]
 pub fn coalesce(ranges: &[Range<u64>], gap: u64) -> Vec<Fetch> {
-    let mut idx: Vec<usize> = (0..ranges.len())
-        .filter(|i| ranges.get(*i).is_some_and(|r| r.start < r.end))
-        .collect();
-    idx.sort_by_key(|i| ranges.get(*i).map(|r| r.start).unwrap_or(0));
-
-    let mut out: Vec<Fetch> = Vec::new();
-    for i in idx {
-        let Some(r) = ranges.get(i) else { continue };
-        match out.last_mut() {
-            // `saturating_sub` because a later range may be *inside* the current span,
-            // which is a gap of zero rather than an underflow.
-            Some(f) if r.start.saturating_sub(f.span.end) < gap => {
-                f.span.end = f.span.end.max(r.end);
-                f.serves.push((i, r.clone()));
-            }
-            _ => out.push(Fetch {
-                span: r.clone(),
-                serves: vec![(i, r.clone())],
-            }),
-        }
-    }
-    out
+    vec![Default::default()] /* ~ changed by cargo-mutants ~ */
 }
 
 #[cfg(test)]
 #[allow(
     clippy::unwrap_used,
     clippy::single_range_in_vec_init,
     reason = "assertions in tests are the reporting mechanism"
 )]


*** /home/tuong/.rustup/toolchains/1.90-x86_64-unknown-linux-gnu/bin/cargo test --no-run --verbose --workspace
       Fresh unicode-ident v1.0.24
       Fresh proc-macro2 v1.0.107
       Fresh quote v1.0.47
       Fresh syn v3.0.5
       Fresh pin-project-lite v0.2.17
       Fresh tokio-macros v2.7.2
       Fresh thiserror-impl v2.0.20
       Fresh futures-core v0.3.34
       Fresh slab v0.4.12
       Fresh futures-task v0.3.34
       Fresh futures-util v0.3.34
       Fresh thiserror v2.0.20
       Fresh tokio v1.53.1
       Fresh async-trait v0.1.92
       Fresh bytes v1.12.1
       Dirty pstore-blob v0.1.0 (/tmp/cargo-mutants-pstore-2KP5Jb.tmp/crates/pstore-blob): the file `crates/pstore-blob/src/coalesce.rs` has changed (1788614199.076306099s, 5s after last build at 1788614194.710947231s)
   Compiling pstore-blob v0.1.0 (/tmp/cargo-mutants-pstore-2KP5Jb.tmp/crates/pstore-blob)
     Running `/home/tuong/.rustup/toolchains/1.90-x86_64-unknown-linux-gnu/bin/rustc --crate-name pstore_blob --edition=2024 crates/pstore-blob/src/lib.rs --error-format=json --json=diagnostic-rendered-ansi,artifacts,future-incompat --crate-type lib --emit=dep-info,metadata,link -C embed-bitcode=no -C debuginfo=2 --warn=rust_2018_idioms '--deny=clippy::unwrap_used' --forbid=unsafe_code --warn=unreachable_pub '--deny=clippy::unimplemented' '--deny=clippy::todo' '--deny=clippy::panic' --warn=missing_docs '--deny=clippy::mem_forget' '--deny=clippy::indexing_slicing' '--deny=clippy::float_cmp' '--deny=clippy::expect_used' '--deny=clippy::dbg_macro' --check-cfg 'cfg(docsrs,test)' --check-cfg 'cfg(feature, values("object_store"))' -C metadata=948d266b4a441e08 -C extra-filename=-a1c846e65fcdfc47 --out-dir /tmp/cargo-mutants-pstore-2KP5Jb.tmp/target/debug/deps -C incremental=/tmp/cargo-mutants-pstore-2KP5Jb.tmp/target/debug/incremental -L dependency=/tmp/cargo-mutants-pstore-2KP5Jb.tmp/target/debug/deps --extern async_trait=/tmp/cargo-mutants-pstore-2KP5Jb.tmp/target/debug/deps/libasync_trait-efaaae825ff87b5f.so --extern bytes=/tmp/cargo-mutants-pstore-2KP5Jb.tmp/target/debug/deps/libbytes-31b8f712e3be84e8.rmeta --extern futures_util=/tmp/cargo-mutants-pstore-2KP5Jb.tmp/target/debug/deps/libfutures_util-9467758a9490225b.rmeta --extern pstore_types=/tmp/cargo-mutants-pstore-2KP5Jb.tmp/target/debug/deps/libpstore_types-c19df0e60947a156.rmeta --extern thiserror=/tmp/cargo-mutants-pstore-2KP5Jb.tmp/target/debug/deps/libthiserror-a555ba146edbfd98.rmeta --extern tokio=/tmp/cargo-mutants-pstore-2KP5Jb.tmp/target/debug/deps/libtokio-c4794fa7272c7af3.rmeta`
       Fresh pstore-types v0.1.0 (/tmp/cargo-mutants-pstore-2KP5Jb.tmp/crates/pstore-types)
error[E0277]: the trait bound `Fetch: Default` is not satisfied
  --> crates/pstore-blob/src/coalesce.rs:28:10
   |
28 |     vec![Default::default()] /* ~ changed by cargo-mutants ~ */
   |          ^^^^^^^^^^^^^^^^^^ the trait `Default` is not implemented for `Fetch`
   |
help: consider annotating `Fetch` with `#[derive(Default)]`
   |
13 + #[derive(Default)]
14 | pub struct Fetch {
   |

For more information about this error, try `rustc --explain E0277`.
error: could not compile `pstore-blob` (lib) due to 1 previous error

Caused by:
  process didn't exit successfully: `/home/tuong/.rustup/toolchains/1.90-x86_64-unknown-linux-gnu/bin/rustc --crate-name pstore_blob --edition=2024 crates/pstore-blob/src/lib.rs --error-format=json --json=diagnostic-rendered-ansi,artifacts,future-incompat --crate-type lib --emit=dep-info,metadata,link -C embed-bitcode=no -C debuginfo=2 --warn=rust_2018_idioms '--deny=clippy::unwrap_used' --forbid=unsafe_code --warn=unreachable_pub '--deny=clippy::unimplemented' '--deny=clippy::todo' '--deny=clippy::panic' --warn=missing_docs '--deny=clippy::mem_forget' '--deny=clippy::indexing_slicing' '--deny=clippy::float_cmp' '--deny=clippy::expect_used' '--deny=clippy::dbg_macro' --check-cfg 'cfg(docsrs,test)' --check-cfg 'cfg(feature, values("object_store"))' -C metadata=948d266b4a441e08 -C extra-filename=-a1c846e65fcdfc47 --out-dir /tmp/cargo-mutants-pstore-2KP5Jb.tmp/target/debug/deps -C incremental=/tmp/cargo-mutants-pstore-2KP5Jb.tmp/target/debug/incremental -L dependency=/tmp/cargo-mutants-pstore-2KP5Jb.tmp/target/debug/deps --extern async_trait=/tmp/cargo-mutants-pstore-2KP5Jb.tmp/target/debug/deps/libasync_trait-efaaae825ff87b5f.so --extern bytes=/tmp/cargo-mutants-pstore-2KP5Jb.tmp/target/debug/deps/libbytes-31b8f712e3be84e8.rmeta --extern futures_util=/tmp/cargo-mutants-pstore-2KP5Jb.tmp/target/debug/deps/libfutures_util-9467758a9490225b.rmeta --extern pstore_types=/tmp/cargo-mutants-pstore-2KP5Jb.tmp/target/debug/deps/libpstore_types-c19df0e60947a156.rmeta --extern thiserror=/tmp/cargo-mutants-pstore-2KP5Jb.tmp/target/debug/deps/libthiserror-a555ba146edbfd98.rmeta --extern tokio=/tmp/cargo-mutants-pstore-2KP5Jb.tmp/target/debug/deps/libtokio-c4794fa7272c7af3.rmeta` (exit status: 1)

*** result: Failure(101)
