
*** crates/pstore-engine/src/lib.rs:551:9: replace Engine<S>::compact -> Result<Option<Epoch>, EngineError> with Ok(Some(Default::default()))

*** mutation diff:
--- crates/pstore-engine/src/lib.rs
+++ replace Engine<S>::compact -> Result<Option<Epoch>, EngineError> with Ok(Some(Default::default()))
@@ -543,99 +543,17 @@
     /// their objects are unreferenced from the moment they lose, so GC reaps them without
     /// needing to know a compaction ever happened.
     ///
     /// Returns `None` when there was nothing to do — fewer than two segments, or another
     /// compactor got there first.
     ///
     /// `RA = n Rpar + 1 W + 1 commit`, for any *n*.
     pub async fn compact(&self, index: &str) -> Result<Option<Epoch>, EngineError> {
-        let at = head::read(&*self.store, self.tenant).await?;
-        let inputs: Vec<SegmentRef> = at.head.indexes.get(index).cloned().unwrap_or_default();
-        if inputs.len() < 2 {
-            return Ok(None);
-        }
-        let keys: Vec<Key> = inputs.iter().map(|r| Key::new(r.key.clone())).collect();
-
-        // Opened and scanned together, like every other multi-segment read: n inputs are
-        // n parallel fetches, not n round trips.
-        let opened =
-            futures_util::future::try_join_all(keys.iter().map(|k| Segment::open(&*self.store, k)))
-                .await?;
-        let scanned = futures_util::future::try_join_all(
-            opened
-                .iter()
-                .zip(&keys)
-                .map(|(seg, k)| seg.scan(&*self.store, k, None)),
-        )
-        .await?;
-        // In input order, so the merged segment reads back in the order the inputs would
-        // have. A merge that reorders is a merge that changes the answer.
-        let rows: Vec<Document> = scanned.into_iter().flatten().collect();
-
-        let out_key = self.compacted_key(at.head.epoch.next(), index);
-        let mut w = SegmentWriter::new(ROWS_PER_BLOCK);
-        for d in &rows {
-            w.push(d.clone());
-        }
-        // The single W. Written BEFORE the commit and never rewritten on a retry: a
-        // rebase changes which HEAD we condition on, not what we merged.
-        self.store.put(&out_key, w.finish()).await?;
-        let out = SegmentRef {
-            key: out_key.as_str().to_owned(),
-            rows: rows.len() as u32,
-        };
-
-        let mut at = at;
-        for attempt in 0..MAX_COMMIT_ATTEMPTS {
-            let current: Vec<SegmentRef> = at.head.indexes.get(index).cloned().unwrap_or_default();
-            // ⚠️ The discard condition. If any input is no longer named by HEAD, another
-            // compactor published this merge and ours is stale — republishing it would
-            // resurrect rows that a later fold may already have superseded. Losing is the
-            // normal outcome of optimistic work, so it is not an error.
-            if !inputs
-                .iter()
-                .all(|i| current.iter().any(|c| c.key == i.key))
-            {
-                return Ok(None);
-            }
-
-            let mut next = at.head.clone();
-            next.epoch = next.epoch.next();
-            next.nonce = nonce_for(next.epoch, self.lane);
-            // Segments added since we read: kept, in place, after the merged one. Dropping
-            // them would silently discard every row folded while we were merging.
-            let mut kept: Vec<SegmentRef> = vec![out.clone()];
-            kept.extend(
-                current
-                    .iter()
-                    .filter(|c| !inputs.iter().any(|i| i.key == c.key))
-                    .cloned(),
-            );
-            next.indexes.insert(index.to_owned(), kept);
-            // Same rule for the segments this merge replaced.
-            next.graveyard
-                .entry(next.epoch.0)
-                .or_default()
-                .extend(inputs.iter().map(|i| i.key.clone()));
-
-            match head::commit(&*self.store, self.tenant, &at, &next).await {
-                Ok(epoch) => return Ok(Some(epoch)),
-                Err(e @ (EngineError::Lost | EngineError::Contended))
-                    if attempt < MAX_COMMIT_ATTEMPTS - 1 =>
-                {
-                    if matches!(e, EngineError::Lost) {
-                        at = head::read(&*self.store, self.tenant).await?;
-                    }
-                    backoff(self.lane, attempt).await;
-                }
-                Err(e) => return Err(e),
-            }
-        }
-        Err(EngineError::Lost)
+        Ok(Some(Default::default())) /* ~ changed by cargo-mutants ~ */
     }
 
     /// Every row of an index a filter selects: committed segments plus everything not yet
     /// folded, each appearing **exactly once**.
     pub async fn scan(
         &self,
         index: &str,
         filter: Option<&Filter>,


*** /home/tuong/.rustup/toolchains/1.90-x86_64-unknown-linux-gnu/bin/cargo test --no-run --verbose --workspace
       Fresh unicode-ident v1.0.24
       Fresh proc-macro2 v1.0.107
       Fresh quote v1.0.47
       Fresh syn v3.0.5
       Fresh pin-project-lite v0.2.17
       Fresh thiserror-impl v2.0.20
       Fresh tokio-macros v2.7.2
       Fresh futures-task v0.3.34
       Fresh futures-core v0.3.34
       Fresh slab v0.4.12
       Fresh futures-util v0.3.34
       Fresh tokio v1.53.1
       Fresh thiserror v2.0.20
       Fresh async-trait v0.1.92
       Fresh bytes v1.12.1
       Dirty pstore-engine v0.1.0 (/tmp/cargo-mutants-pstore-9mUODO.tmp/crates/pstore-engine): the file `crates/pstore-engine/src/lib.rs` has changed (1788615100.634664424s, 3s after last build at 1788615097.518441307s)
   Compiling pstore-engine v0.1.0 (/tmp/cargo-mutants-pstore-9mUODO.tmp/crates/pstore-engine)
     Running `/home/tuong/.rustup/toolchains/1.90-x86_64-unknown-linux-gnu/bin/rustc --crate-name pstore_engine --edition=2024 crates/pstore-engine/src/lib.rs --error-format=json --json=diagnostic-rendered-ansi,artifacts,future-incompat --crate-type lib --emit=dep-info,metadata,link -C embed-bitcode=no -C debuginfo=2 --warn=rust_2018_idioms '--deny=clippy::unwrap_used' --forbid=unsafe_code --warn=unreachable_pub '--deny=clippy::unimplemented' '--deny=clippy::todo' '--deny=clippy::panic' --warn=missing_docs '--deny=clippy::mem_forget' '--deny=clippy::indexing_slicing' '--deny=clippy::float_cmp' '--deny=clippy::expect_used' '--deny=clippy::dbg_macro' --check-cfg 'cfg(docsrs,test)' --check-cfg 'cfg(feature, values())' -C metadata=446648b18a245ce2 -C extra-filename=-57ca2718b28a8562 --out-dir /tmp/cargo-mutants-pstore-9mUODO.tmp/target/debug/deps -C incremental=/tmp/cargo-mutants-pstore-9mUODO.tmp/target/debug/incremental -L dependency=/tmp/cargo-mutants-pstore-9mUODO.tmp/target/debug/deps --extern bytes=/tmp/cargo-mutants-pstore-9mUODO.tmp/target/debug/deps/libbytes-31b8f712e3be84e8.rmeta --extern futures_util=/tmp/cargo-mutants-pstore-9mUODO.tmp/target/debug/deps/libfutures_util-9467758a9490225b.rmeta --extern pstore_blob=/tmp/cargo-mutants-pstore-9mUODO.tmp/target/debug/deps/libpstore_blob-a1c846e65fcdfc47.rmeta --extern pstore_format=/tmp/cargo-mutants-pstore-9mUODO.tmp/target/debug/deps/libpstore_format-915614e952a6fbe8.rmeta --extern pstore_types=/tmp/cargo-mutants-pstore-9mUODO.tmp/target/debug/deps/libpstore_types-c19df0e60947a156.rmeta --extern thiserror=/tmp/cargo-mutants-pstore-9mUODO.tmp/target/debug/deps/libthiserror-a555ba146edbfd98.rmeta --extern tokio=/tmp/cargo-mutants-pstore-9mUODO.tmp/target/debug/deps/libtokio-c4794fa7272c7af3.rmeta`
warning: unused variable: `index`
   --> crates/pstore-engine/src/lib.rs:550:33
    |
550 |     pub async fn compact(&self, index: &str) -> Result<Option<Epoch>, EngineError> {
    |                                 ^^^^^ help: if this is intentional, prefix it with an underscore: `_index`
    |
    = note: `#[warn(unused_variables)]` on by default

warning: method `compacted_key` is never used
   --> crates/pstore-engine/src/lib.rs:530:8
    |
161 | impl<S: BlobStore> Engine<S> {
    | ---------------------------- method in this implementation
...
530 |     fn compacted_key(&self, epoch: Epoch, index: &str) -> Key {
    |        ^^^^^^^^^^^^^
    |
    = note: `#[warn(dead_code)]` on by default

     Running `/home/tuong/.rustup/toolchains/1.90-x86_64-unknown-linux-gnu/bin/rustc --crate-name pstore_engine --edition=2024 crates/pstore-engine/src/lib.rs --error-format=json --json=diagnostic-rendered-ansi,artifacts,future-incompat --emit=dep-info,link -C embed-bitcode=no -C debuginfo=2 --warn=rust_2018_idioms '--deny=clippy::unwrap_used' --forbid=unsafe_code --warn=unreachable_pub '--deny=clippy::unimplemented' '--deny=clippy::todo' '--deny=clippy::panic' --warn=missing_docs '--deny=clippy::mem_forget' '--deny=clippy::indexing_slicing' '--deny=clippy::float_cmp' '--deny=clippy::expect_used' '--deny=clippy::dbg_macro' --test --check-cfg 'cfg(docsrs,test)' --check-cfg 'cfg(feature, values())' -C metadata=1d717388a189498b -C extra-filename=-a10afff159302613 --out-dir /tmp/cargo-mutants-pstore-9mUODO.tmp/target/debug/deps -C incremental=/tmp/cargo-mutants-pstore-9mUODO.tmp/target/debug/incremental -L dependency=/tmp/cargo-mutants-pstore-9mUODO.tmp/target/debug/deps --extern bytes=/tmp/cargo-mutants-pstore-9mUODO.tmp/target/debug/deps/libbytes-31b8f712e3be84e8.rlib --extern futures_util=/tmp/cargo-mutants-pstore-9mUODO.tmp/target/debug/deps/libfutures_util-9467758a9490225b.rlib --extern pstore_blob=/tmp/cargo-mutants-pstore-9mUODO.tmp/target/debug/deps/libpstore_blob-a1c846e65fcdfc47.rlib --extern pstore_format=/tmp/cargo-mutants-pstore-9mUODO.tmp/target/debug/deps/libpstore_format-915614e952a6fbe8.rlib --extern pstore_testkit=/tmp/cargo-mutants-pstore-9mUODO.tmp/target/debug/deps/libpstore_testkit-c70127229fd98aeb.rlib --extern pstore_types=/tmp/cargo-mutants-pstore-9mUODO.tmp/target/debug/deps/libpstore_types-c19df0e60947a156.rlib --extern thiserror=/tmp/cargo-mutants-pstore-9mUODO.tmp/target/debug/deps/libthiserror-a555ba146edbfd98.rlib --extern tokio=/tmp/cargo-mutants-pstore-9mUODO.tmp/target/debug/deps/libtokio-c4794fa7272c7af3.rlib`
       Fresh pstore-blob v0.1.0 (/tmp/cargo-mutants-pstore-9mUODO.tmp/crates/pstore-blob)
       Fresh pstore-format v0.1.0 (/tmp/cargo-mutants-pstore-9mUODO.tmp/crates/pstore-format)
       Fresh pstore-testkit v0.1.0 (/tmp/cargo-mutants-pstore-9mUODO.tmp/crates/pstore-testkit)
       Fresh pstore-types v0.1.0 (/tmp/cargo-mutants-pstore-9mUODO.tmp/crates/pstore-types)
warning: `pstore-engine` (lib) generated 2 warnings
     Running `/home/tuong/.rustup/toolchains/1.90-x86_64-unknown-linux-gnu/bin/rustc --crate-name gc --edition=2024 crates/pstore-engine/tests/gc.rs --error-format=json --json=diagnostic-rendered-ansi,artifacts,future-incompat --emit=dep-info,link -C embed-bitcode=no -C debuginfo=2 --warn=rust_2018_idioms '--deny=clippy::unwrap_used' --forbid=unsafe_code --warn=unreachable_pub '--deny=clippy::unimplemented' '--deny=clippy::todo' '--deny=clippy::panic' --warn=missing_docs '--deny=clippy::mem_forget' '--deny=clippy::indexing_slicing' '--deny=clippy::float_cmp' '--deny=clippy::expect_used' '--deny=clippy::dbg_macro' --test --check-cfg 'cfg(docsrs,test)' --check-cfg 'cfg(feature, values())' -C metadata=6a829d9c507f5849 -C extra-filename=-a51240571b343ea3 --out-dir /tmp/cargo-mutants-pstore-9mUODO.tmp/target/debug/deps -C incremental=/tmp/cargo-mutants-pstore-9mUODO.tmp/target/debug/incremental -L dependency=/tmp/cargo-mutants-pstore-9mUODO.tmp/target/debug/deps --extern bytes=/tmp/cargo-mutants-pstore-9mUODO.tmp/target/debug/deps/libbytes-31b8f712e3be84e8.rlib --extern futures_util=/tmp/cargo-mutants-pstore-9mUODO.tmp/target/debug/deps/libfutures_util-9467758a9490225b.rlib --extern pstore_blob=/tmp/cargo-mutants-pstore-9mUODO.tmp/target/debug/deps/libpstore_blob-a1c846e65fcdfc47.rlib --extern pstore_engine=/tmp/cargo-mutants-pstore-9mUODO.tmp/target/debug/deps/libpstore_engine-57ca2718b28a8562.rlib --extern pstore_format=/tmp/cargo-mutants-pstore-9mUODO.tmp/target/debug/deps/libpstore_format-915614e952a6fbe8.rlib --extern pstore_testkit=/tmp/cargo-mutants-pstore-9mUODO.tmp/target/debug/deps/libpstore_testkit-c70127229fd98aeb.rlib --extern pstore_types=/tmp/cargo-mutants-pstore-9mUODO.tmp/target/debug/deps/libpstore_types-c19df0e60947a156.rlib --extern thiserror=/tmp/cargo-mutants-pstore-9mUODO.tmp/target/debug/deps/libthiserror-a555ba146edbfd98.rlib --extern tokio=/tmp/cargo-mutants-pstore-9mUODO.tmp/target/debug/deps/libtokio-c4794fa7272c7af3.rlib`
     Running `/home/tuong/.rustup/toolchains/1.90-x86_64-unknown-linux-gnu/bin/rustc --crate-name compaction --edition=2024 crates/pstore-engine/tests/compaction.rs --error-format=json --json=diagnostic-rendered-ansi,artifacts,future-incompat --emit=dep-info,link -C embed-bitcode=no -C debuginfo=2 --warn=rust_2018_idioms '--deny=clippy::unwrap_used' --forbid=unsafe_code --warn=unreachable_pub '--deny=clippy::unimplemented' '--deny=clippy::todo' '--deny=clippy::panic' --warn=missing_docs '--deny=clippy::mem_forget' '--deny=clippy::indexing_slicing' '--deny=clippy::float_cmp' '--deny=clippy::expect_used' '--deny=clippy::dbg_macro' --test --check-cfg 'cfg(docsrs,test)' --check-cfg 'cfg(feature, values())' -C metadata=60255f1194bf4db1 -C extra-filename=-fea23ca71d87002d --out-dir /tmp/cargo-mutants-pstore-9mUODO.tmp/target/debug/deps -C incremental=/tmp/cargo-mutants-pstore-9mUODO.tmp/target/debug/incremental -L dependency=/tmp/cargo-mutants-pstore-9mUODO.tmp/target/debug/deps --extern bytes=/tmp/cargo-mutants-pstore-9mUODO.tmp/target/debug/deps/libbytes-31b8f712e3be84e8.rlib --extern futures_util=/tmp/cargo-mutants-pstore-9mUODO.tmp/target/debug/deps/libfutures_util-9467758a9490225b.rlib --extern pstore_blob=/tmp/cargo-mutants-pstore-9mUODO.tmp/target/debug/deps/libpstore_blob-a1c846e65fcdfc47.rlib --extern pstore_engine=/tmp/cargo-mutants-pstore-9mUODO.tmp/target/debug/deps/libpstore_engine-57ca2718b28a8562.rlib --extern pstore_format=/tmp/cargo-mutants-pstore-9mUODO.tmp/target/debug/deps/libpstore_format-915614e952a6fbe8.rlib --extern pstore_testkit=/tmp/cargo-mutants-pstore-9mUODO.tmp/target/debug/deps/libpstore_testkit-c70127229fd98aeb.rlib --extern pstore_types=/tmp/cargo-mutants-pstore-9mUODO.tmp/target/debug/deps/libpstore_types-c19df0e60947a156.rlib --extern thiserror=/tmp/cargo-mutants-pstore-9mUODO.tmp/target/debug/deps/libthiserror-a555ba146edbfd98.rlib --extern tokio=/tmp/cargo-mutants-pstore-9mUODO.tmp/target/debug/deps/libtokio-c4794fa7272c7af3.rlib`
     Running `/home/tuong/.rustup/toolchains/1.90-x86_64-unknown-linux-gnu/bin/rustc --crate-name bundle_errors --edition=2024 crates/pstore-engine/tests/bundle_errors.rs --error-format=json --json=diagnostic-rendered-ansi,artifacts,future-incompat --emit=dep-info,link -C embed-bitcode=no -C debuginfo=2 --warn=rust_2018_idioms '--deny=clippy::unwrap_used' --forbid=unsafe_code --warn=unreachable_pub '--deny=clippy::unimplemented' '--deny=clippy::todo' '--deny=clippy::panic' --warn=missing_docs '--deny=clippy::mem_forget' '--deny=clippy::indexing_slicing' '--deny=clippy::float_cmp' '--deny=clippy::expect_used' '--deny=clippy::dbg_macro' --test --check-cfg 'cfg(docsrs,test)' --check-cfg 'cfg(feature, values())' -C metadata=28754e23c98f5123 -C extra-filename=-f5f75d0122717507 --out-dir /tmp/cargo-mutants-pstore-9mUODO.tmp/target/debug/deps -C incremental=/tmp/cargo-mutants-pstore-9mUODO.tmp/target/debug/incremental -L dependency=/tmp/cargo-mutants-pstore-9mUODO.tmp/target/debug/deps --extern bytes=/tmp/cargo-mutants-pstore-9mUODO.tmp/target/debug/deps/libbytes-31b8f712e3be84e8.rlib --extern futures_util=/tmp/cargo-mutants-pstore-9mUODO.tmp/target/debug/deps/libfutures_util-9467758a9490225b.rlib --extern pstore_blob=/tmp/cargo-mutants-pstore-9mUODO.tmp/target/debug/deps/libpstore_blob-a1c846e65fcdfc47.rlib --extern pstore_engine=/tmp/cargo-mutants-pstore-9mUODO.tmp/target/debug/deps/libpstore_engine-57ca2718b28a8562.rlib --extern pstore_format=/tmp/cargo-mutants-pstore-9mUODO.tmp/target/debug/deps/libpstore_format-915614e952a6fbe8.rlib --extern pstore_testkit=/tmp/cargo-mutants-pstore-9mUODO.tmp/target/debug/deps/libpstore_testkit-c70127229fd98aeb.rlib --extern pstore_types=/tmp/cargo-mutants-pstore-9mUODO.tmp/target/debug/deps/libpstore_types-c19df0e60947a156.rlib --extern thiserror=/tmp/cargo-mutants-pstore-9mUODO.tmp/target/debug/deps/libthiserror-a555ba146edbfd98.rlib --extern tokio=/tmp/cargo-mutants-pstore-9mUODO.tmp/target/debug/deps/libtokio-c4794fa7272c7af3.rlib`
     Running `/home/tuong/.rustup/toolchains/1.90-x86_64-unknown-linux-gnu/bin/rustc --crate-name failures --edition=2024 crates/pstore-engine/tests/failures.rs --error-format=json --json=diagnostic-rendered-ansi,artifacts,future-incompat --emit=dep-info,link -C embed-bitcode=no -C debuginfo=2 --warn=rust_2018_idioms '--deny=clippy::unwrap_used' --forbid=unsafe_code --warn=unreachable_pub '--deny=clippy::unimplemented' '--deny=clippy::todo' '--deny=clippy::panic' --warn=missing_docs '--deny=clippy::mem_forget' '--deny=clippy::indexing_slicing' '--deny=clippy::float_cmp' '--deny=clippy::expect_used' '--deny=clippy::dbg_macro' --test --check-cfg 'cfg(docsrs,test)' --check-cfg 'cfg(feature, values())' -C metadata=da2153a1a301194a -C extra-filename=-395c7ad6521485a0 --out-dir /tmp/cargo-mutants-pstore-9mUODO.tmp/target/debug/deps -C incremental=/tmp/cargo-mutants-pstore-9mUODO.tmp/target/debug/incremental -L dependency=/tmp/cargo-mutants-pstore-9mUODO.tmp/target/debug/deps --extern bytes=/tmp/cargo-mutants-pstore-9mUODO.tmp/target/debug/deps/libbytes-31b8f712e3be84e8.rlib --extern futures_util=/tmp/cargo-mutants-pstore-9mUODO.tmp/target/debug/deps/libfutures_util-9467758a9490225b.rlib --extern pstore_blob=/tmp/cargo-mutants-pstore-9mUODO.tmp/target/debug/deps/libpstore_blob-a1c846e65fcdfc47.rlib --extern pstore_engine=/tmp/cargo-mutants-pstore-9mUODO.tmp/target/debug/deps/libpstore_engine-57ca2718b28a8562.rlib --extern pstore_format=/tmp/cargo-mutants-pstore-9mUODO.tmp/target/debug/deps/libpstore_format-915614e952a6fbe8.rlib --extern pstore_testkit=/tmp/cargo-mutants-pstore-9mUODO.tmp/target/debug/deps/libpstore_testkit-c70127229fd98aeb.rlib --extern pstore_types=/tmp/cargo-mutants-pstore-9mUODO.tmp/target/debug/deps/libpstore_types-c19df0e60947a156.rlib --extern thiserror=/tmp/cargo-mutants-pstore-9mUODO.tmp/target/debug/deps/libthiserror-a555ba146edbfd98.rlib --extern tokio=/tmp/cargo-mutants-pstore-9mUODO.tmp/target/debug/deps/libtokio-c4794fa7272c7af3.rlib`
     Running `/home/tuong/.rustup/toolchains/1.90-x86_64-unknown-linux-gnu/bin/rustc --crate-name end_to_end --edition=2024 crates/pstore-engine/tests/end_to_end.rs --error-format=json --json=diagnostic-rendered-ansi,artifacts,future-incompat --emit=dep-info,link -C embed-bitcode=no -C debuginfo=2 --warn=rust_2018_idioms '--deny=clippy::unwrap_used' --forbid=unsafe_code --warn=unreachable_pub '--deny=clippy::unimplemented' '--deny=clippy::todo' '--deny=clippy::panic' --warn=missing_docs '--deny=clippy::mem_forget' '--deny=clippy::indexing_slicing' '--deny=clippy::float_cmp' '--deny=clippy::expect_used' '--deny=clippy::dbg_macro' --test --check-cfg 'cfg(docsrs,test)' --check-cfg 'cfg(feature, values())' -C metadata=4fd13578167e8dc5 -C extra-filename=-2bee7b37ede99944 --out-dir /tmp/cargo-mutants-pstore-9mUODO.tmp/target/debug/deps -C incremental=/tmp/cargo-mutants-pstore-9mUODO.tmp/target/debug/incremental -L dependency=/tmp/cargo-mutants-pstore-9mUODO.tmp/target/debug/deps --extern bytes=/tmp/cargo-mutants-pstore-9mUODO.tmp/target/debug/deps/libbytes-31b8f712e3be84e8.rlib --extern futures_util=/tmp/cargo-mutants-pstore-9mUODO.tmp/target/debug/deps/libfutures_util-9467758a9490225b.rlib --extern pstore_blob=/tmp/cargo-mutants-pstore-9mUODO.tmp/target/debug/deps/libpstore_blob-a1c846e65fcdfc47.rlib --extern pstore_engine=/tmp/cargo-mutants-pstore-9mUODO.tmp/target/debug/deps/libpstore_engine-57ca2718b28a8562.rlib --extern pstore_format=/tmp/cargo-mutants-pstore-9mUODO.tmp/target/debug/deps/libpstore_format-915614e952a6fbe8.rlib --extern pstore_testkit=/tmp/cargo-mutants-pstore-9mUODO.tmp/target/debug/deps/libpstore_testkit-c70127229fd98aeb.rlib --extern pstore_types=/tmp/cargo-mutants-pstore-9mUODO.tmp/target/debug/deps/libpstore_types-c19df0e60947a156.rlib --extern thiserror=/tmp/cargo-mutants-pstore-9mUODO.tmp/target/debug/deps/libthiserror-a555ba146edbfd98.rlib --extern tokio=/tmp/cargo-mutants-pstore-9mUODO.tmp/target/debug/deps/libtokio-c4794fa7272c7af3.rlib`
     Running `/home/tuong/.rustup/toolchains/1.90-x86_64-unknown-linux-gnu/bin/rustc --crate-name lanes --edition=2024 crates/pstore-engine/tests/lanes.rs --error-format=json --json=diagnostic-rendered-ansi,artifacts,future-incompat --emit=dep-info,link -C embed-bitcode=no -C debuginfo=2 --warn=rust_2018_idioms '--deny=clippy::unwrap_used' --forbid=unsafe_code --warn=unreachable_pub '--deny=clippy::unimplemented' '--deny=clippy::todo' '--deny=clippy::panic' --warn=missing_docs '--deny=clippy::mem_forget' '--deny=clippy::indexing_slicing' '--deny=clippy::float_cmp' '--deny=clippy::expect_used' '--deny=clippy::dbg_macro' --test --check-cfg 'cfg(docsrs,test)' --check-cfg 'cfg(feature, values())' -C metadata=6910df478171efaa -C extra-filename=-4f73796799f37cd5 --out-dir /tmp/cargo-mutants-pstore-9mUODO.tmp/target/debug/deps -C incremental=/tmp/cargo-mutants-pstore-9mUODO.tmp/target/debug/incremental -L dependency=/tmp/cargo-mutants-pstore-9mUODO.tmp/target/debug/deps --extern bytes=/tmp/cargo-mutants-pstore-9mUODO.tmp/target/debug/deps/libbytes-31b8f712e3be84e8.rlib --extern futures_util=/tmp/cargo-mutants-pstore-9mUODO.tmp/target/debug/deps/libfutures_util-9467758a9490225b.rlib --extern pstore_blob=/tmp/cargo-mutants-pstore-9mUODO.tmp/target/debug/deps/libpstore_blob-a1c846e65fcdfc47.rlib --extern pstore_engine=/tmp/cargo-mutants-pstore-9mUODO.tmp/target/debug/deps/libpstore_engine-57ca2718b28a8562.rlib --extern pstore_format=/tmp/cargo-mutants-pstore-9mUODO.tmp/target/debug/deps/libpstore_format-915614e952a6fbe8.rlib --extern pstore_testkit=/tmp/cargo-mutants-pstore-9mUODO.tmp/target/debug/deps/libpstore_testkit-c70127229fd98aeb.rlib --extern pstore_types=/tmp/cargo-mutants-pstore-9mUODO.tmp/target/debug/deps/libpstore_types-c19df0e60947a156.rlib --extern thiserror=/tmp/cargo-mutants-pstore-9mUODO.tmp/target/debug/deps/libthiserror-a555ba146edbfd98.rlib --extern tokio=/tmp/cargo-mutants-pstore-9mUODO.tmp/target/debug/deps/libtokio-c4794fa7272c7af3.rlib`
     Running `/home/tuong/.rustup/toolchains/1.90-x86_64-unknown-linux-gnu/bin/rustc --crate-name arithmetic --edition=2024 crates/pstore-engine/tests/arithmetic.rs --error-format=json --json=diagnostic-rendered-ansi,artifacts,future-incompat --emit=dep-info,link -C embed-bitcode=no -C debuginfo=2 --warn=rust_2018_idioms '--deny=clippy::unwrap_used' --forbid=unsafe_code --warn=unreachable_pub '--deny=clippy::unimplemented' '--deny=clippy::todo' '--deny=clippy::panic' --warn=missing_docs '--deny=clippy::mem_forget' '--deny=clippy::indexing_slicing' '--deny=clippy::float_cmp' '--deny=clippy::expect_used' '--deny=clippy::dbg_macro' --test --check-cfg 'cfg(docsrs,test)' --check-cfg 'cfg(feature, values())' -C metadata=25b092164d3e93f7 -C extra-filename=-3a9b05330657663e --out-dir /tmp/cargo-mutants-pstore-9mUODO.tmp/target/debug/deps -C incremental=/tmp/cargo-mutants-pstore-9mUODO.tmp/target/debug/incremental -L dependency=/tmp/cargo-mutants-pstore-9mUODO.tmp/target/debug/deps --extern bytes=/tmp/cargo-mutants-pstore-9mUODO.tmp/target/debug/deps/libbytes-31b8f712e3be84e8.rlib --extern futures_util=/tmp/cargo-mutants-pstore-9mUODO.tmp/target/debug/deps/libfutures_util-9467758a9490225b.rlib --extern pstore_blob=/tmp/cargo-mutants-pstore-9mUODO.tmp/target/debug/deps/libpstore_blob-a1c846e65fcdfc47.rlib --extern pstore_engine=/tmp/cargo-mutants-pstore-9mUODO.tmp/target/debug/deps/libpstore_engine-57ca2718b28a8562.rlib --extern pstore_format=/tmp/cargo-mutants-pstore-9mUODO.tmp/target/debug/deps/libpstore_format-915614e952a6fbe8.rlib --extern pstore_testkit=/tmp/cargo-mutants-pstore-9mUODO.tmp/target/debug/deps/libpstore_testkit-c70127229fd98aeb.rlib --extern pstore_types=/tmp/cargo-mutants-pstore-9mUODO.tmp/target/debug/deps/libpstore_types-c19df0e60947a156.rlib --extern thiserror=/tmp/cargo-mutants-pstore-9mUODO.tmp/target/debug/deps/libthiserror-a555ba146edbfd98.rlib --extern tokio=/tmp/cargo-mutants-pstore-9mUODO.tmp/target/debug/deps/libtokio-c4794fa7272c7af3.rlib`
     Running `/home/tuong/.rustup/toolchains/1.90-x86_64-unknown-linux-gnu/bin/rustc --crate-name head --edition=2024 crates/pstore-engine/tests/head.rs --error-format=json --json=diagnostic-rendered-ansi,artifacts,future-incompat --emit=dep-info,link -C embed-bitcode=no -C debuginfo=2 --warn=rust_2018_idioms '--deny=clippy::unwrap_used' --forbid=unsafe_code --warn=unreachable_pub '--deny=clippy::unimplemented' '--deny=clippy::todo' '--deny=clippy::panic' --warn=missing_docs '--deny=clippy::mem_forget' '--deny=clippy::indexing_slicing' '--deny=clippy::float_cmp' '--deny=clippy::expect_used' '--deny=clippy::dbg_macro' --test --check-cfg 'cfg(docsrs,test)' --check-cfg 'cfg(feature, values())' -C metadata=6744ca41f6952a23 -C extra-filename=-bae2d0c8b8f449bc --out-dir /tmp/cargo-mutants-pstore-9mUODO.tmp/target/debug/deps -C incremental=/tmp/cargo-mutants-pstore-9mUODO.tmp/target/debug/incremental -L dependency=/tmp/cargo-mutants-pstore-9mUODO.tmp/target/debug/deps --extern bytes=/tmp/cargo-mutants-pstore-9mUODO.tmp/target/debug/deps/libbytes-31b8f712e3be84e8.rlib --extern futures_util=/tmp/cargo-mutants-pstore-9mUODO.tmp/target/debug/deps/libfutures_util-9467758a9490225b.rlib --extern pstore_blob=/tmp/cargo-mutants-pstore-9mUODO.tmp/target/debug/deps/libpstore_blob-a1c846e65fcdfc47.rlib --extern pstore_engine=/tmp/cargo-mutants-pstore-9mUODO.tmp/target/debug/deps/libpstore_engine-57ca2718b28a8562.rlib --extern pstore_format=/tmp/cargo-mutants-pstore-9mUODO.tmp/target/debug/deps/libpstore_format-915614e952a6fbe8.rlib --extern pstore_testkit=/tmp/cargo-mutants-pstore-9mUODO.tmp/target/debug/deps/libpstore_testkit-c70127229fd98aeb.rlib --extern pstore_types=/tmp/cargo-mutants-pstore-9mUODO.tmp/target/debug/deps/libpstore_types-c19df0e60947a156.rlib --extern thiserror=/tmp/cargo-mutants-pstore-9mUODO.tmp/target/debug/deps/libthiserror-a555ba146edbfd98.rlib --extern tokio=/tmp/cargo-mutants-pstore-9mUODO.tmp/target/debug/deps/libtokio-c4794fa7272c7af3.rlib`
     Running `/home/tuong/.rustup/toolchains/1.90-x86_64-unknown-linux-gnu/bin/rustc --crate-name linearizability --edition=2024 crates/pstore-engine/tests/linearizability.rs --error-format=json --json=diagnostic-rendered-ansi,artifacts,future-incompat --emit=dep-info,link -C embed-bitcode=no -C debuginfo=2 --warn=rust_2018_idioms '--deny=clippy::unwrap_used' --forbid=unsafe_code --warn=unreachable_pub '--deny=clippy::unimplemented' '--deny=clippy::todo' '--deny=clippy::panic' --warn=missing_docs '--deny=clippy::mem_forget' '--deny=clippy::indexing_slicing' '--deny=clippy::float_cmp' '--deny=clippy::expect_used' '--deny=clippy::dbg_macro' --test --check-cfg 'cfg(docsrs,test)' --check-cfg 'cfg(feature, values())' -C metadata=4d254723bcc0811c -C extra-filename=-254bc0b1b39781af --out-dir /tmp/cargo-mutants-pstore-9mUODO.tmp/target/debug/deps -C incremental=/tmp/cargo-mutants-pstore-9mUODO.tmp/target/debug/incremental -L dependency=/tmp/cargo-mutants-pstore-9mUODO.tmp/target/debug/deps --extern bytes=/tmp/cargo-mutants-pstore-9mUODO.tmp/target/debug/deps/libbytes-31b8f712e3be84e8.rlib --extern futures_util=/tmp/cargo-mutants-pstore-9mUODO.tmp/target/debug/deps/libfutures_util-9467758a9490225b.rlib --extern pstore_blob=/tmp/cargo-mutants-pstore-9mUODO.tmp/target/debug/deps/libpstore_blob-a1c846e65fcdfc47.rlib --extern pstore_engine=/tmp/cargo-mutants-pstore-9mUODO.tmp/target/debug/deps/libpstore_engine-57ca2718b28a8562.rlib --extern pstore_format=/tmp/cargo-mutants-pstore-9mUODO.tmp/target/debug/deps/libpstore_format-915614e952a6fbe8.rlib --extern pstore_testkit=/tmp/cargo-mutants-pstore-9mUODO.tmp/target/debug/deps/libpstore_testkit-c70127229fd98aeb.rlib --extern pstore_types=/tmp/cargo-mutants-pstore-9mUODO.tmp/target/debug/deps/libpstore_types-c19df0e60947a156.rlib --extern thiserror=/tmp/cargo-mutants-pstore-9mUODO.tmp/target/debug/deps/libthiserror-a555ba146edbfd98.rlib --extern tokio=/tmp/cargo-mutants-pstore-9mUODO.tmp/target/debug/deps/libtokio-c4794fa7272c7af3.rlib`
warning: `pstore-engine` (lib test) generated 2 warnings (2 duplicates)
     Running `/home/tuong/.rustup/toolchains/1.90-x86_64-unknown-linux-gnu/bin/rustc --crate-name oq91 --edition=2024 crates/pstore-engine/tests/oq91.rs --error-format=json --json=diagnostic-rendered-ansi,artifacts,future-incompat --emit=dep-info,link -C embed-bitcode=no -C debuginfo=2 --warn=rust_2018_idioms '--deny=clippy::unwrap_used' --forbid=unsafe_code --warn=unreachable_pub '--deny=clippy::unimplemented' '--deny=clippy::todo' '--deny=clippy::panic' --warn=missing_docs '--deny=clippy::mem_forget' '--deny=clippy::indexing_slicing' '--deny=clippy::float_cmp' '--deny=clippy::expect_used' '--deny=clippy::dbg_macro' --test --check-cfg 'cfg(docsrs,test)' --check-cfg 'cfg(feature, values())' -C metadata=6cb15318f59096c2 -C extra-filename=-d4ce40b15d2ee193 --out-dir /tmp/cargo-mutants-pstore-9mUODO.tmp/target/debug/deps -C incremental=/tmp/cargo-mutants-pstore-9mUODO.tmp/target/debug/incremental -L dependency=/tmp/cargo-mutants-pstore-9mUODO.tmp/target/debug/deps --extern bytes=/tmp/cargo-mutants-pstore-9mUODO.tmp/target/debug/deps/libbytes-31b8f712e3be84e8.rlib --extern futures_util=/tmp/cargo-mutants-pstore-9mUODO.tmp/target/debug/deps/libfutures_util-9467758a9490225b.rlib --extern pstore_blob=/tmp/cargo-mutants-pstore-9mUODO.tmp/target/debug/deps/libpstore_blob-a1c846e65fcdfc47.rlib --extern pstore_engine=/tmp/cargo-mutants-pstore-9mUODO.tmp/target/debug/deps/libpstore_engine-57ca2718b28a8562.rlib --extern pstore_format=/tmp/cargo-mutants-pstore-9mUODO.tmp/target/debug/deps/libpstore_format-915614e952a6fbe8.rlib --extern pstore_testkit=/tmp/cargo-mutants-pstore-9mUODO.tmp/target/debug/deps/libpstore_testkit-c70127229fd98aeb.rlib --extern pstore_types=/tmp/cargo-mutants-pstore-9mUODO.tmp/target/debug/deps/libpstore_types-c19df0e60947a156.rlib --extern thiserror=/tmp/cargo-mutants-pstore-9mUODO.tmp/target/debug/deps/libthiserror-a555ba146edbfd98.rlib --extern tokio=/tmp/cargo-mutants-pstore-9mUODO.tmp/target/debug/deps/libtokio-c4794fa7272c7af3.rlib`
     Running `/home/tuong/.rustup/toolchains/1.90-x86_64-unknown-linux-gnu/bin/rustc --crate-name invariants --edition=2024 crates/pstore-engine/tests/invariants.rs --error-format=json --json=diagnostic-rendered-ansi,artifacts,future-incompat --emit=dep-info,link -C embed-bitcode=no -C debuginfo=2 --warn=rust_2018_idioms '--deny=clippy::unwrap_used' --forbid=unsafe_code --warn=unreachable_pub '--deny=clippy::unimplemented' '--deny=clippy::todo' '--deny=clippy::panic' --warn=missing_docs '--deny=clippy::mem_forget' '--deny=clippy::indexing_slicing' '--deny=clippy::float_cmp' '--deny=clippy::expect_used' '--deny=clippy::dbg_macro' --test --check-cfg 'cfg(docsrs,test)' --check-cfg 'cfg(feature, values())' -C metadata=f1ab011b492174b3 -C extra-filename=-7c58ff7140e0f97d --out-dir /tmp/cargo-mutants-pstore-9mUODO.tmp/target/debug/deps -C incremental=/tmp/cargo-mutants-pstore-9mUODO.tmp/target/debug/incremental -L dependency=/tmp/cargo-mutants-pstore-9mUODO.tmp/target/debug/deps --extern bytes=/tmp/cargo-mutants-pstore-9mUODO.tmp/target/debug/deps/libbytes-31b8f712e3be84e8.rlib --extern futures_util=/tmp/cargo-mutants-pstore-9mUODO.tmp/target/debug/deps/libfutures_util-9467758a9490225b.rlib --extern pstore_blob=/tmp/cargo-mutants-pstore-9mUODO.tmp/target/debug/deps/libpstore_blob-a1c846e65fcdfc47.rlib --extern pstore_engine=/tmp/cargo-mutants-pstore-9mUODO.tmp/target/debug/deps/libpstore_engine-57ca2718b28a8562.rlib --extern pstore_format=/tmp/cargo-mutants-pstore-9mUODO.tmp/target/debug/deps/libpstore_format-915614e952a6fbe8.rlib --extern pstore_testkit=/tmp/cargo-mutants-pstore-9mUODO.tmp/target/debug/deps/libpstore_testkit-c70127229fd98aeb.rlib --extern pstore_types=/tmp/cargo-mutants-pstore-9mUODO.tmp/target/debug/deps/libpstore_types-c19df0e60947a156.rlib --extern thiserror=/tmp/cargo-mutants-pstore-9mUODO.tmp/target/debug/deps/libthiserror-a555ba146edbfd98.rlib --extern tokio=/tmp/cargo-mutants-pstore-9mUODO.tmp/target/debug/deps/libtokio-c4794fa7272c7af3.rlib`
     Running `/home/tuong/.rustup/toolchains/1.90-x86_64-unknown-linux-gnu/bin/rustc --crate-name engine --edition=2024 crates/pstore-engine/tests/engine.rs --error-format=json --json=diagnostic-rendered-ansi,artifacts,future-incompat --emit=dep-info,link -C embed-bitcode=no -C debuginfo=2 --warn=rust_2018_idioms '--deny=clippy::unwrap_used' --forbid=unsafe_code --warn=unreachable_pub '--deny=clippy::unimplemented' '--deny=clippy::todo' '--deny=clippy::panic' --warn=missing_docs '--deny=clippy::mem_forget' '--deny=clippy::indexing_slicing' '--deny=clippy::float_cmp' '--deny=clippy::expect_used' '--deny=clippy::dbg_macro' --test --check-cfg 'cfg(docsrs,test)' --check-cfg 'cfg(feature, values())' -C metadata=9adddba898cfe624 -C extra-filename=-d3f6e35023412aa0 --out-dir /tmp/cargo-mutants-pstore-9mUODO.tmp/target/debug/deps -C incremental=/tmp/cargo-mutants-pstore-9mUODO.tmp/target/debug/incremental -L dependency=/tmp/cargo-mutants-pstore-9mUODO.tmp/target/debug/deps --extern bytes=/tmp/cargo-mutants-pstore-9mUODO.tmp/target/debug/deps/libbytes-31b8f712e3be84e8.rlib --extern futures_util=/tmp/cargo-mutants-pstore-9mUODO.tmp/target/debug/deps/libfutures_util-9467758a9490225b.rlib --extern pstore_blob=/tmp/cargo-mutants-pstore-9mUODO.tmp/target/debug/deps/libpstore_blob-a1c846e65fcdfc47.rlib --extern pstore_engine=/tmp/cargo-mutants-pstore-9mUODO.tmp/target/debug/deps/libpstore_engine-57ca2718b28a8562.rlib --extern pstore_format=/tmp/cargo-mutants-pstore-9mUODO.tmp/target/debug/deps/libpstore_format-915614e952a6fbe8.rlib --extern pstore_testkit=/tmp/cargo-mutants-pstore-9mUODO.tmp/target/debug/deps/libpstore_testkit-c70127229fd98aeb.rlib --extern pstore_types=/tmp/cargo-mutants-pstore-9mUODO.tmp/target/debug/deps/libpstore_types-c19df0e60947a156.rlib --extern thiserror=/tmp/cargo-mutants-pstore-9mUODO.tmp/target/debug/deps/libthiserror-a555ba146edbfd98.rlib --extern tokio=/tmp/cargo-mutants-pstore-9mUODO.tmp/target/debug/deps/libtokio-c4794fa7272c7af3.rlib`
    Finished `test` profile [unoptimized + debuginfo] target(s) in 2.41s
  Executable `/tmp/cargo-mutants-pstore-9mUODO.tmp/target/debug/deps/pstore_blob-beebd50e20890a1c`
  Executable `/tmp/cargo-mutants-pstore-9mUODO.tmp/target/debug/deps/accounting-f4906d65a4a0bb28`
  Executable `/tmp/cargo-mutants-pstore-9mUODO.tmp/target/debug/deps/cas-4a0e1648b7639c55`
  Executable `/tmp/cargo-mutants-pstore-9mUODO.tmp/target/debug/deps/coalescing-07cd275959561fdd`
  Executable `/tmp/cargo-mutants-pstore-9mUODO.tmp/target/debug/deps/faults-6ff9c0975fba4475`
  Executable `/tmp/cargo-mutants-pstore-9mUODO.tmp/target/debug/deps/object_store_adapter-318667f311816eef`
  Executable `/tmp/cargo-mutants-pstore-9mUODO.tmp/target/debug/deps/semantics-498f3631a70a0c40`
  Executable `/tmp/cargo-mutants-pstore-9mUODO.tmp/target/debug/deps/pstore_engine-a10afff159302613`
  Executable `/tmp/cargo-mutants-pstore-9mUODO.tmp/target/debug/deps/arithmetic-3a9b05330657663e`
  Executable `/tmp/cargo-mutants-pstore-9mUODO.tmp/target/debug/deps/bundle_errors-f5f75d0122717507`
  Executable `/tmp/cargo-mutants-pstore-9mUODO.tmp/target/debug/deps/compaction-fea23ca71d87002d`
  Executable `/tmp/cargo-mutants-pstore-9mUODO.tmp/target/debug/deps/end_to_end-2bee7b37ede99944`
  Executable `/tmp/cargo-mutants-pstore-9mUODO.tmp/target/debug/deps/engine-d3f6e35023412aa0`
  Executable `/tmp/cargo-mutants-pstore-9mUODO.tmp/target/debug/deps/failures-395c7ad6521485a0`
  Executable `/tmp/cargo-mutants-pstore-9mUODO.tmp/target/debug/deps/gc-a51240571b343ea3`
  Executable `/tmp/cargo-mutants-pstore-9mUODO.tmp/target/debug/deps/head-bae2d0c8b8f449bc`
  Executable `/tmp/cargo-mutants-pstore-9mUODO.tmp/target/debug/deps/invariants-7c58ff7140e0f97d`
  Executable `/tmp/cargo-mutants-pstore-9mUODO.tmp/target/debug/deps/lanes-4f73796799f37cd5`
  Executable `/tmp/cargo-mutants-pstore-9mUODO.tmp/target/debug/deps/linearizability-254bc0b1b39781af`
  Executable `/tmp/cargo-mutants-pstore-9mUODO.tmp/target/debug/deps/oq91-d4ce40b15d2ee193`
  Executable `/tmp/cargo-mutants-pstore-9mUODO.tmp/target/debug/deps/pstore_format-bd498c68e6c46481`
  Executable `/tmp/cargo-mutants-pstore-9mUODO.tmp/target/debug/deps/corrupt-1b001b89d0d01ece`
  Executable `/tmp/cargo-mutants-pstore-9mUODO.tmp/target/debug/deps/search-df777557c562d446`
  Executable `/tmp/cargo-mutants-pstore-9mUODO.tmp/target/debug/deps/segment-5c77b70ad5435831`
  Executable `/tmp/cargo-mutants-pstore-9mUODO.tmp/target/debug/deps/pstore_testkit-5d9681023401e166`
  Executable `/tmp/cargo-mutants-pstore-9mUODO.tmp/target/debug/deps/conformance-b77084fd195a7c41`
  Executable `/tmp/cargo-mutants-pstore-9mUODO.tmp/target/debug/deps/depth-6790482b94222d43`
  Executable `/tmp/cargo-mutants-pstore-9mUODO.tmp/target/debug/deps/hostile-f0118fdf2cfac1af`
  Executable `/tmp/cargo-mutants-pstore-9mUODO.tmp/target/debug/deps/injectors-a3592247aa5e2312`
  Executable `/tmp/cargo-mutants-pstore-9mUODO.tmp/target/debug/deps/sim-bbf2b604e1467e00`
  Executable `/tmp/cargo-mutants-pstore-9mUODO.tmp/target/debug/deps/sweep-88387a89f9831276`
  Executable `/tmp/cargo-mutants-pstore-9mUODO.tmp/target/debug/deps/pstore_types-ac8d1ba0068fec8f`

*** result: Success

*** /home/tuong/.rustup/toolchains/1.90-x86_64-unknown-linux-gnu/bin/cargo test --verbose --workspace
       Fresh unicode-ident v1.0.24
       Fresh proc-macro2 v1.0.107
       Fresh quote v1.0.47
       Fresh syn v3.0.5
       Fresh pin-project-lite v0.2.17
       Fresh tokio-macros v2.7.2
       Fresh thiserror-impl v2.0.20
       Fresh slab v0.4.12
       Fresh futures-task v0.3.34
       Fresh futures-core v0.3.34
       Fresh futures-util v0.3.34
       Fresh thiserror v2.0.20
       Fresh tokio v1.53.1
       Fresh async-trait v0.1.92
       Fresh bytes v1.12.1
warning: unused variable: `index`
   --> crates/pstore-engine/src/lib.rs:550:33
    |
550 |     pub async fn compact(&self, index: &str) -> Result<Option<Epoch>, EngineError> {
    |                                 ^^^^^ help: if this is intentional, prefix it with an underscore: `_index`
    |
    = note: `#[warn(unused_variables)]` on by default

warning: method `compacted_key` is never used
   --> crates/pstore-engine/src/lib.rs:530:8
    |
161 | impl<S: BlobStore> Engine<S> {
    | ---------------------------- method in this implementation
...
530 |     fn compacted_key(&self, epoch: Epoch, index: &str) -> Key {
    |        ^^^^^^^^^^^^^
    |
    = note: `#[warn(dead_code)]` on by default

warning: `pstore-engine` (lib) generated 2 warnings
       Fresh pstore-engine v0.1.0 (/tmp/cargo-mutants-pstore-9mUODO.tmp/crates/pstore-engine)
warning: `pstore-engine` (lib test) generated 2 warnings (2 duplicates)
       Fresh pstore-blob v0.1.0 (/tmp/cargo-mutants-pstore-9mUODO.tmp/crates/pstore-blob)
       Fresh pstore-testkit v0.1.0 (/tmp/cargo-mutants-pstore-9mUODO.tmp/crates/pstore-testkit)
       Fresh pstore-format v0.1.0 (/tmp/cargo-mutants-pstore-9mUODO.tmp/crates/pstore-format)
       Fresh pstore-types v0.1.0 (/tmp/cargo-mutants-pstore-9mUODO.tmp/crates/pstore-types)
    Finished `test` profile [unoptimized + debuginfo] target(s) in 0.05s
     Running `/tmp/cargo-mutants-pstore-9mUODO.tmp/target/debug/deps/pstore_blob-beebd50e20890a1c`

running 4 tests
test coalesce::tests::a_contained_range_does_not_underflow_the_gap ... ok
test coalesce::tests::a_zero_gap_merges_only_touching_ranges ... ok
test coalesce::tests::empty_ranges_are_dropped ... ok
test coalesce::tests::empty_input_plans_nothing ... ok

test result: ok. 4 passed; 0 failed; 0 ignored; 0 measured; 0 filtered out; finished in 0.00s

     Running `/tmp/cargo-mutants-pstore-9mUODO.tmp/target/debug/deps/accounting-f4906d65a4a0bb28`

running 4 tests
test a_failed_conditional_write_is_still_billed ... ok
test accounting_counts_one_write_per_put ... ok
test accounting_is_per_tenant ... ok
test accounting_separates_read_write_and_list_classes ... ok

test result: ok. 4 passed; 0 failed; 0 ignored; 0 measured; 0 filtered out; finished in 0.01s

     Running `/tmp/cargo-mutants-pstore-9mUODO.tmp/target/debug/deps/cas-4a0e1648b7639c55`

running 5 tests
test cas_lost_and_contended_are_distinct ... ok
test cas_rejects_stale_tag ... ok
test delete_batch_removes_only_the_named_keys ... ok
test create_if_absent_rejects_second_write ... ok
test get_range_returns_the_requested_slice ... ok

test result: ok. 5 passed; 0 failed; 0 ignored; 0 measured; 0 filtered out; finished in 0.00s

     Running `/tmp/cargo-mutants-pstore-9mUODO.tmp/target/debug/deps/coalescing-07cd275959561fdd`

running 8 tests
test coalescing_respects_the_gap_threshold ... ok
test slices_are_offset_from_the_fetch_start_not_the_object_start ... ok
test coalescing_actually_saves_requests ... ok
test a_single_far_range_is_offset_correctly ... ok
test coalescing_never_issues_more_requests_than_ranges ... ok
test coalescing_merges_ranges_closer_than_the_gap ... ok
test coalesced_reads_equal_separate_reads ... ok
test ranges_out_of_order_are_returned_in_the_order_asked ... ok

test result: ok. 8 passed; 0 failed; 0 ignored; 0 measured; 0 filtered out; finished in 0.00s

     Running `/tmp/cargo-mutants-pstore-9mUODO.tmp/target/debug/deps/faults-6ff9c0975fba4475`

running 13 tests
test a_zero_rate_injects_nothing ... ok
test an_injected_write_fault_does_not_reach_the_backend ... ok
test each_fault_kind_is_injected_independently ... ok
test same_seed_reproduces_the_same_failures ... ok
test a_transient_slowdown_is_retried_and_succeeds ... ok
test a_fault_rate_of_one_injects_on_every_call_and_zero_on_none ... ok
test a_slow_down_halves_the_limit_rather_than_merely_lowering_it ... ok
test the_retry_delay_is_exponential_and_capped ... ok
test slow_down_first_n_covers_exactly_the_first_n_operations ... ok
test recovery_is_additive_and_slow ... ok
test injected_faults_land_at_roughly_the_rate_asked_for ... ok
test retries_are_bounded ... ok
test slowdown_reduces_concurrency_then_recovers ... ok

test result: ok. 13 passed; 0 failed; 0 ignored; 0 measured; 0 filtered out; finished in 0.03s

     Running `/tmp/cargo-mutants-pstore-9mUODO.tmp/target/debug/deps/object_store_adapter-318667f311816eef`

running 0 tests

test result: ok. 0 passed; 0 failed; 0 ignored; 0 measured; 0 filtered out; finished in 0.00s

     Running `/tmp/cargo-mutants-pstore-9mUODO.tmp/target/debug/deps/semantics-498f3631a70a0c40`

running 15 tests
test a_full_length_range_is_legal ... ok
test an_empty_range_is_legal_and_returns_nothing ... ok
test a_batch_delete_over_the_backend_limit_is_refused ... ok
test content_hash_tags_exhibit_the_aba_hazard ... ok
test a_key_displays_as_the_path_it_will_be_fetched_from ... ok
test monotonic_tags_are_immune_to_aba ... ok
test get_ranges_of_nothing_is_not_a_request ... ok
test a_range_past_the_end_is_an_error_not_a_short_read ... ok
test list_is_prefix_filtered ... ok
test cas_against_a_deleted_object_is_refused ... ok
test capabilities_name_the_backend_and_its_tag_style ... ok
test get_ranges_propagates_a_read_error ... ok
test cas_with_a_fabricated_tag_is_refused ... ok
test get_tag_reports_the_current_tag_and_none_when_absent ... ok
test head_reports_size_without_the_body ... ok

test result: ok. 15 passed; 0 failed; 0 ignored; 0 measured; 0 filtered out; finished in 0.00s

     Running `/tmp/cargo-mutants-pstore-9mUODO.tmp/target/debug/deps/pstore_engine-a10afff159302613`

running 0 tests

test result: ok. 0 passed; 0 failed; 0 ignored; 0 measured; 0 filtered out; finished in 0.00s

     Running `/tmp/cargo-mutants-pstore-9mUODO.tmp/target/debug/deps/arithmetic-3a9b05330657663e`

running 5 tests
test backoff_is_capped ... ok
test lanes_do_not_back_off_in_lockstep ... ok
test a_nonce_changes_when_only_the_epoch_does ... ok
test nonces_never_collide_across_epochs_and_lanes ... ok
test backoff_grows_with_the_attempt ... ok

test result: ok. 5 passed; 0 failed; 0 ignored; 0 measured; 0 filtered out; finished in 0.00s

     Running `/tmp/cargo-mutants-pstore-9mUODO.tmp/target/debug/deps/bundle_errors-f5f75d0122717507`

running 7 tests
test a_bundle_with_an_impossible_index_offset_fails_the_fold ... ok
test a_bundle_with_a_mangled_footer_fails_the_fold ... ok
test a_hole_in_a_lane_bounds_the_tail_rather_than_being_skipped ... ok
test documents_round_trip_through_the_shared_codec ... ok
test an_unknown_value_tag_in_a_document_run_is_refused ... ok
test a_truncated_document_run_is_refused_at_every_length ... ok
test folding_nothing_is_a_no_op_not_an_error ... ok

test result: ok. 7 passed; 0 failed; 0 ignored; 0 measured; 0 filtered out; finished in 0.00s

     Running `/tmp/cargo-mutants-pstore-9mUODO.tmp/target/debug/deps/compaction-fea23ca71d87002d`

running 6 tests
test compaction_collapses_the_segments_it_merged ... FAILED
test a_short_index_is_not_worth_compacting ... FAILED
test compaction_does_not_change_the_answer ... ok
test a_losing_compactors_output_is_unreferenced ... FAILED
test concurrent_compactors_produce_one_winner ... FAILED
test a_fold_landing_mid_compaction_is_not_swallowed_by_it ... FAILED

failures:

---- compaction_collapses_the_segments_it_merged stdout ----

thread 'compaction_collapses_the_segments_it_merged' panicked at crates/pstore-engine/tests/compaction.rs:91:5:
assertion `left == right` failed: six segments did not become one
  left: Some(6)
 right: Some(1)
note: run with `RUST_BACKTRACE=1` environment variable to display a backtrace

---- a_short_index_is_not_worth_compacting stdout ----

thread 'a_short_index_is_not_worth_compacting' panicked at crates/pstore-engine/tests/compaction.rs:103:5:
a single segment was merged with itself

---- a_losing_compactors_output_is_unreferenced stdout ----

thread 'a_losing_compactors_output_is_unreferenced' panicked at crates/pstore-engine/tests/compaction.rs:214:5:
only 0 L1 objects: the race did not race

---- concurrent_compactors_produce_one_winner stdout ----

thread 'concurrent_compactors_produce_one_winner' panicked at crates/pstore-engine/tests/compaction.rs:153:5:
assertion `left == right` failed: 12 compactors committed; exactly one may win and the rest must discard
  left: 12
 right: 1

---- a_fold_landing_mid_compaction_is_not_swallowed_by_it stdout ----

thread 'a_fold_landing_mid_compaction_is_not_swallowed_by_it' panicked at crates/pstore-engine/tests/compaction.rs:265:5:
the fold and the compaction never overlapped


failures:
    a_fold_landing_mid_compaction_is_not_swallowed_by_it
    a_losing_compactors_output_is_unreferenced
    a_short_index_is_not_worth_compacting
    compaction_collapses_the_segments_it_merged
    concurrent_compactors_produce_one_winner

test result: FAILED. 1 passed; 5 failed; 0 ignored; 0 measured; 0 filtered out; finished in 5.00s

error: test failed, to rerun pass `-p pstore-engine --test compaction`

*** result: Failure(101)
