
*** crates/pstore-index/src/rabitq.rs:339:9: replace Quantizer::prepare -> Result<Query, QuantError> with Ok(Default::default())

*** mutation diff:
--- crates/pstore-index/src/rabitq.rs
+++ replace Quantizer::prepare -> Result<Query, QuantError> with Ok(Default::default())
@@ -331,18 +331,17 @@
 
     /// Rotates a query once, for scoring against many codes.
     ///
     /// ⚠️ The asymmetry D-11 buys accuracy from: the query is transformed **once per
     /// query**, not once per vector, so work spent on it is amortised across every code in
     /// every probed posting list. Rotating inside `estimate` would put an `O(D log D)`
     /// transform on the inner loop of a scan over thousands of vectors.
     pub fn prepare(&self, query: &[f32]) -> Result<Query, QuantError> {
-        self.check(query)?;
-        Ok(Query(self.rotate(query)))
+        Ok(Default::default()) /* ~ changed by cargo-mutants ~ */
     }
 
     /// Estimates `<o, q>` where the code is a residual from a centroid.
     ///
     /// `centroid_dot` is `<c, q>`, computed **once per probed posting list** rather than
     /// once per candidate — there are thousands of candidates behind each centroid, and
     /// that ratio is the whole reason this is cheap.
     #[must_use]


*** /home/tuong/.rustup/toolchains/1.90-x86_64-unknown-linux-gnu/bin/cargo test --no-run --verbose --workspace
       Fresh unicode-ident v1.0.24
       Fresh proc-macro2 v1.0.107
       Fresh pin-project-lite v0.2.17
       Fresh slab v0.4.12
       Fresh futures-core v0.3.34
       Fresh futures-task v0.3.34
       Fresh bytes v1.12.1
       Fresh quote v1.0.47
       Fresh futures-util v0.3.34
       Fresh pstore-types v0.1.0 (/tmp/cargo-mutants-pstore-DJ9WhG.tmp/crates/pstore-types)
       Fresh syn v3.0.5
       Fresh tokio-macros v2.7.2
       Fresh thiserror-impl v2.0.20
       Fresh async-trait v0.1.92
       Fresh tokio v1.53.1
       Fresh thiserror v2.0.20
       Dirty pstore-index v0.1.0 (/tmp/cargo-mutants-pstore-DJ9WhG.tmp/crates/pstore-index): the file `crates/pstore-index/src/rabitq.rs` has changed (1788645113.814064839s, 4s after last build at 1788645109.525825460s)
   Compiling pstore-index v0.1.0 (/tmp/cargo-mutants-pstore-DJ9WhG.tmp/crates/pstore-index)
       Fresh pstore-engine v0.1.0 (/tmp/cargo-mutants-pstore-DJ9WhG.tmp/crates/pstore-engine)
       Fresh pstore-format v0.1.0 (/tmp/cargo-mutants-pstore-DJ9WhG.tmp/crates/pstore-format)
       Fresh pstore-blob v0.1.0 (/tmp/cargo-mutants-pstore-DJ9WhG.tmp/crates/pstore-blob)
     Running `/home/tuong/.rustup/toolchains/1.90-x86_64-unknown-linux-gnu/bin/rustc --crate-name pstore_index --edition=2024 crates/pstore-index/src/lib.rs --error-format=json --json=diagnostic-rendered-ansi,artifacts,future-incompat --emit=dep-info,link -C embed-bitcode=no -C debuginfo=2 --warn=rust_2018_idioms '--deny=clippy::unwrap_used' --forbid=unsafe_code --warn=unreachable_pub '--deny=clippy::unimplemented' '--deny=clippy::todo' '--deny=clippy::panic' --warn=missing_docs '--deny=clippy::mem_forget' '--deny=clippy::indexing_slicing' '--deny=clippy::float_cmp' '--deny=clippy::expect_used' '--deny=clippy::dbg_macro' --test --check-cfg 'cfg(docsrs,test)' --check-cfg 'cfg(feature, values())' -C metadata=cc327639876ee248 -C extra-filename=-ad9a41401e531637 --out-dir /tmp/cargo-mutants-pstore-DJ9WhG.tmp/target/debug/deps -C incremental=/tmp/cargo-mutants-pstore-DJ9WhG.tmp/target/debug/incremental -L dependency=/tmp/cargo-mutants-pstore-DJ9WhG.tmp/target/debug/deps --extern bytes=/tmp/cargo-mutants-pstore-DJ9WhG.tmp/target/debug/deps/libbytes-31b8f712e3be84e8.rlib --extern futures_util=/tmp/cargo-mutants-pstore-DJ9WhG.tmp/target/debug/deps/libfutures_util-9467758a9490225b.rlib --extern pstore_blob=/tmp/cargo-mutants-pstore-DJ9WhG.tmp/target/debug/deps/libpstore_blob-a1c846e65fcdfc47.rlib --extern pstore_format=/tmp/cargo-mutants-pstore-DJ9WhG.tmp/target/debug/deps/libpstore_format-b47669c15c655435.rlib --extern pstore_testkit=/tmp/cargo-mutants-pstore-DJ9WhG.tmp/target/debug/deps/libpstore_testkit-c70127229fd98aeb.rlib --extern pstore_types=/tmp/cargo-mutants-pstore-DJ9WhG.tmp/target/debug/deps/libpstore_types-c19df0e60947a156.rlib --extern tokio=/tmp/cargo-mutants-pstore-DJ9WhG.tmp/target/debug/deps/libtokio-c4794fa7272c7af3.rlib`
       Fresh pstore-testkit v0.1.0 (/tmp/cargo-mutants-pstore-DJ9WhG.tmp/crates/pstore-testkit)
     Running `/home/tuong/.rustup/toolchains/1.90-x86_64-unknown-linux-gnu/bin/rustc --crate-name pstore_index --edition=2024 crates/pstore-index/src/lib.rs --error-format=json --json=diagnostic-rendered-ansi,artifacts,future-incompat --crate-type lib --emit=dep-info,metadata,link -C embed-bitcode=no -C debuginfo=2 --warn=rust_2018_idioms '--deny=clippy::unwrap_used' --forbid=unsafe_code --warn=unreachable_pub '--deny=clippy::unimplemented' '--deny=clippy::todo' '--deny=clippy::panic' --warn=missing_docs '--deny=clippy::mem_forget' '--deny=clippy::indexing_slicing' '--deny=clippy::float_cmp' '--deny=clippy::expect_used' '--deny=clippy::dbg_macro' --check-cfg 'cfg(docsrs,test)' --check-cfg 'cfg(feature, values())' -C metadata=a242405e799e600f -C extra-filename=-66ac2b71496e370d --out-dir /tmp/cargo-mutants-pstore-DJ9WhG.tmp/target/debug/deps -C incremental=/tmp/cargo-mutants-pstore-DJ9WhG.tmp/target/debug/incremental -L dependency=/tmp/cargo-mutants-pstore-DJ9WhG.tmp/target/debug/deps --extern bytes=/tmp/cargo-mutants-pstore-DJ9WhG.tmp/target/debug/deps/libbytes-31b8f712e3be84e8.rmeta --extern futures_util=/tmp/cargo-mutants-pstore-DJ9WhG.tmp/target/debug/deps/libfutures_util-9467758a9490225b.rmeta --extern pstore_blob=/tmp/cargo-mutants-pstore-DJ9WhG.tmp/target/debug/deps/libpstore_blob-a1c846e65fcdfc47.rmeta --extern pstore_format=/tmp/cargo-mutants-pstore-DJ9WhG.tmp/target/debug/deps/libpstore_format-b47669c15c655435.rmeta`
error[E0277]: the trait bound `rabitq::Query: Default` is not satisfied
   --> crates/pstore-index/src/rabitq.rs:339:12
    |
339 |         Ok(Default::default()) /* ~ changed by cargo-mutants ~ */
    |            ^^^^^^^^^^^^^^^^^^ the trait `Default` is not implemented for `rabitq::Query`
    |
help: consider annotating `rabitq::Query` with `#[derive(Default)]`
    |
158 + #[derive(Default)]
159 | pub struct Query(Vec<f32>);
    |

For more information about this error, try `rustc --explain E0277`.
error: could not compile `pstore-index` (lib) due to 1 previous error

Caused by:
  process didn't exit successfully: `/home/tuong/.rustup/toolchains/1.90-x86_64-unknown-linux-gnu/bin/rustc --crate-name pstore_index --edition=2024 crates/pstore-index/src/lib.rs --error-format=json --json=diagnostic-rendered-ansi,artifacts,future-incompat --crate-type lib --emit=dep-info,metadata,link -C embed-bitcode=no -C debuginfo=2 --warn=rust_2018_idioms '--deny=clippy::unwrap_used' --forbid=unsafe_code --warn=unreachable_pub '--deny=clippy::unimplemented' '--deny=clippy::todo' '--deny=clippy::panic' --warn=missing_docs '--deny=clippy::mem_forget' '--deny=clippy::indexing_slicing' '--deny=clippy::float_cmp' '--deny=clippy::expect_used' '--deny=clippy::dbg_macro' --check-cfg 'cfg(docsrs,test)' --check-cfg 'cfg(feature, values())' -C metadata=a242405e799e600f -C extra-filename=-66ac2b71496e370d --out-dir /tmp/cargo-mutants-pstore-DJ9WhG.tmp/target/debug/deps -C incremental=/tmp/cargo-mutants-pstore-DJ9WhG.tmp/target/debug/incremental -L dependency=/tmp/cargo-mutants-pstore-DJ9WhG.tmp/target/debug/deps --extern bytes=/tmp/cargo-mutants-pstore-DJ9WhG.tmp/target/debug/deps/libbytes-31b8f712e3be84e8.rmeta --extern futures_util=/tmp/cargo-mutants-pstore-DJ9WhG.tmp/target/debug/deps/libfutures_util-9467758a9490225b.rmeta --extern pstore_blob=/tmp/cargo-mutants-pstore-DJ9WhG.tmp/target/debug/deps/libpstore_blob-a1c846e65fcdfc47.rmeta --extern pstore_format=/tmp/cargo-mutants-pstore-DJ9WhG.tmp/target/debug/deps/libpstore_format-b47669c15c655435.rmeta` (exit status: 1)
warning: build failed, waiting for other jobs to finish...
error: could not compile `pstore-index` (lib test) due to 1 previous error

Caused by:
  process didn't exit successfully: `/home/tuong/.rustup/toolchains/1.90-x86_64-unknown-linux-gnu/bin/rustc --crate-name pstore_index --edition=2024 crates/pstore-index/src/lib.rs --error-format=json --json=diagnostic-rendered-ansi,artifacts,future-incompat --emit=dep-info,link -C embed-bitcode=no -C debuginfo=2 --warn=rust_2018_idioms '--deny=clippy::unwrap_used' --forbid=unsafe_code --warn=unreachable_pub '--deny=clippy::unimplemented' '--deny=clippy::todo' '--deny=clippy::panic' --warn=missing_docs '--deny=clippy::mem_forget' '--deny=clippy::indexing_slicing' '--deny=clippy::float_cmp' '--deny=clippy::expect_used' '--deny=clippy::dbg_macro' --test --check-cfg 'cfg(docsrs,test)' --check-cfg 'cfg(feature, values())' -C metadata=cc327639876ee248 -C extra-filename=-ad9a41401e531637 --out-dir /tmp/cargo-mutants-pstore-DJ9WhG.tmp/target/debug/deps -C incremental=/tmp/cargo-mutants-pstore-DJ9WhG.tmp/target/debug/incremental -L dependency=/tmp/cargo-mutants-pstore-DJ9WhG.tmp/target/debug/deps --extern bytes=/tmp/cargo-mutants-pstore-DJ9WhG.tmp/target/debug/deps/libbytes-31b8f712e3be84e8.rlib --extern futures_util=/tmp/cargo-mutants-pstore-DJ9WhG.tmp/target/debug/deps/libfutures_util-9467758a9490225b.rlib --extern pstore_blob=/tmp/cargo-mutants-pstore-DJ9WhG.tmp/target/debug/deps/libpstore_blob-a1c846e65fcdfc47.rlib --extern pstore_format=/tmp/cargo-mutants-pstore-DJ9WhG.tmp/target/debug/deps/libpstore_format-b47669c15c655435.rlib --extern pstore_testkit=/tmp/cargo-mutants-pstore-DJ9WhG.tmp/target/debug/deps/libpstore_testkit-c70127229fd98aeb.rlib --extern pstore_types=/tmp/cargo-mutants-pstore-DJ9WhG.tmp/target/debug/deps/libpstore_types-c19df0e60947a156.rlib --extern tokio=/tmp/cargo-mutants-pstore-DJ9WhG.tmp/target/debug/deps/libtokio-c4794fa7272c7af3.rlib` (exit status: 1)

*** result: Failure(101)
