
*** crates/pstore-format/src/docs.rs:39:5: replace decode_attrs -> Result<BTreeMap<String, Value>, FormatError> with Ok(BTreeMap::from_iter([(String::new(), Default::default())]))

*** mutation diff:
--- crates/pstore-format/src/docs.rs
+++ replace decode_attrs -> Result<BTreeMap<String, Value>, FormatError> with Ok(BTreeMap::from_iter([(String::new(), Default::default())]))
@@ -31,30 +31,17 @@
                 e.u8(1);
                 e.bytes(s.as_bytes());
             }
         }
     }
 }
 
 fn decode_attrs(d: &mut Dec<'_>) -> Result<BTreeMap<String, Value>, FormatError> {
-    let n = d.u32()? as usize;
-    let mut attrs = BTreeMap::new();
-    for _ in 0..n {
-        let k = d.string()?;
-        let v = match d.u8()? {
-            0 => Value::Int(d.i64()?),
-            1 => Value::Str(d.string()?),
-            // A tag from a future version. Refused, not guessed: a mistyped attribute is
-            // one a filter later reads as the wrong thing.
-            _ => return Err(FormatError::Corrupt("unknown value tag")),
-        };
-        attrs.insert(k, v);
-    }
-    Ok(attrs)
+    Ok(BTreeMap::from_iter([(String::new(), Default::default())])) /* ~ changed by cargo-mutants ~ */
 }
 
 /// Encodes documents **with their vectors**, for the WAL bundle.
 ///
 /// ⚠️ Unlike a segment block, a bundle is the durable record of a write before anything has
 /// been folded, so it must carry everything needed to reconstruct the document — vectors
 /// included. A segment block does not, because segments keep vectors in their own section.
 #[must_use]


*** /home/tuong/.rustup/toolchains/1.90-x86_64-unknown-linux-gnu/bin/cargo test --no-run --verbose --workspace
       Fresh unicode-ident v1.0.24
       Fresh pin-project-lite v0.2.17
       Fresh proc-macro2 v1.0.107
       Fresh futures-task v0.3.34
       Fresh futures-core v0.3.34
       Fresh quote v1.0.47
       Fresh slab v0.4.12
       Fresh bytes v1.12.1
       Fresh pstore-types v0.1.0 (/tmp/cargo-mutants-pstore-yddpDt.tmp/crates/pstore-types)
       Fresh syn v3.0.5
       Fresh futures-util v0.3.34
       Fresh tokio-macros v2.7.2
       Fresh thiserror-impl v2.0.20
       Fresh async-trait v0.1.92
       Fresh tokio v1.53.1
       Fresh thiserror v2.0.20
       Dirty pstore-format v0.1.0 (/tmp/cargo-mutants-pstore-yddpDt.tmp/crates/pstore-format): the file `crates/pstore-format/src/docs.rs` has changed (1788644609.990681300s, 1s after last build at 1788644608.706604298s)
   Compiling pstore-format v0.1.0 (/tmp/cargo-mutants-pstore-yddpDt.tmp/crates/pstore-format)
       Fresh pstore-testkit v0.1.0 (/tmp/cargo-mutants-pstore-yddpDt.tmp/crates/pstore-testkit)
     Running `/home/tuong/.rustup/toolchains/1.90-x86_64-unknown-linux-gnu/bin/rustc --crate-name pstore_format --edition=2024 crates/pstore-format/src/lib.rs --error-format=json --json=diagnostic-rendered-ansi,artifacts,future-incompat --emit=dep-info,link -C embed-bitcode=no -C debuginfo=2 --warn=rust_2018_idioms '--deny=clippy::unwrap_used' --forbid=unsafe_code --warn=unreachable_pub '--deny=clippy::unimplemented' '--deny=clippy::todo' '--deny=clippy::panic' --warn=missing_docs '--deny=clippy::mem_forget' '--deny=clippy::indexing_slicing' '--deny=clippy::float_cmp' '--deny=clippy::expect_used' '--deny=clippy::dbg_macro' --test --check-cfg 'cfg(docsrs,test)' --check-cfg 'cfg(feature, values())' -C metadata=a754d8b7b402e13f -C extra-filename=-222b2d320583739b --out-dir /tmp/cargo-mutants-pstore-yddpDt.tmp/target/debug/deps -C incremental=/tmp/cargo-mutants-pstore-yddpDt.tmp/target/debug/incremental -L dependency=/tmp/cargo-mutants-pstore-yddpDt.tmp/target/debug/deps --extern async_trait=/tmp/cargo-mutants-pstore-yddpDt.tmp/target/debug/deps/libasync_trait-efaaae825ff87b5f.so --extern bytes=/tmp/cargo-mutants-pstore-yddpDt.tmp/target/debug/deps/libbytes-31b8f712e3be84e8.rlib --extern futures_util=/tmp/cargo-mutants-pstore-yddpDt.tmp/target/debug/deps/libfutures_util-9467758a9490225b.rlib --extern pstore_blob=/tmp/cargo-mutants-pstore-yddpDt.tmp/target/debug/deps/libpstore_blob-a1c846e65fcdfc47.rlib --extern pstore_types=/tmp/cargo-mutants-pstore-yddpDt.tmp/target/debug/deps/libpstore_types-c19df0e60947a156.rlib --extern thiserror=/tmp/cargo-mutants-pstore-yddpDt.tmp/target/debug/deps/libthiserror-a555ba146edbfd98.rlib --extern tokio=/tmp/cargo-mutants-pstore-yddpDt.tmp/target/debug/deps/libtokio-c4794fa7272c7af3.rlib`
       Fresh pstore-blob v0.1.0 (/tmp/cargo-mutants-pstore-yddpDt.tmp/crates/pstore-blob)
     Running `/home/tuong/.rustup/toolchains/1.90-x86_64-unknown-linux-gnu/bin/rustc --crate-name pstore_format --edition=2024 crates/pstore-format/src/lib.rs --error-format=json --json=diagnostic-rendered-ansi,artifacts,future-incompat --crate-type lib --emit=dep-info,metadata,link -C embed-bitcode=no -C debuginfo=2 --warn=rust_2018_idioms '--deny=clippy::unwrap_used' --forbid=unsafe_code --warn=unreachable_pub '--deny=clippy::unimplemented' '--deny=clippy::todo' '--deny=clippy::panic' --warn=missing_docs '--deny=clippy::mem_forget' '--deny=clippy::indexing_slicing' '--deny=clippy::float_cmp' '--deny=clippy::expect_used' '--deny=clippy::dbg_macro' --check-cfg 'cfg(docsrs,test)' --check-cfg 'cfg(feature, values())' -C metadata=01612be049a97498 -C extra-filename=-b47669c15c655435 --out-dir /tmp/cargo-mutants-pstore-yddpDt.tmp/target/debug/deps -C incremental=/tmp/cargo-mutants-pstore-yddpDt.tmp/target/debug/incremental -L dependency=/tmp/cargo-mutants-pstore-yddpDt.tmp/target/debug/deps --extern async_trait=/tmp/cargo-mutants-pstore-yddpDt.tmp/target/debug/deps/libasync_trait-efaaae825ff87b5f.so --extern bytes=/tmp/cargo-mutants-pstore-yddpDt.tmp/target/debug/deps/libbytes-31b8f712e3be84e8.rmeta --extern futures_util=/tmp/cargo-mutants-pstore-yddpDt.tmp/target/debug/deps/libfutures_util-9467758a9490225b.rmeta --extern pstore_blob=/tmp/cargo-mutants-pstore-yddpDt.tmp/target/debug/deps/libpstore_blob-a1c846e65fcdfc47.rmeta --extern pstore_types=/tmp/cargo-mutants-pstore-yddpDt.tmp/target/debug/deps/libpstore_types-c19df0e60947a156.rmeta --extern thiserror=/tmp/cargo-mutants-pstore-yddpDt.tmp/target/debug/deps/libthiserror-a555ba146edbfd98.rmeta`
error[E0277]: the trait bound `Value: Default` is not satisfied
  --> crates/pstore-format/src/docs.rs:39:45
   |
39 |     Ok(BTreeMap::from_iter([(String::new(), Default::default())])) /* ~ changed by cargo-mutants ~ */
   |                                             ^^^^^^^^^^^^^^^^^^ the trait `Default` is not implemented for `Value`

For more information about this error, try `rustc --explain E0277`.
error: could not compile `pstore-format` (lib) due to 1 previous error

Caused by:
  process didn't exit successfully: `/home/tuong/.rustup/toolchains/1.90-x86_64-unknown-linux-gnu/bin/rustc --crate-name pstore_format --edition=2024 crates/pstore-format/src/lib.rs --error-format=json --json=diagnostic-rendered-ansi,artifacts,future-incompat --crate-type lib --emit=dep-info,metadata,link -C embed-bitcode=no -C debuginfo=2 --warn=rust_2018_idioms '--deny=clippy::unwrap_used' --forbid=unsafe_code --warn=unreachable_pub '--deny=clippy::unimplemented' '--deny=clippy::todo' '--deny=clippy::panic' --warn=missing_docs '--deny=clippy::mem_forget' '--deny=clippy::indexing_slicing' '--deny=clippy::float_cmp' '--deny=clippy::expect_used' '--deny=clippy::dbg_macro' --check-cfg 'cfg(docsrs,test)' --check-cfg 'cfg(feature, values())' -C metadata=01612be049a97498 -C extra-filename=-b47669c15c655435 --out-dir /tmp/cargo-mutants-pstore-yddpDt.tmp/target/debug/deps -C incremental=/tmp/cargo-mutants-pstore-yddpDt.tmp/target/debug/incremental -L dependency=/tmp/cargo-mutants-pstore-yddpDt.tmp/target/debug/deps --extern async_trait=/tmp/cargo-mutants-pstore-yddpDt.tmp/target/debug/deps/libasync_trait-efaaae825ff87b5f.so --extern bytes=/tmp/cargo-mutants-pstore-yddpDt.tmp/target/debug/deps/libbytes-31b8f712e3be84e8.rmeta --extern futures_util=/tmp/cargo-mutants-pstore-yddpDt.tmp/target/debug/deps/libfutures_util-9467758a9490225b.rmeta --extern pstore_blob=/tmp/cargo-mutants-pstore-yddpDt.tmp/target/debug/deps/libpstore_blob-a1c846e65fcdfc47.rmeta --extern pstore_types=/tmp/cargo-mutants-pstore-yddpDt.tmp/target/debug/deps/libpstore_types-c19df0e60947a156.rmeta --extern thiserror=/tmp/cargo-mutants-pstore-yddpDt.tmp/target/debug/deps/libthiserror-a555ba146edbfd98.rmeta` (exit status: 1)
warning: build failed, waiting for other jobs to finish...
error: could not compile `pstore-format` (lib test) due to 1 previous error

Caused by:
  process didn't exit successfully: `/home/tuong/.rustup/toolchains/1.90-x86_64-unknown-linux-gnu/bin/rustc --crate-name pstore_format --edition=2024 crates/pstore-format/src/lib.rs --error-format=json --json=diagnostic-rendered-ansi,artifacts,future-incompat --emit=dep-info,link -C embed-bitcode=no -C debuginfo=2 --warn=rust_2018_idioms '--deny=clippy::unwrap_used' --forbid=unsafe_code --warn=unreachable_pub '--deny=clippy::unimplemented' '--deny=clippy::todo' '--deny=clippy::panic' --warn=missing_docs '--deny=clippy::mem_forget' '--deny=clippy::indexing_slicing' '--deny=clippy::float_cmp' '--deny=clippy::expect_used' '--deny=clippy::dbg_macro' --test --check-cfg 'cfg(docsrs,test)' --check-cfg 'cfg(feature, values())' -C metadata=a754d8b7b402e13f -C extra-filename=-222b2d320583739b --out-dir /tmp/cargo-mutants-pstore-yddpDt.tmp/target/debug/deps -C incremental=/tmp/cargo-mutants-pstore-yddpDt.tmp/target/debug/incremental -L dependency=/tmp/cargo-mutants-pstore-yddpDt.tmp/target/debug/deps --extern async_trait=/tmp/cargo-mutants-pstore-yddpDt.tmp/target/debug/deps/libasync_trait-efaaae825ff87b5f.so --extern bytes=/tmp/cargo-mutants-pstore-yddpDt.tmp/target/debug/deps/libbytes-31b8f712e3be84e8.rlib --extern futures_util=/tmp/cargo-mutants-pstore-yddpDt.tmp/target/debug/deps/libfutures_util-9467758a9490225b.rlib --extern pstore_blob=/tmp/cargo-mutants-pstore-yddpDt.tmp/target/debug/deps/libpstore_blob-a1c846e65fcdfc47.rlib --extern pstore_types=/tmp/cargo-mutants-pstore-yddpDt.tmp/target/debug/deps/libpstore_types-c19df0e60947a156.rlib --extern thiserror=/tmp/cargo-mutants-pstore-yddpDt.tmp/target/debug/deps/libthiserror-a555ba146edbfd98.rlib --extern tokio=/tmp/cargo-mutants-pstore-yddpDt.tmp/target/debug/deps/libtokio-c4794fa7272c7af3.rlib` (exit status: 1)

*** result: Failure(101)
