
*** crates/pstore-blob/src/store.rs:42:42: replace - with / in BlobStore::get_ranges

*** mutation diff:
--- crates/pstore-blob/src/store.rs
+++ replace - with / in BlobStore::get_ranges
@@ -34,17 +34,17 @@
             plan.iter().map(|f| self.get_range(key, f.span.clone())),
         )
         .await?;
 
         let mut out: Vec<(usize, Bytes)> = Vec::with_capacity(ranges.len());
         for (fetch, buf) in plan.into_iter().zip(fetched) {
             let base = fetch.span.start;
             for (i, r) in fetch.serves {
-                let (lo, hi) = ((r.start - base) as usize, (r.end - base) as usize);
+                let (lo, hi) = ((r.start / /* ~ changed by cargo-mutants ~ */ base) as usize, (r.end - base) as usize);
                 // Slice, not copy: `Bytes` is refcounted, so the merged buffer is shared
                 // by every range it serves.
                 out.push((i, buf.slice(lo..hi)));
             }
         }
         out.sort_by_key(|(i, _)| *i);
         Ok(out.into_iter().map(|(_, b)| b).collect())
     }


*** /home/tuong/.rustup/toolchains/1.90-x86_64-unknown-linux-gnu/bin/cargo test --no-run --verbose --package=pstore-blob@0.1.0
       Fresh unicode-ident v1.0.24
       Fresh proc-macro2 v1.0.107
       Fresh quote v1.0.47
       Fresh syn v3.0.5
       Fresh pin-project-lite v0.2.17
       Fresh tokio-macros v2.7.2
       Fresh thiserror-impl v2.0.20
       Fresh slab v0.4.12
       Fresh futures-core v0.3.34
       Fresh futures-task v0.3.34
       Fresh async-trait v0.1.92
       Fresh tokio v1.53.1
       Fresh futures-util v0.3.34
       Fresh bytes v1.12.1
       Fresh pstore-types v0.1.0 (/tmp/cargo-mutants-pstore-Tv7zHT.tmp/crates/pstore-types)
       Fresh thiserror v2.0.20
       Dirty pstore-blob v0.1.0 (/tmp/cargo-mutants-pstore-Tv7zHT.tmp/crates/pstore-blob): the file `crates/pstore-blob/src/store.rs` has changed (1788613301.218264210s, 3s after last build at 1788613298.361442234s)
   Compiling pstore-blob v0.1.0 (/tmp/cargo-mutants-pstore-Tv7zHT.tmp/crates/pstore-blob)
     Running `/home/tuong/.rustup/toolchains/1.90-x86_64-unknown-linux-gnu/bin/rustc --crate-name pstore_blob --edition=2024 crates/pstore-blob/src/lib.rs --error-format=json --json=diagnostic-rendered-ansi,artifacts,future-incompat --crate-type lib --emit=dep-info,metadata,link -C embed-bitcode=no -C debuginfo=2 --warn=rust_2018_idioms '--deny=clippy::unwrap_used' --forbid=unsafe_code --warn=unreachable_pub '--deny=clippy::unimplemented' '--deny=clippy::todo' '--deny=clippy::panic' --warn=missing_docs '--deny=clippy::mem_forget' '--deny=clippy::indexing_slicing' '--deny=clippy::float_cmp' '--deny=clippy::expect_used' '--deny=clippy::dbg_macro' --check-cfg 'cfg(docsrs,test)' --check-cfg 'cfg(feature, values("object_store"))' -C metadata=948d266b4a441e08 -C extra-filename=-a1c846e65fcdfc47 --out-dir /tmp/cargo-mutants-pstore-Tv7zHT.tmp/target/debug/deps -C incremental=/tmp/cargo-mutants-pstore-Tv7zHT.tmp/target/debug/incremental -L dependency=/tmp/cargo-mutants-pstore-Tv7zHT.tmp/target/debug/deps --extern async_trait=/tmp/cargo-mutants-pstore-Tv7zHT.tmp/target/debug/deps/libasync_trait-efaaae825ff87b5f.so --extern bytes=/tmp/cargo-mutants-pstore-Tv7zHT.tmp/target/debug/deps/libbytes-31b8f712e3be84e8.rmeta --extern futures_util=/tmp/cargo-mutants-pstore-Tv7zHT.tmp/target/debug/deps/libfutures_util-9467758a9490225b.rmeta --extern pstore_types=/tmp/cargo-mutants-pstore-Tv7zHT.tmp/target/debug/deps/libpstore_types-c19df0e60947a156.rmeta --extern thiserror=/tmp/cargo-mutants-pstore-Tv7zHT.tmp/target/debug/deps/libthiserror-a555ba146edbfd98.rmeta --extern tokio=/tmp/cargo-mutants-pstore-Tv7zHT.tmp/target/debug/deps/libtokio-c4794fa7272c7af3.rmeta`
       Dirty pstore-testkit v0.1.0 (/tmp/cargo-mutants-pstore-Tv7zHT.tmp/crates/pstore-testkit): the dependency pstore_blob was rebuilt
   Compiling pstore-testkit v0.1.0 (/tmp/cargo-mutants-pstore-Tv7zHT.tmp/crates/pstore-testkit)
     Running `/home/tuong/.rustup/toolchains/1.90-x86_64-unknown-linux-gnu/bin/rustc --crate-name pstore_testkit --edition=2024 crates/pstore-testkit/src/lib.rs --error-format=json --json=diagnostic-rendered-ansi,artifacts,future-incompat --crate-type lib --emit=dep-info,metadata,link -C embed-bitcode=no -C debuginfo=2 --warn=rust_2018_idioms '--deny=clippy::unwrap_used' --forbid=unsafe_code --warn=unreachable_pub '--deny=clippy::unimplemented' '--deny=clippy::todo' '--deny=clippy::panic' --warn=missing_docs '--deny=clippy::mem_forget' '--deny=clippy::indexing_slicing' '--deny=clippy::float_cmp' '--deny=clippy::expect_used' '--deny=clippy::dbg_macro' --check-cfg 'cfg(docsrs,test)' --check-cfg 'cfg(feature, values())' -C metadata=7c6884569a017aab -C extra-filename=-c70127229fd98aeb --out-dir /tmp/cargo-mutants-pstore-Tv7zHT.tmp/target/debug/deps -C incremental=/tmp/cargo-mutants-pstore-Tv7zHT.tmp/target/debug/incremental -L dependency=/tmp/cargo-mutants-pstore-Tv7zHT.tmp/target/debug/deps --extern async_trait=/tmp/cargo-mutants-pstore-Tv7zHT.tmp/target/debug/deps/libasync_trait-efaaae825ff87b5f.so --extern bytes=/tmp/cargo-mutants-pstore-Tv7zHT.tmp/target/debug/deps/libbytes-31b8f712e3be84e8.rmeta --extern pstore_blob=/tmp/cargo-mutants-pstore-Tv7zHT.tmp/target/debug/deps/libpstore_blob-a1c846e65fcdfc47.rmeta --extern pstore_types=/tmp/cargo-mutants-pstore-Tv7zHT.tmp/target/debug/deps/libpstore_types-c19df0e60947a156.rmeta --extern tokio=/tmp/cargo-mutants-pstore-Tv7zHT.tmp/target/debug/deps/libtokio-c4794fa7272c7af3.rmeta`
     Running `/home/tuong/.rustup/toolchains/1.90-x86_64-unknown-linux-gnu/bin/rustc --crate-name object_store_adapter --edition=2024 crates/pstore-blob/tests/object_store_adapter.rs --error-format=json --json=diagnostic-rendered-ansi,artifacts,future-incompat --emit=dep-info,link -C embed-bitcode=no -C debuginfo=2 --warn=rust_2018_idioms '--deny=clippy::unwrap_used' --forbid=unsafe_code --warn=unreachable_pub '--deny=clippy::unimplemented' '--deny=clippy::todo' '--deny=clippy::panic' --warn=missing_docs '--deny=clippy::mem_forget' '--deny=clippy::indexing_slicing' '--deny=clippy::float_cmp' '--deny=clippy::expect_used' '--deny=clippy::dbg_macro' --test --check-cfg 'cfg(docsrs,test)' --check-cfg 'cfg(feature, values("object_store"))' -C metadata=96973d3c9d325fd5 -C extra-filename=-318667f311816eef --out-dir /tmp/cargo-mutants-pstore-Tv7zHT.tmp/target/debug/deps -C incremental=/tmp/cargo-mutants-pstore-Tv7zHT.tmp/target/debug/incremental -L dependency=/tmp/cargo-mutants-pstore-Tv7zHT.tmp/target/debug/deps --extern async_trait=/tmp/cargo-mutants-pstore-Tv7zHT.tmp/target/debug/deps/libasync_trait-efaaae825ff87b5f.so --extern bytes=/tmp/cargo-mutants-pstore-Tv7zHT.tmp/target/debug/deps/libbytes-31b8f712e3be84e8.rlib --extern futures_util=/tmp/cargo-mutants-pstore-Tv7zHT.tmp/target/debug/deps/libfutures_util-9467758a9490225b.rlib --extern pstore_blob=/tmp/cargo-mutants-pstore-Tv7zHT.tmp/target/debug/deps/libpstore_blob-a1c846e65fcdfc47.rlib --extern pstore_testkit=/tmp/cargo-mutants-pstore-Tv7zHT.tmp/target/debug/deps/libpstore_testkit-c70127229fd98aeb.rlib --extern pstore_types=/tmp/cargo-mutants-pstore-Tv7zHT.tmp/target/debug/deps/libpstore_types-c19df0e60947a156.rlib --extern thiserror=/tmp/cargo-mutants-pstore-Tv7zHT.tmp/target/debug/deps/libthiserror-a555ba146edbfd98.rlib --extern tokio=/tmp/cargo-mutants-pstore-Tv7zHT.tmp/target/debug/deps/libtokio-c4794fa7272c7af3.rlib`
     Running `/home/tuong/.rustup/toolchains/1.90-x86_64-unknown-linux-gnu/bin/rustc --crate-name accounting --edition=2024 crates/pstore-blob/tests/accounting.rs --error-format=json --json=diagnostic-rendered-ansi,artifacts,future-incompat --emit=dep-info,link -C embed-bitcode=no -C debuginfo=2 --warn=rust_2018_idioms '--deny=clippy::unwrap_used' --forbid=unsafe_code --warn=unreachable_pub '--deny=clippy::unimplemented' '--deny=clippy::todo' '--deny=clippy::panic' --warn=missing_docs '--deny=clippy::mem_forget' '--deny=clippy::indexing_slicing' '--deny=clippy::float_cmp' '--deny=clippy::expect_used' '--deny=clippy::dbg_macro' --test --check-cfg 'cfg(docsrs,test)' --check-cfg 'cfg(feature, values("object_store"))' -C metadata=023f0ddac3062718 -C extra-filename=-f4906d65a4a0bb28 --out-dir /tmp/cargo-mutants-pstore-Tv7zHT.tmp/target/debug/deps -C incremental=/tmp/cargo-mutants-pstore-Tv7zHT.tmp/target/debug/incremental -L dependency=/tmp/cargo-mutants-pstore-Tv7zHT.tmp/target/debug/deps --extern async_trait=/tmp/cargo-mutants-pstore-Tv7zHT.tmp/target/debug/deps/libasync_trait-efaaae825ff87b5f.so --extern bytes=/tmp/cargo-mutants-pstore-Tv7zHT.tmp/target/debug/deps/libbytes-31b8f712e3be84e8.rlib --extern futures_util=/tmp/cargo-mutants-pstore-Tv7zHT.tmp/target/debug/deps/libfutures_util-9467758a9490225b.rlib --extern pstore_blob=/tmp/cargo-mutants-pstore-Tv7zHT.tmp/target/debug/deps/libpstore_blob-a1c846e65fcdfc47.rlib --extern pstore_testkit=/tmp/cargo-mutants-pstore-Tv7zHT.tmp/target/debug/deps/libpstore_testkit-c70127229fd98aeb.rlib --extern pstore_types=/tmp/cargo-mutants-pstore-Tv7zHT.tmp/target/debug/deps/libpstore_types-c19df0e60947a156.rlib --extern thiserror=/tmp/cargo-mutants-pstore-Tv7zHT.tmp/target/debug/deps/libthiserror-a555ba146edbfd98.rlib --extern tokio=/tmp/cargo-mutants-pstore-Tv7zHT.tmp/target/debug/deps/libtokio-c4794fa7272c7af3.rlib`
     Running `/home/tuong/.rustup/toolchains/1.90-x86_64-unknown-linux-gnu/bin/rustc --crate-name faults --edition=2024 crates/pstore-blob/tests/faults.rs --error-format=json --json=diagnostic-rendered-ansi,artifacts,future-incompat --emit=dep-info,link -C embed-bitcode=no -C debuginfo=2 --warn=rust_2018_idioms '--deny=clippy::unwrap_used' --forbid=unsafe_code --warn=unreachable_pub '--deny=clippy::unimplemented' '--deny=clippy::todo' '--deny=clippy::panic' --warn=missing_docs '--deny=clippy::mem_forget' '--deny=clippy::indexing_slicing' '--deny=clippy::float_cmp' '--deny=clippy::expect_used' '--deny=clippy::dbg_macro' --test --check-cfg 'cfg(docsrs,test)' --check-cfg 'cfg(feature, values("object_store"))' -C metadata=ef654a0a1786a870 -C extra-filename=-6ff9c0975fba4475 --out-dir /tmp/cargo-mutants-pstore-Tv7zHT.tmp/target/debug/deps -C incremental=/tmp/cargo-mutants-pstore-Tv7zHT.tmp/target/debug/incremental -L dependency=/tmp/cargo-mutants-pstore-Tv7zHT.tmp/target/debug/deps --extern async_trait=/tmp/cargo-mutants-pstore-Tv7zHT.tmp/target/debug/deps/libasync_trait-efaaae825ff87b5f.so --extern bytes=/tmp/cargo-mutants-pstore-Tv7zHT.tmp/target/debug/deps/libbytes-31b8f712e3be84e8.rlib --extern futures_util=/tmp/cargo-mutants-pstore-Tv7zHT.tmp/target/debug/deps/libfutures_util-9467758a9490225b.rlib --extern pstore_blob=/tmp/cargo-mutants-pstore-Tv7zHT.tmp/target/debug/deps/libpstore_blob-a1c846e65fcdfc47.rlib --extern pstore_testkit=/tmp/cargo-mutants-pstore-Tv7zHT.tmp/target/debug/deps/libpstore_testkit-c70127229fd98aeb.rlib --extern pstore_types=/tmp/cargo-mutants-pstore-Tv7zHT.tmp/target/debug/deps/libpstore_types-c19df0e60947a156.rlib --extern thiserror=/tmp/cargo-mutants-pstore-Tv7zHT.tmp/target/debug/deps/libthiserror-a555ba146edbfd98.rlib --extern tokio=/tmp/cargo-mutants-pstore-Tv7zHT.tmp/target/debug/deps/libtokio-c4794fa7272c7af3.rlib`
     Running `/home/tuong/.rustup/toolchains/1.90-x86_64-unknown-linux-gnu/bin/rustc --crate-name semantics --edition=2024 crates/pstore-blob/tests/semantics.rs --error-format=json --json=diagnostic-rendered-ansi,artifacts,future-incompat --emit=dep-info,link -C embed-bitcode=no -C debuginfo=2 --warn=rust_2018_idioms '--deny=clippy::unwrap_used' --forbid=unsafe_code --warn=unreachable_pub '--deny=clippy::unimplemented' '--deny=clippy::todo' '--deny=clippy::panic' --warn=missing_docs '--deny=clippy::mem_forget' '--deny=clippy::indexing_slicing' '--deny=clippy::float_cmp' '--deny=clippy::expect_used' '--deny=clippy::dbg_macro' --test --check-cfg 'cfg(docsrs,test)' --check-cfg 'cfg(feature, values("object_store"))' -C metadata=955ca3f9d7c7f70e -C extra-filename=-498f3631a70a0c40 --out-dir /tmp/cargo-mutants-pstore-Tv7zHT.tmp/target/debug/deps -C incremental=/tmp/cargo-mutants-pstore-Tv7zHT.tmp/target/debug/incremental -L dependency=/tmp/cargo-mutants-pstore-Tv7zHT.tmp/target/debug/deps --extern async_trait=/tmp/cargo-mutants-pstore-Tv7zHT.tmp/target/debug/deps/libasync_trait-efaaae825ff87b5f.so --extern bytes=/tmp/cargo-mutants-pstore-Tv7zHT.tmp/target/debug/deps/libbytes-31b8f712e3be84e8.rlib --extern futures_util=/tmp/cargo-mutants-pstore-Tv7zHT.tmp/target/debug/deps/libfutures_util-9467758a9490225b.rlib --extern pstore_blob=/tmp/cargo-mutants-pstore-Tv7zHT.tmp/target/debug/deps/libpstore_blob-a1c846e65fcdfc47.rlib --extern pstore_testkit=/tmp/cargo-mutants-pstore-Tv7zHT.tmp/target/debug/deps/libpstore_testkit-c70127229fd98aeb.rlib --extern pstore_types=/tmp/cargo-mutants-pstore-Tv7zHT.tmp/target/debug/deps/libpstore_types-c19df0e60947a156.rlib --extern thiserror=/tmp/cargo-mutants-pstore-Tv7zHT.tmp/target/debug/deps/libthiserror-a555ba146edbfd98.rlib --extern tokio=/tmp/cargo-mutants-pstore-Tv7zHT.tmp/target/debug/deps/libtokio-c4794fa7272c7af3.rlib`
     Running `/home/tuong/.rustup/toolchains/1.90-x86_64-unknown-linux-gnu/bin/rustc --crate-name coalescing --edition=2024 crates/pstore-blob/tests/coalescing.rs --error-format=json --json=diagnostic-rendered-ansi,artifacts,future-incompat --emit=dep-info,link -C embed-bitcode=no -C debuginfo=2 --warn=rust_2018_idioms '--deny=clippy::unwrap_used' --forbid=unsafe_code --warn=unreachable_pub '--deny=clippy::unimplemented' '--deny=clippy::todo' '--deny=clippy::panic' --warn=missing_docs '--deny=clippy::mem_forget' '--deny=clippy::indexing_slicing' '--deny=clippy::float_cmp' '--deny=clippy::expect_used' '--deny=clippy::dbg_macro' --test --check-cfg 'cfg(docsrs,test)' --check-cfg 'cfg(feature, values("object_store"))' -C metadata=95fd0fb8bd343508 -C extra-filename=-07cd275959561fdd --out-dir /tmp/cargo-mutants-pstore-Tv7zHT.tmp/target/debug/deps -C incremental=/tmp/cargo-mutants-pstore-Tv7zHT.tmp/target/debug/incremental -L dependency=/tmp/cargo-mutants-pstore-Tv7zHT.tmp/target/debug/deps --extern async_trait=/tmp/cargo-mutants-pstore-Tv7zHT.tmp/target/debug/deps/libasync_trait-efaaae825ff87b5f.so --extern bytes=/tmp/cargo-mutants-pstore-Tv7zHT.tmp/target/debug/deps/libbytes-31b8f712e3be84e8.rlib --extern futures_util=/tmp/cargo-mutants-pstore-Tv7zHT.tmp/target/debug/deps/libfutures_util-9467758a9490225b.rlib --extern pstore_blob=/tmp/cargo-mutants-pstore-Tv7zHT.tmp/target/debug/deps/libpstore_blob-a1c846e65fcdfc47.rlib --extern pstore_testkit=/tmp/cargo-mutants-pstore-Tv7zHT.tmp/target/debug/deps/libpstore_testkit-c70127229fd98aeb.rlib --extern pstore_types=/tmp/cargo-mutants-pstore-Tv7zHT.tmp/target/debug/deps/libpstore_types-c19df0e60947a156.rlib --extern thiserror=/tmp/cargo-mutants-pstore-Tv7zHT.tmp/target/debug/deps/libthiserror-a555ba146edbfd98.rlib --extern tokio=/tmp/cargo-mutants-pstore-Tv7zHT.tmp/target/debug/deps/libtokio-c4794fa7272c7af3.rlib`
     Running `/home/tuong/.rustup/toolchains/1.90-x86_64-unknown-linux-gnu/bin/rustc --crate-name cas --edition=2024 crates/pstore-blob/tests/cas.rs --error-format=json --json=diagnostic-rendered-ansi,artifacts,future-incompat --emit=dep-info,link -C embed-bitcode=no -C debuginfo=2 --warn=rust_2018_idioms '--deny=clippy::unwrap_used' --forbid=unsafe_code --warn=unreachable_pub '--deny=clippy::unimplemented' '--deny=clippy::todo' '--deny=clippy::panic' --warn=missing_docs '--deny=clippy::mem_forget' '--deny=clippy::indexing_slicing' '--deny=clippy::float_cmp' '--deny=clippy::expect_used' '--deny=clippy::dbg_macro' --test --check-cfg 'cfg(docsrs,test)' --check-cfg 'cfg(feature, values("object_store"))' -C metadata=3fb4d681b59d484c -C extra-filename=-4a0e1648b7639c55 --out-dir /tmp/cargo-mutants-pstore-Tv7zHT.tmp/target/debug/deps -C incremental=/tmp/cargo-mutants-pstore-Tv7zHT.tmp/target/debug/incremental -L dependency=/tmp/cargo-mutants-pstore-Tv7zHT.tmp/target/debug/deps --extern async_trait=/tmp/cargo-mutants-pstore-Tv7zHT.tmp/target/debug/deps/libasync_trait-efaaae825ff87b5f.so --extern bytes=/tmp/cargo-mutants-pstore-Tv7zHT.tmp/target/debug/deps/libbytes-31b8f712e3be84e8.rlib --extern futures_util=/tmp/cargo-mutants-pstore-Tv7zHT.tmp/target/debug/deps/libfutures_util-9467758a9490225b.rlib --extern pstore_blob=/tmp/cargo-mutants-pstore-Tv7zHT.tmp/target/debug/deps/libpstore_blob-a1c846e65fcdfc47.rlib --extern pstore_testkit=/tmp/cargo-mutants-pstore-Tv7zHT.tmp/target/debug/deps/libpstore_testkit-c70127229fd98aeb.rlib --extern pstore_types=/tmp/cargo-mutants-pstore-Tv7zHT.tmp/target/debug/deps/libpstore_types-c19df0e60947a156.rlib --extern thiserror=/tmp/cargo-mutants-pstore-Tv7zHT.tmp/target/debug/deps/libthiserror-a555ba146edbfd98.rlib --extern tokio=/tmp/cargo-mutants-pstore-Tv7zHT.tmp/target/debug/deps/libtokio-c4794fa7272c7af3.rlib`
     Running `/home/tuong/.rustup/toolchains/1.90-x86_64-unknown-linux-gnu/bin/rustc --crate-name pstore_blob --edition=2024 crates/pstore-blob/src/lib.rs --error-format=json --json=diagnostic-rendered-ansi,artifacts,future-incompat --emit=dep-info,link -C embed-bitcode=no -C debuginfo=2 --warn=rust_2018_idioms '--deny=clippy::unwrap_used' --forbid=unsafe_code --warn=unreachable_pub '--deny=clippy::unimplemented' '--deny=clippy::todo' '--deny=clippy::panic' --warn=missing_docs '--deny=clippy::mem_forget' '--deny=clippy::indexing_slicing' '--deny=clippy::float_cmp' '--deny=clippy::expect_used' '--deny=clippy::dbg_macro' --test --check-cfg 'cfg(docsrs,test)' --check-cfg 'cfg(feature, values("object_store"))' -C metadata=f2f4f50824e7892c -C extra-filename=-beebd50e20890a1c --out-dir /tmp/cargo-mutants-pstore-Tv7zHT.tmp/target/debug/deps -C incremental=/tmp/cargo-mutants-pstore-Tv7zHT.tmp/target/debug/incremental -L dependency=/tmp/cargo-mutants-pstore-Tv7zHT.tmp/target/debug/deps --extern async_trait=/tmp/cargo-mutants-pstore-Tv7zHT.tmp/target/debug/deps/libasync_trait-efaaae825ff87b5f.so --extern bytes=/tmp/cargo-mutants-pstore-Tv7zHT.tmp/target/debug/deps/libbytes-31b8f712e3be84e8.rlib --extern futures_util=/tmp/cargo-mutants-pstore-Tv7zHT.tmp/target/debug/deps/libfutures_util-9467758a9490225b.rlib --extern pstore_testkit=/tmp/cargo-mutants-pstore-Tv7zHT.tmp/target/debug/deps/libpstore_testkit-c70127229fd98aeb.rlib --extern pstore_types=/tmp/cargo-mutants-pstore-Tv7zHT.tmp/target/debug/deps/libpstore_types-c19df0e60947a156.rlib --extern thiserror=/tmp/cargo-mutants-pstore-Tv7zHT.tmp/target/debug/deps/libthiserror-a555ba146edbfd98.rlib --extern tokio=/tmp/cargo-mutants-pstore-Tv7zHT.tmp/target/debug/deps/libtokio-c4794fa7272c7af3.rlib`
    Finished `test` profile [unoptimized + debuginfo] target(s) in 1.72s
  Executable `/tmp/cargo-mutants-pstore-Tv7zHT.tmp/target/debug/deps/pstore_blob-beebd50e20890a1c`
  Executable `/tmp/cargo-mutants-pstore-Tv7zHT.tmp/target/debug/deps/accounting-f4906d65a4a0bb28`
  Executable `/tmp/cargo-mutants-pstore-Tv7zHT.tmp/target/debug/deps/cas-4a0e1648b7639c55`
  Executable `/tmp/cargo-mutants-pstore-Tv7zHT.tmp/target/debug/deps/coalescing-07cd275959561fdd`
  Executable `/tmp/cargo-mutants-pstore-Tv7zHT.tmp/target/debug/deps/faults-6ff9c0975fba4475`
  Executable `/tmp/cargo-mutants-pstore-Tv7zHT.tmp/target/debug/deps/object_store_adapter-318667f311816eef`
  Executable `/tmp/cargo-mutants-pstore-Tv7zHT.tmp/target/debug/deps/semantics-498f3631a70a0c40`

*** result: Success

*** /home/tuong/.rustup/toolchains/1.90-x86_64-unknown-linux-gnu/bin/cargo test --verbose --package=pstore-blob@0.1.0
       Fresh unicode-ident v1.0.24
       Fresh proc-macro2 v1.0.107
       Fresh quote v1.0.47
       Fresh syn v3.0.5
       Fresh pin-project-lite v0.2.17
       Fresh thiserror-impl v2.0.20
       Fresh tokio-macros v2.7.2
       Fresh slab v0.4.12
       Fresh futures-core v0.3.34
       Fresh futures-task v0.3.34
       Fresh futures-util v0.3.34
       Fresh tokio v1.53.1
       Fresh thiserror v2.0.20
       Fresh async-trait v0.1.92
       Fresh bytes v1.12.1
       Fresh pstore-types v0.1.0 (/tmp/cargo-mutants-pstore-Tv7zHT.tmp/crates/pstore-types)
       Fresh pstore-testkit v0.1.0 (/tmp/cargo-mutants-pstore-Tv7zHT.tmp/crates/pstore-testkit)
       Fresh pstore-blob v0.1.0 (/tmp/cargo-mutants-pstore-Tv7zHT.tmp/crates/pstore-blob)
    Finished `test` profile [unoptimized + debuginfo] target(s) in 0.08s
     Running `/tmp/cargo-mutants-pstore-Tv7zHT.tmp/target/debug/deps/pstore_blob-beebd50e20890a1c`

running 4 tests
test coalesce::tests::empty_ranges_are_dropped ... ok
test coalesce::tests::empty_input_plans_nothing ... ok
test coalesce::tests::a_contained_range_does_not_underflow_the_gap ... ok
test coalesce::tests::a_zero_gap_merges_only_touching_ranges ... ok

test result: ok. 4 passed; 0 failed; 0 ignored; 0 measured; 0 filtered out; finished in 0.01s

     Running `/tmp/cargo-mutants-pstore-Tv7zHT.tmp/target/debug/deps/accounting-f4906d65a4a0bb28`

running 4 tests
test accounting_is_per_tenant ... ok
test accounting_separates_read_write_and_list_classes ... ok
test a_failed_conditional_write_is_still_billed ... ok
test accounting_counts_one_write_per_put ... ok

test result: ok. 4 passed; 0 failed; 0 ignored; 0 measured; 0 filtered out; finished in 0.01s

     Running `/tmp/cargo-mutants-pstore-Tv7zHT.tmp/target/debug/deps/cas-4a0e1648b7639c55`

running 5 tests
test cas_rejects_stale_tag ... ok
test get_range_returns_the_requested_slice ... ok
test cas_lost_and_contended_are_distinct ... ok
test create_if_absent_rejects_second_write ... ok
test delete_batch_removes_only_the_named_keys ... ok

test result: ok. 5 passed; 0 failed; 0 ignored; 0 measured; 0 filtered out; finished in 0.00s

     Running `/tmp/cargo-mutants-pstore-Tv7zHT.tmp/target/debug/deps/coalescing-07cd275959561fdd`

running 8 tests
test a_single_far_range_is_offset_correctly ... FAILED
test coalesced_reads_equal_separate_reads ... FAILED
test coalescing_merges_ranges_closer_than_the_gap ... ok
test coalescing_actually_saves_requests ... FAILED
test coalescing_never_issues_more_requests_than_ranges ... ok
test coalescing_respects_the_gap_threshold ... ok
test ranges_out_of_order_are_returned_in_the_order_asked ... FAILED
test slices_are_offset_from_the_fetch_start_not_the_object_start ... FAILED

failures:

---- a_single_far_range_is_offset_correctly stdout ----

thread 'a_single_far_range_is_offset_correctly' panicked at crates/pstore-blob/tests/coalescing.rs:123:5:
assertion `left == right` failed
  left: [201, 202, 203, 204]
 right: [200, 201, 202, 203, 204]

---- coalesced_reads_equal_separate_reads stdout ----

thread 'coalesced_reads_equal_separate_reads' panicked at /tmp/cargo-mutants-pstore-Tv7zHT.tmp/crates/pstore-blob/src/store.rs:42:33:
attempt to divide by zero
note: run with `RUST_BACKTRACE=1` environment variable to display a backtrace

---- coalescing_actually_saves_requests stdout ----

thread 'coalescing_actually_saves_requests' panicked at /tmp/cargo-mutants-pstore-Tv7zHT.tmp/crates/pstore-blob/src/store.rs:42:33:
attempt to divide by zero

---- ranges_out_of_order_are_returned_in_the_order_asked stdout ----

thread 'ranges_out_of_order_are_returned_in_the_order_asked' panicked at /tmp/cargo-mutants-pstore-Tv7zHT.tmp/crates/pstore-blob/src/store.rs:42:33:
attempt to divide by zero

---- slices_are_offset_from_the_fetch_start_not_the_object_start stdout ----

thread 'slices_are_offset_from_the_fetch_start_not_the_object_start' panicked at crates/pstore-blob/tests/coalescing.rs:112:5:
assertion `left == right` failed
  left: [101, 102, 103]
 right: [100, 101, 102, 103]


failures:
    a_single_far_range_is_offset_correctly
    coalesced_reads_equal_separate_reads
    coalescing_actually_saves_requests
    ranges_out_of_order_are_returned_in_the_order_asked
    slices_are_offset_from_the_fetch_start_not_the_object_start

test result: FAILED. 3 passed; 5 failed; 0 ignored; 0 measured; 0 filtered out; finished in 0.01s

error: test failed, to rerun pass `-p pstore-blob --test coalescing`

*** result: Failure(101)
