
*** crates/pstore-blob/src/accounting.rs:111:9: replace Accounted<S>::ranges -> Vec<(Key, std::ops::Range<u64>)> with vec![(Default::default(), Range::from(1))]

*** mutation diff:
--- crates/pstore-blob/src/accounting.rs
+++ replace Accounted<S>::ranges -> Vec<(Key, std::ops::Range<u64>)> with vec![(Default::default(), Range::from(1))]
@@ -103,17 +103,17 @@
     /// for assertions rather than for production accounting.
     pub fn record_ranges(&self) {
         self.lock().ranges.get_or_insert_with(Vec::new).clear();
     }
 
     /// The ranges recorded since [`Self::record_ranges`], in request order.
     #[must_use]
     pub fn ranges(&self) -> Vec<(Key, std::ops::Range<u64>)> {
-        self.lock().ranges.clone().unwrap_or_default()
+        vec![(Default::default(), Range::from(1))] /* ~ changed by cargo-mutants ~ */
     }
 
     /// Bytes read from `key` that fall inside `span`.
     ///
     /// The section assertion: given a section's byte range from the footer, this is how
     /// many bytes of it a query actually moved. Overlap, not containment — a coalesced
     /// fetch spanning two sections is billed to both, which is the honest answer because
     /// the bytes really did cross the wire.


*** /home/tuong/.rustup/toolchains/1.90-x86_64-unknown-linux-gnu/bin/cargo test --no-run --verbose --workspace
       Fresh unicode-ident v1.0.24
       Fresh proc-macro2 v1.0.107
       Fresh quote v1.0.47
       Fresh syn v3.0.5
       Fresh pin-project-lite v0.2.17
       Fresh tokio-macros v2.7.2
       Fresh thiserror-impl v2.0.20
       Fresh futures-task v0.3.34
       Fresh slab v0.4.12
       Fresh futures-core v0.3.34
       Fresh futures-util v0.3.34
       Fresh thiserror v2.0.20
       Fresh tokio v1.53.1
       Fresh async-trait v0.1.92
       Fresh bytes v1.12.1
   Compiling pstore-blob v0.1.0 (/tmp/cargo-mutants-pstore-givrvP.tmp/crates/pstore-blob)
     Running `/home/tuong/.rustup/toolchains/1.90-x86_64-unknown-linux-gnu/bin/rustc --crate-name pstore_blob --edition=2024 crates/pstore-blob/src/lib.rs --error-format=json --json=diagnostic-rendered-ansi,artifacts,future-incompat --crate-type lib --emit=dep-info,metadata,link -C embed-bitcode=no -C debuginfo=2 --warn=rust_2018_idioms '--deny=clippy::unwrap_used' --forbid=unsafe_code --warn=unreachable_pub '--deny=clippy::unimplemented' '--deny=clippy::todo' '--deny=clippy::panic' --warn=missing_docs '--deny=clippy::mem_forget' '--deny=clippy::indexing_slicing' '--deny=clippy::float_cmp' '--deny=clippy::expect_used' '--deny=clippy::dbg_macro' --check-cfg 'cfg(docsrs,test)' --check-cfg 'cfg(feature, values("object_store"))' -C metadata=948d266b4a441e08 -C extra-filename=-a1c846e65fcdfc47 --out-dir /tmp/cargo-mutants-pstore-givrvP.tmp/target/debug/deps -C incremental=/tmp/cargo-mutants-pstore-givrvP.tmp/target/debug/incremental -L dependency=/tmp/cargo-mutants-pstore-givrvP.tmp/target/debug/deps --extern async_trait=/tmp/cargo-mutants-pstore-givrvP.tmp/target/debug/deps/libasync_trait-efaaae825ff87b5f.so --extern bytes=/tmp/cargo-mutants-pstore-givrvP.tmp/target/debug/deps/libbytes-31b8f712e3be84e8.rmeta --extern futures_util=/tmp/cargo-mutants-pstore-givrvP.tmp/target/debug/deps/libfutures_util-9467758a9490225b.rmeta --extern pstore_types=/tmp/cargo-mutants-pstore-givrvP.tmp/target/debug/deps/libpstore_types-c19df0e60947a156.rmeta --extern thiserror=/tmp/cargo-mutants-pstore-givrvP.tmp/target/debug/deps/libthiserror-a555ba146edbfd98.rmeta --extern tokio=/tmp/cargo-mutants-pstore-givrvP.tmp/target/debug/deps/libtokio-c4794fa7272c7af3.rmeta`
error[E0433]: failed to resolve: use of undeclared type `Range`
   --> crates/pstore-blob/src/accounting.rs:111:35
    |
111 |         vec![(Default::default(), Range::from(1))] /* ~ changed by cargo-mutants ~ */
    |                                   ^^^^^ use of undeclared type `Range`
    |
help: consider importing one of these structs
    |
  7 + use std::collections::btree_map::Range;
    |
  7 + use std::collections::btree_set::Range;
    |
  7 + use std::ops::Range;
    |
  7 + use std::range::Range;
    |
    = and 2 other candidates

error[E0277]: the trait bound `Key: Default` is not satisfied
   --> crates/pstore-blob/src/accounting.rs:111:15
    |
111 |         vec![(Default::default(), Range::from(1))] /* ~ changed by cargo-mutants ~ */
    |               ^^^^^^^^^^^^^^^^^^ the trait `Default` is not implemented for `Key`
    |
help: consider annotating `Key` with `#[derive(Default)]`
   --> crates/pstore-blob/src/types.rs:9:1
    |
  9 + #[derive(Default)]
 10 | pub struct Key(String);
    |

       Fresh pstore-types v0.1.0 (/tmp/cargo-mutants-pstore-givrvP.tmp/crates/pstore-types)
Some errors have detailed explanations: E0277, E0433.
For more information about an error, try `rustc --explain E0277`.
error: could not compile `pstore-blob` (lib) due to 2 previous errors

Caused by:
  process didn't exit successfully: `/home/tuong/.rustup/toolchains/1.90-x86_64-unknown-linux-gnu/bin/rustc --crate-name pstore_blob --edition=2024 crates/pstore-blob/src/lib.rs --error-format=json --json=diagnostic-rendered-ansi,artifacts,future-incompat --crate-type lib --emit=dep-info,metadata,link -C embed-bitcode=no -C debuginfo=2 --warn=rust_2018_idioms '--deny=clippy::unwrap_used' --forbid=unsafe_code --warn=unreachable_pub '--deny=clippy::unimplemented' '--deny=clippy::todo' '--deny=clippy::panic' --warn=missing_docs '--deny=clippy::mem_forget' '--deny=clippy::indexing_slicing' '--deny=clippy::float_cmp' '--deny=clippy::expect_used' '--deny=clippy::dbg_macro' --check-cfg 'cfg(docsrs,test)' --check-cfg 'cfg(feature, values("object_store"))' -C metadata=948d266b4a441e08 -C extra-filename=-a1c846e65fcdfc47 --out-dir /tmp/cargo-mutants-pstore-givrvP.tmp/target/debug/deps -C incremental=/tmp/cargo-mutants-pstore-givrvP.tmp/target/debug/incremental -L dependency=/tmp/cargo-mutants-pstore-givrvP.tmp/target/debug/deps --extern async_trait=/tmp/cargo-mutants-pstore-givrvP.tmp/target/debug/deps/libasync_trait-efaaae825ff87b5f.so --extern bytes=/tmp/cargo-mutants-pstore-givrvP.tmp/target/debug/deps/libbytes-31b8f712e3be84e8.rmeta --extern futures_util=/tmp/cargo-mutants-pstore-givrvP.tmp/target/debug/deps/libfutures_util-9467758a9490225b.rmeta --extern pstore_types=/tmp/cargo-mutants-pstore-givrvP.tmp/target/debug/deps/libpstore_types-c19df0e60947a156.rmeta --extern thiserror=/tmp/cargo-mutants-pstore-givrvP.tmp/target/debug/deps/libthiserror-a555ba146edbfd98.rmeta --extern tokio=/tmp/cargo-mutants-pstore-givrvP.tmp/target/debug/deps/libtokio-c4794fa7272c7af3.rmeta` (exit status: 1)

*** result: Failure(101)
