
*** crates/pstore-format/src/reader.rs:27:9: replace Segment::open -> Result<Self, FormatError> with Ok(Default::default())

*** mutation diff:
--- crates/pstore-format/src/reader.rs
+++ replace Segment::open -> Result<Self, FormatError> with Ok(Default::default())
@@ -19,67 +19,17 @@
     /// Opens a segment knowing only its key.
     ///
     /// **At most two sequential reads.** One suffix range fetches the footer and, if the
     /// segment is small, its whole index section; only a segment whose index section did
     /// not fit needs the second.
     pub async fn open<S: BlobStore>(store: &S, key: &Key) -> Result<Self, FormatError> {
         // One suffix read. No `head` first: it is billed as a read, so requiring one
         // would double every cold open -- found by the request counter, not by inspection.
-        let tail = store.get_suffix(key, SUFFIX_FETCH).await?;
-
-        let foot_at = tail
-            .len()
-            .checked_sub(FOOTER_LEN)
-            .ok_or(FormatError::Truncated)?;
-        let foot = tail.get(foot_at..).ok_or(FormatError::Truncated)?;
-        let mut d = Dec::new(foot);
-        if d.raw(8)? != MAGIC {
-            return Err(FormatError::Corrupt("bad magic"));
-        }
-        let version = d.u16()?;
-        if version != VERSION {
-            return Err(FormatError::UnsupportedVersion(version));
-        }
-        let index_offset = d.u64()?;
-        let index_len = d.u32()?;
-        let rows = d.u32()?;
-        let sum = d.u64()?;
-        // The trailing magic is what distinguishes a real footer from bytes that happen to
-        // decode: a tampered length field almost never leaves both copies intact.
-        if d.raw(8)? != MAGIC {
-            return Err(FormatError::Corrupt("bad trailing magic"));
-        }
-
-        // Where in the object the bytes we hold begin. Derived from the footer's own
-        // offsets rather than from a separately-fetched length.
-        let seg_len = index_offset + u64::from(index_len) + FOOTER_LEN as u64;
-        let tail_start = seg_len.saturating_sub(tail.len() as u64);
-        let idx_bytes = {
-            if index_offset >= tail_start {
-                let lo = (index_offset - tail_start) as usize;
-                let hi = lo
-                    .checked_add(index_len as usize)
-                    .ok_or(FormatError::Truncated)?;
-                Bytes::copy_from_slice(tail.get(lo..hi).ok_or(FormatError::Truncated)?)
-            } else {
-                // Only now, and only for a segment whose index section is large.
-                store
-                    .get_range(key, index_offset..index_offset + u64::from(index_len))
-                    .await?
-            }
-        };
-        if checksum(&idx_bytes) != sum {
-            return Err(FormatError::ChecksumMismatch);
-        }
-
-        Ok(Self {
-            blocks: Self::decode_index(&idx_bytes)?,
-            rows,
-        })
+        Ok(Default::default()) /* ~ changed by cargo-mutants ~ */
     }
 
     fn decode_index(bytes: &[u8]) -> Result<Vec<BlockMeta>, FormatError> {
         let mut d = Dec::new(bytes);
         let n = d.u32()? as usize;
         let mut blocks = Vec::with_capacity(n.min(1 << 20));
         for _ in 0..n {
             let (offset, len, rows) = (d.u64()?, d.u32()?, d.u32()?);


*** /home/tuong/.rustup/toolchains/1.90-x86_64-unknown-linux-gnu/bin/cargo test --no-run --verbose --package=pstore-format@0.1.0 --all-features
       Fresh unicode-ident v1.0.24
       Fresh proc-macro2 v1.0.107
       Fresh quote v1.0.47
       Fresh syn v3.0.5
       Fresh pin-project-lite v0.2.17
       Fresh tokio-macros v2.7.2
       Fresh thiserror-impl v2.0.20
       Fresh slab v0.4.12
       Fresh futures-task v0.3.34
       Fresh futures-core v0.3.34
       Fresh thiserror v2.0.20
       Fresh tokio v1.53.1
       Fresh async-trait v0.1.92
       Fresh pstore-types v0.1.0 (/tmp/cargo-mutants-pstore-IkU50c.tmp/crates/pstore-types)
       Fresh bytes v1.12.1
       Fresh futures-util v0.3.34
       Fresh pstore-blob v0.1.0 (/tmp/cargo-mutants-pstore-IkU50c.tmp/crates/pstore-blob)
       Dirty pstore-format v0.1.0 (/tmp/cargo-mutants-pstore-IkU50c.tmp/crates/pstore-format): the file `crates/pstore-format/src/docs.rs` has changed (1788607315.988156967s, 384029833ns after last build at 1788607315.604127134s)
   Compiling pstore-format v0.1.0 (/tmp/cargo-mutants-pstore-IkU50c.tmp/crates/pstore-format)
     Running `/home/tuong/.rustup/toolchains/1.90-x86_64-unknown-linux-gnu/bin/rustc --crate-name pstore_format --edition=2024 crates/pstore-format/src/lib.rs --error-format=json --json=diagnostic-rendered-ansi,artifacts,future-incompat --emit=dep-info,link -C embed-bitcode=no -C debuginfo=2 --warn=rust_2018_idioms '--deny=clippy::unwrap_used' --forbid=unsafe_code --warn=unreachable_pub '--deny=clippy::unimplemented' '--deny=clippy::todo' '--deny=clippy::panic' --warn=missing_docs '--deny=clippy::mem_forget' '--deny=clippy::indexing_slicing' '--deny=clippy::float_cmp' '--deny=clippy::expect_used' '--deny=clippy::dbg_macro' --test --check-cfg 'cfg(docsrs,test)' --check-cfg 'cfg(feature, values())' -C metadata=821cada9fb09dc73 -C extra-filename=-6c8cb96cbdbdb465 --out-dir /tmp/cargo-mutants-pstore-IkU50c.tmp/target/debug/deps -C incremental=/tmp/cargo-mutants-pstore-IkU50c.tmp/target/debug/incremental -L dependency=/tmp/cargo-mutants-pstore-IkU50c.tmp/target/debug/deps --extern async_trait=/tmp/cargo-mutants-pstore-IkU50c.tmp/target/debug/deps/libasync_trait-efaaae825ff87b5f.so --extern bytes=/tmp/cargo-mutants-pstore-IkU50c.tmp/target/debug/deps/libbytes-31b8f712e3be84e8.rlib --extern pstore_blob=/tmp/cargo-mutants-pstore-IkU50c.tmp/target/debug/deps/libpstore_blob-b6cf016c092a0ac2.rlib --extern pstore_types=/tmp/cargo-mutants-pstore-IkU50c.tmp/target/debug/deps/libpstore_types-c19df0e60947a156.rlib --extern thiserror=/tmp/cargo-mutants-pstore-IkU50c.tmp/target/debug/deps/libthiserror-a555ba146edbfd98.rlib --extern tokio=/tmp/cargo-mutants-pstore-IkU50c.tmp/target/debug/deps/libtokio-1c12c7fb7aae7e9d.rlib`
     Running `/home/tuong/.rustup/toolchains/1.90-x86_64-unknown-linux-gnu/bin/rustc --crate-name pstore_format --edition=2024 crates/pstore-format/src/lib.rs --error-format=json --json=diagnostic-rendered-ansi,artifacts,future-incompat --crate-type lib --emit=dep-info,metadata,link -C embed-bitcode=no -C debuginfo=2 --warn=rust_2018_idioms '--deny=clippy::unwrap_used' --forbid=unsafe_code --warn=unreachable_pub '--deny=clippy::unimplemented' '--deny=clippy::todo' '--deny=clippy::panic' --warn=missing_docs '--deny=clippy::mem_forget' '--deny=clippy::indexing_slicing' '--deny=clippy::float_cmp' '--deny=clippy::expect_used' '--deny=clippy::dbg_macro' --check-cfg 'cfg(docsrs,test)' --check-cfg 'cfg(feature, values())' -C metadata=57d28a0e0e46fc90 -C extra-filename=-1275d00aeb99a72a --out-dir /tmp/cargo-mutants-pstore-IkU50c.tmp/target/debug/deps -C incremental=/tmp/cargo-mutants-pstore-IkU50c.tmp/target/debug/incremental -L dependency=/tmp/cargo-mutants-pstore-IkU50c.tmp/target/debug/deps --extern async_trait=/tmp/cargo-mutants-pstore-IkU50c.tmp/target/debug/deps/libasync_trait-efaaae825ff87b5f.so --extern bytes=/tmp/cargo-mutants-pstore-IkU50c.tmp/target/debug/deps/libbytes-31b8f712e3be84e8.rmeta --extern pstore_blob=/tmp/cargo-mutants-pstore-IkU50c.tmp/target/debug/deps/libpstore_blob-b6cf016c092a0ac2.rmeta --extern pstore_types=/tmp/cargo-mutants-pstore-IkU50c.tmp/target/debug/deps/libpstore_types-c19df0e60947a156.rmeta --extern thiserror=/tmp/cargo-mutants-pstore-IkU50c.tmp/target/debug/deps/libthiserror-a555ba146edbfd98.rmeta`
warning: unused import: `checksum`
 --> crates/pstore-format/src/reader.rs:3:25
  |
3 | use crate::codec::{Dec, checksum};
  |                         ^^^^^^^^
  |
  = note: `#[warn(unused_imports)]` on by default

warning: unused imports: `FOOTER_LEN`, `MAGIC`, `SUFFIX_FETCH`, and `VERSION`
 --> crates/pstore-format/src/reader.rs:5:26
  |
5 |     BlockMeta, Document, FOOTER_LEN, Filter, FormatError, MAGIC, SUFFIX_FETCH, VERSION, Value,
  |                          ^^^^^^^^^^                       ^^^^^  ^^^^^^^^^^^^  ^^^^^^^

warning: unused import: `bytes::Bytes`
 --> crates/pstore-format/src/reader.rs:7:5
  |
7 | use bytes::Bytes;
  |     ^^^^^^^^^^^^

error[E0277]: the trait bound `Segment: Default` is not satisfied
  --> crates/pstore-format/src/reader.rs:27:12
   |
27 |         Ok(Default::default()) /* ~ changed by cargo-mutants ~ */
   |            ^^^^^^^^^^^^^^^^^^ the trait `Default` is not implemented for `Segment`
   |
help: consider annotating `Segment` with `#[derive(Default)]`
   |
13 + #[derive(Default)]
14 | pub struct Segment {
   |

For more information about this error, try `rustc --explain E0277`.
warning: `pstore-format` (lib test) generated 3 warnings (3 duplicates)
error: could not compile `pstore-format` (lib test) due to 1 previous error; 3 warnings emitted

Caused by:
  process didn't exit successfully: `/home/tuong/.rustup/toolchains/1.90-x86_64-unknown-linux-gnu/bin/rustc --crate-name pstore_format --edition=2024 crates/pstore-format/src/lib.rs --error-format=json --json=diagnostic-rendered-ansi,artifacts,future-incompat --emit=dep-info,link -C embed-bitcode=no -C debuginfo=2 --warn=rust_2018_idioms '--deny=clippy::unwrap_used' --forbid=unsafe_code --warn=unreachable_pub '--deny=clippy::unimplemented' '--deny=clippy::todo' '--deny=clippy::panic' --warn=missing_docs '--deny=clippy::mem_forget' '--deny=clippy::indexing_slicing' '--deny=clippy::float_cmp' '--deny=clippy::expect_used' '--deny=clippy::dbg_macro' --test --check-cfg 'cfg(docsrs,test)' --check-cfg 'cfg(feature, values())' -C metadata=821cada9fb09dc73 -C extra-filename=-6c8cb96cbdbdb465 --out-dir /tmp/cargo-mutants-pstore-IkU50c.tmp/target/debug/deps -C incremental=/tmp/cargo-mutants-pstore-IkU50c.tmp/target/debug/incremental -L dependency=/tmp/cargo-mutants-pstore-IkU50c.tmp/target/debug/deps --extern async_trait=/tmp/cargo-mutants-pstore-IkU50c.tmp/target/debug/deps/libasync_trait-efaaae825ff87b5f.so --extern bytes=/tmp/cargo-mutants-pstore-IkU50c.tmp/target/debug/deps/libbytes-31b8f712e3be84e8.rlib --extern pstore_blob=/tmp/cargo-mutants-pstore-IkU50c.tmp/target/debug/deps/libpstore_blob-b6cf016c092a0ac2.rlib --extern pstore_types=/tmp/cargo-mutants-pstore-IkU50c.tmp/target/debug/deps/libpstore_types-c19df0e60947a156.rlib --extern thiserror=/tmp/cargo-mutants-pstore-IkU50c.tmp/target/debug/deps/libthiserror-a555ba146edbfd98.rlib --extern tokio=/tmp/cargo-mutants-pstore-IkU50c.tmp/target/debug/deps/libtokio-1c12c7fb7aae7e9d.rlib` (exit status: 1)
warning: build failed, waiting for other jobs to finish...
warning: `pstore-format` (lib) generated 3 warnings
error: could not compile `pstore-format` (lib) due to 1 previous error; 3 warnings emitted

Caused by:
  process didn't exit successfully: `/home/tuong/.rustup/toolchains/1.90-x86_64-unknown-linux-gnu/bin/rustc --crate-name pstore_format --edition=2024 crates/pstore-format/src/lib.rs --error-format=json --json=diagnostic-rendered-ansi,artifacts,future-incompat --crate-type lib --emit=dep-info,metadata,link -C embed-bitcode=no -C debuginfo=2 --warn=rust_2018_idioms '--deny=clippy::unwrap_used' --forbid=unsafe_code --warn=unreachable_pub '--deny=clippy::unimplemented' '--deny=clippy::todo' '--deny=clippy::panic' --warn=missing_docs '--deny=clippy::mem_forget' '--deny=clippy::indexing_slicing' '--deny=clippy::float_cmp' '--deny=clippy::expect_used' '--deny=clippy::dbg_macro' --check-cfg 'cfg(docsrs,test)' --check-cfg 'cfg(feature, values())' -C metadata=57d28a0e0e46fc90 -C extra-filename=-1275d00aeb99a72a --out-dir /tmp/cargo-mutants-pstore-IkU50c.tmp/target/debug/deps -C incremental=/tmp/cargo-mutants-pstore-IkU50c.tmp/target/debug/incremental -L dependency=/tmp/cargo-mutants-pstore-IkU50c.tmp/target/debug/deps --extern async_trait=/tmp/cargo-mutants-pstore-IkU50c.tmp/target/debug/deps/libasync_trait-efaaae825ff87b5f.so --extern bytes=/tmp/cargo-mutants-pstore-IkU50c.tmp/target/debug/deps/libbytes-31b8f712e3be84e8.rmeta --extern pstore_blob=/tmp/cargo-mutants-pstore-IkU50c.tmp/target/debug/deps/libpstore_blob-b6cf016c092a0ac2.rmeta --extern pstore_types=/tmp/cargo-mutants-pstore-IkU50c.tmp/target/debug/deps/libpstore_types-c19df0e60947a156.rmeta --extern thiserror=/tmp/cargo-mutants-pstore-IkU50c.tmp/target/debug/deps/libthiserror-a555ba146edbfd98.rmeta` (exit status: 1)

*** result: Failure(101)
