
*** crates/pstore-index/src/cluster.rs:226:42: replace * with / in dist2

*** mutation diff:
--- crates/pstore-index/src/cluster.rs
+++ replace * with / in dist2
@@ -218,17 +218,17 @@
     // over the bound the tests assert, which reads as an off-by-one in the test rather than
     // in the cap.
     ((mean * balance).floor() as usize).max(1)
 }
 
 /// Squared L2. The root is monotonic in the same order and costs an operation per vector on
 /// a path that runs `n * k` times.
 fn dist2(a: &[f32], b: &[f32]) -> f32 {
-    a.iter().zip(b).map(|(x, y)| (x - y) * (x - y)).sum()
+    a.iter().zip(b).map(|(x, y)| (x - y) / /* ~ changed by cargo-mutants ~ */ (x - y)).sum()
 }
 
 /// Initial centroids, spread rather than sampled.
 ///
 /// Farthest-point traversal from a deterministic start: each new centroid is the corpus
 /// point furthest from every centroid so far. No randomness, so two runs over the same
 /// corpus agree exactly — and unlike random sampling it cannot start with two centroids in
 /// the same dense blob, which is what leaves a whole region to one list.


*** /home/tuong/.rustup/toolchains/1.90-x86_64-unknown-linux-gnu/bin/cargo test --no-run --verbose --workspace
       Fresh unicode-ident v1.0.24
       Fresh proc-macro2 v1.0.107
       Fresh pin-project-lite v0.2.17
       Fresh slab v0.4.12
       Fresh futures-task v0.3.34
       Fresh futures-core v0.3.34
       Fresh bytes v1.12.1
       Fresh futures-util v0.3.34
       Fresh pstore-types v0.1.0 (/tmp/cargo-mutants-pstore-FkDeYx.tmp/crates/pstore-types)
       Fresh quote v1.0.47
       Fresh syn v3.0.5
       Fresh tokio-macros v2.7.2
       Fresh thiserror-impl v2.0.20
       Fresh async-trait v0.1.92
       Fresh thiserror v2.0.20
       Fresh tokio v1.53.1
       Dirty pstore-index v0.1.0 (/tmp/cargo-mutants-pstore-FkDeYx.tmp/crates/pstore-index): the file `crates/pstore-index/src/cluster.rs` has changed (1788644834.461400599s, 2s after last build at 1788644832.163610825s)
   Compiling pstore-index v0.1.0 (/tmp/cargo-mutants-pstore-FkDeYx.tmp/crates/pstore-index)
       Fresh pstore-engine v0.1.0 (/tmp/cargo-mutants-pstore-FkDeYx.tmp/crates/pstore-engine)
       Fresh pstore-testkit v0.1.0 (/tmp/cargo-mutants-pstore-FkDeYx.tmp/crates/pstore-testkit)
       Fresh pstore-format v0.1.0 (/tmp/cargo-mutants-pstore-FkDeYx.tmp/crates/pstore-format)
       Fresh pstore-blob v0.1.0 (/tmp/cargo-mutants-pstore-FkDeYx.tmp/crates/pstore-blob)
     Running `/home/tuong/.rustup/toolchains/1.90-x86_64-unknown-linux-gnu/bin/rustc --crate-name pstore_index --edition=2024 crates/pstore-index/src/lib.rs --error-format=json --json=diagnostic-rendered-ansi,artifacts,future-incompat --crate-type lib --emit=dep-info,metadata,link -C embed-bitcode=no -C debuginfo=2 --warn=rust_2018_idioms '--deny=clippy::unwrap_used' --forbid=unsafe_code --warn=unreachable_pub '--deny=clippy::unimplemented' '--deny=clippy::todo' '--deny=clippy::panic' --warn=missing_docs '--deny=clippy::mem_forget' '--deny=clippy::indexing_slicing' '--deny=clippy::float_cmp' '--deny=clippy::expect_used' '--deny=clippy::dbg_macro' --check-cfg 'cfg(docsrs,test)' --check-cfg 'cfg(feature, values())' -C metadata=a242405e799e600f -C extra-filename=-66ac2b71496e370d --out-dir /tmp/cargo-mutants-pstore-FkDeYx.tmp/target/debug/deps -C incremental=/tmp/cargo-mutants-pstore-FkDeYx.tmp/target/debug/incremental -L dependency=/tmp/cargo-mutants-pstore-FkDeYx.tmp/target/debug/deps --extern bytes=/tmp/cargo-mutants-pstore-FkDeYx.tmp/target/debug/deps/libbytes-31b8f712e3be84e8.rmeta --extern futures_util=/tmp/cargo-mutants-pstore-FkDeYx.tmp/target/debug/deps/libfutures_util-9467758a9490225b.rmeta --extern pstore_blob=/tmp/cargo-mutants-pstore-FkDeYx.tmp/target/debug/deps/libpstore_blob-a1c846e65fcdfc47.rmeta --extern pstore_format=/tmp/cargo-mutants-pstore-FkDeYx.tmp/target/debug/deps/libpstore_format-b47669c15c655435.rmeta`
     Running `/home/tuong/.rustup/toolchains/1.90-x86_64-unknown-linux-gnu/bin/rustc --crate-name pstore_index --edition=2024 crates/pstore-index/src/lib.rs --error-format=json --json=diagnostic-rendered-ansi,artifacts,future-incompat --emit=dep-info,link -C embed-bitcode=no -C debuginfo=2 --warn=rust_2018_idioms '--deny=clippy::unwrap_used' --forbid=unsafe_code --warn=unreachable_pub '--deny=clippy::unimplemented' '--deny=clippy::todo' '--deny=clippy::panic' --warn=missing_docs '--deny=clippy::mem_forget' '--deny=clippy::indexing_slicing' '--deny=clippy::float_cmp' '--deny=clippy::expect_used' '--deny=clippy::dbg_macro' --test --check-cfg 'cfg(docsrs,test)' --check-cfg 'cfg(feature, values())' -C metadata=cc327639876ee248 -C extra-filename=-ad9a41401e531637 --out-dir /tmp/cargo-mutants-pstore-FkDeYx.tmp/target/debug/deps -C incremental=/tmp/cargo-mutants-pstore-FkDeYx.tmp/target/debug/incremental -L dependency=/tmp/cargo-mutants-pstore-FkDeYx.tmp/target/debug/deps --extern bytes=/tmp/cargo-mutants-pstore-FkDeYx.tmp/target/debug/deps/libbytes-31b8f712e3be84e8.rlib --extern futures_util=/tmp/cargo-mutants-pstore-FkDeYx.tmp/target/debug/deps/libfutures_util-9467758a9490225b.rlib --extern pstore_blob=/tmp/cargo-mutants-pstore-FkDeYx.tmp/target/debug/deps/libpstore_blob-a1c846e65fcdfc47.rlib --extern pstore_format=/tmp/cargo-mutants-pstore-FkDeYx.tmp/target/debug/deps/libpstore_format-b47669c15c655435.rlib --extern pstore_testkit=/tmp/cargo-mutants-pstore-FkDeYx.tmp/target/debug/deps/libpstore_testkit-c70127229fd98aeb.rlib --extern pstore_types=/tmp/cargo-mutants-pstore-FkDeYx.tmp/target/debug/deps/libpstore_types-c19df0e60947a156.rlib --extern tokio=/tmp/cargo-mutants-pstore-FkDeYx.tmp/target/debug/deps/libtokio-c4794fa7272c7af3.rlib`
     Running `/home/tuong/.rustup/toolchains/1.90-x86_64-unknown-linux-gnu/bin/rustc --crate-name rabitq --edition=2024 crates/pstore-index/tests/rabitq.rs --error-format=json --json=diagnostic-rendered-ansi,artifacts,future-incompat --emit=dep-info,link -C embed-bitcode=no -C debuginfo=2 --warn=rust_2018_idioms '--deny=clippy::unwrap_used' --forbid=unsafe_code --warn=unreachable_pub '--deny=clippy::unimplemented' '--deny=clippy::todo' '--deny=clippy::panic' --warn=missing_docs '--deny=clippy::mem_forget' '--deny=clippy::indexing_slicing' '--deny=clippy::float_cmp' '--deny=clippy::expect_used' '--deny=clippy::dbg_macro' --test --check-cfg 'cfg(docsrs,test)' --check-cfg 'cfg(feature, values())' -C metadata=f8910212f5836fa0 -C extra-filename=-cf52e90f04714290 --out-dir /tmp/cargo-mutants-pstore-FkDeYx.tmp/target/debug/deps -C incremental=/tmp/cargo-mutants-pstore-FkDeYx.tmp/target/debug/incremental -L dependency=/tmp/cargo-mutants-pstore-FkDeYx.tmp/target/debug/deps --extern bytes=/tmp/cargo-mutants-pstore-FkDeYx.tmp/target/debug/deps/libbytes-31b8f712e3be84e8.rlib --extern futures_util=/tmp/cargo-mutants-pstore-FkDeYx.tmp/target/debug/deps/libfutures_util-9467758a9490225b.rlib --extern pstore_blob=/tmp/cargo-mutants-pstore-FkDeYx.tmp/target/debug/deps/libpstore_blob-a1c846e65fcdfc47.rlib --extern pstore_format=/tmp/cargo-mutants-pstore-FkDeYx.tmp/target/debug/deps/libpstore_format-b47669c15c655435.rlib --extern pstore_index=/tmp/cargo-mutants-pstore-FkDeYx.tmp/target/debug/deps/libpstore_index-66ac2b71496e370d.rlib --extern pstore_testkit=/tmp/cargo-mutants-pstore-FkDeYx.tmp/target/debug/deps/libpstore_testkit-c70127229fd98aeb.rlib --extern pstore_types=/tmp/cargo-mutants-pstore-FkDeYx.tmp/target/debug/deps/libpstore_types-c19df0e60947a156.rlib --extern tokio=/tmp/cargo-mutants-pstore-FkDeYx.tmp/target/debug/deps/libtokio-c4794fa7272c7af3.rlib`
     Running `/home/tuong/.rustup/toolchains/1.90-x86_64-unknown-linux-gnu/bin/rustc --crate-name rung0 --edition=2024 crates/pstore-index/tests/rung0.rs --error-format=json --json=diagnostic-rendered-ansi,artifacts,future-incompat --emit=dep-info,link -C embed-bitcode=no -C debuginfo=2 --warn=rust_2018_idioms '--deny=clippy::unwrap_used' --forbid=unsafe_code --warn=unreachable_pub '--deny=clippy::unimplemented' '--deny=clippy::todo' '--deny=clippy::panic' --warn=missing_docs '--deny=clippy::mem_forget' '--deny=clippy::indexing_slicing' '--deny=clippy::float_cmp' '--deny=clippy::expect_used' '--deny=clippy::dbg_macro' --test --check-cfg 'cfg(docsrs,test)' --check-cfg 'cfg(feature, values())' -C metadata=fb2cdfa233b32e58 -C extra-filename=-b66ce7685b78196a --out-dir /tmp/cargo-mutants-pstore-FkDeYx.tmp/target/debug/deps -C incremental=/tmp/cargo-mutants-pstore-FkDeYx.tmp/target/debug/incremental -L dependency=/tmp/cargo-mutants-pstore-FkDeYx.tmp/target/debug/deps --extern bytes=/tmp/cargo-mutants-pstore-FkDeYx.tmp/target/debug/deps/libbytes-31b8f712e3be84e8.rlib --extern futures_util=/tmp/cargo-mutants-pstore-FkDeYx.tmp/target/debug/deps/libfutures_util-9467758a9490225b.rlib --extern pstore_blob=/tmp/cargo-mutants-pstore-FkDeYx.tmp/target/debug/deps/libpstore_blob-a1c846e65fcdfc47.rlib --extern pstore_format=/tmp/cargo-mutants-pstore-FkDeYx.tmp/target/debug/deps/libpstore_format-b47669c15c655435.rlib --extern pstore_index=/tmp/cargo-mutants-pstore-FkDeYx.tmp/target/debug/deps/libpstore_index-66ac2b71496e370d.rlib --extern pstore_testkit=/tmp/cargo-mutants-pstore-FkDeYx.tmp/target/debug/deps/libpstore_testkit-c70127229fd98aeb.rlib --extern pstore_types=/tmp/cargo-mutants-pstore-FkDeYx.tmp/target/debug/deps/libpstore_types-c19df0e60947a156.rlib --extern tokio=/tmp/cargo-mutants-pstore-FkDeYx.tmp/target/debug/deps/libtokio-c4794fa7272c7af3.rlib`
     Running `/home/tuong/.rustup/toolchains/1.90-x86_64-unknown-linux-gnu/bin/rustc --crate-name persisted --edition=2024 crates/pstore-index/tests/persisted.rs --error-format=json --json=diagnostic-rendered-ansi,artifacts,future-incompat --emit=dep-info,link -C embed-bitcode=no -C debuginfo=2 --warn=rust_2018_idioms '--deny=clippy::unwrap_used' --forbid=unsafe_code --warn=unreachable_pub '--deny=clippy::unimplemented' '--deny=clippy::todo' '--deny=clippy::panic' --warn=missing_docs '--deny=clippy::mem_forget' '--deny=clippy::indexing_slicing' '--deny=clippy::float_cmp' '--deny=clippy::expect_used' '--deny=clippy::dbg_macro' --test --check-cfg 'cfg(docsrs,test)' --check-cfg 'cfg(feature, values())' -C metadata=35e07172ae36f0f3 -C extra-filename=-bc7e0f8d45827beb --out-dir /tmp/cargo-mutants-pstore-FkDeYx.tmp/target/debug/deps -C incremental=/tmp/cargo-mutants-pstore-FkDeYx.tmp/target/debug/incremental -L dependency=/tmp/cargo-mutants-pstore-FkDeYx.tmp/target/debug/deps --extern bytes=/tmp/cargo-mutants-pstore-FkDeYx.tmp/target/debug/deps/libbytes-31b8f712e3be84e8.rlib --extern futures_util=/tmp/cargo-mutants-pstore-FkDeYx.tmp/target/debug/deps/libfutures_util-9467758a9490225b.rlib --extern pstore_blob=/tmp/cargo-mutants-pstore-FkDeYx.tmp/target/debug/deps/libpstore_blob-a1c846e65fcdfc47.rlib --extern pstore_format=/tmp/cargo-mutants-pstore-FkDeYx.tmp/target/debug/deps/libpstore_format-b47669c15c655435.rlib --extern pstore_index=/tmp/cargo-mutants-pstore-FkDeYx.tmp/target/debug/deps/libpstore_index-66ac2b71496e370d.rlib --extern pstore_testkit=/tmp/cargo-mutants-pstore-FkDeYx.tmp/target/debug/deps/libpstore_testkit-c70127229fd98aeb.rlib --extern pstore_types=/tmp/cargo-mutants-pstore-FkDeYx.tmp/target/debug/deps/libpstore_types-c19df0e60947a156.rlib --extern tokio=/tmp/cargo-mutants-pstore-FkDeYx.tmp/target/debug/deps/libtokio-c4794fa7272c7af3.rlib`
     Running `/home/tuong/.rustup/toolchains/1.90-x86_64-unknown-linux-gnu/bin/rustc --crate-name recall --edition=2024 crates/pstore-index/examples/recall.rs --error-format=json --json=diagnostic-rendered-ansi,artifacts,future-incompat --crate-type bin --emit=dep-info,link -C embed-bitcode=no -C debuginfo=2 --warn=rust_2018_idioms '--deny=clippy::unwrap_used' --forbid=unsafe_code --warn=unreachable_pub '--deny=clippy::unimplemented' '--deny=clippy::todo' '--deny=clippy::panic' --warn=missing_docs '--deny=clippy::mem_forget' '--deny=clippy::indexing_slicing' '--deny=clippy::float_cmp' '--deny=clippy::expect_used' '--deny=clippy::dbg_macro' --check-cfg 'cfg(docsrs,test)' --check-cfg 'cfg(feature, values())' -C metadata=56c024283820f34a -C extra-filename=-2615e518c8ec69a9 --out-dir /tmp/cargo-mutants-pstore-FkDeYx.tmp/target/debug/examples -C incremental=/tmp/cargo-mutants-pstore-FkDeYx.tmp/target/debug/incremental -L dependency=/tmp/cargo-mutants-pstore-FkDeYx.tmp/target/debug/deps --extern bytes=/tmp/cargo-mutants-pstore-FkDeYx.tmp/target/debug/deps/libbytes-31b8f712e3be84e8.rlib --extern futures_util=/tmp/cargo-mutants-pstore-FkDeYx.tmp/target/debug/deps/libfutures_util-9467758a9490225b.rlib --extern pstore_blob=/tmp/cargo-mutants-pstore-FkDeYx.tmp/target/debug/deps/libpstore_blob-a1c846e65fcdfc47.rlib --extern pstore_format=/tmp/cargo-mutants-pstore-FkDeYx.tmp/target/debug/deps/libpstore_format-b47669c15c655435.rlib --extern pstore_index=/tmp/cargo-mutants-pstore-FkDeYx.tmp/target/debug/deps/libpstore_index-66ac2b71496e370d.rlib --extern pstore_testkit=/tmp/cargo-mutants-pstore-FkDeYx.tmp/target/debug/deps/libpstore_testkit-c70127229fd98aeb.rlib --extern pstore_types=/tmp/cargo-mutants-pstore-FkDeYx.tmp/target/debug/deps/libpstore_types-c19df0e60947a156.rlib --extern tokio=/tmp/cargo-mutants-pstore-FkDeYx.tmp/target/debug/deps/libtokio-c4794fa7272c7af3.rlib`
     Running `/home/tuong/.rustup/toolchains/1.90-x86_64-unknown-linux-gnu/bin/rustc --crate-name recall --edition=2024 crates/pstore-index/tests/recall.rs --error-format=json --json=diagnostic-rendered-ansi,artifacts,future-incompat --emit=dep-info,link -C embed-bitcode=no -C debuginfo=2 --warn=rust_2018_idioms '--deny=clippy::unwrap_used' --forbid=unsafe_code --warn=unreachable_pub '--deny=clippy::unimplemented' '--deny=clippy::todo' '--deny=clippy::panic' --warn=missing_docs '--deny=clippy::mem_forget' '--deny=clippy::indexing_slicing' '--deny=clippy::float_cmp' '--deny=clippy::expect_used' '--deny=clippy::dbg_macro' --test --check-cfg 'cfg(docsrs,test)' --check-cfg 'cfg(feature, values())' -C metadata=cd848efacac4f5ca -C extra-filename=-23237fba616ef13c --out-dir /tmp/cargo-mutants-pstore-FkDeYx.tmp/target/debug/deps -C incremental=/tmp/cargo-mutants-pstore-FkDeYx.tmp/target/debug/incremental -L dependency=/tmp/cargo-mutants-pstore-FkDeYx.tmp/target/debug/deps --extern bytes=/tmp/cargo-mutants-pstore-FkDeYx.tmp/target/debug/deps/libbytes-31b8f712e3be84e8.rlib --extern futures_util=/tmp/cargo-mutants-pstore-FkDeYx.tmp/target/debug/deps/libfutures_util-9467758a9490225b.rlib --extern pstore_blob=/tmp/cargo-mutants-pstore-FkDeYx.tmp/target/debug/deps/libpstore_blob-a1c846e65fcdfc47.rlib --extern pstore_format=/tmp/cargo-mutants-pstore-FkDeYx.tmp/target/debug/deps/libpstore_format-b47669c15c655435.rlib --extern pstore_index=/tmp/cargo-mutants-pstore-FkDeYx.tmp/target/debug/deps/libpstore_index-66ac2b71496e370d.rlib --extern pstore_testkit=/tmp/cargo-mutants-pstore-FkDeYx.tmp/target/debug/deps/libpstore_testkit-c70127229fd98aeb.rlib --extern pstore_types=/tmp/cargo-mutants-pstore-FkDeYx.tmp/target/debug/deps/libpstore_types-c19df0e60947a156.rlib --extern tokio=/tmp/cargo-mutants-pstore-FkDeYx.tmp/target/debug/deps/libtokio-c4794fa7272c7af3.rlib`
     Running `/home/tuong/.rustup/toolchains/1.90-x86_64-unknown-linux-gnu/bin/rustc --crate-name clustering --edition=2024 crates/pstore-index/tests/clustering.rs --error-format=json --json=diagnostic-rendered-ansi,artifacts,future-incompat --emit=dep-info,link -C embed-bitcode=no -C debuginfo=2 --warn=rust_2018_idioms '--deny=clippy::unwrap_used' --forbid=unsafe_code --warn=unreachable_pub '--deny=clippy::unimplemented' '--deny=clippy::todo' '--deny=clippy::panic' --warn=missing_docs '--deny=clippy::mem_forget' '--deny=clippy::indexing_slicing' '--deny=clippy::float_cmp' '--deny=clippy::expect_used' '--deny=clippy::dbg_macro' --test --check-cfg 'cfg(docsrs,test)' --check-cfg 'cfg(feature, values())' -C metadata=365dbce2ccd0f237 -C extra-filename=-2a4d2809ff8ea39a --out-dir /tmp/cargo-mutants-pstore-FkDeYx.tmp/target/debug/deps -C incremental=/tmp/cargo-mutants-pstore-FkDeYx.tmp/target/debug/incremental -L dependency=/tmp/cargo-mutants-pstore-FkDeYx.tmp/target/debug/deps --extern bytes=/tmp/cargo-mutants-pstore-FkDeYx.tmp/target/debug/deps/libbytes-31b8f712e3be84e8.rlib --extern futures_util=/tmp/cargo-mutants-pstore-FkDeYx.tmp/target/debug/deps/libfutures_util-9467758a9490225b.rlib --extern pstore_blob=/tmp/cargo-mutants-pstore-FkDeYx.tmp/target/debug/deps/libpstore_blob-a1c846e65fcdfc47.rlib --extern pstore_format=/tmp/cargo-mutants-pstore-FkDeYx.tmp/target/debug/deps/libpstore_format-b47669c15c655435.rlib --extern pstore_index=/tmp/cargo-mutants-pstore-FkDeYx.tmp/target/debug/deps/libpstore_index-66ac2b71496e370d.rlib --extern pstore_testkit=/tmp/cargo-mutants-pstore-FkDeYx.tmp/target/debug/deps/libpstore_testkit-c70127229fd98aeb.rlib --extern pstore_types=/tmp/cargo-mutants-pstore-FkDeYx.tmp/target/debug/deps/libpstore_types-c19df0e60947a156.rlib --extern tokio=/tmp/cargo-mutants-pstore-FkDeYx.tmp/target/debug/deps/libtokio-c4794fa7272c7af3.rlib`
     Running `/home/tuong/.rustup/toolchains/1.90-x86_64-unknown-linux-gnu/bin/rustc --crate-name ladder --edition=2024 crates/pstore-index/tests/ladder.rs --error-format=json --json=diagnostic-rendered-ansi,artifacts,future-incompat --emit=dep-info,link -C embed-bitcode=no -C debuginfo=2 --warn=rust_2018_idioms '--deny=clippy::unwrap_used' --forbid=unsafe_code --warn=unreachable_pub '--deny=clippy::unimplemented' '--deny=clippy::todo' '--deny=clippy::panic' --warn=missing_docs '--deny=clippy::mem_forget' '--deny=clippy::indexing_slicing' '--deny=clippy::float_cmp' '--deny=clippy::expect_used' '--deny=clippy::dbg_macro' --test --check-cfg 'cfg(docsrs,test)' --check-cfg 'cfg(feature, values())' -C metadata=091b32c5885bd429 -C extra-filename=-c3a831718407e73c --out-dir /tmp/cargo-mutants-pstore-FkDeYx.tmp/target/debug/deps -C incremental=/tmp/cargo-mutants-pstore-FkDeYx.tmp/target/debug/incremental -L dependency=/tmp/cargo-mutants-pstore-FkDeYx.tmp/target/debug/deps --extern bytes=/tmp/cargo-mutants-pstore-FkDeYx.tmp/target/debug/deps/libbytes-31b8f712e3be84e8.rlib --extern futures_util=/tmp/cargo-mutants-pstore-FkDeYx.tmp/target/debug/deps/libfutures_util-9467758a9490225b.rlib --extern pstore_blob=/tmp/cargo-mutants-pstore-FkDeYx.tmp/target/debug/deps/libpstore_blob-a1c846e65fcdfc47.rlib --extern pstore_format=/tmp/cargo-mutants-pstore-FkDeYx.tmp/target/debug/deps/libpstore_format-b47669c15c655435.rlib --extern pstore_index=/tmp/cargo-mutants-pstore-FkDeYx.tmp/target/debug/deps/libpstore_index-66ac2b71496e370d.rlib --extern pstore_testkit=/tmp/cargo-mutants-pstore-FkDeYx.tmp/target/debug/deps/libpstore_testkit-c70127229fd98aeb.rlib --extern pstore_types=/tmp/cargo-mutants-pstore-FkDeYx.tmp/target/debug/deps/libpstore_types-c19df0e60947a156.rlib --extern tokio=/tmp/cargo-mutants-pstore-FkDeYx.tmp/target/debug/deps/libtokio-c4794fa7272c7af3.rlib`
    Finished `test` profile [unoptimized + debuginfo] target(s) in 0.33s
  Executable `/tmp/cargo-mutants-pstore-FkDeYx.tmp/target/debug/deps/pstore_blob-beebd50e20890a1c`
  Executable `/tmp/cargo-mutants-pstore-FkDeYx.tmp/target/debug/deps/accounting-f4906d65a4a0bb28`
  Executable `/tmp/cargo-mutants-pstore-FkDeYx.tmp/target/debug/deps/cas-4a0e1648b7639c55`
  Executable `/tmp/cargo-mutants-pstore-FkDeYx.tmp/target/debug/deps/coalescing-07cd275959561fdd`
  Executable `/tmp/cargo-mutants-pstore-FkDeYx.tmp/target/debug/deps/faults-6ff9c0975fba4475`
  Executable `/tmp/cargo-mutants-pstore-FkDeYx.tmp/target/debug/deps/object_store_adapter-318667f311816eef`
  Executable `/tmp/cargo-mutants-pstore-FkDeYx.tmp/target/debug/deps/semantics-498f3631a70a0c40`
  Executable `/tmp/cargo-mutants-pstore-FkDeYx.tmp/target/debug/deps/pstore_engine-b393ae38f39bfd88`
  Executable `/tmp/cargo-mutants-pstore-FkDeYx.tmp/target/debug/deps/arithmetic-cb100e6f06088ac9`
  Executable `/tmp/cargo-mutants-pstore-FkDeYx.tmp/target/debug/deps/bundle_errors-6248cb1f1ac71220`
  Executable `/tmp/cargo-mutants-pstore-FkDeYx.tmp/target/debug/deps/compaction-1a9b26cbe72338bb`
  Executable `/tmp/cargo-mutants-pstore-FkDeYx.tmp/target/debug/deps/depth_at_scale-3ce980757e5f888a`
  Executable `/tmp/cargo-mutants-pstore-FkDeYx.tmp/target/debug/deps/end_to_end-d4210bcff7c46c32`
  Executable `/tmp/cargo-mutants-pstore-FkDeYx.tmp/target/debug/deps/engine-eabd3e616eb4a149`
  Executable `/tmp/cargo-mutants-pstore-FkDeYx.tmp/target/debug/deps/failures-24f1169393ef6c2f`
  Executable `/tmp/cargo-mutants-pstore-FkDeYx.tmp/target/debug/deps/gc-2ed262c3c6ce1368`
  Executable `/tmp/cargo-mutants-pstore-FkDeYx.tmp/target/debug/deps/head-942902384aa1128a`
  Executable `/tmp/cargo-mutants-pstore-FkDeYx.tmp/target/debug/deps/invariants-f13aafd39615e4cc`
  Executable `/tmp/cargo-mutants-pstore-FkDeYx.tmp/target/debug/deps/lanes-938334206e3d48b4`
  Executable `/tmp/cargo-mutants-pstore-FkDeYx.tmp/target/debug/deps/linearizability-bb91d73e2c4d1a6b`
  Executable `/tmp/cargo-mutants-pstore-FkDeYx.tmp/target/debug/deps/oq91-fd79786da954581f`
  Executable `/tmp/cargo-mutants-pstore-FkDeYx.tmp/target/debug/deps/pstore_format-222b2d320583739b`
  Executable `/tmp/cargo-mutants-pstore-FkDeYx.tmp/target/debug/deps/corrupt-4fa7b773588d5f80`
  Executable `/tmp/cargo-mutants-pstore-FkDeYx.tmp/target/debug/deps/search-895b48c523c273a0`
  Executable `/tmp/cargo-mutants-pstore-FkDeYx.tmp/target/debug/deps/sections-ea5916726dfa5f72`
  Executable `/tmp/cargo-mutants-pstore-FkDeYx.tmp/target/debug/deps/segment-e0477c5054d2ac18`
  Executable `/tmp/cargo-mutants-pstore-FkDeYx.tmp/target/debug/deps/pstore_index-ad9a41401e531637`
  Executable `/tmp/cargo-mutants-pstore-FkDeYx.tmp/target/debug/deps/clustering-2a4d2809ff8ea39a`
  Executable `/tmp/cargo-mutants-pstore-FkDeYx.tmp/target/debug/deps/ladder-c3a831718407e73c`
  Executable `/tmp/cargo-mutants-pstore-FkDeYx.tmp/target/debug/deps/persisted-bc7e0f8d45827beb`
  Executable `/tmp/cargo-mutants-pstore-FkDeYx.tmp/target/debug/deps/rabitq-cf52e90f04714290`
  Executable `/tmp/cargo-mutants-pstore-FkDeYx.tmp/target/debug/deps/recall-23237fba616ef13c`
  Executable `/tmp/cargo-mutants-pstore-FkDeYx.tmp/target/debug/deps/rung0-b66ce7685b78196a`
  Executable `/tmp/cargo-mutants-pstore-FkDeYx.tmp/target/debug/deps/pstore_testkit-5d9681023401e166`
  Executable `/tmp/cargo-mutants-pstore-FkDeYx.tmp/target/debug/deps/conformance-b77084fd195a7c41`
  Executable `/tmp/cargo-mutants-pstore-FkDeYx.tmp/target/debug/deps/depth-6790482b94222d43`
  Executable `/tmp/cargo-mutants-pstore-FkDeYx.tmp/target/debug/deps/hostile-f0118fdf2cfac1af`
  Executable `/tmp/cargo-mutants-pstore-FkDeYx.tmp/target/debug/deps/injectors-a3592247aa5e2312`
  Executable `/tmp/cargo-mutants-pstore-FkDeYx.tmp/target/debug/deps/sim-bbf2b604e1467e00`
  Executable `/tmp/cargo-mutants-pstore-FkDeYx.tmp/target/debug/deps/sweep-88387a89f9831276`
  Executable `/tmp/cargo-mutants-pstore-FkDeYx.tmp/target/debug/deps/pstore_types-ac8d1ba0068fec8f`

*** result: Success

*** /home/tuong/.rustup/toolchains/1.90-x86_64-unknown-linux-gnu/bin/cargo test --verbose --workspace
       Fresh unicode-ident v1.0.24
       Fresh proc-macro2 v1.0.107
       Fresh quote v1.0.47
       Fresh syn v3.0.5
       Fresh pin-project-lite v0.2.17
       Fresh slab v0.4.12
       Fresh futures-task v0.3.34
       Fresh futures-core v0.3.34
       Fresh bytes v1.12.1
       Fresh thiserror-impl v2.0.20
       Fresh tokio-macros v2.7.2
       Fresh async-trait v0.1.92
       Fresh futures-util v0.3.34
       Fresh pstore-types v0.1.0 (/tmp/cargo-mutants-pstore-FkDeYx.tmp/crates/pstore-types)
       Fresh tokio v1.53.1
       Fresh thiserror v2.0.20
       Fresh pstore-index v0.1.0 (/tmp/cargo-mutants-pstore-FkDeYx.tmp/crates/pstore-index)
       Fresh pstore-engine v0.1.0 (/tmp/cargo-mutants-pstore-FkDeYx.tmp/crates/pstore-engine)
       Fresh pstore-blob v0.1.0 (/tmp/cargo-mutants-pstore-FkDeYx.tmp/crates/pstore-blob)
       Fresh pstore-format v0.1.0 (/tmp/cargo-mutants-pstore-FkDeYx.tmp/crates/pstore-format)
       Fresh pstore-testkit v0.1.0 (/tmp/cargo-mutants-pstore-FkDeYx.tmp/crates/pstore-testkit)
    Finished `test` profile [unoptimized + debuginfo] target(s) in 0.01s
     Running `/tmp/cargo-mutants-pstore-FkDeYx.tmp/target/debug/deps/pstore_blob-beebd50e20890a1c`

running 4 tests
test coalesce::tests::a_contained_range_does_not_underflow_the_gap ... ok
test coalesce::tests::a_zero_gap_merges_only_touching_ranges ... ok
test coalesce::tests::empty_ranges_are_dropped ... ok
test coalesce::tests::empty_input_plans_nothing ... ok

test result: ok. 4 passed; 0 failed; 0 ignored; 0 measured; 0 filtered out; finished in 0.00s

     Running `/tmp/cargo-mutants-pstore-FkDeYx.tmp/target/debug/deps/accounting-f4906d65a4a0bb28`

running 6 tests
test accounting_separates_read_write_and_list_classes ... ok
test a_failed_conditional_write_is_still_billed ... ok
test accounting_is_per_tenant ... ok
test ranges_are_recorded_so_bytes_can_be_attributed_to_a_section ... ok
test accounting_counts_one_write_per_put ... ok
test bytes_are_counted_not_just_requests ... ok

test result: ok. 6 passed; 0 failed; 0 ignored; 0 measured; 0 filtered out; finished in 0.00s

     Running `/tmp/cargo-mutants-pstore-FkDeYx.tmp/target/debug/deps/cas-4a0e1648b7639c55`

running 5 tests
test cas_lost_and_contended_are_distinct ... ok
test create_if_absent_rejects_second_write ... ok
test get_range_returns_the_requested_slice ... ok
test cas_rejects_stale_tag ... ok
test delete_batch_removes_only_the_named_keys ... ok

test result: ok. 5 passed; 0 failed; 0 ignored; 0 measured; 0 filtered out; finished in 0.00s

     Running `/tmp/cargo-mutants-pstore-FkDeYx.tmp/target/debug/deps/coalescing-07cd275959561fdd`

running 8 tests
test coalescing_merges_ranges_closer_than_the_gap ... ok
test a_single_far_range_is_offset_correctly ... ok
test coalesced_reads_equal_separate_reads ... ok
test coalescing_actually_saves_requests ... ok
test ranges_out_of_order_are_returned_in_the_order_asked ... ok
test coalescing_respects_the_gap_threshold ... ok
test coalescing_never_issues_more_requests_than_ranges ... ok
test slices_are_offset_from_the_fetch_start_not_the_object_start ... ok

test result: ok. 8 passed; 0 failed; 0 ignored; 0 measured; 0 filtered out; finished in 0.00s

     Running `/tmp/cargo-mutants-pstore-FkDeYx.tmp/target/debug/deps/faults-6ff9c0975fba4475`

running 13 tests
test a_zero_rate_injects_nothing ... ok
test an_injected_write_fault_does_not_reach_the_backend ... ok
test each_fault_kind_is_injected_independently ... ok
test recovery_is_additive_and_slow ... ok
test same_seed_reproduces_the_same_failures ... ok
test the_retry_delay_is_exponential_and_capped ... ok
test slow_down_first_n_covers_exactly_the_first_n_operations ... ok
test a_fault_rate_of_one_injects_on_every_call_and_zero_on_none ... ok
test injected_faults_land_at_roughly_the_rate_asked_for ... ok
test a_slow_down_halves_the_limit_rather_than_merely_lowering_it ... ok
test a_transient_slowdown_is_retried_and_succeeds ... ok
test retries_are_bounded ... ok
test slowdown_reduces_concurrency_then_recovers ... ok

test result: ok. 13 passed; 0 failed; 0 ignored; 0 measured; 0 filtered out; finished in 0.02s

     Running `/tmp/cargo-mutants-pstore-FkDeYx.tmp/target/debug/deps/object_store_adapter-318667f311816eef`

running 0 tests

test result: ok. 0 passed; 0 failed; 0 ignored; 0 measured; 0 filtered out; finished in 0.00s

     Running `/tmp/cargo-mutants-pstore-FkDeYx.tmp/target/debug/deps/semantics-498f3631a70a0c40`

running 15 tests
test a_full_length_range_is_legal ... ok
test a_batch_delete_over_the_backend_limit_is_refused ... ok
test a_key_displays_as_the_path_it_will_be_fetched_from ... ok
test cas_against_a_deleted_object_is_refused ... ok
test content_hash_tags_exhibit_the_aba_hazard ... ok
test capabilities_name_the_backend_and_its_tag_style ... ok
test cas_with_a_fabricated_tag_is_refused ... ok
test a_range_past_the_end_is_an_error_not_a_short_read ... ok
test get_ranges_of_nothing_is_not_a_request ... ok
test an_empty_range_is_legal_and_returns_nothing ... ok
test get_ranges_propagates_a_read_error ... ok
test head_reports_size_without_the_body ... ok
test get_tag_reports_the_current_tag_and_none_when_absent ... ok
test monotonic_tags_are_immune_to_aba ... ok
test list_is_prefix_filtered ... ok

test result: ok. 15 passed; 0 failed; 0 ignored; 0 measured; 0 filtered out; finished in 0.00s

     Running `/tmp/cargo-mutants-pstore-FkDeYx.tmp/target/debug/deps/pstore_engine-b393ae38f39bfd88`

running 0 tests

test result: ok. 0 passed; 0 failed; 0 ignored; 0 measured; 0 filtered out; finished in 0.00s

     Running `/tmp/cargo-mutants-pstore-FkDeYx.tmp/target/debug/deps/arithmetic-cb100e6f06088ac9`

running 5 tests
test backoff_grows_with_the_attempt ... ok
test backoff_is_capped ... ok
test lanes_do_not_back_off_in_lockstep ... ok
test a_nonce_changes_when_only_the_epoch_does ... ok
test nonces_never_collide_across_epochs_and_lanes ... ok

test result: ok. 5 passed; 0 failed; 0 ignored; 0 measured; 0 filtered out; finished in 0.00s

     Running `/tmp/cargo-mutants-pstore-FkDeYx.tmp/target/debug/deps/bundle_errors-6248cb1f1ac71220`

running 7 tests
test a_bundle_with_a_mangled_footer_fails_the_fold ... ok
test a_bundle_with_an_impossible_index_offset_fails_the_fold ... ok
test a_truncated_document_run_is_refused_at_every_length ... ok
test folding_nothing_is_a_no_op_not_an_error ... ok
test a_hole_in_a_lane_bounds_the_tail_rather_than_being_skipped ... ok
test documents_round_trip_through_the_shared_codec ... ok
test an_unknown_value_tag_in_a_document_run_is_refused ... ok

test result: ok. 7 passed; 0 failed; 0 ignored; 0 measured; 0 filtered out; finished in 0.00s

     Running `/tmp/cargo-mutants-pstore-FkDeYx.tmp/target/debug/deps/compaction-1a9b26cbe72338bb`

running 6 tests
test a_short_index_is_not_worth_compacting ... ok
test compaction_collapses_the_segments_it_merged ... ok
test compaction_does_not_change_the_answer ... ok
test a_fold_landing_mid_compaction_is_not_swallowed_by_it ... ok
test concurrent_compactors_produce_one_winner ... ok
test a_losing_compactors_output_is_unreferenced ... ok

test result: ok. 6 passed; 0 failed; 0 ignored; 0 measured; 0 filtered out; finished in 0.00s

     Running `/tmp/cargo-mutants-pstore-FkDeYx.tmp/target/debug/deps/depth_at_scale-3ce980757e5f888a`

running 3 tests
test the_block_index_stays_inside_the_suffix_read_at_any_size ... ok
test a_cold_read_of_a_large_segment_still_costs_three_rounds ... ok
test bounding_the_index_does_not_just_move_the_cost_into_bytes ... ok

test result: ok. 3 passed; 0 failed; 0 ignored; 0 measured; 0 filtered out; finished in 0.08s

     Running `/tmp/cargo-mutants-pstore-FkDeYx.tmp/target/debug/deps/end_to_end-d4210bcff7c46c32`

running 2 tests
test the_whole_flow_stays_inside_its_request_budget ... ok
test write_read_filter_and_search_one_index ... ok

test result: ok. 2 passed; 0 failed; 0 ignored; 0 measured; 0 filtered out; finished in 0.01s

     Running `/tmp/cargo-mutants-pstore-FkDeYx.tmp/target/debug/deps/engine-eabd3e616eb4a149`

running 13 tests
test a_corrupt_bundle_fails_the_fold_rather_than_losing_rows ... ok
test a_folded_write_is_still_visible_exactly_once ... ok
test a_bundle_reader_gets_only_its_own_index ... ok
test a_write_is_visible_before_it_is_folded ... ok
test a_lane_registration_costs_one_cas_for_the_lane_not_one_per_batch ... ok
test a_fresh_engine_recovers_acknowledged_writes_from_the_wal ... ok
test folding_twice_does_not_duplicate_rows ... ok
test writes_after_a_fold_are_visible_alongside_folded_ones ... ok
test a_stale_committer_is_fenced ... ok
test search_and_filter_work_across_the_memtable_and_segments ... ok
test many_indexes_share_one_bundle ... ok
test a_write_batch_costs_exactly_one_put ... ok
test concurrent_committers_lose_and_duplicate_nothing ... ok

test result: ok. 13 passed; 0 failed; 0 ignored; 0 measured; 0 filtered out; finished in 0.01s

     Running `/tmp/cargo-mutants-pstore-FkDeYx.tmp/target/debug/deps/failures-24f1169393ef6c2f`

running 9 tests
test a_corrupt_head_is_refused_not_guessed ... ok
test a_backend_that_cannot_evaluate_the_condition_is_retried_and_then_reported ... ok
test a_corrupt_lane_registry_is_refused_not_guessed ... ok
test a_corrupt_bundle_fails_the_fold ... ok
test an_unknown_attribute_tag_is_refused ... ok
test a_corrupt_segment_surfaces_as_a_format_error ... ok
test a_failed_registry_read_is_an_error_not_an_empty_registry ... ok
test a_failed_head_read_is_an_error_not_an_empty_head ... ok
test a_lane_that_never_ends_is_refused_rather_than_probed_forever ... ok

test result: ok. 9 passed; 0 failed; 0 ignored; 0 measured; 0 filtered out; finished in 0.01s

     Running `/tmp/cargo-mutants-pstore-FkDeYx.tmp/target/debug/deps/gc-2ed262c3c6ce1368`

running 6 tests
test gc_reaps_a_folded_bundle_once_it_is_beyond_the_window ... ok
test a_dereferenced_object_survives_the_retention_window ... ok
test gc_with_nothing_due_is_free ... ok
test gc_refuses_to_reap_a_key_head_still_names ... ok
test gc_prunes_what_it_reaps_so_the_manifest_stays_bounded ... ok
test gc_never_reaps_a_referenced_object ... ok

test result: ok. 6 passed; 0 failed; 0 ignored; 0 measured; 0 filtered out; finished in 0.00s

     Running `/tmp/cargo-mutants-pstore-FkDeYx.tmp/target/debug/deps/head-942902384aa1128a`

running 6 tests
test a_head_with_a_bad_string_length_is_refused ... ok
test an_empty_head_round_trips ... ok
test the_watermark_says_what_has_been_folded ... ok
test a_truncated_head_is_refused_at_every_length ... ok
test the_head_key_is_derived_from_the_tenant_alone ... ok
test head_round_trips_exactly ... ok

test result: ok. 6 passed; 0 failed; 0 ignored; 0 measured; 0 filtered out; finished in 0.00s

     Running `/tmp/cargo-mutants-pstore-FkDeYx.tmp/target/debug/deps/invariants-f13aafd39615e4cc`

running 7 tests
test a_fresh_read_costs_no_blob_requests_beyond_head ... ok
test nothing_on_the_read_path_ever_lists ... ok
test a_write_batch_is_one_round_trip_and_one_request ... ok
test a_cold_filtered_read_has_a_sequential_depth_of_at_most_three ... ok
test a_cold_read_has_a_sequential_depth_of_at_most_three ... ok
test a_cold_search_has_a_sequential_depth_of_at_most_three ... ok
test depth_does_not_grow_with_the_number_of_segments ... ok

test result: ok. 7 passed; 0 failed; 0 ignored; 0 measured; 0 filtered out; finished in 0.00s

     Running `/tmp/cargo-mutants-pstore-FkDeYx.tmp/target/debug/deps/lanes-938334206e3d48b4`

running 6 tests
test a_lane_registers_once_and_is_discoverable ... ok
test a_successor_finds_the_tail_by_probing_not_listing ... ok
test a_lane_bitmap_records_a_lane_in_one_cas ... ok
test concurrent_lane_registrations_all_survive ... ok
test probing_resumes_from_a_watermark_rather_than_from_zero ... ok
test a_probe_window_grows_so_a_long_lane_costs_few_round_trips ... ok

test result: ok. 6 passed; 0 failed; 0 ignored; 0 measured; 0 filtered out; finished in 0.00s

     Running `/tmp/cargo-mutants-pstore-FkDeYx.tmp/target/debug/deps/linearizability-bb91d73e2c4d1a6b`

running 4 tests
test a_writer_paused_past_many_commits_cannot_corrupt ... ok
test one_hundred_writers_produce_a_dense_epoch_sequence ... ok
test a_cas_storm_still_converges ... ok
test every_acknowledged_document_survives_contention ... ok

test result: ok. 4 passed; 0 failed; 0 ignored; 0 measured; 0 filtered out; finished in 1.68s

     Running `/tmp/cargo-mutants-pstore-FkDeYx.tmp/target/debug/deps/oq91-fd79786da954581f`

running 3 tests
test a_refused_flush_does_not_punch_a_hole_in_the_lane ... ok
test recovery_after_a_fallback_write_to_another_lane ... ok
test recovery_finds_every_unfolded_record_across_seeds ... ok

test result: ok. 3 passed; 0 failed; 0 ignored; 0 measured; 0 filtered out; finished in 0.03s

     Running `/tmp/cargo-mutants-pstore-FkDeYx.tmp/target/debug/deps/pstore_format-222b2d320583739b`

running 4 tests
test codec::tests::every_primitive_refuses_a_short_buffer_rather_than_panicking ... ok
test codec::tests::the_checksum_changes_when_any_byte_does ... ok
test codec::tests::a_string_field_rejects_invalid_utf8 ... ok
test codec::tests::every_primitive_round_trips ... ok

test result: ok. 4 passed; 0 failed; 0 ignored; 0 measured; 0 filtered out; finished in 0.00s

     Running `/tmp/cargo-mutants-pstore-FkDeYx.tmp/target/debug/deps/corrupt-4fa7b773588d5f80`

running 10 tests
test a_missing_segment_is_an_error_not_an_empty_one ... ok
test a_document_starts_with_no_attributes ... ok
test a_future_version_is_refused_rather_than_guessed_at ... ok
test filters_match_rows_by_type ... ok
test a_scan_of_a_segment_whose_blocks_are_gone_is_an_error ... ok
test a_truncated_segment_is_an_error ... ok
test an_unknown_value_tag_is_an_error ... ok
test filters_prune_only_what_they_provably_can ... ok
test a_tampered_index_section_is_caught_by_the_checksum ... ok
test a_segment_with_an_impossible_block_count_is_refused ... ok

test result: ok. 10 passed; 0 failed; 0 ignored; 0 measured; 0 filtered out; finished in 0.00s

     Running `/tmp/cargo-mutants-pstore-FkDeYx.tmp/target/debug/deps/search-895b48c523c273a0`

running 8 tests
test search_on_a_dimension_mismatch_is_an_error ... ok
test search_returns_k_results_when_k_exceeds_the_segment ... ok
test a_filter_on_an_unknown_column_matches_nothing_and_prunes_nothing ... ok
test a_string_filter_cannot_prune_but_still_filters ... ok
test search_respects_a_filter ... ok
test pruning_does_not_change_the_answer ... ok
test exact_search_matches_a_brute_force_reference ... ok
test zone_maps_skip_blocks_that_cannot_match ... ok

test result: ok. 8 passed; 0 failed; 0 ignored; 0 measured; 0 filtered out; finished in 0.01s

     Running `/tmp/cargo-mutants-pstore-FkDeYx.tmp/target/debug/deps/sections-ea5916726dfa5f72`

running 8 tests
test a_segment_with_no_vectors_omits_the_vector_sections ... ok
test a_segment_from_the_future_is_readable_not_refused ... ok
test sections_do_not_overlap ... ok
test the_vector_section_starts_after_the_last_data_block ... ok
test a_scan_still_returns_whole_documents ... ok
test a_segment_names_its_sections_in_the_footer ... ok
test one_bit_codes_are_a_fraction_of_the_vectors_they_stand_in_for ... ok
test a_quantised_scan_reads_no_full_precision_bytes ... ok

test result: ok. 8 passed; 0 failed; 0 ignored; 0 measured; 0 filtered out; finished in 0.05s

     Running `/tmp/cargo-mutants-pstore-FkDeYx.tmp/target/debug/deps/segment-e0477c5054d2ac18`

running 7 tests
test a_segment_is_readable_from_its_key_alone ... ok
test a_corrupt_footer_is_an_error_not_a_wrong_answer ... ok
test a_small_segment_opens_in_one_read ... ok
test an_empty_segment_is_legal ... ok
test a_segment_round_trips_through_the_blob_store ... ok
test opening_a_cold_segment_costs_at_most_two_reads ... ok
test a_segment_whose_index_section_overflows_the_suffix_takes_two_reads ... ok

test result: ok. 7 passed; 0 failed; 0 ignored; 0 measured; 0 filtered out; finished in 0.02s

     Running `/tmp/cargo-mutants-pstore-FkDeYx.tmp/target/debug/deps/pstore_index-ad9a41401e531637`

running 0 tests

test result: ok. 0 passed; 0 failed; 0 ignored; 0 measured; 0 filtered out; finished in 0.00s

     Running `/tmp/cargo-mutants-pstore-FkDeYx.tmp/target/debug/deps/clustering-2a4d2809ff8ea39a`

running 8 tests
test an_empty_corpus_is_not_a_panic ... ok
test a_corpus_smaller_than_one_list_makes_a_single_cluster ... ok
test the_same_corpus_clusters_the_same_way ... ok
test a_centroid_is_the_mean_of_what_it_holds ... ok
test every_vector_is_reachable_from_at_least_one_list ... ok
test the_list_count_follows_the_target_size ... FAILED
test clustering_stays_balanced_on_skewed_data ... ok
test balance_is_bought_cheaply_not_at_any_price ... FAILED

failures:

---- the_list_count_follows_the_target_size stdout ----

thread 'the_list_count_follows_the_target_size' panicked at crates/pstore-index/tests/clustering.rs:160:5:
4,000 vectors at a target of 500 gave 3 lists
note: run with `RUST_BACKTRACE=1` environment variable to display a backtrace

---- balance_is_bought_cheaply_not_at_any_price stdout ----

thread 'balance_is_bought_cheaply_not_at_any_price' panicked at crates/pstore-index/tests/clustering.rs:233:5:
balanced assignment costs NaN against an unconstrained floor of 384000 (NaNx): the capacity bound is being met by putting vectors in lists they have no business being in


failures:
    balance_is_bought_cheaply_not_at_any_price
    the_list_count_follows_the_target_size

test result: FAILED. 6 passed; 2 failed; 0 ignored; 0 measured; 0 filtered out; finished in 1.28s

error: test failed, to rerun pass `-p pstore-index --test clustering`

*** result: Failure(101)
