
*** crates/pstore-engine/src/bundle.rs:73:5: replace read_index -> Result<BTreeMap<String, Entry>, EngineError> with Ok(BTreeMap::from_iter([("xyzzy".into(), Default::default())]))

*** mutation diff:
--- crates/pstore-engine/src/bundle.rs
+++ replace read_index -> Result<BTreeMap<String, Entry>, EngineError> with Ok(BTreeMap::from_iter([("xyzzy".into(), Default::default())]))
@@ -65,84 +65,17 @@
     body.extend_from_slice(&index_offset.to_le_bytes());
     body.extend_from_slice(&index_len.to_le_bytes());
     body.extend_from_slice(MAGIC);
     body
 }
 
 /// The bundle's directory: which indexes it carries and where.
 pub(crate) fn read_index(buf: &[u8]) -> Result<BTreeMap<String, Entry>, EngineError> {
-    let foot_len = 8 + 8 + 4 + 8;
-    let at = buf
-        .len()
-        .checked_sub(foot_len)
-        .ok_or(EngineError::CorruptBundle)?;
-    let foot = buf.get(at..).ok_or(EngineError::CorruptBundle)?;
-    if foot.get(..8) != Some(&MAGIC[..]) || foot.get(foot_len - 8..) != Some(&MAGIC[..]) {
-        return Err(EngineError::CorruptBundle);
-    }
-    let index_offset = u64::from_le_bytes(
-        foot.get(8..16)
-            .and_then(|b| b.try_into().ok())
-            .ok_or(EngineError::CorruptBundle)?,
-    ) as usize;
-    let index_len = u32::from_le_bytes(
-        foot.get(16..20)
-            .and_then(|b| b.try_into().ok())
-            .ok_or(EngineError::CorruptBundle)?,
-    ) as usize;
-    // ⚠️ Checked: a tampered offset of u64::MAX overflowed the addition and PANICKED
-    // rather than returning an error -- a crash vector reachable from a malformed object,
-    // which is the one input a storage layer must assume is hostile.
-    let end = index_offset
-        .checked_add(index_len)
-        .ok_or(EngineError::CorruptBundle)?;
-    let idx = buf
-        .get(index_offset..end)
-        .ok_or(EngineError::CorruptBundle)?;
-
-    let mut out = BTreeMap::new();
-    let mut i = 0usize;
-    let take = |i: &mut usize, n: usize| -> Result<&[u8], EngineError> {
-        let end = i.checked_add(n).ok_or(EngineError::CorruptBundle)?;
-        let s = idx.get(*i..end).ok_or(EngineError::CorruptBundle)?;
-        *i = end;
-        Ok(s)
-    };
-    let count = u32::from_le_bytes(
-        take(&mut i, 4)?
-            .try_into()
-            .map_err(|_| EngineError::CorruptBundle)?,
-    );
-    for _ in 0..count {
-        let nlen = u32::from_le_bytes(
-            take(&mut i, 4)?
-                .try_into()
-                .map_err(|_| EngineError::CorruptBundle)?,
-        ) as usize;
-        let name = String::from_utf8(take(&mut i, nlen)?.to_vec())
-            .map_err(|_| EngineError::CorruptBundle)?;
-        let offset = u64::from_le_bytes(
-            take(&mut i, 8)?
-                .try_into()
-                .map_err(|_| EngineError::CorruptBundle)?,
-        );
-        let len = u32::from_le_bytes(
-            take(&mut i, 4)?
-                .try_into()
-                .map_err(|_| EngineError::CorruptBundle)?,
-        );
-        let docs = u32::from_le_bytes(
-            take(&mut i, 4)?
-                .try_into()
-                .map_err(|_| EngineError::CorruptBundle)?,
-        );
-        out.insert(name, Entry { offset, len, docs });
-    }
-    Ok(out)
+    Ok(BTreeMap::from_iter([("xyzzy".into(), Default::default())])) /* ~ changed by cargo-mutants ~ */
 }
 
 /// One index's documents, decoded from its slice of a bundle.
 pub(crate) fn read_entry(buf: &[u8], e: &Entry) -> Result<Vec<Document>, EngineError> {
     let start = e.offset as usize;
     let end = start
         .checked_add(e.len as usize)
         .ok_or(EngineError::CorruptBundle)?;


*** /home/tuong/.rustup/toolchains/1.90-x86_64-unknown-linux-gnu/bin/cargo test --no-run --verbose --package=pstore-engine@0.1.0
       Fresh unicode-ident v1.0.24
       Fresh proc-macro2 v1.0.107
       Fresh quote v1.0.47
       Fresh syn v3.0.5
       Fresh pin-project-lite v0.2.17
       Fresh tokio-macros v2.7.2
       Fresh thiserror-impl v2.0.20
       Fresh futures-task v0.3.34
       Fresh futures-core v0.3.34
       Fresh slab v0.4.12
       Fresh futures-util v0.3.34
       Fresh thiserror v2.0.20
       Fresh tokio v1.53.1
       Fresh async-trait v0.1.92
       Fresh bytes v1.12.1
       Fresh pstore-types v0.1.0 (/tmp/cargo-mutants-pstore-Tv7zHT.tmp/crates/pstore-types)
       Fresh pstore-blob v0.1.0 (/tmp/cargo-mutants-pstore-Tv7zHT.tmp/crates/pstore-blob)
       Fresh pstore-format v0.1.0 (/tmp/cargo-mutants-pstore-Tv7zHT.tmp/crates/pstore-format)
       Fresh pstore-testkit v0.1.0 (/tmp/cargo-mutants-pstore-Tv7zHT.tmp/crates/pstore-testkit)
       Dirty pstore-engine v0.1.0 (/tmp/cargo-mutants-pstore-Tv7zHT.tmp/crates/pstore-engine): couldn't read metadata for file `target/debug/deps/libpstore_engine-bda1651ff56837d3.rlib`
   Compiling pstore-engine v0.1.0 (/tmp/cargo-mutants-pstore-Tv7zHT.tmp/crates/pstore-engine)
     Running `/home/tuong/.rustup/toolchains/1.90-x86_64-unknown-linux-gnu/bin/rustc --crate-name pstore_engine --edition=2024 crates/pstore-engine/src/lib.rs --error-format=json --json=diagnostic-rendered-ansi,artifacts,future-incompat --crate-type lib --emit=dep-info,metadata,link -C embed-bitcode=no -C debuginfo=2 --warn=rust_2018_idioms '--deny=clippy::unwrap_used' --forbid=unsafe_code --warn=unreachable_pub '--deny=clippy::unimplemented' '--deny=clippy::todo' '--deny=clippy::panic' --warn=missing_docs '--deny=clippy::mem_forget' '--deny=clippy::indexing_slicing' '--deny=clippy::float_cmp' '--deny=clippy::expect_used' '--deny=clippy::dbg_macro' --check-cfg 'cfg(docsrs,test)' --check-cfg 'cfg(feature, values())' -C metadata=a276e8e21a30ee6c -C extra-filename=-bda1651ff56837d3 --out-dir /tmp/cargo-mutants-pstore-Tv7zHT.tmp/target/debug/deps -C incremental=/tmp/cargo-mutants-pstore-Tv7zHT.tmp/target/debug/incremental -L dependency=/tmp/cargo-mutants-pstore-Tv7zHT.tmp/target/debug/deps --extern bytes=/tmp/cargo-mutants-pstore-Tv7zHT.tmp/target/debug/deps/libbytes-31b8f712e3be84e8.rmeta --extern futures_util=/tmp/cargo-mutants-pstore-Tv7zHT.tmp/target/debug/deps/libfutures_util-9467758a9490225b.rmeta --extern pstore_blob=/tmp/cargo-mutants-pstore-Tv7zHT.tmp/target/debug/deps/libpstore_blob-b6cf016c092a0ac2.rmeta --extern pstore_format=/tmp/cargo-mutants-pstore-Tv7zHT.tmp/target/debug/deps/libpstore_format-1275d00aeb99a72a.rmeta --extern pstore_types=/tmp/cargo-mutants-pstore-Tv7zHT.tmp/target/debug/deps/libpstore_types-c19df0e60947a156.rmeta --extern thiserror=/tmp/cargo-mutants-pstore-Tv7zHT.tmp/target/debug/deps/libthiserror-a555ba146edbfd98.rmeta --extern tokio=/tmp/cargo-mutants-pstore-Tv7zHT.tmp/target/debug/deps/libtokio-1c12c7fb7aae7e9d.rmeta`
error[E0277]: the trait bound `bundle::Entry: Default` is not satisfied
  --> crates/pstore-engine/src/bundle.rs:73:46
   |
73 |     Ok(BTreeMap::from_iter([("xyzzy".into(), Default::default())])) /* ~ changed by cargo-mutants ~ */
   |                                              ^^^^^^^^^^^^^^^^^^ the trait `Default` is not implemented for `bundle::Entry`
   |
help: consider annotating `bundle::Entry` with `#[derive(Default)]`
   |
23 + #[derive(Default)]
24 | pub struct Entry {
   |

For more information about this error, try `rustc --explain E0277`.
error: could not compile `pstore-engine` (lib) due to 1 previous error

Caused by:
  process didn't exit successfully: `/home/tuong/.rustup/toolchains/1.90-x86_64-unknown-linux-gnu/bin/rustc --crate-name pstore_engine --edition=2024 crates/pstore-engine/src/lib.rs --error-format=json --json=diagnostic-rendered-ansi,artifacts,future-incompat --crate-type lib --emit=dep-info,metadata,link -C embed-bitcode=no -C debuginfo=2 --warn=rust_2018_idioms '--deny=clippy::unwrap_used' --forbid=unsafe_code --warn=unreachable_pub '--deny=clippy::unimplemented' '--deny=clippy::todo' '--deny=clippy::panic' --warn=missing_docs '--deny=clippy::mem_forget' '--deny=clippy::indexing_slicing' '--deny=clippy::float_cmp' '--deny=clippy::expect_used' '--deny=clippy::dbg_macro' --check-cfg 'cfg(docsrs,test)' --check-cfg 'cfg(feature, values())' -C metadata=a276e8e21a30ee6c -C extra-filename=-bda1651ff56837d3 --out-dir /tmp/cargo-mutants-pstore-Tv7zHT.tmp/target/debug/deps -C incremental=/tmp/cargo-mutants-pstore-Tv7zHT.tmp/target/debug/incremental -L dependency=/tmp/cargo-mutants-pstore-Tv7zHT.tmp/target/debug/deps --extern bytes=/tmp/cargo-mutants-pstore-Tv7zHT.tmp/target/debug/deps/libbytes-31b8f712e3be84e8.rmeta --extern futures_util=/tmp/cargo-mutants-pstore-Tv7zHT.tmp/target/debug/deps/libfutures_util-9467758a9490225b.rmeta --extern pstore_blob=/tmp/cargo-mutants-pstore-Tv7zHT.tmp/target/debug/deps/libpstore_blob-b6cf016c092a0ac2.rmeta --extern pstore_format=/tmp/cargo-mutants-pstore-Tv7zHT.tmp/target/debug/deps/libpstore_format-1275d00aeb99a72a.rmeta --extern pstore_types=/tmp/cargo-mutants-pstore-Tv7zHT.tmp/target/debug/deps/libpstore_types-c19df0e60947a156.rmeta --extern thiserror=/tmp/cargo-mutants-pstore-Tv7zHT.tmp/target/debug/deps/libthiserror-a555ba146edbfd98.rmeta --extern tokio=/tmp/cargo-mutants-pstore-Tv7zHT.tmp/target/debug/deps/libtokio-1c12c7fb7aae7e9d.rmeta` (exit status: 1)

*** result: Failure(101)
