
*** crates/pstore-engine/src/lib.rs:21:5: replace bundle_key -> Key with Default::default()

*** mutation diff:
--- crates/pstore-engine/src/lib.rs
+++ replace bundle_key -> Key with Default::default()
@@ -13,20 +13,17 @@
 use pstore_types::{Epoch, LaneId, Seq, TenantId};
 use std::collections::BTreeMap;
 use std::sync::{Arc, Mutex};
 
 /// The key one lane's bundle lives at. **Derived**, so a successor computes it rather than
 /// discovering it — which is what keeps recovery off the LIST path.
 #[must_use]
 pub fn bundle_key(tenant: TenantId, lane: LaneId, seq: Seq) -> Key {
-    Key::new(format!(
-        "{:04x}/wal/{}/{:016x}/{:016}.bundle",
-        tenant.0 as u16, tenant.0, lane.0, seq.0
-    ))
+    Default::default() /* ~ changed by cargo-mutants ~ */
 }
 
 /// Rows per block in a folded segment. Small enough that zone maps prune usefully, large
 /// enough that a scan is not one request per handful of rows.
 const ROWS_PER_BLOCK: usize = 64;
 
 /// How many times a commit rebases before giving up.
 ///


*** /home/tuong/.rustup/toolchains/1.90-x86_64-unknown-linux-gnu/bin/cargo test --no-run --verbose --workspace
       Fresh unicode-ident v1.0.24
       Fresh proc-macro2 v1.0.107
       Fresh quote v1.0.47
       Fresh syn v3.0.5
       Fresh pin-project-lite v0.2.17
       Fresh thiserror-impl v2.0.20
       Fresh tokio-macros v2.7.2
       Fresh futures-task v0.3.34
       Fresh futures-core v0.3.34
       Fresh slab v0.4.12
       Fresh futures-util v0.3.34
       Fresh tokio v1.53.1
       Fresh thiserror v2.0.20
       Fresh async-trait v0.1.92
       Fresh bytes v1.12.1
       Dirty pstore-blob v0.1.0 (/tmp/cargo-mutants-pstore-R9GKOv.tmp/crates/pstore-blob): the file `crates/pstore-blob/src/types.rs` has changed (1788614332.774688428s, 6s after last build at 1788614326.251187278s)
   Compiling pstore-blob v0.1.0 (/tmp/cargo-mutants-pstore-R9GKOv.tmp/crates/pstore-blob)
     Running `/home/tuong/.rustup/toolchains/1.90-x86_64-unknown-linux-gnu/bin/rustc --crate-name pstore_blob --edition=2024 crates/pstore-blob/src/lib.rs --error-format=json --json=diagnostic-rendered-ansi,artifacts,future-incompat --crate-type lib --emit=dep-info,metadata,link -C embed-bitcode=no -C debuginfo=2 --warn=rust_2018_idioms '--deny=clippy::unwrap_used' --forbid=unsafe_code --warn=unreachable_pub '--deny=clippy::unimplemented' '--deny=clippy::todo' '--deny=clippy::panic' --warn=missing_docs '--deny=clippy::mem_forget' '--deny=clippy::indexing_slicing' '--deny=clippy::float_cmp' '--deny=clippy::expect_used' '--deny=clippy::dbg_macro' --check-cfg 'cfg(docsrs,test)' --check-cfg 'cfg(feature, values("object_store"))' -C metadata=948d266b4a441e08 -C extra-filename=-a1c846e65fcdfc47 --out-dir /tmp/cargo-mutants-pstore-R9GKOv.tmp/target/debug/deps -C incremental=/tmp/cargo-mutants-pstore-R9GKOv.tmp/target/debug/incremental -L dependency=/tmp/cargo-mutants-pstore-R9GKOv.tmp/target/debug/deps --extern async_trait=/tmp/cargo-mutants-pstore-R9GKOv.tmp/target/debug/deps/libasync_trait-efaaae825ff87b5f.so --extern bytes=/tmp/cargo-mutants-pstore-R9GKOv.tmp/target/debug/deps/libbytes-31b8f712e3be84e8.rmeta --extern futures_util=/tmp/cargo-mutants-pstore-R9GKOv.tmp/target/debug/deps/libfutures_util-9467758a9490225b.rmeta --extern pstore_types=/tmp/cargo-mutants-pstore-R9GKOv.tmp/target/debug/deps/libpstore_types-c19df0e60947a156.rmeta --extern thiserror=/tmp/cargo-mutants-pstore-R9GKOv.tmp/target/debug/deps/libthiserror-a555ba146edbfd98.rmeta --extern tokio=/tmp/cargo-mutants-pstore-R9GKOv.tmp/target/debug/deps/libtokio-c4794fa7272c7af3.rmeta`
       Dirty pstore-testkit v0.1.0 (/tmp/cargo-mutants-pstore-R9GKOv.tmp/crates/pstore-testkit): the dependency pstore_blob was rebuilt
   Compiling pstore-testkit v0.1.0 (/tmp/cargo-mutants-pstore-R9GKOv.tmp/crates/pstore-testkit)
     Running `/home/tuong/.rustup/toolchains/1.90-x86_64-unknown-linux-gnu/bin/rustc --crate-name pstore_testkit --edition=2024 crates/pstore-testkit/src/lib.rs --error-format=json --json=diagnostic-rendered-ansi,artifacts,future-incompat --crate-type lib --emit=dep-info,metadata,link -C embed-bitcode=no -C debuginfo=2 --warn=rust_2018_idioms '--deny=clippy::unwrap_used' --forbid=unsafe_code --warn=unreachable_pub '--deny=clippy::unimplemented' '--deny=clippy::todo' '--deny=clippy::panic' --warn=missing_docs '--deny=clippy::mem_forget' '--deny=clippy::indexing_slicing' '--deny=clippy::float_cmp' '--deny=clippy::expect_used' '--deny=clippy::dbg_macro' --check-cfg 'cfg(docsrs,test)' --check-cfg 'cfg(feature, values())' -C metadata=7c6884569a017aab -C extra-filename=-c70127229fd98aeb --out-dir /tmp/cargo-mutants-pstore-R9GKOv.tmp/target/debug/deps -C incremental=/tmp/cargo-mutants-pstore-R9GKOv.tmp/target/debug/incremental -L dependency=/tmp/cargo-mutants-pstore-R9GKOv.tmp/target/debug/deps --extern async_trait=/tmp/cargo-mutants-pstore-R9GKOv.tmp/target/debug/deps/libasync_trait-efaaae825ff87b5f.so --extern bytes=/tmp/cargo-mutants-pstore-R9GKOv.tmp/target/debug/deps/libbytes-31b8f712e3be84e8.rmeta --extern pstore_blob=/tmp/cargo-mutants-pstore-R9GKOv.tmp/target/debug/deps/libpstore_blob-a1c846e65fcdfc47.rmeta --extern pstore_types=/tmp/cargo-mutants-pstore-R9GKOv.tmp/target/debug/deps/libpstore_types-c19df0e60947a156.rmeta --extern tokio=/tmp/cargo-mutants-pstore-R9GKOv.tmp/target/debug/deps/libtokio-c4794fa7272c7af3.rmeta`
       Dirty pstore-format v0.1.0 (/tmp/cargo-mutants-pstore-R9GKOv.tmp/crates/pstore-format): the dependency pstore_blob was rebuilt
   Compiling pstore-format v0.1.0 (/tmp/cargo-mutants-pstore-R9GKOv.tmp/crates/pstore-format)
     Running `/home/tuong/.rustup/toolchains/1.90-x86_64-unknown-linux-gnu/bin/rustc --crate-name pstore_format --edition=2024 crates/pstore-format/src/lib.rs --error-format=json --json=diagnostic-rendered-ansi,artifacts,future-incompat --crate-type lib --emit=dep-info,metadata,link -C embed-bitcode=no -C debuginfo=2 --warn=rust_2018_idioms '--deny=clippy::unwrap_used' --forbid=unsafe_code --warn=unreachable_pub '--deny=clippy::unimplemented' '--deny=clippy::todo' '--deny=clippy::panic' --warn=missing_docs '--deny=clippy::mem_forget' '--deny=clippy::indexing_slicing' '--deny=clippy::float_cmp' '--deny=clippy::expect_used' '--deny=clippy::dbg_macro' --check-cfg 'cfg(docsrs,test)' --check-cfg 'cfg(feature, values())' -C metadata=7e5610228b83a3fe -C extra-filename=-915614e952a6fbe8 --out-dir /tmp/cargo-mutants-pstore-R9GKOv.tmp/target/debug/deps -C incremental=/tmp/cargo-mutants-pstore-R9GKOv.tmp/target/debug/incremental -L dependency=/tmp/cargo-mutants-pstore-R9GKOv.tmp/target/debug/deps --extern async_trait=/tmp/cargo-mutants-pstore-R9GKOv.tmp/target/debug/deps/libasync_trait-efaaae825ff87b5f.so --extern bytes=/tmp/cargo-mutants-pstore-R9GKOv.tmp/target/debug/deps/libbytes-31b8f712e3be84e8.rmeta --extern pstore_blob=/tmp/cargo-mutants-pstore-R9GKOv.tmp/target/debug/deps/libpstore_blob-a1c846e65fcdfc47.rmeta --extern pstore_types=/tmp/cargo-mutants-pstore-R9GKOv.tmp/target/debug/deps/libpstore_types-c19df0e60947a156.rmeta --extern thiserror=/tmp/cargo-mutants-pstore-R9GKOv.tmp/target/debug/deps/libthiserror-a555ba146edbfd98.rmeta`
     Running `/home/tuong/.rustup/toolchains/1.90-x86_64-unknown-linux-gnu/bin/rustc --crate-name sweep --edition=2024 crates/pstore-testkit/tests/sweep.rs --error-format=json --json=diagnostic-rendered-ansi,artifacts,future-incompat --emit=dep-info,link -C embed-bitcode=no -C debuginfo=2 --warn=rust_2018_idioms '--deny=clippy::unwrap_used' --forbid=unsafe_code --warn=unreachable_pub '--deny=clippy::unimplemented' '--deny=clippy::todo' '--deny=clippy::panic' --warn=missing_docs '--deny=clippy::mem_forget' '--deny=clippy::indexing_slicing' '--deny=clippy::float_cmp' '--deny=clippy::expect_used' '--deny=clippy::dbg_macro' --test --check-cfg 'cfg(docsrs,test)' --check-cfg 'cfg(feature, values())' -C metadata=cf23280c39ff24a2 -C extra-filename=-88387a89f9831276 --out-dir /tmp/cargo-mutants-pstore-R9GKOv.tmp/target/debug/deps -C incremental=/tmp/cargo-mutants-pstore-R9GKOv.tmp/target/debug/incremental -L dependency=/tmp/cargo-mutants-pstore-R9GKOv.tmp/target/debug/deps --extern async_trait=/tmp/cargo-mutants-pstore-R9GKOv.tmp/target/debug/deps/libasync_trait-efaaae825ff87b5f.so --extern bytes=/tmp/cargo-mutants-pstore-R9GKOv.tmp/target/debug/deps/libbytes-31b8f712e3be84e8.rlib --extern futures_util=/tmp/cargo-mutants-pstore-R9GKOv.tmp/target/debug/deps/libfutures_util-9467758a9490225b.rlib --extern pstore_blob=/tmp/cargo-mutants-pstore-R9GKOv.tmp/target/debug/deps/libpstore_blob-a1c846e65fcdfc47.rlib --extern pstore_testkit=/tmp/cargo-mutants-pstore-R9GKOv.tmp/target/debug/deps/libpstore_testkit-c70127229fd98aeb.rlib --extern pstore_types=/tmp/cargo-mutants-pstore-R9GKOv.tmp/target/debug/deps/libpstore_types-c19df0e60947a156.rlib --extern tokio=/tmp/cargo-mutants-pstore-R9GKOv.tmp/target/debug/deps/libtokio-c4794fa7272c7af3.rlib`
       Dirty pstore-engine v0.1.0 (/tmp/cargo-mutants-pstore-R9GKOv.tmp/crates/pstore-engine): the dependency pstore_blob was rebuilt
   Compiling pstore-engine v0.1.0 (/tmp/cargo-mutants-pstore-R9GKOv.tmp/crates/pstore-engine)
     Running `/home/tuong/.rustup/toolchains/1.90-x86_64-unknown-linux-gnu/bin/rustc --crate-name pstore_engine --edition=2024 crates/pstore-engine/src/lib.rs --error-format=json --json=diagnostic-rendered-ansi,artifacts,future-incompat --crate-type lib --emit=dep-info,metadata,link -C embed-bitcode=no -C debuginfo=2 --warn=rust_2018_idioms '--deny=clippy::unwrap_used' --forbid=unsafe_code --warn=unreachable_pub '--deny=clippy::unimplemented' '--deny=clippy::todo' '--deny=clippy::panic' --warn=missing_docs '--deny=clippy::mem_forget' '--deny=clippy::indexing_slicing' '--deny=clippy::float_cmp' '--deny=clippy::expect_used' '--deny=clippy::dbg_macro' --check-cfg 'cfg(docsrs,test)' --check-cfg 'cfg(feature, values())' -C metadata=446648b18a245ce2 -C extra-filename=-57ca2718b28a8562 --out-dir /tmp/cargo-mutants-pstore-R9GKOv.tmp/target/debug/deps -C incremental=/tmp/cargo-mutants-pstore-R9GKOv.tmp/target/debug/incremental -L dependency=/tmp/cargo-mutants-pstore-R9GKOv.tmp/target/debug/deps --extern bytes=/tmp/cargo-mutants-pstore-R9GKOv.tmp/target/debug/deps/libbytes-31b8f712e3be84e8.rmeta --extern futures_util=/tmp/cargo-mutants-pstore-R9GKOv.tmp/target/debug/deps/libfutures_util-9467758a9490225b.rmeta --extern pstore_blob=/tmp/cargo-mutants-pstore-R9GKOv.tmp/target/debug/deps/libpstore_blob-a1c846e65fcdfc47.rmeta --extern pstore_format=/tmp/cargo-mutants-pstore-R9GKOv.tmp/target/debug/deps/libpstore_format-915614e952a6fbe8.rmeta --extern pstore_types=/tmp/cargo-mutants-pstore-R9GKOv.tmp/target/debug/deps/libpstore_types-c19df0e60947a156.rmeta --extern thiserror=/tmp/cargo-mutants-pstore-R9GKOv.tmp/target/debug/deps/libthiserror-a555ba146edbfd98.rmeta --extern tokio=/tmp/cargo-mutants-pstore-R9GKOv.tmp/target/debug/deps/libtokio-c4794fa7272c7af3.rmeta`
     Running `/home/tuong/.rustup/toolchains/1.90-x86_64-unknown-linux-gnu/bin/rustc --crate-name segment --edition=2024 crates/pstore-format/tests/segment.rs --error-format=json --json=diagnostic-rendered-ansi,artifacts,future-incompat --emit=dep-info,link -C embed-bitcode=no -C debuginfo=2 --warn=rust_2018_idioms '--deny=clippy::unwrap_used' --forbid=unsafe_code --warn=unreachable_pub '--deny=clippy::unimplemented' '--deny=clippy::todo' '--deny=clippy::panic' --warn=missing_docs '--deny=clippy::mem_forget' '--deny=clippy::indexing_slicing' '--deny=clippy::float_cmp' '--deny=clippy::expect_used' '--deny=clippy::dbg_macro' --test --check-cfg 'cfg(docsrs,test)' --check-cfg 'cfg(feature, values())' -C metadata=a45f8d179baa1ad4 -C extra-filename=-5c77b70ad5435831 --out-dir /tmp/cargo-mutants-pstore-R9GKOv.tmp/target/debug/deps -C incremental=/tmp/cargo-mutants-pstore-R9GKOv.tmp/target/debug/incremental -L dependency=/tmp/cargo-mutants-pstore-R9GKOv.tmp/target/debug/deps --extern async_trait=/tmp/cargo-mutants-pstore-R9GKOv.tmp/target/debug/deps/libasync_trait-efaaae825ff87b5f.so --extern bytes=/tmp/cargo-mutants-pstore-R9GKOv.tmp/target/debug/deps/libbytes-31b8f712e3be84e8.rlib --extern pstore_blob=/tmp/cargo-mutants-pstore-R9GKOv.tmp/target/debug/deps/libpstore_blob-a1c846e65fcdfc47.rlib --extern pstore_format=/tmp/cargo-mutants-pstore-R9GKOv.tmp/target/debug/deps/libpstore_format-915614e952a6fbe8.rlib --extern pstore_types=/tmp/cargo-mutants-pstore-R9GKOv.tmp/target/debug/deps/libpstore_types-c19df0e60947a156.rlib --extern thiserror=/tmp/cargo-mutants-pstore-R9GKOv.tmp/target/debug/deps/libthiserror-a555ba146edbfd98.rlib --extern tokio=/tmp/cargo-mutants-pstore-R9GKOv.tmp/target/debug/deps/libtokio-c4794fa7272c7af3.rlib`
     Running `/home/tuong/.rustup/toolchains/1.90-x86_64-unknown-linux-gnu/bin/rustc --crate-name search --edition=2024 crates/pstore-format/tests/search.rs --error-format=json --json=diagnostic-rendered-ansi,artifacts,future-incompat --emit=dep-info,link -C embed-bitcode=no -C debuginfo=2 --warn=rust_2018_idioms '--deny=clippy::unwrap_used' --forbid=unsafe_code --warn=unreachable_pub '--deny=clippy::unimplemented' '--deny=clippy::todo' '--deny=clippy::panic' --warn=missing_docs '--deny=clippy::mem_forget' '--deny=clippy::indexing_slicing' '--deny=clippy::float_cmp' '--deny=clippy::expect_used' '--deny=clippy::dbg_macro' --test --check-cfg 'cfg(docsrs,test)' --check-cfg 'cfg(feature, values())' -C metadata=3f82eb89bc879e76 -C extra-filename=-df777557c562d446 --out-dir /tmp/cargo-mutants-pstore-R9GKOv.tmp/target/debug/deps -C incremental=/tmp/cargo-mutants-pstore-R9GKOv.tmp/target/debug/incremental -L dependency=/tmp/cargo-mutants-pstore-R9GKOv.tmp/target/debug/deps --extern async_trait=/tmp/cargo-mutants-pstore-R9GKOv.tmp/target/debug/deps/libasync_trait-efaaae825ff87b5f.so --extern bytes=/tmp/cargo-mutants-pstore-R9GKOv.tmp/target/debug/deps/libbytes-31b8f712e3be84e8.rlib --extern pstore_blob=/tmp/cargo-mutants-pstore-R9GKOv.tmp/target/debug/deps/libpstore_blob-a1c846e65fcdfc47.rlib --extern pstore_format=/tmp/cargo-mutants-pstore-R9GKOv.tmp/target/debug/deps/libpstore_format-915614e952a6fbe8.rlib --extern pstore_types=/tmp/cargo-mutants-pstore-R9GKOv.tmp/target/debug/deps/libpstore_types-c19df0e60947a156.rlib --extern thiserror=/tmp/cargo-mutants-pstore-R9GKOv.tmp/target/debug/deps/libthiserror-a555ba146edbfd98.rlib --extern tokio=/tmp/cargo-mutants-pstore-R9GKOv.tmp/target/debug/deps/libtokio-c4794fa7272c7af3.rlib`
error[E0277]: the trait bound `Key: Default` is not satisfied
  --> crates/pstore-engine/src/lib.rs:21:5
   |
21 |     Default::default() /* ~ changed by cargo-mutants ~ */
   |     ^^^^^^^^^^^^^^^^^^ the trait `Default` is not implemented for `Key`

For more information about this error, try `rustc --explain E0277`.
error: could not compile `pstore-engine` (lib) due to 1 previous error

Caused by:
  process didn't exit successfully: `/home/tuong/.rustup/toolchains/1.90-x86_64-unknown-linux-gnu/bin/rustc --crate-name pstore_engine --edition=2024 crates/pstore-engine/src/lib.rs --error-format=json --json=diagnostic-rendered-ansi,artifacts,future-incompat --crate-type lib --emit=dep-info,metadata,link -C embed-bitcode=no -C debuginfo=2 --warn=rust_2018_idioms '--deny=clippy::unwrap_used' --forbid=unsafe_code --warn=unreachable_pub '--deny=clippy::unimplemented' '--deny=clippy::todo' '--deny=clippy::panic' --warn=missing_docs '--deny=clippy::mem_forget' '--deny=clippy::indexing_slicing' '--deny=clippy::float_cmp' '--deny=clippy::expect_used' '--deny=clippy::dbg_macro' --check-cfg 'cfg(docsrs,test)' --check-cfg 'cfg(feature, values())' -C metadata=446648b18a245ce2 -C extra-filename=-57ca2718b28a8562 --out-dir /tmp/cargo-mutants-pstore-R9GKOv.tmp/target/debug/deps -C incremental=/tmp/cargo-mutants-pstore-R9GKOv.tmp/target/debug/incremental -L dependency=/tmp/cargo-mutants-pstore-R9GKOv.tmp/target/debug/deps --extern bytes=/tmp/cargo-mutants-pstore-R9GKOv.tmp/target/debug/deps/libbytes-31b8f712e3be84e8.rmeta --extern futures_util=/tmp/cargo-mutants-pstore-R9GKOv.tmp/target/debug/deps/libfutures_util-9467758a9490225b.rmeta --extern pstore_blob=/tmp/cargo-mutants-pstore-R9GKOv.tmp/target/debug/deps/libpstore_blob-a1c846e65fcdfc47.rmeta --extern pstore_format=/tmp/cargo-mutants-pstore-R9GKOv.tmp/target/debug/deps/libpstore_format-915614e952a6fbe8.rmeta --extern pstore_types=/tmp/cargo-mutants-pstore-R9GKOv.tmp/target/debug/deps/libpstore_types-c19df0e60947a156.rmeta --extern thiserror=/tmp/cargo-mutants-pstore-R9GKOv.tmp/target/debug/deps/libthiserror-a555ba146edbfd98.rmeta --extern tokio=/tmp/cargo-mutants-pstore-R9GKOv.tmp/target/debug/deps/libtokio-c4794fa7272c7af3.rmeta` (exit status: 1)
warning: build failed, waiting for other jobs to finish...

*** result: Failure(101)
