
*** crates/pstore-format/src/reader.rs:216:9: replace Segment::decode_block -> Result<Vec<Document>, FormatError> with Ok(vec![Default::default()])

*** mutation diff:
--- crates/pstore-format/src/reader.rs
+++ replace Segment::decode_block -> Result<Vec<Document>, FormatError> with Ok(vec![Default::default()])
@@ -208,11 +208,11 @@
         Ok(scored)
     }
 
     /// ⚠️ Delegates rather than duplicating. This was a second decoder for the same wire
     /// format, byte-identical to `decode_docs` — which means every future change to the
     /// document encoding had to be made twice, and the day one of them was missed the
     /// reader and the writer would disagree with no compiler to say so.
     fn decode_block(buf: &[u8]) -> Result<Vec<Document>, FormatError> {
-        crate::decode_docs(buf)
+        Ok(vec![Default::default()]) /* ~ changed by cargo-mutants ~ */
     }
 }


*** /home/tuong/.rustup/toolchains/1.90-x86_64-unknown-linux-gnu/bin/cargo test --no-run --verbose --package=pstore-format@0.1.0
    Blocking waiting for file lock on package cache
    Blocking waiting for file lock on package cache
    Blocking waiting for file lock on package cache
       Fresh unicode-ident v1.0.24
       Fresh proc-macro2 v1.0.107
       Fresh quote v1.0.47
       Fresh syn v3.0.5
       Fresh pin-project-lite v0.2.17
       Fresh futures-task v0.3.34
       Fresh slab v0.4.12
       Fresh futures-core v0.3.34
       Fresh bytes v1.12.1
       Fresh pstore-types v0.1.0 (/tmp/cargo-mutants-pstore-NoaGgA.tmp/crates/pstore-types)
       Fresh thiserror-impl v2.0.20
       Fresh tokio-macros v2.7.2
       Fresh futures-util v0.3.34
       Fresh async-trait v0.1.92
       Fresh tokio v1.53.1
       Fresh thiserror v2.0.20
       Fresh pstore-blob v0.1.0 (/tmp/cargo-mutants-pstore-NoaGgA.tmp/crates/pstore-blob)
       Dirty pstore-format v0.1.0 (/tmp/cargo-mutants-pstore-NoaGgA.tmp/crates/pstore-format): the file `crates/pstore-format/src/reader.rs` has changed (1788611783.070141536s, 2s after last build at 1788611781.846054087s)
   Compiling pstore-format v0.1.0 (/tmp/cargo-mutants-pstore-NoaGgA.tmp/crates/pstore-format)
     Running `/home/tuong/.rustup/toolchains/1.90-x86_64-unknown-linux-gnu/bin/rustc --crate-name pstore_format --edition=2024 crates/pstore-format/src/lib.rs --error-format=json --json=diagnostic-rendered-ansi,artifacts,future-incompat --emit=dep-info,link -C embed-bitcode=no -C debuginfo=2 --warn=rust_2018_idioms '--deny=clippy::unwrap_used' --forbid=unsafe_code --warn=unreachable_pub '--deny=clippy::unimplemented' '--deny=clippy::todo' '--deny=clippy::panic' --warn=missing_docs '--deny=clippy::mem_forget' '--deny=clippy::indexing_slicing' '--deny=clippy::float_cmp' '--deny=clippy::expect_used' '--deny=clippy::dbg_macro' --test --check-cfg 'cfg(docsrs,test)' --check-cfg 'cfg(feature, values())' -C metadata=821cada9fb09dc73 -C extra-filename=-6c8cb96cbdbdb465 --out-dir /tmp/cargo-mutants-pstore-NoaGgA.tmp/target/debug/deps -C incremental=/tmp/cargo-mutants-pstore-NoaGgA.tmp/target/debug/incremental -L dependency=/tmp/cargo-mutants-pstore-NoaGgA.tmp/target/debug/deps --extern async_trait=/tmp/cargo-mutants-pstore-NoaGgA.tmp/target/debug/deps/libasync_trait-efaaae825ff87b5f.so --extern bytes=/tmp/cargo-mutants-pstore-NoaGgA.tmp/target/debug/deps/libbytes-31b8f712e3be84e8.rlib --extern pstore_blob=/tmp/cargo-mutants-pstore-NoaGgA.tmp/target/debug/deps/libpstore_blob-b6cf016c092a0ac2.rlib --extern pstore_types=/tmp/cargo-mutants-pstore-NoaGgA.tmp/target/debug/deps/libpstore_types-c19df0e60947a156.rlib --extern thiserror=/tmp/cargo-mutants-pstore-NoaGgA.tmp/target/debug/deps/libthiserror-a555ba146edbfd98.rlib --extern tokio=/tmp/cargo-mutants-pstore-NoaGgA.tmp/target/debug/deps/libtokio-1c12c7fb7aae7e9d.rlib`
     Running `/home/tuong/.rustup/toolchains/1.90-x86_64-unknown-linux-gnu/bin/rustc --crate-name pstore_format --edition=2024 crates/pstore-format/src/lib.rs --error-format=json --json=diagnostic-rendered-ansi,artifacts,future-incompat --crate-type lib --emit=dep-info,metadata,link -C embed-bitcode=no -C debuginfo=2 --warn=rust_2018_idioms '--deny=clippy::unwrap_used' --forbid=unsafe_code --warn=unreachable_pub '--deny=clippy::unimplemented' '--deny=clippy::todo' '--deny=clippy::panic' --warn=missing_docs '--deny=clippy::mem_forget' '--deny=clippy::indexing_slicing' '--deny=clippy::float_cmp' '--deny=clippy::expect_used' '--deny=clippy::dbg_macro' --check-cfg 'cfg(docsrs,test)' --check-cfg 'cfg(feature, values())' -C metadata=57d28a0e0e46fc90 -C extra-filename=-1275d00aeb99a72a --out-dir /tmp/cargo-mutants-pstore-NoaGgA.tmp/target/debug/deps -C incremental=/tmp/cargo-mutants-pstore-NoaGgA.tmp/target/debug/incremental -L dependency=/tmp/cargo-mutants-pstore-NoaGgA.tmp/target/debug/deps --extern async_trait=/tmp/cargo-mutants-pstore-NoaGgA.tmp/target/debug/deps/libasync_trait-efaaae825ff87b5f.so --extern bytes=/tmp/cargo-mutants-pstore-NoaGgA.tmp/target/debug/deps/libbytes-31b8f712e3be84e8.rmeta --extern pstore_blob=/tmp/cargo-mutants-pstore-NoaGgA.tmp/target/debug/deps/libpstore_blob-b6cf016c092a0ac2.rmeta --extern pstore_types=/tmp/cargo-mutants-pstore-NoaGgA.tmp/target/debug/deps/libpstore_types-c19df0e60947a156.rmeta --extern thiserror=/tmp/cargo-mutants-pstore-NoaGgA.tmp/target/debug/deps/libthiserror-a555ba146edbfd98.rmeta`
error[E0277]: the trait bound `Document: Default` is not satisfied
   --> crates/pstore-format/src/reader.rs:216:17
    |
216 |         Ok(vec![Default::default()]) /* ~ changed by cargo-mutants ~ */
    |                 ^^^^^^^^^^^^^^^^^^ the trait `Default` is not implemented for `Document`
    |
help: consider annotating `Document` with `#[derive(Default)]`
   --> crates/pstore-format/src/lib.rs:53:1
    |
 53 + #[derive(Default)]
 54 | pub struct Document {
    |

For more information about this error, try `rustc --explain E0277`.
error: could not compile `pstore-format` (lib) due to 1 previous error

Caused by:
  process didn't exit successfully: `/home/tuong/.rustup/toolchains/1.90-x86_64-unknown-linux-gnu/bin/rustc --crate-name pstore_format --edition=2024 crates/pstore-format/src/lib.rs --error-format=json --json=diagnostic-rendered-ansi,artifacts,future-incompat --crate-type lib --emit=dep-info,metadata,link -C embed-bitcode=no -C debuginfo=2 --warn=rust_2018_idioms '--deny=clippy::unwrap_used' --forbid=unsafe_code --warn=unreachable_pub '--deny=clippy::unimplemented' '--deny=clippy::todo' '--deny=clippy::panic' --warn=missing_docs '--deny=clippy::mem_forget' '--deny=clippy::indexing_slicing' '--deny=clippy::float_cmp' '--deny=clippy::expect_used' '--deny=clippy::dbg_macro' --check-cfg 'cfg(docsrs,test)' --check-cfg 'cfg(feature, values())' -C metadata=57d28a0e0e46fc90 -C extra-filename=-1275d00aeb99a72a --out-dir /tmp/cargo-mutants-pstore-NoaGgA.tmp/target/debug/deps -C incremental=/tmp/cargo-mutants-pstore-NoaGgA.tmp/target/debug/incremental -L dependency=/tmp/cargo-mutants-pstore-NoaGgA.tmp/target/debug/deps --extern async_trait=/tmp/cargo-mutants-pstore-NoaGgA.tmp/target/debug/deps/libasync_trait-efaaae825ff87b5f.so --extern bytes=/tmp/cargo-mutants-pstore-NoaGgA.tmp/target/debug/deps/libbytes-31b8f712e3be84e8.rmeta --extern pstore_blob=/tmp/cargo-mutants-pstore-NoaGgA.tmp/target/debug/deps/libpstore_blob-b6cf016c092a0ac2.rmeta --extern pstore_types=/tmp/cargo-mutants-pstore-NoaGgA.tmp/target/debug/deps/libpstore_types-c19df0e60947a156.rmeta --extern thiserror=/tmp/cargo-mutants-pstore-NoaGgA.tmp/target/debug/deps/libthiserror-a555ba146edbfd98.rmeta` (exit status: 1)
warning: build failed, waiting for other jobs to finish...
error: could not compile `pstore-format` (lib test) due to 1 previous error

Caused by:
  process didn't exit successfully: `/home/tuong/.rustup/toolchains/1.90-x86_64-unknown-linux-gnu/bin/rustc --crate-name pstore_format --edition=2024 crates/pstore-format/src/lib.rs --error-format=json --json=diagnostic-rendered-ansi,artifacts,future-incompat --emit=dep-info,link -C embed-bitcode=no -C debuginfo=2 --warn=rust_2018_idioms '--deny=clippy::unwrap_used' --forbid=unsafe_code --warn=unreachable_pub '--deny=clippy::unimplemented' '--deny=clippy::todo' '--deny=clippy::panic' --warn=missing_docs '--deny=clippy::mem_forget' '--deny=clippy::indexing_slicing' '--deny=clippy::float_cmp' '--deny=clippy::expect_used' '--deny=clippy::dbg_macro' --test --check-cfg 'cfg(docsrs,test)' --check-cfg 'cfg(feature, values())' -C metadata=821cada9fb09dc73 -C extra-filename=-6c8cb96cbdbdb465 --out-dir /tmp/cargo-mutants-pstore-NoaGgA.tmp/target/debug/deps -C incremental=/tmp/cargo-mutants-pstore-NoaGgA.tmp/target/debug/incremental -L dependency=/tmp/cargo-mutants-pstore-NoaGgA.tmp/target/debug/deps --extern async_trait=/tmp/cargo-mutants-pstore-NoaGgA.tmp/target/debug/deps/libasync_trait-efaaae825ff87b5f.so --extern bytes=/tmp/cargo-mutants-pstore-NoaGgA.tmp/target/debug/deps/libbytes-31b8f712e3be84e8.rlib --extern pstore_blob=/tmp/cargo-mutants-pstore-NoaGgA.tmp/target/debug/deps/libpstore_blob-b6cf016c092a0ac2.rlib --extern pstore_types=/tmp/cargo-mutants-pstore-NoaGgA.tmp/target/debug/deps/libpstore_types-c19df0e60947a156.rlib --extern thiserror=/tmp/cargo-mutants-pstore-NoaGgA.tmp/target/debug/deps/libthiserror-a555ba146edbfd98.rlib --extern tokio=/tmp/cargo-mutants-pstore-NoaGgA.tmp/target/debug/deps/libtokio-1c12c7fb7aae7e9d.rlib` (exit status: 1)

*** result: Failure(101)
