
*** crates/pstore-engine/src/lib.rs:68:9: replace <impl From<pstore_blob::BlobError> for EngineError>::from -> Self with Default::default()

*** mutation diff:
--- crates/pstore-engine/src/lib.rs
+++ replace <impl From<pstore_blob::BlobError> for EngineError>::from -> Self with Default::default()
@@ -60,17 +60,17 @@
     /// Not "the lane is too long" in practice — it means the store kept answering, which
     /// is a backend fault or a corrupted lane rather than a large one.
     #[error("lane {0:?} did not terminate within the probe bound")]
     LaneTooLong(pstore_types::LaneId),
 }
 
 impl From<pstore_blob::BlobError> for EngineError {
     fn from(e: pstore_blob::BlobError) -> Self {
-        Self::Blob(e.to_string())
+        Default::default() /* ~ changed by cargo-mutants ~ */
     }
 }
 
 impl From<pstore_format::FormatError> for EngineError {
     fn from(e: pstore_format::FormatError) -> Self {
         Self::Format(e.to_string())
     }
 }


*** /home/tuong/.rustup/toolchains/1.90-x86_64-unknown-linux-gnu/bin/cargo test --no-run --verbose --workspace
       Fresh unicode-ident v1.0.24
       Fresh proc-macro2 v1.0.107
       Fresh quote v1.0.47
       Fresh syn v3.0.5
       Fresh pin-project-lite v0.2.17
       Fresh tokio-macros v2.7.2
       Fresh thiserror-impl v2.0.20
       Fresh slab v0.4.12
       Fresh futures-core v0.3.34
       Fresh futures-task v0.3.34
       Fresh futures-util v0.3.34
       Fresh thiserror v2.0.20
       Fresh tokio v1.53.1
       Fresh async-trait v0.1.92
       Fresh bytes v1.12.1
       Dirty pstore-blob v0.1.0 (/tmp/cargo-mutants-pstore-ayi9Ve.tmp/crates/pstore-blob): the file `crates/pstore-blob/src/types.rs` has changed (1788615059.579442924s, 4s after last build at 1788615055.589280321s)
   Compiling pstore-blob v0.1.0 (/tmp/cargo-mutants-pstore-ayi9Ve.tmp/crates/pstore-blob)
     Running `/home/tuong/.rustup/toolchains/1.90-x86_64-unknown-linux-gnu/bin/rustc --crate-name pstore_blob --edition=2024 crates/pstore-blob/src/lib.rs --error-format=json --json=diagnostic-rendered-ansi,artifacts,future-incompat --crate-type lib --emit=dep-info,metadata,link -C embed-bitcode=no -C debuginfo=2 --warn=rust_2018_idioms '--deny=clippy::unwrap_used' --forbid=unsafe_code --warn=unreachable_pub '--deny=clippy::unimplemented' '--deny=clippy::todo' '--deny=clippy::panic' --warn=missing_docs '--deny=clippy::mem_forget' '--deny=clippy::indexing_slicing' '--deny=clippy::float_cmp' '--deny=clippy::expect_used' '--deny=clippy::dbg_macro' --check-cfg 'cfg(docsrs,test)' --check-cfg 'cfg(feature, values("object_store"))' -C metadata=948d266b4a441e08 -C extra-filename=-a1c846e65fcdfc47 --out-dir /tmp/cargo-mutants-pstore-ayi9Ve.tmp/target/debug/deps -C incremental=/tmp/cargo-mutants-pstore-ayi9Ve.tmp/target/debug/incremental -L dependency=/tmp/cargo-mutants-pstore-ayi9Ve.tmp/target/debug/deps --extern async_trait=/tmp/cargo-mutants-pstore-ayi9Ve.tmp/target/debug/deps/libasync_trait-efaaae825ff87b5f.so --extern bytes=/tmp/cargo-mutants-pstore-ayi9Ve.tmp/target/debug/deps/libbytes-31b8f712e3be84e8.rmeta --extern futures_util=/tmp/cargo-mutants-pstore-ayi9Ve.tmp/target/debug/deps/libfutures_util-9467758a9490225b.rmeta --extern pstore_types=/tmp/cargo-mutants-pstore-ayi9Ve.tmp/target/debug/deps/libpstore_types-c19df0e60947a156.rmeta --extern thiserror=/tmp/cargo-mutants-pstore-ayi9Ve.tmp/target/debug/deps/libthiserror-a555ba146edbfd98.rmeta --extern tokio=/tmp/cargo-mutants-pstore-ayi9Ve.tmp/target/debug/deps/libtokio-c4794fa7272c7af3.rmeta`
       Dirty pstore-testkit v0.1.0 (/tmp/cargo-mutants-pstore-ayi9Ve.tmp/crates/pstore-testkit): the dependency pstore_blob was rebuilt
   Compiling pstore-testkit v0.1.0 (/tmp/cargo-mutants-pstore-ayi9Ve.tmp/crates/pstore-testkit)
     Running `/home/tuong/.rustup/toolchains/1.90-x86_64-unknown-linux-gnu/bin/rustc --crate-name pstore_testkit --edition=2024 crates/pstore-testkit/src/lib.rs --error-format=json --json=diagnostic-rendered-ansi,artifacts,future-incompat --crate-type lib --emit=dep-info,metadata,link -C embed-bitcode=no -C debuginfo=2 --warn=rust_2018_idioms '--deny=clippy::unwrap_used' --forbid=unsafe_code --warn=unreachable_pub '--deny=clippy::unimplemented' '--deny=clippy::todo' '--deny=clippy::panic' --warn=missing_docs '--deny=clippy::mem_forget' '--deny=clippy::indexing_slicing' '--deny=clippy::float_cmp' '--deny=clippy::expect_used' '--deny=clippy::dbg_macro' --check-cfg 'cfg(docsrs,test)' --check-cfg 'cfg(feature, values())' -C metadata=7c6884569a017aab -C extra-filename=-c70127229fd98aeb --out-dir /tmp/cargo-mutants-pstore-ayi9Ve.tmp/target/debug/deps -C incremental=/tmp/cargo-mutants-pstore-ayi9Ve.tmp/target/debug/incremental -L dependency=/tmp/cargo-mutants-pstore-ayi9Ve.tmp/target/debug/deps --extern async_trait=/tmp/cargo-mutants-pstore-ayi9Ve.tmp/target/debug/deps/libasync_trait-efaaae825ff87b5f.so --extern bytes=/tmp/cargo-mutants-pstore-ayi9Ve.tmp/target/debug/deps/libbytes-31b8f712e3be84e8.rmeta --extern pstore_blob=/tmp/cargo-mutants-pstore-ayi9Ve.tmp/target/debug/deps/libpstore_blob-a1c846e65fcdfc47.rmeta --extern pstore_types=/tmp/cargo-mutants-pstore-ayi9Ve.tmp/target/debug/deps/libpstore_types-c19df0e60947a156.rmeta --extern tokio=/tmp/cargo-mutants-pstore-ayi9Ve.tmp/target/debug/deps/libtokio-c4794fa7272c7af3.rmeta`
       Dirty pstore-format v0.1.0 (/tmp/cargo-mutants-pstore-ayi9Ve.tmp/crates/pstore-format): the dependency pstore_blob was rebuilt
   Compiling pstore-format v0.1.0 (/tmp/cargo-mutants-pstore-ayi9Ve.tmp/crates/pstore-format)
     Running `/home/tuong/.rustup/toolchains/1.90-x86_64-unknown-linux-gnu/bin/rustc --crate-name pstore_format --edition=2024 crates/pstore-format/src/lib.rs --error-format=json --json=diagnostic-rendered-ansi,artifacts,future-incompat --crate-type lib --emit=dep-info,metadata,link -C embed-bitcode=no -C debuginfo=2 --warn=rust_2018_idioms '--deny=clippy::unwrap_used' --forbid=unsafe_code --warn=unreachable_pub '--deny=clippy::unimplemented' '--deny=clippy::todo' '--deny=clippy::panic' --warn=missing_docs '--deny=clippy::mem_forget' '--deny=clippy::indexing_slicing' '--deny=clippy::float_cmp' '--deny=clippy::expect_used' '--deny=clippy::dbg_macro' --check-cfg 'cfg(docsrs,test)' --check-cfg 'cfg(feature, values())' -C metadata=7e5610228b83a3fe -C extra-filename=-915614e952a6fbe8 --out-dir /tmp/cargo-mutants-pstore-ayi9Ve.tmp/target/debug/deps -C incremental=/tmp/cargo-mutants-pstore-ayi9Ve.tmp/target/debug/incremental -L dependency=/tmp/cargo-mutants-pstore-ayi9Ve.tmp/target/debug/deps --extern async_trait=/tmp/cargo-mutants-pstore-ayi9Ve.tmp/target/debug/deps/libasync_trait-efaaae825ff87b5f.so --extern bytes=/tmp/cargo-mutants-pstore-ayi9Ve.tmp/target/debug/deps/libbytes-31b8f712e3be84e8.rmeta --extern pstore_blob=/tmp/cargo-mutants-pstore-ayi9Ve.tmp/target/debug/deps/libpstore_blob-a1c846e65fcdfc47.rmeta --extern pstore_types=/tmp/cargo-mutants-pstore-ayi9Ve.tmp/target/debug/deps/libpstore_types-c19df0e60947a156.rmeta --extern thiserror=/tmp/cargo-mutants-pstore-ayi9Ve.tmp/target/debug/deps/libthiserror-a555ba146edbfd98.rmeta`
       Dirty pstore-engine v0.1.0 (/tmp/cargo-mutants-pstore-ayi9Ve.tmp/crates/pstore-engine): the dependency pstore_blob was rebuilt
   Compiling pstore-engine v0.1.0 (/tmp/cargo-mutants-pstore-ayi9Ve.tmp/crates/pstore-engine)
     Running `/home/tuong/.rustup/toolchains/1.90-x86_64-unknown-linux-gnu/bin/rustc --crate-name pstore_engine --edition=2024 crates/pstore-engine/src/lib.rs --error-format=json --json=diagnostic-rendered-ansi,artifacts,future-incompat --crate-type lib --emit=dep-info,metadata,link -C embed-bitcode=no -C debuginfo=2 --warn=rust_2018_idioms '--deny=clippy::unwrap_used' --forbid=unsafe_code --warn=unreachable_pub '--deny=clippy::unimplemented' '--deny=clippy::todo' '--deny=clippy::panic' --warn=missing_docs '--deny=clippy::mem_forget' '--deny=clippy::indexing_slicing' '--deny=clippy::float_cmp' '--deny=clippy::expect_used' '--deny=clippy::dbg_macro' --check-cfg 'cfg(docsrs,test)' --check-cfg 'cfg(feature, values())' -C metadata=446648b18a245ce2 -C extra-filename=-57ca2718b28a8562 --out-dir /tmp/cargo-mutants-pstore-ayi9Ve.tmp/target/debug/deps -C incremental=/tmp/cargo-mutants-pstore-ayi9Ve.tmp/target/debug/incremental -L dependency=/tmp/cargo-mutants-pstore-ayi9Ve.tmp/target/debug/deps --extern bytes=/tmp/cargo-mutants-pstore-ayi9Ve.tmp/target/debug/deps/libbytes-31b8f712e3be84e8.rmeta --extern futures_util=/tmp/cargo-mutants-pstore-ayi9Ve.tmp/target/debug/deps/libfutures_util-9467758a9490225b.rmeta --extern pstore_blob=/tmp/cargo-mutants-pstore-ayi9Ve.tmp/target/debug/deps/libpstore_blob-a1c846e65fcdfc47.rmeta --extern pstore_format=/tmp/cargo-mutants-pstore-ayi9Ve.tmp/target/debug/deps/libpstore_format-915614e952a6fbe8.rmeta --extern pstore_types=/tmp/cargo-mutants-pstore-ayi9Ve.tmp/target/debug/deps/libpstore_types-c19df0e60947a156.rmeta --extern thiserror=/tmp/cargo-mutants-pstore-ayi9Ve.tmp/target/debug/deps/libthiserror-a555ba146edbfd98.rmeta --extern tokio=/tmp/cargo-mutants-pstore-ayi9Ve.tmp/target/debug/deps/libtokio-c4794fa7272c7af3.rmeta`
     Running `/home/tuong/.rustup/toolchains/1.90-x86_64-unknown-linux-gnu/bin/rustc --crate-name corrupt --edition=2024 crates/pstore-format/tests/corrupt.rs --error-format=json --json=diagnostic-rendered-ansi,artifacts,future-incompat --emit=dep-info,link -C embed-bitcode=no -C debuginfo=2 --warn=rust_2018_idioms '--deny=clippy::unwrap_used' --forbid=unsafe_code --warn=unreachable_pub '--deny=clippy::unimplemented' '--deny=clippy::todo' '--deny=clippy::panic' --warn=missing_docs '--deny=clippy::mem_forget' '--deny=clippy::indexing_slicing' '--deny=clippy::float_cmp' '--deny=clippy::expect_used' '--deny=clippy::dbg_macro' --test --check-cfg 'cfg(docsrs,test)' --check-cfg 'cfg(feature, values())' -C metadata=04e005677e67a295 -C extra-filename=-1b001b89d0d01ece --out-dir /tmp/cargo-mutants-pstore-ayi9Ve.tmp/target/debug/deps -C incremental=/tmp/cargo-mutants-pstore-ayi9Ve.tmp/target/debug/incremental -L dependency=/tmp/cargo-mutants-pstore-ayi9Ve.tmp/target/debug/deps --extern async_trait=/tmp/cargo-mutants-pstore-ayi9Ve.tmp/target/debug/deps/libasync_trait-efaaae825ff87b5f.so --extern bytes=/tmp/cargo-mutants-pstore-ayi9Ve.tmp/target/debug/deps/libbytes-31b8f712e3be84e8.rlib --extern pstore_blob=/tmp/cargo-mutants-pstore-ayi9Ve.tmp/target/debug/deps/libpstore_blob-a1c846e65fcdfc47.rlib --extern pstore_format=/tmp/cargo-mutants-pstore-ayi9Ve.tmp/target/debug/deps/libpstore_format-915614e952a6fbe8.rlib --extern pstore_types=/tmp/cargo-mutants-pstore-ayi9Ve.tmp/target/debug/deps/libpstore_types-c19df0e60947a156.rlib --extern thiserror=/tmp/cargo-mutants-pstore-ayi9Ve.tmp/target/debug/deps/libthiserror-a555ba146edbfd98.rlib --extern tokio=/tmp/cargo-mutants-pstore-ayi9Ve.tmp/target/debug/deps/libtokio-c4794fa7272c7af3.rlib`
     Running `/home/tuong/.rustup/toolchains/1.90-x86_64-unknown-linux-gnu/bin/rustc --crate-name search --edition=2024 crates/pstore-format/tests/search.rs --error-format=json --json=diagnostic-rendered-ansi,artifacts,future-incompat --emit=dep-info,link -C embed-bitcode=no -C debuginfo=2 --warn=rust_2018_idioms '--deny=clippy::unwrap_used' --forbid=unsafe_code --warn=unreachable_pub '--deny=clippy::unimplemented' '--deny=clippy::todo' '--deny=clippy::panic' --warn=missing_docs '--deny=clippy::mem_forget' '--deny=clippy::indexing_slicing' '--deny=clippy::float_cmp' '--deny=clippy::expect_used' '--deny=clippy::dbg_macro' --test --check-cfg 'cfg(docsrs,test)' --check-cfg 'cfg(feature, values())' -C metadata=3f82eb89bc879e76 -C extra-filename=-df777557c562d446 --out-dir /tmp/cargo-mutants-pstore-ayi9Ve.tmp/target/debug/deps -C incremental=/tmp/cargo-mutants-pstore-ayi9Ve.tmp/target/debug/incremental -L dependency=/tmp/cargo-mutants-pstore-ayi9Ve.tmp/target/debug/deps --extern async_trait=/tmp/cargo-mutants-pstore-ayi9Ve.tmp/target/debug/deps/libasync_trait-efaaae825ff87b5f.so --extern bytes=/tmp/cargo-mutants-pstore-ayi9Ve.tmp/target/debug/deps/libbytes-31b8f712e3be84e8.rlib --extern pstore_blob=/tmp/cargo-mutants-pstore-ayi9Ve.tmp/target/debug/deps/libpstore_blob-a1c846e65fcdfc47.rlib --extern pstore_format=/tmp/cargo-mutants-pstore-ayi9Ve.tmp/target/debug/deps/libpstore_format-915614e952a6fbe8.rlib --extern pstore_types=/tmp/cargo-mutants-pstore-ayi9Ve.tmp/target/debug/deps/libpstore_types-c19df0e60947a156.rlib --extern thiserror=/tmp/cargo-mutants-pstore-ayi9Ve.tmp/target/debug/deps/libthiserror-a555ba146edbfd98.rlib --extern tokio=/tmp/cargo-mutants-pstore-ayi9Ve.tmp/target/debug/deps/libtokio-c4794fa7272c7af3.rlib`
error[E0277]: the trait bound `EngineError: Default` is not satisfied
  --> crates/pstore-engine/src/lib.rs:68:9
   |
68 |         Default::default() /* ~ changed by cargo-mutants ~ */
   |         ^^^^^^^^^^^^^^^^^^ the trait `Default` is not implemented for `EngineError`

For more information about this error, try `rustc --explain E0277`.
error: could not compile `pstore-engine` (lib) due to 1 previous error

Caused by:
  process didn't exit successfully: `/home/tuong/.rustup/toolchains/1.90-x86_64-unknown-linux-gnu/bin/rustc --crate-name pstore_engine --edition=2024 crates/pstore-engine/src/lib.rs --error-format=json --json=diagnostic-rendered-ansi,artifacts,future-incompat --crate-type lib --emit=dep-info,metadata,link -C embed-bitcode=no -C debuginfo=2 --warn=rust_2018_idioms '--deny=clippy::unwrap_used' --forbid=unsafe_code --warn=unreachable_pub '--deny=clippy::unimplemented' '--deny=clippy::todo' '--deny=clippy::panic' --warn=missing_docs '--deny=clippy::mem_forget' '--deny=clippy::indexing_slicing' '--deny=clippy::float_cmp' '--deny=clippy::expect_used' '--deny=clippy::dbg_macro' --check-cfg 'cfg(docsrs,test)' --check-cfg 'cfg(feature, values())' -C metadata=446648b18a245ce2 -C extra-filename=-57ca2718b28a8562 --out-dir /tmp/cargo-mutants-pstore-ayi9Ve.tmp/target/debug/deps -C incremental=/tmp/cargo-mutants-pstore-ayi9Ve.tmp/target/debug/incremental -L dependency=/tmp/cargo-mutants-pstore-ayi9Ve.tmp/target/debug/deps --extern bytes=/tmp/cargo-mutants-pstore-ayi9Ve.tmp/target/debug/deps/libbytes-31b8f712e3be84e8.rmeta --extern futures_util=/tmp/cargo-mutants-pstore-ayi9Ve.tmp/target/debug/deps/libfutures_util-9467758a9490225b.rmeta --extern pstore_blob=/tmp/cargo-mutants-pstore-ayi9Ve.tmp/target/debug/deps/libpstore_blob-a1c846e65fcdfc47.rmeta --extern pstore_format=/tmp/cargo-mutants-pstore-ayi9Ve.tmp/target/debug/deps/libpstore_format-915614e952a6fbe8.rmeta --extern pstore_types=/tmp/cargo-mutants-pstore-ayi9Ve.tmp/target/debug/deps/libpstore_types-c19df0e60947a156.rmeta --extern thiserror=/tmp/cargo-mutants-pstore-ayi9Ve.tmp/target/debug/deps/libthiserror-a555ba146edbfd98.rmeta --extern tokio=/tmp/cargo-mutants-pstore-ayi9Ve.tmp/target/debug/deps/libtokio-c4794fa7272c7af3.rmeta` (exit status: 1)
warning: build failed, waiting for other jobs to finish...

*** result: Failure(101)
