
*** crates/pstore-types/src/lib.rs:46:9: replace Epoch::next -> Self with Default::default()

*** mutation diff:
--- crates/pstore-types/src/lib.rs
+++ replace Epoch::next -> Self with Default::default()
@@ -38,17 +38,17 @@
 impl Epoch {
     /// The epoch of a tenant that has never committed.
     pub const ZERO: Self = Self(0);
 
     /// The next epoch. Saturating, because an epoch must never wrap: wrapping would
     /// let a stale writer's CAS succeed against a future state.
     #[must_use]
     pub const fn next(self) -> Self {
-        Self(self.0.saturating_add(1))
+        Default::default() /* ~ changed by cargo-mutants ~ */
     }
 }
 
 /// A single-writer append-only WAL stream, owned by one node.
 ///
 /// Lanes are what keep bulk writes off the CAS path: N writers use N lanes and never
 /// contend. Ordering is established at read time by merging lanes, not at write time
 /// by serialising writers.


*** /home/tuong/.rustup/toolchains/1.90-x86_64-unknown-linux-gnu/bin/cargo test --no-run --verbose --package=pstore-types@0.1.0 --all-features
       Dirty pstore-types v0.1.0 (/tmp/cargo-mutants-pstore-BjRf6M.tmp/crates/pstore-types): the file `crates/pstore-types/src/lib.rs` has changed (1788604910.336508486s, 1m 13s after last build at 1788604837.582876515s)
   Compiling pstore-types v0.1.0 (/tmp/cargo-mutants-pstore-BjRf6M.tmp/crates/pstore-types)
     Running `/home/tuong/.rustup/toolchains/1.90-x86_64-unknown-linux-gnu/bin/rustc --crate-name pstore_types --edition=2024 crates/pstore-types/src/lib.rs --error-format=json --json=diagnostic-rendered-ansi,artifacts,future-incompat --emit=dep-info,link -C embed-bitcode=no -C debuginfo=2 --warn=rust_2018_idioms '--deny=clippy::unwrap_used' --forbid=unsafe_code --warn=unreachable_pub '--deny=clippy::unimplemented' '--deny=clippy::todo' '--deny=clippy::panic' --warn=missing_docs '--deny=clippy::mem_forget' '--deny=clippy::indexing_slicing' '--deny=clippy::float_cmp' '--deny=clippy::expect_used' '--deny=clippy::dbg_macro' --test --check-cfg 'cfg(docsrs,test)' --check-cfg 'cfg(feature, values())' -C metadata=0797840b733e1881 -C extra-filename=-ac8d1ba0068fec8f --out-dir /tmp/cargo-mutants-pstore-BjRf6M.tmp/target/debug/deps -C incremental=/tmp/cargo-mutants-pstore-BjRf6M.tmp/target/debug/incremental -L dependency=/tmp/cargo-mutants-pstore-BjRf6M.tmp/target/debug/deps`
     Running `/home/tuong/.rustup/toolchains/1.90-x86_64-unknown-linux-gnu/bin/rustc --crate-name pstore_types --edition=2024 crates/pstore-types/src/lib.rs --error-format=json --json=diagnostic-rendered-ansi,artifacts,future-incompat --crate-type lib --emit=dep-info,metadata,link -C embed-bitcode=no -C debuginfo=2 --warn=rust_2018_idioms '--deny=clippy::unwrap_used' --forbid=unsafe_code --warn=unreachable_pub '--deny=clippy::unimplemented' '--deny=clippy::todo' '--deny=clippy::panic' --warn=missing_docs '--deny=clippy::mem_forget' '--deny=clippy::indexing_slicing' '--deny=clippy::float_cmp' '--deny=clippy::expect_used' '--deny=clippy::dbg_macro' --check-cfg 'cfg(docsrs,test)' --check-cfg 'cfg(feature, values())' -C metadata=8e75c1784602381c -C extra-filename=-c19df0e60947a156 --out-dir /tmp/cargo-mutants-pstore-BjRf6M.tmp/target/debug/deps -C incremental=/tmp/cargo-mutants-pstore-BjRf6M.tmp/target/debug/incremental -L dependency=/tmp/cargo-mutants-pstore-BjRf6M.tmp/target/debug/deps`
error[E0277]: the trait bound `Epoch: Default` is not satisfied
  --> crates/pstore-types/src/lib.rs:46:9
   |
46 |         Default::default() /* ~ changed by cargo-mutants ~ */
   |         ^^^^^^^^^^^^^^^^^^ the trait `Default` is not implemented for `Epoch`
   |
help: consider annotating `Epoch` with `#[derive(Default)]`
   |
36 + #[derive(Default)]
37 | pub struct Epoch(pub u64);
   |

For more information about this error, try `rustc --explain E0277`.
error: could not compile `pstore-types` (lib) due to 1 previous error

Caused by:
  process didn't exit successfully: `/home/tuong/.rustup/toolchains/1.90-x86_64-unknown-linux-gnu/bin/rustc --crate-name pstore_types --edition=2024 crates/pstore-types/src/lib.rs --error-format=json --json=diagnostic-rendered-ansi,artifacts,future-incompat --crate-type lib --emit=dep-info,metadata,link -C embed-bitcode=no -C debuginfo=2 --warn=rust_2018_idioms '--deny=clippy::unwrap_used' --forbid=unsafe_code --warn=unreachable_pub '--deny=clippy::unimplemented' '--deny=clippy::todo' '--deny=clippy::panic' --warn=missing_docs '--deny=clippy::mem_forget' '--deny=clippy::indexing_slicing' '--deny=clippy::float_cmp' '--deny=clippy::expect_used' '--deny=clippy::dbg_macro' --check-cfg 'cfg(docsrs,test)' --check-cfg 'cfg(feature, values())' -C metadata=8e75c1784602381c -C extra-filename=-c19df0e60947a156 --out-dir /tmp/cargo-mutants-pstore-BjRf6M.tmp/target/debug/deps -C incremental=/tmp/cargo-mutants-pstore-BjRf6M.tmp/target/debug/incremental -L dependency=/tmp/cargo-mutants-pstore-BjRf6M.tmp/target/debug/deps` (exit status: 1)
warning: build failed, waiting for other jobs to finish...
error: could not compile `pstore-types` (lib test) due to 1 previous error

Caused by:
  process didn't exit successfully: `/home/tuong/.rustup/toolchains/1.90-x86_64-unknown-linux-gnu/bin/rustc --crate-name pstore_types --edition=2024 crates/pstore-types/src/lib.rs --error-format=json --json=diagnostic-rendered-ansi,artifacts,future-incompat --emit=dep-info,link -C embed-bitcode=no -C debuginfo=2 --warn=rust_2018_idioms '--deny=clippy::unwrap_used' --forbid=unsafe_code --warn=unreachable_pub '--deny=clippy::unimplemented' '--deny=clippy::todo' '--deny=clippy::panic' --warn=missing_docs '--deny=clippy::mem_forget' '--deny=clippy::indexing_slicing' '--deny=clippy::float_cmp' '--deny=clippy::expect_used' '--deny=clippy::dbg_macro' --test --check-cfg 'cfg(docsrs,test)' --check-cfg 'cfg(feature, values())' -C metadata=0797840b733e1881 -C extra-filename=-ac8d1ba0068fec8f --out-dir /tmp/cargo-mutants-pstore-BjRf6M.tmp/target/debug/deps -C incremental=/tmp/cargo-mutants-pstore-BjRf6M.tmp/target/debug/incremental -L dependency=/tmp/cargo-mutants-pstore-BjRf6M.tmp/target/debug/deps` (exit status: 1)

*** result: Failure(101)
