
*** crates/pstore-blob/src/accounting.rs:182:9: replace TenantView<S>::lock -> std::sync::MutexGuard<'_, Counters> with MutexGuard::new()

*** mutation diff:
--- crates/pstore-blob/src/accounting.rs
+++ replace TenantView<S>::lock -> std::sync::MutexGuard<'_, Counters> with MutexGuard::new()
@@ -174,19 +174,17 @@
     /// Records a read's span, if recording is on.
     fn note_range(&self, key: &Key, range: std::ops::Range<u64>) {
         if let Some(log) = self.lock().ranges.as_mut() {
             log.push((key.clone(), range));
         }
     }
 
     fn lock(&self) -> std::sync::MutexGuard<'_, Counters> {
-        self.counters
-            .lock()
-            .unwrap_or_else(std::sync::PoisonError::into_inner)
+        MutexGuard::new() /* ~ changed by cargo-mutants ~ */
     }
 }
 
 #[async_trait::async_trait]
 impl<S: crate::BlobStore> crate::BlobStore for TenantView<S> {
     fn capabilities(&self) -> &Capabilities {
         self.inner.capabilities()
     }


*** /home/tuong/.rustup/toolchains/1.90-x86_64-unknown-linux-gnu/bin/cargo test --no-run --verbose --workspace
       Fresh unicode-ident v1.0.24
       Fresh proc-macro2 v1.0.107
       Fresh quote v1.0.47
       Fresh syn v3.0.5
       Fresh pin-project-lite v0.2.17
       Fresh thiserror-impl v2.0.20
       Fresh tokio-macros v2.7.2
       Fresh futures-core v0.3.34
       Fresh slab v0.4.12
       Fresh futures-task v0.3.34
       Fresh futures-util v0.3.34
       Fresh tokio v1.53.1
       Fresh thiserror v2.0.20
       Fresh async-trait v0.1.92
       Fresh bytes v1.12.1
       Dirty pstore-blob v0.1.0 (/tmp/cargo-mutants-pstore-PoT6cj.tmp/crates/pstore-blob): the file `crates/pstore-blob/src/accounting.rs` has changed (1788679883.236551434s, 4s after last build at 1788679879.492278440s)
   Compiling pstore-blob v0.1.0 (/tmp/cargo-mutants-pstore-PoT6cj.tmp/crates/pstore-blob)
     Running `/home/tuong/.rustup/toolchains/1.90-x86_64-unknown-linux-gnu/bin/rustc --crate-name pstore_blob --edition=2024 crates/pstore-blob/src/lib.rs --error-format=json --json=diagnostic-rendered-ansi,artifacts,future-incompat --crate-type lib --emit=dep-info,metadata,link -C embed-bitcode=no -C debuginfo=2 --warn=rust_2018_idioms '--deny=clippy::unwrap_used' --forbid=unsafe_code --warn=unreachable_pub '--deny=clippy::unimplemented' '--deny=clippy::todo' '--deny=clippy::panic' --warn=missing_docs '--deny=clippy::mem_forget' '--deny=clippy::indexing_slicing' '--deny=clippy::float_cmp' '--deny=clippy::expect_used' '--deny=clippy::dbg_macro' --check-cfg 'cfg(docsrs,test)' --check-cfg 'cfg(feature, values("object_store"))' -C metadata=948d266b4a441e08 -C extra-filename=-a1c846e65fcdfc47 --out-dir /tmp/cargo-mutants-pstore-PoT6cj.tmp/target/debug/deps -C incremental=/tmp/cargo-mutants-pstore-PoT6cj.tmp/target/debug/incremental -L dependency=/tmp/cargo-mutants-pstore-PoT6cj.tmp/target/debug/deps --extern async_trait=/tmp/cargo-mutants-pstore-PoT6cj.tmp/target/debug/deps/libasync_trait-efaaae825ff87b5f.so --extern bytes=/tmp/cargo-mutants-pstore-PoT6cj.tmp/target/debug/deps/libbytes-31b8f712e3be84e8.rmeta --extern futures_util=/tmp/cargo-mutants-pstore-PoT6cj.tmp/target/debug/deps/libfutures_util-9467758a9490225b.rmeta --extern pstore_types=/tmp/cargo-mutants-pstore-PoT6cj.tmp/target/debug/deps/libpstore_types-c19df0e60947a156.rmeta --extern thiserror=/tmp/cargo-mutants-pstore-PoT6cj.tmp/target/debug/deps/libthiserror-a555ba146edbfd98.rmeta --extern tokio=/tmp/cargo-mutants-pstore-PoT6cj.tmp/target/debug/deps/libtokio-c4794fa7272c7af3.rmeta`
error[E0433]: failed to resolve: use of undeclared type `MutexGuard`
   --> crates/pstore-blob/src/accounting.rs:182:9
    |
182 |         MutexGuard::new() /* ~ changed by cargo-mutants ~ */
    |         ^^^^^^^^^^ use of undeclared type `MutexGuard`
    |
help: consider importing one of these structs
    |
  7 + use std::sync::MutexGuard;
    |
  7 + use std::sync::nonpoison::MutexGuard;
    |
  7 + use futures_util::lock::MutexGuard;
    |
  7 + use tokio::sync::MutexGuard;
    |

       Fresh pstore-types v0.1.0 (/tmp/cargo-mutants-pstore-PoT6cj.tmp/crates/pstore-types)
For more information about this error, try `rustc --explain E0433`.
error: could not compile `pstore-blob` (lib) due to 1 previous error

Caused by:
  process didn't exit successfully: `/home/tuong/.rustup/toolchains/1.90-x86_64-unknown-linux-gnu/bin/rustc --crate-name pstore_blob --edition=2024 crates/pstore-blob/src/lib.rs --error-format=json --json=diagnostic-rendered-ansi,artifacts,future-incompat --crate-type lib --emit=dep-info,metadata,link -C embed-bitcode=no -C debuginfo=2 --warn=rust_2018_idioms '--deny=clippy::unwrap_used' --forbid=unsafe_code --warn=unreachable_pub '--deny=clippy::unimplemented' '--deny=clippy::todo' '--deny=clippy::panic' --warn=missing_docs '--deny=clippy::mem_forget' '--deny=clippy::indexing_slicing' '--deny=clippy::float_cmp' '--deny=clippy::expect_used' '--deny=clippy::dbg_macro' --check-cfg 'cfg(docsrs,test)' --check-cfg 'cfg(feature, values("object_store"))' -C metadata=948d266b4a441e08 -C extra-filename=-a1c846e65fcdfc47 --out-dir /tmp/cargo-mutants-pstore-PoT6cj.tmp/target/debug/deps -C incremental=/tmp/cargo-mutants-pstore-PoT6cj.tmp/target/debug/incremental -L dependency=/tmp/cargo-mutants-pstore-PoT6cj.tmp/target/debug/deps --extern async_trait=/tmp/cargo-mutants-pstore-PoT6cj.tmp/target/debug/deps/libasync_trait-efaaae825ff87b5f.so --extern bytes=/tmp/cargo-mutants-pstore-PoT6cj.tmp/target/debug/deps/libbytes-31b8f712e3be84e8.rmeta --extern futures_util=/tmp/cargo-mutants-pstore-PoT6cj.tmp/target/debug/deps/libfutures_util-9467758a9490225b.rmeta --extern pstore_types=/tmp/cargo-mutants-pstore-PoT6cj.tmp/target/debug/deps/libpstore_types-c19df0e60947a156.rmeta --extern thiserror=/tmp/cargo-mutants-pstore-PoT6cj.tmp/target/debug/deps/libthiserror-a555ba146edbfd98.rmeta --extern tokio=/tmp/cargo-mutants-pstore-PoT6cj.tmp/target/debug/deps/libtokio-c4794fa7272c7af3.rmeta` (exit status: 1)

*** result: Failure(101)
