
*** crates/pstore-blob/src/store.rs:42:42: replace - with + in BlobStore::get_ranges

*** mutation diff:
--- crates/pstore-blob/src/store.rs
+++ replace - with + in BlobStore::get_ranges
@@ -34,17 +34,17 @@
             plan.iter().map(|f| self.get_range(key, f.span.clone())),
         )
         .await?;
 
         let mut out: Vec<(usize, Bytes)> = Vec::with_capacity(ranges.len());
         for (fetch, buf) in plan.into_iter().zip(fetched) {
             let base = fetch.span.start;
             for (i, r) in fetch.serves {
-                let (lo, hi) = ((r.start - base) as usize, (r.end - base) as usize);
+                let (lo, hi) = ((r.start + /* ~ changed by cargo-mutants ~ */ base) as usize, (r.end - base) as usize);
                 // Slice, not copy: `Bytes` is refcounted, so the merged buffer is shared
                 // by every range it serves.
                 out.push((i, buf.slice(lo..hi)));
             }
         }
         out.sort_by_key(|(i, _)| *i);
         Ok(out.into_iter().map(|(_, b)| b).collect())
     }


*** /home/tuong/.rustup/toolchains/1.90-x86_64-unknown-linux-gnu/bin/cargo test --no-run --verbose --workspace
       Fresh unicode-ident v1.0.24
       Fresh proc-macro2 v1.0.107
       Fresh quote v1.0.47
       Fresh syn v3.0.5
       Fresh pin-project-lite v0.2.17
       Fresh thiserror-impl v2.0.20
       Fresh tokio-macros v2.7.2
       Fresh slab v0.4.12
       Fresh futures-task v0.3.34
       Fresh futures-core v0.3.34
       Fresh futures-util v0.3.34
       Fresh tokio v1.53.1
       Fresh thiserror v2.0.20
       Fresh async-trait v0.1.92
       Fresh bytes v1.12.1
       Dirty pstore-blob v0.1.0 (/tmp/cargo-mutants-pstore-FkDeYx.tmp/crates/pstore-blob): the file `crates/pstore-blob/src/store.rs` has changed (1788644319.269024333s, 6s after last build at 1788644313.132679163s)
   Compiling pstore-blob v0.1.0 (/tmp/cargo-mutants-pstore-FkDeYx.tmp/crates/pstore-blob)
     Running `/home/tuong/.rustup/toolchains/1.90-x86_64-unknown-linux-gnu/bin/rustc --crate-name pstore_blob --edition=2024 crates/pstore-blob/src/lib.rs --error-format=json --json=diagnostic-rendered-ansi,artifacts,future-incompat --crate-type lib --emit=dep-info,metadata,link -C embed-bitcode=no -C debuginfo=2 --warn=rust_2018_idioms '--deny=clippy::unwrap_used' --forbid=unsafe_code --warn=unreachable_pub '--deny=clippy::unimplemented' '--deny=clippy::todo' '--deny=clippy::panic' --warn=missing_docs '--deny=clippy::mem_forget' '--deny=clippy::indexing_slicing' '--deny=clippy::float_cmp' '--deny=clippy::expect_used' '--deny=clippy::dbg_macro' --check-cfg 'cfg(docsrs,test)' --check-cfg 'cfg(feature, values("object_store"))' -C metadata=948d266b4a441e08 -C extra-filename=-a1c846e65fcdfc47 --out-dir /tmp/cargo-mutants-pstore-FkDeYx.tmp/target/debug/deps -C incremental=/tmp/cargo-mutants-pstore-FkDeYx.tmp/target/debug/incremental -L dependency=/tmp/cargo-mutants-pstore-FkDeYx.tmp/target/debug/deps --extern async_trait=/tmp/cargo-mutants-pstore-FkDeYx.tmp/target/debug/deps/libasync_trait-efaaae825ff87b5f.so --extern bytes=/tmp/cargo-mutants-pstore-FkDeYx.tmp/target/debug/deps/libbytes-31b8f712e3be84e8.rmeta --extern futures_util=/tmp/cargo-mutants-pstore-FkDeYx.tmp/target/debug/deps/libfutures_util-9467758a9490225b.rmeta --extern pstore_types=/tmp/cargo-mutants-pstore-FkDeYx.tmp/target/debug/deps/libpstore_types-c19df0e60947a156.rmeta --extern thiserror=/tmp/cargo-mutants-pstore-FkDeYx.tmp/target/debug/deps/libthiserror-a555ba146edbfd98.rmeta --extern tokio=/tmp/cargo-mutants-pstore-FkDeYx.tmp/target/debug/deps/libtokio-c4794fa7272c7af3.rmeta`
