
*** crates/pstore-blob/src/accounting.rs:69:9: replace Accounted<S>::as_tenant -> TenantView<S> with TenantView::new()

*** mutation diff:
--- crates/pstore-blob/src/accounting.rs
+++ replace Accounted<S>::as_tenant -> TenantView<S> with TenantView::new()
@@ -61,21 +61,17 @@
             inner: Arc::new(inner),
             counters: Arc::new(Mutex::new(Counters::default())),
         }
     }
 
     /// A handle that attributes everything it does to one tenant.
     #[must_use]
     pub fn as_tenant(&self, tenant: TenantId) -> TenantView<S> {
-        TenantView {
-            inner: Arc::clone(&self.inner),
-            counters: Arc::clone(&self.counters),
-            tenant,
-        }
+        TenantView::new() /* ~ changed by cargo-mutants ~ */
     }
 
     /// Requests of `class` billed to `tenant`.
     #[must_use]
     pub fn count(&self, tenant: TenantId, class: OpClass) -> u64 {
         self.lock()
             .per_tenant
             .get(&(tenant, class))


*** /home/tuong/.rustup/toolchains/1.90-x86_64-unknown-linux-gnu/bin/cargo test --no-run --verbose --workspace
       Fresh unicode-ident v1.0.24
       Fresh pin-project-lite v0.2.17
       Fresh futures-core v0.3.34
       Fresh futures-task v0.3.34
       Fresh slab v0.4.12
       Fresh bytes v1.12.1
       Fresh proc-macro2 v1.0.107
       Fresh futures-util v0.3.34
       Fresh pstore-types v0.1.0 (/tmp/cargo-mutants-pstore-PoT6cj.tmp/crates/pstore-types)
       Fresh quote v1.0.47
       Fresh syn v3.0.5
       Fresh tokio-macros v2.7.2
       Fresh thiserror-impl v2.0.20
       Fresh async-trait v0.1.92
       Fresh thiserror v2.0.20
       Fresh tokio v1.53.1
       Dirty pstore-blob v0.1.0 (/tmp/cargo-mutants-pstore-PoT6cj.tmp/crates/pstore-blob): the file `crates/pstore-blob/src/accounting.rs` has changed (1788679847.638292398s, 20s after last build at 1788679827.448147398s)
   Compiling pstore-blob v0.1.0 (/tmp/cargo-mutants-pstore-PoT6cj.tmp/crates/pstore-blob)
     Running `/home/tuong/.rustup/toolchains/1.90-x86_64-unknown-linux-gnu/bin/rustc --crate-name pstore_blob --edition=2024 crates/pstore-blob/src/lib.rs --error-format=json --json=diagnostic-rendered-ansi,artifacts,future-incompat --crate-type lib --emit=dep-info,metadata,link -C embed-bitcode=no -C debuginfo=2 --warn=rust_2018_idioms '--deny=clippy::unwrap_used' --forbid=unsafe_code --warn=unreachable_pub '--deny=clippy::unimplemented' '--deny=clippy::todo' '--deny=clippy::panic' --warn=missing_docs '--deny=clippy::mem_forget' '--deny=clippy::indexing_slicing' '--deny=clippy::float_cmp' '--deny=clippy::expect_used' '--deny=clippy::dbg_macro' --check-cfg 'cfg(docsrs,test)' --check-cfg 'cfg(feature, values("object_store"))' -C metadata=948d266b4a441e08 -C extra-filename=-a1c846e65fcdfc47 --out-dir /tmp/cargo-mutants-pstore-PoT6cj.tmp/target/debug/deps -C incremental=/tmp/cargo-mutants-pstore-PoT6cj.tmp/target/debug/incremental -L dependency=/tmp/cargo-mutants-pstore-PoT6cj.tmp/target/debug/deps --extern async_trait=/tmp/cargo-mutants-pstore-PoT6cj.tmp/target/debug/deps/libasync_trait-efaaae825ff87b5f.so --extern bytes=/tmp/cargo-mutants-pstore-PoT6cj.tmp/target/debug/deps/libbytes-31b8f712e3be84e8.rmeta --extern futures_util=/tmp/cargo-mutants-pstore-PoT6cj.tmp/target/debug/deps/libfutures_util-9467758a9490225b.rmeta --extern pstore_types=/tmp/cargo-mutants-pstore-PoT6cj.tmp/target/debug/deps/libpstore_types-c19df0e60947a156.rmeta --extern thiserror=/tmp/cargo-mutants-pstore-PoT6cj.tmp/target/debug/deps/libthiserror-a555ba146edbfd98.rmeta --extern tokio=/tmp/cargo-mutants-pstore-PoT6cj.tmp/target/debug/deps/libtokio-c4794fa7272c7af3.rmeta`
error[E0599]: no function or associated item named `new` found for struct `TenantView` in the current scope
   --> crates/pstore-blob/src/accounting.rs:69:21
    |
 69 |         TenantView::new() /* ~ changed by cargo-mutants ~ */
    |                     ^^^ function or associated item not found in `TenantView<_>`
...
142 | pub struct TenantView<S> {
    | ------------------------ function or associated item `new` not found for this struct

For more information about this error, try `rustc --explain E0599`.
error: could not compile `pstore-blob` (lib) due to 1 previous error

Caused by:
  process didn't exit successfully: `/home/tuong/.rustup/toolchains/1.90-x86_64-unknown-linux-gnu/bin/rustc --crate-name pstore_blob --edition=2024 crates/pstore-blob/src/lib.rs --error-format=json --json=diagnostic-rendered-ansi,artifacts,future-incompat --crate-type lib --emit=dep-info,metadata,link -C embed-bitcode=no -C debuginfo=2 --warn=rust_2018_idioms '--deny=clippy::unwrap_used' --forbid=unsafe_code --warn=unreachable_pub '--deny=clippy::unimplemented' '--deny=clippy::todo' '--deny=clippy::panic' --warn=missing_docs '--deny=clippy::mem_forget' '--deny=clippy::indexing_slicing' '--deny=clippy::float_cmp' '--deny=clippy::expect_used' '--deny=clippy::dbg_macro' --check-cfg 'cfg(docsrs,test)' --check-cfg 'cfg(feature, values("object_store"))' -C metadata=948d266b4a441e08 -C extra-filename=-a1c846e65fcdfc47 --out-dir /tmp/cargo-mutants-pstore-PoT6cj.tmp/target/debug/deps -C incremental=/tmp/cargo-mutants-pstore-PoT6cj.tmp/target/debug/incremental -L dependency=/tmp/cargo-mutants-pstore-PoT6cj.tmp/target/debug/deps --extern async_trait=/tmp/cargo-mutants-pstore-PoT6cj.tmp/target/debug/deps/libasync_trait-efaaae825ff87b5f.so --extern bytes=/tmp/cargo-mutants-pstore-PoT6cj.tmp/target/debug/deps/libbytes-31b8f712e3be84e8.rmeta --extern futures_util=/tmp/cargo-mutants-pstore-PoT6cj.tmp/target/debug/deps/libfutures_util-9467758a9490225b.rmeta --extern pstore_types=/tmp/cargo-mutants-pstore-PoT6cj.tmp/target/debug/deps/libpstore_types-c19df0e60947a156.rmeta --extern thiserror=/tmp/cargo-mutants-pstore-PoT6cj.tmp/target/debug/deps/libthiserror-a555ba146edbfd98.rmeta --extern tokio=/tmp/cargo-mutants-pstore-PoT6cj.tmp/target/debug/deps/libtokio-c4794fa7272c7af3.rmeta` (exit status: 1)

*** result: Failure(101)
