
*** crates/pstore-format/src/reader.rs:249:9: replace Segment::scan -> Result<Vec<Document>, FormatError> with Ok(vec![Default::default()])

*** mutation diff:
--- crates/pstore-format/src/reader.rs
+++ replace Segment::scan -> Result<Vec<Document>, FormatError> with Ok(vec![Default::default()])
@@ -241,74 +241,17 @@
     /// The blocks that survive pruning are fetched in **one coalesced round**, so scanning
     /// costs one round trip regardless of how many blocks match.
     pub async fn scan<S: BlobStore>(
         &self,
         store: &S,
         key: &Key,
         filter: Option<&Filter>,
     ) -> Result<Vec<Document>, FormatError> {
-        let wanted = self.blocks_to_read(filter);
-        if wanted.is_empty() {
-            return Ok(Vec::new());
-        }
-        let ranges: Vec<_> = wanted
-            .iter()
-            .filter_map(|i| self.blocks.get(*i))
-            .map(|b| b.offset..b.offset + u64::from(b.len))
-            .collect();
-        // Row indices, so a decoded row can find its own vector. Blocks are contiguous and
-        // in order, so the base is the sum of the rows before this block.
-        let mut base: Vec<usize> = Vec::with_capacity(self.blocks.len());
-        let mut running = 0usize;
-        for b in &self.blocks {
-            base.push(running);
-            running += b.rows as usize;
-        }
-
-        // ⚠️ Only the vector rows belonging to the blocks being read, not the whole
-        // section. Fetching all of it would undo zone-map pruning in bytes while leaving it
-        // intact in block count -- the plan would still say "one block" and the wire would
-        // still carry the entire segment's vectors.
-        let per_row = self.vector_row_len();
-        let mut all: Vec<std::ops::Range<u64>> = ranges;
-        let block_count = all.len();
-        if let (Some(vec_span), true) = (self.section(Section::Vectors), per_row > 0) {
-            for i in &wanted {
-                let (Some(start), Some(b)) = (base.get(*i), self.blocks.get(*i)) else {
-                    continue;
-                };
-                let lo = vec_span.start + (*start * per_row) as u64;
-                all.push(lo..lo + (b.rows as usize * per_row) as u64);
-            }
-        }
-        // ⚠️ One call, so blocks and vector rows go out TOGETHER. They are different
-        // sections of the same object, both spans are known before either is issued, and
-        // awaiting one before the other would make every scan a two-hop read for no reason
-        // a caller could see. Width is free; depth is not.
-        let bufs = store.get_ranges(key, &all).await?;
-
-        let mut out = Vec::new();
-        for (n, _) in wanted.iter().enumerate() {
-            let Some(buf) = bufs.get(n) else { continue };
-            let rows = Self::decode_block(buf)?;
-            let vecs = bufs.get(block_count + n);
-            for (r, mut doc) in rows.into_iter().enumerate() {
-                if let Some(raw) = vecs.and_then(|v| v.get(r * per_row..(r + 1) * per_row)) {
-                    doc.vector = raw
-                        .chunks_exact(4)
-                        .map(|b| f32::from_le_bytes(b.try_into().unwrap_or([0; 4])))
-                        .collect();
-                }
-                if filter.is_none_or(|f| f.matches(&doc)) {
-                    out.push(doc);
-                }
-            }
-        }
-        Ok(out)
+        Ok(vec![Default::default()]) /* ~ changed by cargo-mutants ~ */
     }
 
     /// Exact k-nearest-neighbour search by squared L2, over the rows a filter selects.
     ///
     /// Brute force, deliberately (D-10): below a few hundred thousand vectors it is
     /// faster than an approximate index, exactly accurate, needs no maintenance, and
     /// covers the long tail of a millions-of-indexes product. It is also the reference
     /// the approximate path will be measured against, so it must be *exactly* right.


*** /home/tuong/.rustup/toolchains/1.90-x86_64-unknown-linux-gnu/bin/cargo test --no-run --verbose --workspace
       Fresh unicode-ident v1.0.24
       Fresh proc-macro2 v1.0.107
       Fresh quote v1.0.47
       Fresh syn v3.0.5
       Fresh pin-project-lite v0.2.17
       Fresh tokio-macros v2.7.2
       Fresh thiserror-impl v2.0.20
       Fresh slab v0.4.12
       Fresh futures-task v0.3.34
       Fresh futures-core v0.3.34
       Fresh futures-util v0.3.34
       Fresh thiserror v2.0.20
       Fresh tokio v1.53.1
       Fresh async-trait v0.1.92
       Fresh bytes v1.12.1
       Dirty pstore-format v0.1.0 (/tmp/cargo-mutants-pstore-FkDeYx.tmp/crates/pstore-format): the file `crates/pstore-format/src/reader.rs` has changed (1788644711.058711812s, 6s after last build at 1788644705.546380622s)
   Compiling pstore-format v0.1.0 (/tmp/cargo-mutants-pstore-FkDeYx.tmp/crates/pstore-format)
     Running `/home/tuong/.rustup/toolchains/1.90-x86_64-unknown-linux-gnu/bin/rustc --crate-name pstore_format --edition=2024 crates/pstore-format/src/lib.rs --error-format=json --json=diagnostic-rendered-ansi,artifacts,future-incompat --crate-type lib --emit=dep-info,metadata,link -C embed-bitcode=no -C debuginfo=2 --warn=rust_2018_idioms '--deny=clippy::unwrap_used' --forbid=unsafe_code --warn=unreachable_pub '--deny=clippy::unimplemented' '--deny=clippy::todo' '--deny=clippy::panic' --warn=missing_docs '--deny=clippy::mem_forget' '--deny=clippy::indexing_slicing' '--deny=clippy::float_cmp' '--deny=clippy::expect_used' '--deny=clippy::dbg_macro' --check-cfg 'cfg(docsrs,test)' --check-cfg 'cfg(feature, values())' -C metadata=01612be049a97498 -C extra-filename=-b47669c15c655435 --out-dir /tmp/cargo-mutants-pstore-FkDeYx.tmp/target/debug/deps -C incremental=/tmp/cargo-mutants-pstore-FkDeYx.tmp/target/debug/incremental -L dependency=/tmp/cargo-mutants-pstore-FkDeYx.tmp/target/debug/deps --extern async_trait=/tmp/cargo-mutants-pstore-FkDeYx.tmp/target/debug/deps/libasync_trait-efaaae825ff87b5f.so --extern bytes=/tmp/cargo-mutants-pstore-FkDeYx.tmp/target/debug/deps/libbytes-31b8f712e3be84e8.rmeta --extern futures_util=/tmp/cargo-mutants-pstore-FkDeYx.tmp/target/debug/deps/libfutures_util-9467758a9490225b.rmeta --extern pstore_blob=/tmp/cargo-mutants-pstore-FkDeYx.tmp/target/debug/deps/libpstore_blob-a1c846e65fcdfc47.rmeta --extern pstore_types=/tmp/cargo-mutants-pstore-FkDeYx.tmp/target/debug/deps/libpstore_types-c19df0e60947a156.rmeta --extern thiserror=/tmp/cargo-mutants-pstore-FkDeYx.tmp/target/debug/deps/libthiserror-a555ba146edbfd98.rmeta`
error[E0277]: the trait bound `Document: Default` is not satisfied
   --> crates/pstore-format/src/reader.rs:249:17
    |
249 |         Ok(vec![Default::default()]) /* ~ changed by cargo-mutants ~ */
    |                 ^^^^^^^^^^^^^^^^^^ the trait `Default` is not implemented for `Document`
    |
help: consider annotating `Document` with `#[derive(Default)]`
   --> crates/pstore-format/src/lib.rs:98:1
    |
 98 + #[derive(Default)]
 99 | pub struct Document {
    |

For more information about this error, try `rustc --explain E0277`.
error: could not compile `pstore-format` (lib) due to 1 previous error

Caused by:
  process didn't exit successfully: `/home/tuong/.rustup/toolchains/1.90-x86_64-unknown-linux-gnu/bin/rustc --crate-name pstore_format --edition=2024 crates/pstore-format/src/lib.rs --error-format=json --json=diagnostic-rendered-ansi,artifacts,future-incompat --crate-type lib --emit=dep-info,metadata,link -C embed-bitcode=no -C debuginfo=2 --warn=rust_2018_idioms '--deny=clippy::unwrap_used' --forbid=unsafe_code --warn=unreachable_pub '--deny=clippy::unimplemented' '--deny=clippy::todo' '--deny=clippy::panic' --warn=missing_docs '--deny=clippy::mem_forget' '--deny=clippy::indexing_slicing' '--deny=clippy::float_cmp' '--deny=clippy::expect_used' '--deny=clippy::dbg_macro' --check-cfg 'cfg(docsrs,test)' --check-cfg 'cfg(feature, values())' -C metadata=01612be049a97498 -C extra-filename=-b47669c15c655435 --out-dir /tmp/cargo-mutants-pstore-FkDeYx.tmp/target/debug/deps -C incremental=/tmp/cargo-mutants-pstore-FkDeYx.tmp/target/debug/incremental -L dependency=/tmp/cargo-mutants-pstore-FkDeYx.tmp/target/debug/deps --extern async_trait=/tmp/cargo-mutants-pstore-FkDeYx.tmp/target/debug/deps/libasync_trait-efaaae825ff87b5f.so --extern bytes=/tmp/cargo-mutants-pstore-FkDeYx.tmp/target/debug/deps/libbytes-31b8f712e3be84e8.rmeta --extern futures_util=/tmp/cargo-mutants-pstore-FkDeYx.tmp/target/debug/deps/libfutures_util-9467758a9490225b.rmeta --extern pstore_blob=/tmp/cargo-mutants-pstore-FkDeYx.tmp/target/debug/deps/libpstore_blob-a1c846e65fcdfc47.rmeta --extern pstore_types=/tmp/cargo-mutants-pstore-FkDeYx.tmp/target/debug/deps/libpstore_types-c19df0e60947a156.rmeta --extern thiserror=/tmp/cargo-mutants-pstore-FkDeYx.tmp/target/debug/deps/libthiserror-a555ba146edbfd98.rmeta` (exit status: 1)

*** result: Failure(101)
