
*** crates/pstore-engine/src/lib.rs:647:9: replace Engine<S>::search -> Result<Vec<(String, f32)>, EngineError> with Ok(vec![(String::new(), 0.0)])

*** mutation diff:
--- crates/pstore-engine/src/lib.rs
+++ replace Engine<S>::search -> Result<Vec<(String, f32)>, EngineError> with Ok(vec![(String::new(), 0.0)])
@@ -639,32 +639,17 @@
     /// Exact k-nearest neighbours across everything the index contains.
     pub async fn search(
         &self,
         index: &str,
         query: &[f32],
         k: usize,
         filter: Option<&Filter>,
     ) -> Result<Vec<(String, f32)>, EngineError> {
-        let docs = self.scan(index, filter).await?;
-        let mut scored: Vec<(String, f32)> = docs
-            .into_iter()
-            .map(|d| {
-                let dist = d
-                    .vector
-                    .iter()
-                    .zip(query)
-                    .map(|(a, b)| (a - b) * (a - b))
-                    .sum::<f32>();
-                (d.id, dist)
-            })
-            .collect();
-        scored.sort_by(|a, b| a.1.total_cmp(&b.1).then_with(|| a.0.cmp(&b.0)));
-        scored.truncate(k);
-        Ok(scored)
+        Ok(vec![(String::new(), 0.0)]) /* ~ changed by cargo-mutants ~ */
     }
 
     /// Attempts a commit against a **deliberately stale** view of HEAD.
     ///
     /// Exists so the fencing property can be asserted: a caller holding a superseded tag
     /// must be refused. Not part of the engine's real API.
     #[doc(hidden)]
     pub async fn commit_stale_for_test(&self) -> Result<Epoch, EngineError> {


*** /home/tuong/.rustup/toolchains/1.90-x86_64-unknown-linux-gnu/bin/cargo test --no-run --verbose --package=pstore-engine@0.1.0
       Fresh unicode-ident v1.0.24
       Fresh proc-macro2 v1.0.107
       Fresh quote v1.0.47
       Fresh syn v3.0.5
       Fresh pin-project-lite v0.2.17
       Fresh thiserror-impl v2.0.20
       Fresh tokio-macros v2.7.2
       Fresh futures-task v0.3.34
       Fresh futures-core v0.3.34
       Fresh slab v0.4.12
       Fresh futures-util v0.3.34
       Fresh tokio v1.53.1
       Fresh thiserror v2.0.20
       Fresh async-trait v0.1.92
       Fresh pstore-types v0.1.0 (/tmp/cargo-mutants-pstore-zLaeUx.tmp/crates/pstore-types)
       Fresh bytes v1.12.1
       Fresh pstore-blob v0.1.0 (/tmp/cargo-mutants-pstore-zLaeUx.tmp/crates/pstore-blob)
       Fresh pstore-format v0.1.0 (/tmp/cargo-mutants-pstore-zLaeUx.tmp/crates/pstore-format)
       Fresh pstore-testkit v0.1.0 (/tmp/cargo-mutants-pstore-zLaeUx.tmp/crates/pstore-testkit)
       Dirty pstore-engine v0.1.0 (/tmp/cargo-mutants-pstore-zLaeUx.tmp/crates/pstore-engine): the file `crates/pstore-engine/src/lib.rs` has changed (1788611593.375622291s, 6s after last build at 1788611587.263203900s)
   Compiling pstore-engine v0.1.0 (/tmp/cargo-mutants-pstore-zLaeUx.tmp/crates/pstore-engine)
     Running `/home/tuong/.rustup/toolchains/1.90-x86_64-unknown-linux-gnu/bin/rustc --crate-name pstore_engine --edition=2024 crates/pstore-engine/src/lib.rs --error-format=json --json=diagnostic-rendered-ansi,artifacts,future-incompat --emit=dep-info,link -C embed-bitcode=no -C debuginfo=2 --warn=rust_2018_idioms '--deny=clippy::unwrap_used' --forbid=unsafe_code --warn=unreachable_pub '--deny=clippy::unimplemented' '--deny=clippy::todo' '--deny=clippy::panic' --warn=missing_docs '--deny=clippy::mem_forget' '--deny=clippy::indexing_slicing' '--deny=clippy::float_cmp' '--deny=clippy::expect_used' '--deny=clippy::dbg_macro' --test --check-cfg 'cfg(docsrs,test)' --check-cfg 'cfg(feature, values())' -C metadata=4693ee9f44933b5d -C extra-filename=-8cfb19ad04048a97 --out-dir /tmp/cargo-mutants-pstore-zLaeUx.tmp/target/debug/deps -C incremental=/tmp/cargo-mutants-pstore-zLaeUx.tmp/target/debug/incremental -L dependency=/tmp/cargo-mutants-pstore-zLaeUx.tmp/target/debug/deps --extern bytes=/tmp/cargo-mutants-pstore-zLaeUx.tmp/target/debug/deps/libbytes-31b8f712e3be84e8.rlib --extern futures_util=/tmp/cargo-mutants-pstore-zLaeUx.tmp/target/debug/deps/libfutures_util-9467758a9490225b.rlib --extern pstore_blob=/tmp/cargo-mutants-pstore-zLaeUx.tmp/target/debug/deps/libpstore_blob-b6cf016c092a0ac2.rlib --extern pstore_format=/tmp/cargo-mutants-pstore-zLaeUx.tmp/target/debug/deps/libpstore_format-1275d00aeb99a72a.rlib --extern pstore_testkit=/tmp/cargo-mutants-pstore-zLaeUx.tmp/target/debug/deps/libpstore_testkit-c545806fa049828c.rlib --extern pstore_types=/tmp/cargo-mutants-pstore-zLaeUx.tmp/target/debug/deps/libpstore_types-c19df0e60947a156.rlib --extern thiserror=/tmp/cargo-mutants-pstore-zLaeUx.tmp/target/debug/deps/libthiserror-a555ba146edbfd98.rlib --extern tokio=/tmp/cargo-mutants-pstore-zLaeUx.tmp/target/debug/deps/libtokio-1c12c7fb7aae7e9d.rlib`
     Running `/home/tuong/.rustup/toolchains/1.90-x86_64-unknown-linux-gnu/bin/rustc --crate-name pstore_engine --edition=2024 crates/pstore-engine/src/lib.rs --error-format=json --json=diagnostic-rendered-ansi,artifacts,future-incompat --crate-type lib --emit=dep-info,metadata,link -C embed-bitcode=no -C debuginfo=2 --warn=rust_2018_idioms '--deny=clippy::unwrap_used' --forbid=unsafe_code --warn=unreachable_pub '--deny=clippy::unimplemented' '--deny=clippy::todo' '--deny=clippy::panic' --warn=missing_docs '--deny=clippy::mem_forget' '--deny=clippy::indexing_slicing' '--deny=clippy::float_cmp' '--deny=clippy::expect_used' '--deny=clippy::dbg_macro' --check-cfg 'cfg(docsrs,test)' --check-cfg 'cfg(feature, values())' -C metadata=a276e8e21a30ee6c -C extra-filename=-bda1651ff56837d3 --out-dir /tmp/cargo-mutants-pstore-zLaeUx.tmp/target/debug/deps -C incremental=/tmp/cargo-mutants-pstore-zLaeUx.tmp/target/debug/incremental -L dependency=/tmp/cargo-mutants-pstore-zLaeUx.tmp/target/debug/deps --extern bytes=/tmp/cargo-mutants-pstore-zLaeUx.tmp/target/debug/deps/libbytes-31b8f712e3be84e8.rmeta --extern futures_util=/tmp/cargo-mutants-pstore-zLaeUx.tmp/target/debug/deps/libfutures_util-9467758a9490225b.rmeta --extern pstore_blob=/tmp/cargo-mutants-pstore-zLaeUx.tmp/target/debug/deps/libpstore_blob-b6cf016c092a0ac2.rmeta --extern pstore_format=/tmp/cargo-mutants-pstore-zLaeUx.tmp/target/debug/deps/libpstore_format-1275d00aeb99a72a.rmeta --extern pstore_types=/tmp/cargo-mutants-pstore-zLaeUx.tmp/target/debug/deps/libpstore_types-c19df0e60947a156.rmeta --extern thiserror=/tmp/cargo-mutants-pstore-zLaeUx.tmp/target/debug/deps/libthiserror-a555ba146edbfd98.rmeta --extern tokio=/tmp/cargo-mutants-pstore-zLaeUx.tmp/target/debug/deps/libtokio-1c12c7fb7aae7e9d.rmeta`
warning: unused variable: `index`
   --> crates/pstore-engine/src/lib.rs:642:9
    |
642 |         index: &str,
    |         ^^^^^ help: if this is intentional, prefix it with an underscore: `_index`
    |
    = note: `#[warn(unused_variables)]` on by default

warning: unused variable: `query`
   --> crates/pstore-engine/src/lib.rs:643:9
    |
643 |         query: &[f32],
    |         ^^^^^ help: if this is intentional, prefix it with an underscore: `_query`

warning: unused variable: `k`
   --> crates/pstore-engine/src/lib.rs:644:9
    |
644 |         k: usize,
    |         ^ help: if this is intentional, prefix it with an underscore: `_k`

warning: unused variable: `filter`
   --> crates/pstore-engine/src/lib.rs:645:9
    |
645 |         filter: Option<&Filter>,
    |         ^^^^^^ help: if this is intentional, prefix it with an underscore: `_filter`

warning: `pstore-engine` (lib) generated 4 warnings (4 duplicates)
     Running `/home/tuong/.rustup/toolchains/1.90-x86_64-unknown-linux-gnu/bin/rustc --crate-name compaction --edition=2024 crates/pstore-engine/tests/compaction.rs --error-format=json --json=diagnostic-rendered-ansi,artifacts,future-incompat --emit=dep-info,link -C embed-bitcode=no -C debuginfo=2 --warn=rust_2018_idioms '--deny=clippy::unwrap_used' --forbid=unsafe_code --warn=unreachable_pub '--deny=clippy::unimplemented' '--deny=clippy::todo' '--deny=clippy::panic' --warn=missing_docs '--deny=clippy::mem_forget' '--deny=clippy::indexing_slicing' '--deny=clippy::float_cmp' '--deny=clippy::expect_used' '--deny=clippy::dbg_macro' --test --check-cfg 'cfg(docsrs,test)' --check-cfg 'cfg(feature, values())' -C metadata=d922605588006a06 -C extra-filename=-e2694d7d2381ec53 --out-dir /tmp/cargo-mutants-pstore-zLaeUx.tmp/target/debug/deps -C incremental=/tmp/cargo-mutants-pstore-zLaeUx.tmp/target/debug/incremental -L dependency=/tmp/cargo-mutants-pstore-zLaeUx.tmp/target/debug/deps --extern bytes=/tmp/cargo-mutants-pstore-zLaeUx.tmp/target/debug/deps/libbytes-31b8f712e3be84e8.rlib --extern futures_util=/tmp/cargo-mutants-pstore-zLaeUx.tmp/target/debug/deps/libfutures_util-9467758a9490225b.rlib --extern pstore_blob=/tmp/cargo-mutants-pstore-zLaeUx.tmp/target/debug/deps/libpstore_blob-b6cf016c092a0ac2.rlib --extern pstore_engine=/tmp/cargo-mutants-pstore-zLaeUx.tmp/target/debug/deps/libpstore_engine-bda1651ff56837d3.rlib --extern pstore_format=/tmp/cargo-mutants-pstore-zLaeUx.tmp/target/debug/deps/libpstore_format-1275d00aeb99a72a.rlib --extern pstore_testkit=/tmp/cargo-mutants-pstore-zLaeUx.tmp/target/debug/deps/libpstore_testkit-c545806fa049828c.rlib --extern pstore_types=/tmp/cargo-mutants-pstore-zLaeUx.tmp/target/debug/deps/libpstore_types-c19df0e60947a156.rlib --extern thiserror=/tmp/cargo-mutants-pstore-zLaeUx.tmp/target/debug/deps/libthiserror-a555ba146edbfd98.rlib --extern tokio=/tmp/cargo-mutants-pstore-zLaeUx.tmp/target/debug/deps/libtokio-1c12c7fb7aae7e9d.rlib`
     Running `/home/tuong/.rustup/toolchains/1.90-x86_64-unknown-linux-gnu/bin/rustc --crate-name head --edition=2024 crates/pstore-engine/tests/head.rs --error-format=json --json=diagnostic-rendered-ansi,artifacts,future-incompat --emit=dep-info,link -C embed-bitcode=no -C debuginfo=2 --warn=rust_2018_idioms '--deny=clippy::unwrap_used' --forbid=unsafe_code --warn=unreachable_pub '--deny=clippy::unimplemented' '--deny=clippy::todo' '--deny=clippy::panic' --warn=missing_docs '--deny=clippy::mem_forget' '--deny=clippy::indexing_slicing' '--deny=clippy::float_cmp' '--deny=clippy::expect_used' '--deny=clippy::dbg_macro' --test --check-cfg 'cfg(docsrs,test)' --check-cfg 'cfg(feature, values())' -C metadata=ff3733eee68dac93 -C extra-filename=-bf684d7be510072b --out-dir /tmp/cargo-mutants-pstore-zLaeUx.tmp/target/debug/deps -C incremental=/tmp/cargo-mutants-pstore-zLaeUx.tmp/target/debug/incremental -L dependency=/tmp/cargo-mutants-pstore-zLaeUx.tmp/target/debug/deps --extern bytes=/tmp/cargo-mutants-pstore-zLaeUx.tmp/target/debug/deps/libbytes-31b8f712e3be84e8.rlib --extern futures_util=/tmp/cargo-mutants-pstore-zLaeUx.tmp/target/debug/deps/libfutures_util-9467758a9490225b.rlib --extern pstore_blob=/tmp/cargo-mutants-pstore-zLaeUx.tmp/target/debug/deps/libpstore_blob-b6cf016c092a0ac2.rlib --extern pstore_engine=/tmp/cargo-mutants-pstore-zLaeUx.tmp/target/debug/deps/libpstore_engine-bda1651ff56837d3.rlib --extern pstore_format=/tmp/cargo-mutants-pstore-zLaeUx.tmp/target/debug/deps/libpstore_format-1275d00aeb99a72a.rlib --extern pstore_testkit=/tmp/cargo-mutants-pstore-zLaeUx.tmp/target/debug/deps/libpstore_testkit-c545806fa049828c.rlib --extern pstore_types=/tmp/cargo-mutants-pstore-zLaeUx.tmp/target/debug/deps/libpstore_types-c19df0e60947a156.rlib --extern thiserror=/tmp/cargo-mutants-pstore-zLaeUx.tmp/target/debug/deps/libthiserror-a555ba146edbfd98.rlib --extern tokio=/tmp/cargo-mutants-pstore-zLaeUx.tmp/target/debug/deps/libtokio-1c12c7fb7aae7e9d.rlib`
     Running `/home/tuong/.rustup/toolchains/1.90-x86_64-unknown-linux-gnu/bin/rustc --crate-name lanes --edition=2024 crates/pstore-engine/tests/lanes.rs --error-format=json --json=diagnostic-rendered-ansi,artifacts,future-incompat --emit=dep-info,link -C embed-bitcode=no -C debuginfo=2 --warn=rust_2018_idioms '--deny=clippy::unwrap_used' --forbid=unsafe_code --warn=unreachable_pub '--deny=clippy::unimplemented' '--deny=clippy::todo' '--deny=clippy::panic' --warn=missing_docs '--deny=clippy::mem_forget' '--deny=clippy::indexing_slicing' '--deny=clippy::float_cmp' '--deny=clippy::expect_used' '--deny=clippy::dbg_macro' --test --check-cfg 'cfg(docsrs,test)' --check-cfg 'cfg(feature, values())' -C metadata=70e813f3a6992de7 -C extra-filename=-7792817a29f10d61 --out-dir /tmp/cargo-mutants-pstore-zLaeUx.tmp/target/debug/deps -C incremental=/tmp/cargo-mutants-pstore-zLaeUx.tmp/target/debug/incremental -L dependency=/tmp/cargo-mutants-pstore-zLaeUx.tmp/target/debug/deps --extern bytes=/tmp/cargo-mutants-pstore-zLaeUx.tmp/target/debug/deps/libbytes-31b8f712e3be84e8.rlib --extern futures_util=/tmp/cargo-mutants-pstore-zLaeUx.tmp/target/debug/deps/libfutures_util-9467758a9490225b.rlib --extern pstore_blob=/tmp/cargo-mutants-pstore-zLaeUx.tmp/target/debug/deps/libpstore_blob-b6cf016c092a0ac2.rlib --extern pstore_engine=/tmp/cargo-mutants-pstore-zLaeUx.tmp/target/debug/deps/libpstore_engine-bda1651ff56837d3.rlib --extern pstore_format=/tmp/cargo-mutants-pstore-zLaeUx.tmp/target/debug/deps/libpstore_format-1275d00aeb99a72a.rlib --extern pstore_testkit=/tmp/cargo-mutants-pstore-zLaeUx.tmp/target/debug/deps/libpstore_testkit-c545806fa049828c.rlib --extern pstore_types=/tmp/cargo-mutants-pstore-zLaeUx.tmp/target/debug/deps/libpstore_types-c19df0e60947a156.rlib --extern thiserror=/tmp/cargo-mutants-pstore-zLaeUx.tmp/target/debug/deps/libthiserror-a555ba146edbfd98.rlib --extern tokio=/tmp/cargo-mutants-pstore-zLaeUx.tmp/target/debug/deps/libtokio-1c12c7fb7aae7e9d.rlib`
     Running `/home/tuong/.rustup/toolchains/1.90-x86_64-unknown-linux-gnu/bin/rustc --crate-name failures --edition=2024 crates/pstore-engine/tests/failures.rs --error-format=json --json=diagnostic-rendered-ansi,artifacts,future-incompat --emit=dep-info,link -C embed-bitcode=no -C debuginfo=2 --warn=rust_2018_idioms '--deny=clippy::unwrap_used' --forbid=unsafe_code --warn=unreachable_pub '--deny=clippy::unimplemented' '--deny=clippy::todo' '--deny=clippy::panic' --warn=missing_docs '--deny=clippy::mem_forget' '--deny=clippy::indexing_slicing' '--deny=clippy::float_cmp' '--deny=clippy::expect_used' '--deny=clippy::dbg_macro' --test --check-cfg 'cfg(docsrs,test)' --check-cfg 'cfg(feature, values())' -C metadata=f1ef4b3b0a257981 -C extra-filename=-42cd40aa6ec937fc --out-dir /tmp/cargo-mutants-pstore-zLaeUx.tmp/target/debug/deps -C incremental=/tmp/cargo-mutants-pstore-zLaeUx.tmp/target/debug/incremental -L dependency=/tmp/cargo-mutants-pstore-zLaeUx.tmp/target/debug/deps --extern bytes=/tmp/cargo-mutants-pstore-zLaeUx.tmp/target/debug/deps/libbytes-31b8f712e3be84e8.rlib --extern futures_util=/tmp/cargo-mutants-pstore-zLaeUx.tmp/target/debug/deps/libfutures_util-9467758a9490225b.rlib --extern pstore_blob=/tmp/cargo-mutants-pstore-zLaeUx.tmp/target/debug/deps/libpstore_blob-b6cf016c092a0ac2.rlib --extern pstore_engine=/tmp/cargo-mutants-pstore-zLaeUx.tmp/target/debug/deps/libpstore_engine-bda1651ff56837d3.rlib --extern pstore_format=/tmp/cargo-mutants-pstore-zLaeUx.tmp/target/debug/deps/libpstore_format-1275d00aeb99a72a.rlib --extern pstore_testkit=/tmp/cargo-mutants-pstore-zLaeUx.tmp/target/debug/deps/libpstore_testkit-c545806fa049828c.rlib --extern pstore_types=/tmp/cargo-mutants-pstore-zLaeUx.tmp/target/debug/deps/libpstore_types-c19df0e60947a156.rlib --extern thiserror=/tmp/cargo-mutants-pstore-zLaeUx.tmp/target/debug/deps/libthiserror-a555ba146edbfd98.rlib --extern tokio=/tmp/cargo-mutants-pstore-zLaeUx.tmp/target/debug/deps/libtokio-1c12c7fb7aae7e9d.rlib`
     Running `/home/tuong/.rustup/toolchains/1.90-x86_64-unknown-linux-gnu/bin/rustc --crate-name engine --edition=2024 crates/pstore-engine/tests/engine.rs --error-format=json --json=diagnostic-rendered-ansi,artifacts,future-incompat --emit=dep-info,link -C embed-bitcode=no -C debuginfo=2 --warn=rust_2018_idioms '--deny=clippy::unwrap_used' --forbid=unsafe_code --warn=unreachable_pub '--deny=clippy::unimplemented' '--deny=clippy::todo' '--deny=clippy::panic' --warn=missing_docs '--deny=clippy::mem_forget' '--deny=clippy::indexing_slicing' '--deny=clippy::float_cmp' '--deny=clippy::expect_used' '--deny=clippy::dbg_macro' --test --check-cfg 'cfg(docsrs,test)' --check-cfg 'cfg(feature, values())' -C metadata=e449d115f1b6d00d -C extra-filename=-6770e7487f03c003 --out-dir /tmp/cargo-mutants-pstore-zLaeUx.tmp/target/debug/deps -C incremental=/tmp/cargo-mutants-pstore-zLaeUx.tmp/target/debug/incremental -L dependency=/tmp/cargo-mutants-pstore-zLaeUx.tmp/target/debug/deps --extern bytes=/tmp/cargo-mutants-pstore-zLaeUx.tmp/target/debug/deps/libbytes-31b8f712e3be84e8.rlib --extern futures_util=/tmp/cargo-mutants-pstore-zLaeUx.tmp/target/debug/deps/libfutures_util-9467758a9490225b.rlib --extern pstore_blob=/tmp/cargo-mutants-pstore-zLaeUx.tmp/target/debug/deps/libpstore_blob-b6cf016c092a0ac2.rlib --extern pstore_engine=/tmp/cargo-mutants-pstore-zLaeUx.tmp/target/debug/deps/libpstore_engine-bda1651ff56837d3.rlib --extern pstore_format=/tmp/cargo-mutants-pstore-zLaeUx.tmp/target/debug/deps/libpstore_format-1275d00aeb99a72a.rlib --extern pstore_testkit=/tmp/cargo-mutants-pstore-zLaeUx.tmp/target/debug/deps/libpstore_testkit-c545806fa049828c.rlib --extern pstore_types=/tmp/cargo-mutants-pstore-zLaeUx.tmp/target/debug/deps/libpstore_types-c19df0e60947a156.rlib --extern thiserror=/tmp/cargo-mutants-pstore-zLaeUx.tmp/target/debug/deps/libthiserror-a555ba146edbfd98.rlib --extern tokio=/tmp/cargo-mutants-pstore-zLaeUx.tmp/target/debug/deps/libtokio-1c12c7fb7aae7e9d.rlib`
     Running `/home/tuong/.rustup/toolchains/1.90-x86_64-unknown-linux-gnu/bin/rustc --crate-name oq91 --edition=2024 crates/pstore-engine/tests/oq91.rs --error-format=json --json=diagnostic-rendered-ansi,artifacts,future-incompat --emit=dep-info,link -C embed-bitcode=no -C debuginfo=2 --warn=rust_2018_idioms '--deny=clippy::unwrap_used' --forbid=unsafe_code --warn=unreachable_pub '--deny=clippy::unimplemented' '--deny=clippy::todo' '--deny=clippy::panic' --warn=missing_docs '--deny=clippy::mem_forget' '--deny=clippy::indexing_slicing' '--deny=clippy::float_cmp' '--deny=clippy::expect_used' '--deny=clippy::dbg_macro' --test --check-cfg 'cfg(docsrs,test)' --check-cfg 'cfg(feature, values())' -C metadata=818c5d701d97c498 -C extra-filename=-0041ee8d544e3276 --out-dir /tmp/cargo-mutants-pstore-zLaeUx.tmp/target/debug/deps -C incremental=/tmp/cargo-mutants-pstore-zLaeUx.tmp/target/debug/incremental -L dependency=/tmp/cargo-mutants-pstore-zLaeUx.tmp/target/debug/deps --extern bytes=/tmp/cargo-mutants-pstore-zLaeUx.tmp/target/debug/deps/libbytes-31b8f712e3be84e8.rlib --extern futures_util=/tmp/cargo-mutants-pstore-zLaeUx.tmp/target/debug/deps/libfutures_util-9467758a9490225b.rlib --extern pstore_blob=/tmp/cargo-mutants-pstore-zLaeUx.tmp/target/debug/deps/libpstore_blob-b6cf016c092a0ac2.rlib --extern pstore_engine=/tmp/cargo-mutants-pstore-zLaeUx.tmp/target/debug/deps/libpstore_engine-bda1651ff56837d3.rlib --extern pstore_format=/tmp/cargo-mutants-pstore-zLaeUx.tmp/target/debug/deps/libpstore_format-1275d00aeb99a72a.rlib --extern pstore_testkit=/tmp/cargo-mutants-pstore-zLaeUx.tmp/target/debug/deps/libpstore_testkit-c545806fa049828c.rlib --extern pstore_types=/tmp/cargo-mutants-pstore-zLaeUx.tmp/target/debug/deps/libpstore_types-c19df0e60947a156.rlib --extern thiserror=/tmp/cargo-mutants-pstore-zLaeUx.tmp/target/debug/deps/libthiserror-a555ba146edbfd98.rlib --extern tokio=/tmp/cargo-mutants-pstore-zLaeUx.tmp/target/debug/deps/libtokio-1c12c7fb7aae7e9d.rlib`
     Running `/home/tuong/.rustup/toolchains/1.90-x86_64-unknown-linux-gnu/bin/rustc --crate-name gc --edition=2024 crates/pstore-engine/tests/gc.rs --error-format=json --json=diagnostic-rendered-ansi,artifacts,future-incompat --emit=dep-info,link -C embed-bitcode=no -C debuginfo=2 --warn=rust_2018_idioms '--deny=clippy::unwrap_used' --forbid=unsafe_code --warn=unreachable_pub '--deny=clippy::unimplemented' '--deny=clippy::todo' '--deny=clippy::panic' --warn=missing_docs '--deny=clippy::mem_forget' '--deny=clippy::indexing_slicing' '--deny=clippy::float_cmp' '--deny=clippy::expect_used' '--deny=clippy::dbg_macro' --test --check-cfg 'cfg(docsrs,test)' --check-cfg 'cfg(feature, values())' -C metadata=802e45e568c15c77 -C extra-filename=-c5cc4388e9b62172 --out-dir /tmp/cargo-mutants-pstore-zLaeUx.tmp/target/debug/deps -C incremental=/tmp/cargo-mutants-pstore-zLaeUx.tmp/target/debug/incremental -L dependency=/tmp/cargo-mutants-pstore-zLaeUx.tmp/target/debug/deps --extern bytes=/tmp/cargo-mutants-pstore-zLaeUx.tmp/target/debug/deps/libbytes-31b8f712e3be84e8.rlib --extern futures_util=/tmp/cargo-mutants-pstore-zLaeUx.tmp/target/debug/deps/libfutures_util-9467758a9490225b.rlib --extern pstore_blob=/tmp/cargo-mutants-pstore-zLaeUx.tmp/target/debug/deps/libpstore_blob-b6cf016c092a0ac2.rlib --extern pstore_engine=/tmp/cargo-mutants-pstore-zLaeUx.tmp/target/debug/deps/libpstore_engine-bda1651ff56837d3.rlib --extern pstore_format=/tmp/cargo-mutants-pstore-zLaeUx.tmp/target/debug/deps/libpstore_format-1275d00aeb99a72a.rlib --extern pstore_testkit=/tmp/cargo-mutants-pstore-zLaeUx.tmp/target/debug/deps/libpstore_testkit-c545806fa049828c.rlib --extern pstore_types=/tmp/cargo-mutants-pstore-zLaeUx.tmp/target/debug/deps/libpstore_types-c19df0e60947a156.rlib --extern thiserror=/tmp/cargo-mutants-pstore-zLaeUx.tmp/target/debug/deps/libthiserror-a555ba146edbfd98.rlib --extern tokio=/tmp/cargo-mutants-pstore-zLaeUx.tmp/target/debug/deps/libtokio-1c12c7fb7aae7e9d.rlib`
     Running `/home/tuong/.rustup/toolchains/1.90-x86_64-unknown-linux-gnu/bin/rustc --crate-name end_to_end --edition=2024 crates/pstore-engine/tests/end_to_end.rs --error-format=json --json=diagnostic-rendered-ansi,artifacts,future-incompat --emit=dep-info,link -C embed-bitcode=no -C debuginfo=2 --warn=rust_2018_idioms '--deny=clippy::unwrap_used' --forbid=unsafe_code --warn=unreachable_pub '--deny=clippy::unimplemented' '--deny=clippy::todo' '--deny=clippy::panic' --warn=missing_docs '--deny=clippy::mem_forget' '--deny=clippy::indexing_slicing' '--deny=clippy::float_cmp' '--deny=clippy::expect_used' '--deny=clippy::dbg_macro' --test --check-cfg 'cfg(docsrs,test)' --check-cfg 'cfg(feature, values())' -C metadata=f79278e72e1f6f1e -C extra-filename=-064b00503e0e203b --out-dir /tmp/cargo-mutants-pstore-zLaeUx.tmp/target/debug/deps -C incremental=/tmp/cargo-mutants-pstore-zLaeUx.tmp/target/debug/incremental -L dependency=/tmp/cargo-mutants-pstore-zLaeUx.tmp/target/debug/deps --extern bytes=/tmp/cargo-mutants-pstore-zLaeUx.tmp/target/debug/deps/libbytes-31b8f712e3be84e8.rlib --extern futures_util=/tmp/cargo-mutants-pstore-zLaeUx.tmp/target/debug/deps/libfutures_util-9467758a9490225b.rlib --extern pstore_blob=/tmp/cargo-mutants-pstore-zLaeUx.tmp/target/debug/deps/libpstore_blob-b6cf016c092a0ac2.rlib --extern pstore_engine=/tmp/cargo-mutants-pstore-zLaeUx.tmp/target/debug/deps/libpstore_engine-bda1651ff56837d3.rlib --extern pstore_format=/tmp/cargo-mutants-pstore-zLaeUx.tmp/target/debug/deps/libpstore_format-1275d00aeb99a72a.rlib --extern pstore_testkit=/tmp/cargo-mutants-pstore-zLaeUx.tmp/target/debug/deps/libpstore_testkit-c545806fa049828c.rlib --extern pstore_types=/tmp/cargo-mutants-pstore-zLaeUx.tmp/target/debug/deps/libpstore_types-c19df0e60947a156.rlib --extern thiserror=/tmp/cargo-mutants-pstore-zLaeUx.tmp/target/debug/deps/libthiserror-a555ba146edbfd98.rlib --extern tokio=/tmp/cargo-mutants-pstore-zLaeUx.tmp/target/debug/deps/libtokio-1c12c7fb7aae7e9d.rlib`
     Running `/home/tuong/.rustup/toolchains/1.90-x86_64-unknown-linux-gnu/bin/rustc --crate-name invariants --edition=2024 crates/pstore-engine/tests/invariants.rs --error-format=json --json=diagnostic-rendered-ansi,artifacts,future-incompat --emit=dep-info,link -C embed-bitcode=no -C debuginfo=2 --warn=rust_2018_idioms '--deny=clippy::unwrap_used' --forbid=unsafe_code --warn=unreachable_pub '--deny=clippy::unimplemented' '--deny=clippy::todo' '--deny=clippy::panic' --warn=missing_docs '--deny=clippy::mem_forget' '--deny=clippy::indexing_slicing' '--deny=clippy::float_cmp' '--deny=clippy::expect_used' '--deny=clippy::dbg_macro' --test --check-cfg 'cfg(docsrs,test)' --check-cfg 'cfg(feature, values())' -C metadata=abed4b24add1deec -C extra-filename=-0c8b8182a0366e4f --out-dir /tmp/cargo-mutants-pstore-zLaeUx.tmp/target/debug/deps -C incremental=/tmp/cargo-mutants-pstore-zLaeUx.tmp/target/debug/incremental -L dependency=/tmp/cargo-mutants-pstore-zLaeUx.tmp/target/debug/deps --extern bytes=/tmp/cargo-mutants-pstore-zLaeUx.tmp/target/debug/deps/libbytes-31b8f712e3be84e8.rlib --extern futures_util=/tmp/cargo-mutants-pstore-zLaeUx.tmp/target/debug/deps/libfutures_util-9467758a9490225b.rlib --extern pstore_blob=/tmp/cargo-mutants-pstore-zLaeUx.tmp/target/debug/deps/libpstore_blob-b6cf016c092a0ac2.rlib --extern pstore_engine=/tmp/cargo-mutants-pstore-zLaeUx.tmp/target/debug/deps/libpstore_engine-bda1651ff56837d3.rlib --extern pstore_format=/tmp/cargo-mutants-pstore-zLaeUx.tmp/target/debug/deps/libpstore_format-1275d00aeb99a72a.rlib --extern pstore_testkit=/tmp/cargo-mutants-pstore-zLaeUx.tmp/target/debug/deps/libpstore_testkit-c545806fa049828c.rlib --extern pstore_types=/tmp/cargo-mutants-pstore-zLaeUx.tmp/target/debug/deps/libpstore_types-c19df0e60947a156.rlib --extern thiserror=/tmp/cargo-mutants-pstore-zLaeUx.tmp/target/debug/deps/libthiserror-a555ba146edbfd98.rlib --extern tokio=/tmp/cargo-mutants-pstore-zLaeUx.tmp/target/debug/deps/libtokio-1c12c7fb7aae7e9d.rlib`
     Running `/home/tuong/.rustup/toolchains/1.90-x86_64-unknown-linux-gnu/bin/rustc --crate-name linearizability --edition=2024 crates/pstore-engine/tests/linearizability.rs --error-format=json --json=diagnostic-rendered-ansi,artifacts,future-incompat --emit=dep-info,link -C embed-bitcode=no -C debuginfo=2 --warn=rust_2018_idioms '--deny=clippy::unwrap_used' --forbid=unsafe_code --warn=unreachable_pub '--deny=clippy::unimplemented' '--deny=clippy::todo' '--deny=clippy::panic' --warn=missing_docs '--deny=clippy::mem_forget' '--deny=clippy::indexing_slicing' '--deny=clippy::float_cmp' '--deny=clippy::expect_used' '--deny=clippy::dbg_macro' --test --check-cfg 'cfg(docsrs,test)' --check-cfg 'cfg(feature, values())' -C metadata=b5f5d883389ad973 -C extra-filename=-de8a0036b41b7c31 --out-dir /tmp/cargo-mutants-pstore-zLaeUx.tmp/target/debug/deps -C incremental=/tmp/cargo-mutants-pstore-zLaeUx.tmp/target/debug/incremental -L dependency=/tmp/cargo-mutants-pstore-zLaeUx.tmp/target/debug/deps --extern bytes=/tmp/cargo-mutants-pstore-zLaeUx.tmp/target/debug/deps/libbytes-31b8f712e3be84e8.rlib --extern futures_util=/tmp/cargo-mutants-pstore-zLaeUx.tmp/target/debug/deps/libfutures_util-9467758a9490225b.rlib --extern pstore_blob=/tmp/cargo-mutants-pstore-zLaeUx.tmp/target/debug/deps/libpstore_blob-b6cf016c092a0ac2.rlib --extern pstore_engine=/tmp/cargo-mutants-pstore-zLaeUx.tmp/target/debug/deps/libpstore_engine-bda1651ff56837d3.rlib --extern pstore_format=/tmp/cargo-mutants-pstore-zLaeUx.tmp/target/debug/deps/libpstore_format-1275d00aeb99a72a.rlib --extern pstore_testkit=/tmp/cargo-mutants-pstore-zLaeUx.tmp/target/debug/deps/libpstore_testkit-c545806fa049828c.rlib --extern pstore_types=/tmp/cargo-mutants-pstore-zLaeUx.tmp/target/debug/deps/libpstore_types-c19df0e60947a156.rlib --extern thiserror=/tmp/cargo-mutants-pstore-zLaeUx.tmp/target/debug/deps/libthiserror-a555ba146edbfd98.rlib --extern tokio=/tmp/cargo-mutants-pstore-zLaeUx.tmp/target/debug/deps/libtokio-1c12c7fb7aae7e9d.rlib`
warning: `pstore-engine` (lib test) generated 4 warnings
     Running `/home/tuong/.rustup/toolchains/1.90-x86_64-unknown-linux-gnu/bin/rustc --crate-name bundle_errors --edition=2024 crates/pstore-engine/tests/bundle_errors.rs --error-format=json --json=diagnostic-rendered-ansi,artifacts,future-incompat --emit=dep-info,link -C embed-bitcode=no -C debuginfo=2 --warn=rust_2018_idioms '--deny=clippy::unwrap_used' --forbid=unsafe_code --warn=unreachable_pub '--deny=clippy::unimplemented' '--deny=clippy::todo' '--deny=clippy::panic' --warn=missing_docs '--deny=clippy::mem_forget' '--deny=clippy::indexing_slicing' '--deny=clippy::float_cmp' '--deny=clippy::expect_used' '--deny=clippy::dbg_macro' --test --check-cfg 'cfg(docsrs,test)' --check-cfg 'cfg(feature, values())' -C metadata=50a806b046ac6275 -C extra-filename=-12e10ac571c4c893 --out-dir /tmp/cargo-mutants-pstore-zLaeUx.tmp/target/debug/deps -C incremental=/tmp/cargo-mutants-pstore-zLaeUx.tmp/target/debug/incremental -L dependency=/tmp/cargo-mutants-pstore-zLaeUx.tmp/target/debug/deps --extern bytes=/tmp/cargo-mutants-pstore-zLaeUx.tmp/target/debug/deps/libbytes-31b8f712e3be84e8.rlib --extern futures_util=/tmp/cargo-mutants-pstore-zLaeUx.tmp/target/debug/deps/libfutures_util-9467758a9490225b.rlib --extern pstore_blob=/tmp/cargo-mutants-pstore-zLaeUx.tmp/target/debug/deps/libpstore_blob-b6cf016c092a0ac2.rlib --extern pstore_engine=/tmp/cargo-mutants-pstore-zLaeUx.tmp/target/debug/deps/libpstore_engine-bda1651ff56837d3.rlib --extern pstore_format=/tmp/cargo-mutants-pstore-zLaeUx.tmp/target/debug/deps/libpstore_format-1275d00aeb99a72a.rlib --extern pstore_testkit=/tmp/cargo-mutants-pstore-zLaeUx.tmp/target/debug/deps/libpstore_testkit-c545806fa049828c.rlib --extern pstore_types=/tmp/cargo-mutants-pstore-zLaeUx.tmp/target/debug/deps/libpstore_types-c19df0e60947a156.rlib --extern thiserror=/tmp/cargo-mutants-pstore-zLaeUx.tmp/target/debug/deps/libthiserror-a555ba146edbfd98.rlib --extern tokio=/tmp/cargo-mutants-pstore-zLaeUx.tmp/target/debug/deps/libtokio-1c12c7fb7aae7e9d.rlib`
    Finished `test` profile [unoptimized + debuginfo] target(s) in 5.36s
  Executable `/tmp/cargo-mutants-pstore-zLaeUx.tmp/target/debug/deps/pstore_engine-8cfb19ad04048a97`
  Executable `/tmp/cargo-mutants-pstore-zLaeUx.tmp/target/debug/deps/bundle_errors-12e10ac571c4c893`
  Executable `/tmp/cargo-mutants-pstore-zLaeUx.tmp/target/debug/deps/compaction-e2694d7d2381ec53`
  Executable `/tmp/cargo-mutants-pstore-zLaeUx.tmp/target/debug/deps/end_to_end-064b00503e0e203b`
  Executable `/tmp/cargo-mutants-pstore-zLaeUx.tmp/target/debug/deps/engine-6770e7487f03c003`
  Executable `/tmp/cargo-mutants-pstore-zLaeUx.tmp/target/debug/deps/failures-42cd40aa6ec937fc`
  Executable `/tmp/cargo-mutants-pstore-zLaeUx.tmp/target/debug/deps/gc-c5cc4388e9b62172`
  Executable `/tmp/cargo-mutants-pstore-zLaeUx.tmp/target/debug/deps/head-bf684d7be510072b`
  Executable `/tmp/cargo-mutants-pstore-zLaeUx.tmp/target/debug/deps/invariants-0c8b8182a0366e4f`
  Executable `/tmp/cargo-mutants-pstore-zLaeUx.tmp/target/debug/deps/lanes-7792817a29f10d61`
  Executable `/tmp/cargo-mutants-pstore-zLaeUx.tmp/target/debug/deps/linearizability-de8a0036b41b7c31`
  Executable `/tmp/cargo-mutants-pstore-zLaeUx.tmp/target/debug/deps/oq91-0041ee8d544e3276`

*** result: Success

*** /home/tuong/.rustup/toolchains/1.90-x86_64-unknown-linux-gnu/bin/cargo test --verbose --package=pstore-engine@0.1.0
       Fresh unicode-ident v1.0.24
       Fresh proc-macro2 v1.0.107
       Fresh quote v1.0.47
       Fresh syn v3.0.5
       Fresh pin-project-lite v0.2.17
       Fresh tokio-macros v2.7.2
       Fresh thiserror-impl v2.0.20
       Fresh futures-task v0.3.34
       Fresh futures-core v0.3.34
       Fresh slab v0.4.12
       Fresh futures-util v0.3.34
       Fresh thiserror v2.0.20
       Fresh tokio v1.53.1
       Fresh async-trait v0.1.92
       Fresh pstore-types v0.1.0 (/tmp/cargo-mutants-pstore-zLaeUx.tmp/crates/pstore-types)
       Fresh bytes v1.12.1
       Fresh pstore-blob v0.1.0 (/tmp/cargo-mutants-pstore-zLaeUx.tmp/crates/pstore-blob)
       Fresh pstore-format v0.1.0 (/tmp/cargo-mutants-pstore-zLaeUx.tmp/crates/pstore-format)
       Fresh pstore-testkit v0.1.0 (/tmp/cargo-mutants-pstore-zLaeUx.tmp/crates/pstore-testkit)
warning: unused variable: `index`
   --> crates/pstore-engine/src/lib.rs:642:9
    |
642 |         index: &str,
    |         ^^^^^ help: if this is intentional, prefix it with an underscore: `_index`
    |
    = note: `#[warn(unused_variables)]` on by default

warning: unused variable: `query`
   --> crates/pstore-engine/src/lib.rs:643:9
    |
643 |         query: &[f32],
    |         ^^^^^ help: if this is intentional, prefix it with an underscore: `_query`

warning: unused variable: `k`
   --> crates/pstore-engine/src/lib.rs:644:9
    |
644 |         k: usize,
    |         ^ help: if this is intentional, prefix it with an underscore: `_k`

warning: unused variable: `filter`
   --> crates/pstore-engine/src/lib.rs:645:9
    |
645 |         filter: Option<&Filter>,
    |         ^^^^^^ help: if this is intentional, prefix it with an underscore: `_filter`

warning: `pstore-engine` (lib) generated 4 warnings
       Fresh pstore-engine v0.1.0 (/tmp/cargo-mutants-pstore-zLaeUx.tmp/crates/pstore-engine)
warning: `pstore-engine` (lib test) generated 4 warnings (4 duplicates)
    Finished `test` profile [unoptimized + debuginfo] target(s) in 0.06s
     Running `/tmp/cargo-mutants-pstore-zLaeUx.tmp/target/debug/deps/pstore_engine-8cfb19ad04048a97`

running 0 tests

test result: ok. 0 passed; 0 failed; 0 ignored; 0 measured; 0 filtered out; finished in 0.00s

     Running `/tmp/cargo-mutants-pstore-zLaeUx.tmp/target/debug/deps/bundle_errors-12e10ac571c4c893`

running 7 tests
test a_bundle_with_an_impossible_index_offset_fails_the_fold ... ok
test a_truncated_document_run_is_refused_at_every_length ... ok
test documents_round_trip_through_the_shared_codec ... ok
test an_unknown_value_tag_in_a_document_run_is_refused ... ok
test a_hole_in_a_lane_bounds_the_tail_rather_than_being_skipped ... ok
test a_bundle_with_a_mangled_footer_fails_the_fold ... ok
test folding_nothing_is_a_no_op_not_an_error ... ok

test result: ok. 7 passed; 0 failed; 0 ignored; 0 measured; 0 filtered out; finished in 0.00s

     Running `/tmp/cargo-mutants-pstore-zLaeUx.tmp/target/debug/deps/compaction-e2694d7d2381ec53`

running 6 tests
test a_short_index_is_not_worth_compacting ... ok
test compaction_does_not_change_the_answer ... ok
test compaction_collapses_the_segments_it_merged ... ok
test a_fold_landing_mid_compaction_is_not_swallowed_by_it ... ok
test a_losing_compactors_output_is_unreferenced ... ok
test concurrent_compactors_produce_one_winner ... ok

test result: ok. 6 passed; 0 failed; 0 ignored; 0 measured; 0 filtered out; finished in 0.05s

     Running `/tmp/cargo-mutants-pstore-zLaeUx.tmp/target/debug/deps/end_to_end-064b00503e0e203b`

running 2 tests
test the_whole_flow_stays_inside_its_request_budget ... ok
test write_read_filter_and_search_one_index ... FAILED

failures:

---- write_read_filter_and_search_one_index stdout ----

thread 'write_read_filter_and_search_one_index' panicked at crates/pstore-engine/tests/end_to_end.rs:80:5:
assertion `left == right` failed: filtered search disagrees with brute force
  left: [""]
 right: ["sku-0350", "sku-0349", "sku-0351", "sku-0348", "sku-0352"]
note: run with `RUST_BACKTRACE=1` environment variable to display a backtrace


failures:
    write_read_filter_and_search_one_index

test result: FAILED. 1 passed; 1 failed; 0 ignored; 0 measured; 0 filtered out; finished in 0.01s

error: test failed, to rerun pass `-p pstore-engine --test end_to_end`

*** result: Failure(101)
