
*** crates/pstore-format/src/codec.rs:62:9: replace Dec<'a>::take -> Result<&'a[u8], FormatError> with Ok(Vec::leak(vec![1]))

*** mutation diff:
--- crates/pstore-format/src/codec.rs
+++ replace Dec<'a>::take -> Result<&'a[u8], FormatError> with Ok(Vec::leak(vec![1]))
@@ -54,20 +54,17 @@
 }
 
 impl<'a> Dec<'a> {
     pub(crate) fn new(buf: &'a [u8]) -> Self {
         Self { buf, pos: 0 }
     }
 
     fn take(&mut self, n: usize) -> Result<&'a [u8], FormatError> {
-        let end = self.pos.checked_add(n).ok_or(FormatError::Truncated)?;
-        let out = self.buf.get(self.pos..end).ok_or(FormatError::Truncated)?;
-        self.pos = end;
-        Ok(out)
+        Ok(Vec::leak(vec![1])) /* ~ changed by cargo-mutants ~ */
     }
 
     pub(crate) fn u8(&mut self) -> Result<u8, FormatError> {
         self.take(1)?.first().copied().ok_or(FormatError::Truncated)
     }
     pub(crate) fn u16(&mut self) -> Result<u16, FormatError> {
         Ok(u16::from_le_bytes(
             self.take(2)?


*** /home/tuong/.rustup/toolchains/1.90-x86_64-unknown-linux-gnu/bin/cargo test --no-run --verbose --package=pstore-format@0.1.0
    Blocking waiting for file lock on package cache
    Blocking waiting for file lock on package cache
    Blocking waiting for file lock on package cache
    Blocking waiting for file lock on package cache
       Fresh unicode-ident v1.0.24
       Fresh pin-project-lite v0.2.17
       Fresh futures-core v0.3.34
       Fresh slab v0.4.12
       Fresh futures-task v0.3.34
       Fresh proc-macro2 v1.0.107
       Fresh futures-util v0.3.34
       Fresh bytes v1.12.1
       Fresh pstore-types v0.1.0 (/tmp/cargo-mutants-pstore-LM0Dsb.tmp/crates/pstore-types)
       Fresh quote v1.0.47
       Fresh syn v3.0.5
       Fresh thiserror-impl v2.0.20
       Fresh tokio-macros v2.7.2
       Fresh async-trait v0.1.92
       Fresh tokio v1.53.1
       Fresh thiserror v2.0.20
       Fresh pstore-blob v0.1.0 (/tmp/cargo-mutants-pstore-LM0Dsb.tmp/crates/pstore-blob)
       Dirty pstore-format v0.1.0 (/tmp/cargo-mutants-pstore-LM0Dsb.tmp/crates/pstore-format): the file `crates/pstore-format/src/codec.rs` has changed (1788612937.121912525s, 2s after last build at 1788612935.821756845s)
   Compiling pstore-format v0.1.0 (/tmp/cargo-mutants-pstore-LM0Dsb.tmp/crates/pstore-format)
     Running `/home/tuong/.rustup/toolchains/1.90-x86_64-unknown-linux-gnu/bin/rustc --crate-name pstore_format --edition=2024 crates/pstore-format/src/lib.rs --error-format=json --json=diagnostic-rendered-ansi,artifacts,future-incompat --emit=dep-info,link -C embed-bitcode=no -C debuginfo=2 --warn=rust_2018_idioms '--deny=clippy::unwrap_used' --forbid=unsafe_code --warn=unreachable_pub '--deny=clippy::unimplemented' '--deny=clippy::todo' '--deny=clippy::panic' --warn=missing_docs '--deny=clippy::mem_forget' '--deny=clippy::indexing_slicing' '--deny=clippy::float_cmp' '--deny=clippy::expect_used' '--deny=clippy::dbg_macro' --test --check-cfg 'cfg(docsrs,test)' --check-cfg 'cfg(feature, values())' -C metadata=821cada9fb09dc73 -C extra-filename=-6c8cb96cbdbdb465 --out-dir /tmp/cargo-mutants-pstore-LM0Dsb.tmp/target/debug/deps -C incremental=/tmp/cargo-mutants-pstore-LM0Dsb.tmp/target/debug/incremental -L dependency=/tmp/cargo-mutants-pstore-LM0Dsb.tmp/target/debug/deps --extern async_trait=/tmp/cargo-mutants-pstore-LM0Dsb.tmp/target/debug/deps/libasync_trait-efaaae825ff87b5f.so --extern bytes=/tmp/cargo-mutants-pstore-LM0Dsb.tmp/target/debug/deps/libbytes-31b8f712e3be84e8.rlib --extern pstore_blob=/tmp/cargo-mutants-pstore-LM0Dsb.tmp/target/debug/deps/libpstore_blob-b6cf016c092a0ac2.rlib --extern pstore_types=/tmp/cargo-mutants-pstore-LM0Dsb.tmp/target/debug/deps/libpstore_types-c19df0e60947a156.rlib --extern thiserror=/tmp/cargo-mutants-pstore-LM0Dsb.tmp/target/debug/deps/libthiserror-a555ba146edbfd98.rlib --extern tokio=/tmp/cargo-mutants-pstore-LM0Dsb.tmp/target/debug/deps/libtokio-1c12c7fb7aae7e9d.rlib`
     Running `/home/tuong/.rustup/toolchains/1.90-x86_64-unknown-linux-gnu/bin/rustc --crate-name pstore_format --edition=2024 crates/pstore-format/src/lib.rs --error-format=json --json=diagnostic-rendered-ansi,artifacts,future-incompat --crate-type lib --emit=dep-info,metadata,link -C embed-bitcode=no -C debuginfo=2 --warn=rust_2018_idioms '--deny=clippy::unwrap_used' --forbid=unsafe_code --warn=unreachable_pub '--deny=clippy::unimplemented' '--deny=clippy::todo' '--deny=clippy::panic' --warn=missing_docs '--deny=clippy::mem_forget' '--deny=clippy::indexing_slicing' '--deny=clippy::float_cmp' '--deny=clippy::expect_used' '--deny=clippy::dbg_macro' --check-cfg 'cfg(docsrs,test)' --check-cfg 'cfg(feature, values())' -C metadata=57d28a0e0e46fc90 -C extra-filename=-1275d00aeb99a72a --out-dir /tmp/cargo-mutants-pstore-LM0Dsb.tmp/target/debug/deps -C incremental=/tmp/cargo-mutants-pstore-LM0Dsb.tmp/target/debug/incremental -L dependency=/tmp/cargo-mutants-pstore-LM0Dsb.tmp/target/debug/deps --extern async_trait=/tmp/cargo-mutants-pstore-LM0Dsb.tmp/target/debug/deps/libasync_trait-efaaae825ff87b5f.so --extern bytes=/tmp/cargo-mutants-pstore-LM0Dsb.tmp/target/debug/deps/libbytes-31b8f712e3be84e8.rmeta --extern pstore_blob=/tmp/cargo-mutants-pstore-LM0Dsb.tmp/target/debug/deps/libpstore_blob-b6cf016c092a0ac2.rmeta --extern pstore_types=/tmp/cargo-mutants-pstore-LM0Dsb.tmp/target/debug/deps/libpstore_types-c19df0e60947a156.rmeta --extern thiserror=/tmp/cargo-mutants-pstore-LM0Dsb.tmp/target/debug/deps/libthiserror-a555ba146edbfd98.rmeta`
warning: unused variable: `n`
  --> crates/pstore-format/src/codec.rs:61:24
   |
61 |     fn take(&mut self, n: usize) -> Result<&'a [u8], FormatError> {
   |                        ^ help: if this is intentional, prefix it with an underscore: `_n`
   |
   = note: `#[warn(unused_variables)]` on by default

warning: fields `buf` and `pos` are never read
  --> crates/pstore-format/src/codec.rs:52:5
   |
51 | pub(crate) struct Dec<'a> {
   |                   --- fields in this struct
52 |     buf: &'a [u8],
   |     ^^^
53 |     pos: usize,
   |     ^^^
   |
   = note: `Dec` has a derived impl for the trait `Debug`, but this is intentionally ignored during dead code analysis
   = note: `#[warn(dead_code)]` on by default

warning: `pstore-format` (lib) generated 2 warnings (2 duplicates)
     Running `/home/tuong/.rustup/toolchains/1.90-x86_64-unknown-linux-gnu/bin/rustc --crate-name segment --edition=2024 crates/pstore-format/tests/segment.rs --error-format=json --json=diagnostic-rendered-ansi,artifacts,future-incompat --emit=dep-info,link -C embed-bitcode=no -C debuginfo=2 --warn=rust_2018_idioms '--deny=clippy::unwrap_used' --forbid=unsafe_code --warn=unreachable_pub '--deny=clippy::unimplemented' '--deny=clippy::todo' '--deny=clippy::panic' --warn=missing_docs '--deny=clippy::mem_forget' '--deny=clippy::indexing_slicing' '--deny=clippy::float_cmp' '--deny=clippy::expect_used' '--deny=clippy::dbg_macro' --test --check-cfg 'cfg(docsrs,test)' --check-cfg 'cfg(feature, values())' -C metadata=a243db0e9609e460 -C extra-filename=-a5c2cb1d0b2aa6ef --out-dir /tmp/cargo-mutants-pstore-LM0Dsb.tmp/target/debug/deps -C incremental=/tmp/cargo-mutants-pstore-LM0Dsb.tmp/target/debug/incremental -L dependency=/tmp/cargo-mutants-pstore-LM0Dsb.tmp/target/debug/deps --extern async_trait=/tmp/cargo-mutants-pstore-LM0Dsb.tmp/target/debug/deps/libasync_trait-efaaae825ff87b5f.so --extern bytes=/tmp/cargo-mutants-pstore-LM0Dsb.tmp/target/debug/deps/libbytes-31b8f712e3be84e8.rlib --extern pstore_blob=/tmp/cargo-mutants-pstore-LM0Dsb.tmp/target/debug/deps/libpstore_blob-b6cf016c092a0ac2.rlib --extern pstore_format=/tmp/cargo-mutants-pstore-LM0Dsb.tmp/target/debug/deps/libpstore_format-1275d00aeb99a72a.rlib --extern pstore_types=/tmp/cargo-mutants-pstore-LM0Dsb.tmp/target/debug/deps/libpstore_types-c19df0e60947a156.rlib --extern thiserror=/tmp/cargo-mutants-pstore-LM0Dsb.tmp/target/debug/deps/libthiserror-a555ba146edbfd98.rlib --extern tokio=/tmp/cargo-mutants-pstore-LM0Dsb.tmp/target/debug/deps/libtokio-1c12c7fb7aae7e9d.rlib`
     Running `/home/tuong/.rustup/toolchains/1.90-x86_64-unknown-linux-gnu/bin/rustc --crate-name search --edition=2024 crates/pstore-format/tests/search.rs --error-format=json --json=diagnostic-rendered-ansi,artifacts,future-incompat --emit=dep-info,link -C embed-bitcode=no -C debuginfo=2 --warn=rust_2018_idioms '--deny=clippy::unwrap_used' --forbid=unsafe_code --warn=unreachable_pub '--deny=clippy::unimplemented' '--deny=clippy::todo' '--deny=clippy::panic' --warn=missing_docs '--deny=clippy::mem_forget' '--deny=clippy::indexing_slicing' '--deny=clippy::float_cmp' '--deny=clippy::expect_used' '--deny=clippy::dbg_macro' --test --check-cfg 'cfg(docsrs,test)' --check-cfg 'cfg(feature, values())' -C metadata=a12da3018441d499 -C extra-filename=-d4e51932dcef29a0 --out-dir /tmp/cargo-mutants-pstore-LM0Dsb.tmp/target/debug/deps -C incremental=/tmp/cargo-mutants-pstore-LM0Dsb.tmp/target/debug/incremental -L dependency=/tmp/cargo-mutants-pstore-LM0Dsb.tmp/target/debug/deps --extern async_trait=/tmp/cargo-mutants-pstore-LM0Dsb.tmp/target/debug/deps/libasync_trait-efaaae825ff87b5f.so --extern bytes=/tmp/cargo-mutants-pstore-LM0Dsb.tmp/target/debug/deps/libbytes-31b8f712e3be84e8.rlib --extern pstore_blob=/tmp/cargo-mutants-pstore-LM0Dsb.tmp/target/debug/deps/libpstore_blob-b6cf016c092a0ac2.rlib --extern pstore_format=/tmp/cargo-mutants-pstore-LM0Dsb.tmp/target/debug/deps/libpstore_format-1275d00aeb99a72a.rlib --extern pstore_types=/tmp/cargo-mutants-pstore-LM0Dsb.tmp/target/debug/deps/libpstore_types-c19df0e60947a156.rlib --extern thiserror=/tmp/cargo-mutants-pstore-LM0Dsb.tmp/target/debug/deps/libthiserror-a555ba146edbfd98.rlib --extern tokio=/tmp/cargo-mutants-pstore-LM0Dsb.tmp/target/debug/deps/libtokio-1c12c7fb7aae7e9d.rlib`
     Running `/home/tuong/.rustup/toolchains/1.90-x86_64-unknown-linux-gnu/bin/rustc --crate-name corrupt --edition=2024 crates/pstore-format/tests/corrupt.rs --error-format=json --json=diagnostic-rendered-ansi,artifacts,future-incompat --emit=dep-info,link -C embed-bitcode=no -C debuginfo=2 --warn=rust_2018_idioms '--deny=clippy::unwrap_used' --forbid=unsafe_code --warn=unreachable_pub '--deny=clippy::unimplemented' '--deny=clippy::todo' '--deny=clippy::panic' --warn=missing_docs '--deny=clippy::mem_forget' '--deny=clippy::indexing_slicing' '--deny=clippy::float_cmp' '--deny=clippy::expect_used' '--deny=clippy::dbg_macro' --test --check-cfg 'cfg(docsrs,test)' --check-cfg 'cfg(feature, values())' -C metadata=de6f1515f976f7e8 -C extra-filename=-cff173796626ae2c --out-dir /tmp/cargo-mutants-pstore-LM0Dsb.tmp/target/debug/deps -C incremental=/tmp/cargo-mutants-pstore-LM0Dsb.tmp/target/debug/incremental -L dependency=/tmp/cargo-mutants-pstore-LM0Dsb.tmp/target/debug/deps --extern async_trait=/tmp/cargo-mutants-pstore-LM0Dsb.tmp/target/debug/deps/libasync_trait-efaaae825ff87b5f.so --extern bytes=/tmp/cargo-mutants-pstore-LM0Dsb.tmp/target/debug/deps/libbytes-31b8f712e3be84e8.rlib --extern pstore_blob=/tmp/cargo-mutants-pstore-LM0Dsb.tmp/target/debug/deps/libpstore_blob-b6cf016c092a0ac2.rlib --extern pstore_format=/tmp/cargo-mutants-pstore-LM0Dsb.tmp/target/debug/deps/libpstore_format-1275d00aeb99a72a.rlib --extern pstore_types=/tmp/cargo-mutants-pstore-LM0Dsb.tmp/target/debug/deps/libpstore_types-c19df0e60947a156.rlib --extern thiserror=/tmp/cargo-mutants-pstore-LM0Dsb.tmp/target/debug/deps/libthiserror-a555ba146edbfd98.rlib --extern tokio=/tmp/cargo-mutants-pstore-LM0Dsb.tmp/target/debug/deps/libtokio-1c12c7fb7aae7e9d.rlib`
warning: `pstore-format` (lib test) generated 2 warnings
    Finished `test` profile [unoptimized + debuginfo] target(s) in 1.39s
  Executable `/tmp/cargo-mutants-pstore-LM0Dsb.tmp/target/debug/deps/pstore_format-6c8cb96cbdbdb465`
  Executable `/tmp/cargo-mutants-pstore-LM0Dsb.tmp/target/debug/deps/corrupt-cff173796626ae2c`
  Executable `/tmp/cargo-mutants-pstore-LM0Dsb.tmp/target/debug/deps/search-d4e51932dcef29a0`
  Executable `/tmp/cargo-mutants-pstore-LM0Dsb.tmp/target/debug/deps/segment-a5c2cb1d0b2aa6ef`

*** result: Success

*** /home/tuong/.rustup/toolchains/1.90-x86_64-unknown-linux-gnu/bin/cargo test --verbose --package=pstore-format@0.1.0
    Blocking waiting for file lock on package cache
       Fresh unicode-ident v1.0.24
       Fresh proc-macro2 v1.0.107
       Fresh pin-project-lite v0.2.17
       Fresh futures-core v0.3.34
       Fresh futures-task v0.3.34
       Fresh slab v0.4.12
       Fresh pstore-types v0.1.0 (/tmp/cargo-mutants-pstore-LM0Dsb.tmp/crates/pstore-types)
       Fresh bytes v1.12.1
       Fresh quote v1.0.47
       Fresh futures-util v0.3.34
       Fresh syn v3.0.5
       Fresh tokio-macros v2.7.2
       Fresh thiserror-impl v2.0.20
       Fresh async-trait v0.1.92
       Fresh thiserror v2.0.20
       Fresh tokio v1.53.1
       Fresh pstore-blob v0.1.0 (/tmp/cargo-mutants-pstore-LM0Dsb.tmp/crates/pstore-blob)
warning: unused variable: `n`
  --> crates/pstore-format/src/codec.rs:61:24
   |
61 |     fn take(&mut self, n: usize) -> Result<&'a [u8], FormatError> {
   |                        ^ help: if this is intentional, prefix it with an underscore: `_n`
   |
   = note: `#[warn(unused_variables)]` on by default

warning: fields `buf` and `pos` are never read
  --> crates/pstore-format/src/codec.rs:52:5
   |
51 | pub(crate) struct Dec<'a> {
   |                   --- fields in this struct
52 |     buf: &'a [u8],
   |     ^^^
53 |     pos: usize,
   |     ^^^
   |
   = note: `Dec` has a derived impl for the trait `Debug`, but this is intentionally ignored during dead code analysis
   = note: `#[warn(dead_code)]` on by default

warning: `pstore-format` (lib) generated 2 warnings
warning: `pstore-format` (lib test) generated 2 warnings (2 duplicates)
       Fresh pstore-format v0.1.0 (/tmp/cargo-mutants-pstore-LM0Dsb.tmp/crates/pstore-format)
    Finished `test` profile [unoptimized + debuginfo] target(s) in 0.07s
     Running `/tmp/cargo-mutants-pstore-LM0Dsb.tmp/target/debug/deps/pstore_format-6c8cb96cbdbdb465`

running 4 tests
test codec::tests::every_primitive_refuses_a_short_buffer_rather_than_panicking ... FAILED
test codec::tests::a_string_field_rejects_invalid_utf8 ... FAILED
test codec::tests::the_checksum_changes_when_any_byte_does ... ok
test codec::tests::every_primitive_round_trips ... FAILED

failures:

---- codec::tests::every_primitive_refuses_a_short_buffer_rather_than_panicking stdout ----

thread 'codec::tests::every_primitive_refuses_a_short_buffer_rather_than_panicking' panicked at crates/pstore-format/src/codec.rs:161:9:
assertion failed: Dec::new(&[]).u8().is_err()

---- codec::tests::a_string_field_rejects_invalid_utf8 stdout ----

thread 'codec::tests::a_string_field_rejects_invalid_utf8' panicked at crates/pstore-format/src/codec.rs:179:9:
assertion failed: matches!(Dec::new(&e.0).string().unwrap_err(), FormatError::Corrupt(_))
note: run with `RUST_BACKTRACE=1` environment variable to display a backtrace

---- codec::tests::every_primitive_round_trips stdout ----

thread 'codec::tests::every_primitive_round_trips' panicked at crates/pstore-format/src/codec.rs:147:9:
assertion `left == right` failed
  left: 1
 right: 7


failures:
    codec::tests::a_string_field_rejects_invalid_utf8
    codec::tests::every_primitive_refuses_a_short_buffer_rather_than_panicking
    codec::tests::every_primitive_round_trips

test result: FAILED. 1 passed; 3 failed; 0 ignored; 0 measured; 0 filtered out; finished in 0.00s

error: test failed, to rerun pass `-p pstore-format --lib`

*** result: Failure(101)
