
*** crates/pstore-format/src/lib.rs:79:33: replace * with /

*** mutation diff:
--- crates/pstore-format/src/lib.rs
+++ replace * with /
@@ -71,17 +71,17 @@
 
 use std::collections::BTreeMap;
 
 /// Bytes fetched by the opening suffix read.
 ///
 /// Larger than the footer on purpose: most indexes are small, and their entire index
 /// section arrives with the footer, saving the second round trip. Too large and every open
 /// over-reads; 8 KiB is roughly the index section of a few-hundred-row segment.
-pub const SUFFIX_FETCH: u64 = 8 * 1024;
+pub const SUFFIX_FETCH: u64 = 8 / /* ~ changed by cargo-mutants ~ */ 1024;
 
 /// Bytes of fixed-size footer at the very end of a segment.
 pub(crate) const FOOTER_LEN: usize = 8 + 2 + 8 + 4 + 4 + 8 + 8;
 
 pub(crate) const MAGIC: &[u8; 8] = b"PSTORESG";
 pub(crate) const VERSION: u16 = 1;
 
 /// An attribute value.


*** /home/tuong/.rustup/toolchains/1.90-x86_64-unknown-linux-gnu/bin/cargo test --no-run --verbose --workspace
       Fresh unicode-ident v1.0.24
       Fresh proc-macro2 v1.0.107
       Fresh quote v1.0.47
       Fresh syn v3.0.5
       Fresh pin-project-lite v0.2.17
       Fresh thiserror-impl v2.0.20
       Fresh tokio-macros v2.7.2
       Fresh futures-task v0.3.34
       Fresh futures-core v0.3.34
       Fresh slab v0.4.12
       Fresh futures-util v0.3.34
       Fresh tokio v1.53.1
       Fresh thiserror v2.0.20
       Fresh async-trait v0.1.92
       Fresh bytes v1.12.1
       Dirty pstore-format v0.1.0 (/tmp/cargo-mutants-pstore-DJ9WhG.tmp/crates/pstore-format): the file `crates/pstore-format/src/lib.rs` has changed (1788644549.320843778s, 5s after last build at 1788644544.556557975s)
   Compiling pstore-format v0.1.0 (/tmp/cargo-mutants-pstore-DJ9WhG.tmp/crates/pstore-format)
     Running `/home/tuong/.rustup/toolchains/1.90-x86_64-unknown-linux-gnu/bin/rustc --crate-name pstore_format --edition=2024 crates/pstore-format/src/lib.rs --error-format=json --json=diagnostic-rendered-ansi,artifacts,future-incompat --crate-type lib --emit=dep-info,metadata,link -C embed-bitcode=no -C debuginfo=2 --warn=rust_2018_idioms '--deny=clippy::unwrap_used' --forbid=unsafe_code --warn=unreachable_pub '--deny=clippy::unimplemented' '--deny=clippy::todo' '--deny=clippy::panic' --warn=missing_docs '--deny=clippy::mem_forget' '--deny=clippy::indexing_slicing' '--deny=clippy::float_cmp' '--deny=clippy::expect_used' '--deny=clippy::dbg_macro' --check-cfg 'cfg(docsrs,test)' --check-cfg 'cfg(feature, values())' -C metadata=01612be049a97498 -C extra-filename=-b47669c15c655435 --out-dir /tmp/cargo-mutants-pstore-DJ9WhG.tmp/target/debug/deps -C incremental=/tmp/cargo-mutants-pstore-DJ9WhG.tmp/target/debug/incremental -L dependency=/tmp/cargo-mutants-pstore-DJ9WhG.tmp/target/debug/deps --extern async_trait=/tmp/cargo-mutants-pstore-DJ9WhG.tmp/target/debug/deps/libasync_trait-efaaae825ff87b5f.so --extern bytes=/tmp/cargo-mutants-pstore-DJ9WhG.tmp/target/debug/deps/libbytes-31b8f712e3be84e8.rmeta --extern futures_util=/tmp/cargo-mutants-pstore-DJ9WhG.tmp/target/debug/deps/libfutures_util-9467758a9490225b.rmeta --extern pstore_blob=/tmp/cargo-mutants-pstore-DJ9WhG.tmp/target/debug/deps/libpstore_blob-a1c846e65fcdfc47.rmeta --extern pstore_types=/tmp/cargo-mutants-pstore-DJ9WhG.tmp/target/debug/deps/libpstore_types-c19df0e60947a156.rmeta --extern thiserror=/tmp/cargo-mutants-pstore-DJ9WhG.tmp/target/debug/deps/libthiserror-a555ba146edbfd98.rmeta`
error[E0080]: attempt to compute `0_usize - 42_usize`, which would overflow
  --> crates/pstore-format/src/writer.rs:42:33
   |
42 | pub const INDEX_BUDGET: usize = crate::SUFFIX_FETCH as usize - FOOTER_LEN;
   |                                 ^^^^^^^^^^^^^^^^^^^^^^^^^^^^^^^^^^^^^^^^^ evaluation of `writer::INDEX_BUDGET` failed here

note: erroneous constant encountered
  --> crates/pstore-format/src/writer.rs:53:27
   |
53 |             index_budget: INDEX_BUDGET,
   |                           ^^^^^^^^^^^^

For more information about this error, try `rustc --explain E0080`.
error: could not compile `pstore-format` (lib) due to 1 previous error

Caused by:
  process didn't exit successfully: `/home/tuong/.rustup/toolchains/1.90-x86_64-unknown-linux-gnu/bin/rustc --crate-name pstore_format --edition=2024 crates/pstore-format/src/lib.rs --error-format=json --json=diagnostic-rendered-ansi,artifacts,future-incompat --crate-type lib --emit=dep-info,metadata,link -C embed-bitcode=no -C debuginfo=2 --warn=rust_2018_idioms '--deny=clippy::unwrap_used' --forbid=unsafe_code --warn=unreachable_pub '--deny=clippy::unimplemented' '--deny=clippy::todo' '--deny=clippy::panic' --warn=missing_docs '--deny=clippy::mem_forget' '--deny=clippy::indexing_slicing' '--deny=clippy::float_cmp' '--deny=clippy::expect_used' '--deny=clippy::dbg_macro' --check-cfg 'cfg(docsrs,test)' --check-cfg 'cfg(feature, values())' -C metadata=01612be049a97498 -C extra-filename=-b47669c15c655435 --out-dir /tmp/cargo-mutants-pstore-DJ9WhG.tmp/target/debug/deps -C incremental=/tmp/cargo-mutants-pstore-DJ9WhG.tmp/target/debug/incremental -L dependency=/tmp/cargo-mutants-pstore-DJ9WhG.tmp/target/debug/deps --extern async_trait=/tmp/cargo-mutants-pstore-DJ9WhG.tmp/target/debug/deps/libasync_trait-efaaae825ff87b5f.so --extern bytes=/tmp/cargo-mutants-pstore-DJ9WhG.tmp/target/debug/deps/libbytes-31b8f712e3be84e8.rmeta --extern futures_util=/tmp/cargo-mutants-pstore-DJ9WhG.tmp/target/debug/deps/libfutures_util-9467758a9490225b.rmeta --extern pstore_blob=/tmp/cargo-mutants-pstore-DJ9WhG.tmp/target/debug/deps/libpstore_blob-a1c846e65fcdfc47.rmeta --extern pstore_types=/tmp/cargo-mutants-pstore-DJ9WhG.tmp/target/debug/deps/libpstore_types-c19df0e60947a156.rmeta --extern thiserror=/tmp/cargo-mutants-pstore-DJ9WhG.tmp/target/debug/deps/libthiserror-a555ba146edbfd98.rmeta` (exit status: 1)

*** result: Failure(101)
