
*** crates/pstore-format/src/docs.rs:13:5: replace encode_docs -> Vec<u8> with vec![1]

*** mutation diff:
--- crates/pstore-format/src/docs.rs
+++ replace encode_docs -> Vec<u8> with vec![1]
@@ -5,40 +5,17 @@
 
 use crate::codec::{Dec, Enc};
 use crate::{Document, FormatError, Value};
 use std::collections::BTreeMap;
 
 /// Encodes documents as a self-delimiting run.
 #[must_use]
 pub fn encode_docs(docs: &[Document]) -> Vec<u8> {
-    let mut e = Enc::default();
-    e.u32(docs.len() as u32);
-    for d in docs {
-        e.bytes(d.id.as_bytes());
-        e.u32(d.vector.len() as u32);
-        for f in &d.vector {
-            e.f32(*f);
-        }
-        e.u32(d.attrs.len() as u32);
-        for (k, v) in &d.attrs {
-            e.bytes(k.as_bytes());
-            match v {
-                Value::Int(n) => {
-                    e.u8(0);
-                    e.i64(*n);
-                }
-                Value::Str(s) => {
-                    e.u8(1);
-                    e.bytes(s.as_bytes());
-                }
-            }
-        }
-    }
-    e.0
+    vec![1] /* ~ changed by cargo-mutants ~ */
 }
 
 /// Decodes a run written by [`encode_docs`], refusing anything malformed.
 pub fn decode_docs(buf: &[u8]) -> Result<Vec<Document>, FormatError> {
     let mut d = Dec::new(buf);
     let n = d.u32()? as usize;
     let mut out = Vec::with_capacity(n.min(1 << 20));
     for _ in 0..n {


*** /home/tuong/.rustup/toolchains/1.90-x86_64-unknown-linux-gnu/bin/cargo test --no-run --verbose --package=pstore-format@0.1.0
       Fresh unicode-ident v1.0.24
       Fresh proc-macro2 v1.0.107
       Fresh quote v1.0.47
       Fresh pin-project-lite v0.2.17
       Fresh syn v3.0.5
       Fresh slab v0.4.12
       Fresh futures-task v0.3.34
       Fresh futures-core v0.3.34
       Fresh bytes v1.12.1
       Fresh pstore-types v0.1.0 (/tmp/cargo-mutants-pstore-Mjz3BR.tmp/crates/pstore-types)
       Fresh tokio-macros v2.7.2
       Fresh thiserror-impl v2.0.20
       Fresh futures-util v0.3.34
       Fresh async-trait v0.1.92
       Fresh thiserror v2.0.20
       Fresh tokio v1.53.1
       Fresh pstore-blob v0.1.0 (/tmp/cargo-mutants-pstore-Mjz3BR.tmp/crates/pstore-blob)
       Dirty pstore-format v0.1.0 (/tmp/cargo-mutants-pstore-Mjz3BR.tmp/crates/pstore-format): the file `crates/pstore-format/src/codec.rs` has changed (1788611765.928925179s, 1s after last build at 1788611764.608832490s)
   Compiling pstore-format v0.1.0 (/tmp/cargo-mutants-pstore-Mjz3BR.tmp/crates/pstore-format)
     Running `/home/tuong/.rustup/toolchains/1.90-x86_64-unknown-linux-gnu/bin/rustc --crate-name pstore_format --edition=2024 crates/pstore-format/src/lib.rs --error-format=json --json=diagnostic-rendered-ansi,artifacts,future-incompat --emit=dep-info,link -C embed-bitcode=no -C debuginfo=2 --warn=rust_2018_idioms '--deny=clippy::unwrap_used' --forbid=unsafe_code --warn=unreachable_pub '--deny=clippy::unimplemented' '--deny=clippy::todo' '--deny=clippy::panic' --warn=missing_docs '--deny=clippy::mem_forget' '--deny=clippy::indexing_slicing' '--deny=clippy::float_cmp' '--deny=clippy::expect_used' '--deny=clippy::dbg_macro' --test --check-cfg 'cfg(docsrs,test)' --check-cfg 'cfg(feature, values())' -C metadata=821cada9fb09dc73 -C extra-filename=-6c8cb96cbdbdb465 --out-dir /tmp/cargo-mutants-pstore-Mjz3BR.tmp/target/debug/deps -C incremental=/tmp/cargo-mutants-pstore-Mjz3BR.tmp/target/debug/incremental -L dependency=/tmp/cargo-mutants-pstore-Mjz3BR.tmp/target/debug/deps --extern async_trait=/tmp/cargo-mutants-pstore-Mjz3BR.tmp/target/debug/deps/libasync_trait-efaaae825ff87b5f.so --extern bytes=/tmp/cargo-mutants-pstore-Mjz3BR.tmp/target/debug/deps/libbytes-31b8f712e3be84e8.rlib --extern pstore_blob=/tmp/cargo-mutants-pstore-Mjz3BR.tmp/target/debug/deps/libpstore_blob-b6cf016c092a0ac2.rlib --extern pstore_types=/tmp/cargo-mutants-pstore-Mjz3BR.tmp/target/debug/deps/libpstore_types-c19df0e60947a156.rlib --extern thiserror=/tmp/cargo-mutants-pstore-Mjz3BR.tmp/target/debug/deps/libthiserror-a555ba146edbfd98.rlib --extern tokio=/tmp/cargo-mutants-pstore-Mjz3BR.tmp/target/debug/deps/libtokio-1c12c7fb7aae7e9d.rlib`
     Running `/home/tuong/.rustup/toolchains/1.90-x86_64-unknown-linux-gnu/bin/rustc --crate-name pstore_format --edition=2024 crates/pstore-format/src/lib.rs --error-format=json --json=diagnostic-rendered-ansi,artifacts,future-incompat --crate-type lib --emit=dep-info,metadata,link -C embed-bitcode=no -C debuginfo=2 --warn=rust_2018_idioms '--deny=clippy::unwrap_used' --forbid=unsafe_code --warn=unreachable_pub '--deny=clippy::unimplemented' '--deny=clippy::todo' '--deny=clippy::panic' --warn=missing_docs '--deny=clippy::mem_forget' '--deny=clippy::indexing_slicing' '--deny=clippy::float_cmp' '--deny=clippy::expect_used' '--deny=clippy::dbg_macro' --check-cfg 'cfg(docsrs,test)' --check-cfg 'cfg(feature, values())' -C metadata=57d28a0e0e46fc90 -C extra-filename=-1275d00aeb99a72a --out-dir /tmp/cargo-mutants-pstore-Mjz3BR.tmp/target/debug/deps -C incremental=/tmp/cargo-mutants-pstore-Mjz3BR.tmp/target/debug/incremental -L dependency=/tmp/cargo-mutants-pstore-Mjz3BR.tmp/target/debug/deps --extern async_trait=/tmp/cargo-mutants-pstore-Mjz3BR.tmp/target/debug/deps/libasync_trait-efaaae825ff87b5f.so --extern bytes=/tmp/cargo-mutants-pstore-Mjz3BR.tmp/target/debug/deps/libbytes-31b8f712e3be84e8.rmeta --extern pstore_blob=/tmp/cargo-mutants-pstore-Mjz3BR.tmp/target/debug/deps/libpstore_blob-b6cf016c092a0ac2.rmeta --extern pstore_types=/tmp/cargo-mutants-pstore-Mjz3BR.tmp/target/debug/deps/libpstore_types-c19df0e60947a156.rmeta --extern thiserror=/tmp/cargo-mutants-pstore-Mjz3BR.tmp/target/debug/deps/libthiserror-a555ba146edbfd98.rmeta`
warning: unused import: `Enc`
 --> crates/pstore-format/src/docs.rs:6:25
  |
6 | use crate::codec::{Dec, Enc};
  |                         ^^^
  |
  = note: `#[warn(unused_imports)]` on by default

warning: unused variable: `docs`
  --> crates/pstore-format/src/docs.rs:12:20
   |
12 | pub fn encode_docs(docs: &[Document]) -> Vec<u8> {
   |                    ^^^^ help: if this is intentional, prefix it with an underscore: `_docs`
   |
   = note: `#[warn(unused_variables)]` on by default

warning: `pstore-format` (lib) generated 2 warnings (run `cargo fix --lib -p pstore-format` to apply 1 suggestion)
     Running `/home/tuong/.rustup/toolchains/1.90-x86_64-unknown-linux-gnu/bin/rustc --crate-name search --edition=2024 crates/pstore-format/tests/search.rs --error-format=json --json=diagnostic-rendered-ansi,artifacts,future-incompat --emit=dep-info,link -C embed-bitcode=no -C debuginfo=2 --warn=rust_2018_idioms '--deny=clippy::unwrap_used' --forbid=unsafe_code --warn=unreachable_pub '--deny=clippy::unimplemented' '--deny=clippy::todo' '--deny=clippy::panic' --warn=missing_docs '--deny=clippy::mem_forget' '--deny=clippy::indexing_slicing' '--deny=clippy::float_cmp' '--deny=clippy::expect_used' '--deny=clippy::dbg_macro' --test --check-cfg 'cfg(docsrs,test)' --check-cfg 'cfg(feature, values())' -C metadata=a12da3018441d499 -C extra-filename=-d4e51932dcef29a0 --out-dir /tmp/cargo-mutants-pstore-Mjz3BR.tmp/target/debug/deps -C incremental=/tmp/cargo-mutants-pstore-Mjz3BR.tmp/target/debug/incremental -L dependency=/tmp/cargo-mutants-pstore-Mjz3BR.tmp/target/debug/deps --extern async_trait=/tmp/cargo-mutants-pstore-Mjz3BR.tmp/target/debug/deps/libasync_trait-efaaae825ff87b5f.so --extern bytes=/tmp/cargo-mutants-pstore-Mjz3BR.tmp/target/debug/deps/libbytes-31b8f712e3be84e8.rlib --extern pstore_blob=/tmp/cargo-mutants-pstore-Mjz3BR.tmp/target/debug/deps/libpstore_blob-b6cf016c092a0ac2.rlib --extern pstore_format=/tmp/cargo-mutants-pstore-Mjz3BR.tmp/target/debug/deps/libpstore_format-1275d00aeb99a72a.rlib --extern pstore_types=/tmp/cargo-mutants-pstore-Mjz3BR.tmp/target/debug/deps/libpstore_types-c19df0e60947a156.rlib --extern thiserror=/tmp/cargo-mutants-pstore-Mjz3BR.tmp/target/debug/deps/libthiserror-a555ba146edbfd98.rlib --extern tokio=/tmp/cargo-mutants-pstore-Mjz3BR.tmp/target/debug/deps/libtokio-1c12c7fb7aae7e9d.rlib`
     Running `/home/tuong/.rustup/toolchains/1.90-x86_64-unknown-linux-gnu/bin/rustc --crate-name corrupt --edition=2024 crates/pstore-format/tests/corrupt.rs --error-format=json --json=diagnostic-rendered-ansi,artifacts,future-incompat --emit=dep-info,link -C embed-bitcode=no -C debuginfo=2 --warn=rust_2018_idioms '--deny=clippy::unwrap_used' --forbid=unsafe_code --warn=unreachable_pub '--deny=clippy::unimplemented' '--deny=clippy::todo' '--deny=clippy::panic' --warn=missing_docs '--deny=clippy::mem_forget' '--deny=clippy::indexing_slicing' '--deny=clippy::float_cmp' '--deny=clippy::expect_used' '--deny=clippy::dbg_macro' --test --check-cfg 'cfg(docsrs,test)' --check-cfg 'cfg(feature, values())' -C metadata=de6f1515f976f7e8 -C extra-filename=-cff173796626ae2c --out-dir /tmp/cargo-mutants-pstore-Mjz3BR.tmp/target/debug/deps -C incremental=/tmp/cargo-mutants-pstore-Mjz3BR.tmp/target/debug/incremental -L dependency=/tmp/cargo-mutants-pstore-Mjz3BR.tmp/target/debug/deps --extern async_trait=/tmp/cargo-mutants-pstore-Mjz3BR.tmp/target/debug/deps/libasync_trait-efaaae825ff87b5f.so --extern bytes=/tmp/cargo-mutants-pstore-Mjz3BR.tmp/target/debug/deps/libbytes-31b8f712e3be84e8.rlib --extern pstore_blob=/tmp/cargo-mutants-pstore-Mjz3BR.tmp/target/debug/deps/libpstore_blob-b6cf016c092a0ac2.rlib --extern pstore_format=/tmp/cargo-mutants-pstore-Mjz3BR.tmp/target/debug/deps/libpstore_format-1275d00aeb99a72a.rlib --extern pstore_types=/tmp/cargo-mutants-pstore-Mjz3BR.tmp/target/debug/deps/libpstore_types-c19df0e60947a156.rlib --extern thiserror=/tmp/cargo-mutants-pstore-Mjz3BR.tmp/target/debug/deps/libthiserror-a555ba146edbfd98.rlib --extern tokio=/tmp/cargo-mutants-pstore-Mjz3BR.tmp/target/debug/deps/libtokio-1c12c7fb7aae7e9d.rlib`
     Running `/home/tuong/.rustup/toolchains/1.90-x86_64-unknown-linux-gnu/bin/rustc --crate-name segment --edition=2024 crates/pstore-format/tests/segment.rs --error-format=json --json=diagnostic-rendered-ansi,artifacts,future-incompat --emit=dep-info,link -C embed-bitcode=no -C debuginfo=2 --warn=rust_2018_idioms '--deny=clippy::unwrap_used' --forbid=unsafe_code --warn=unreachable_pub '--deny=clippy::unimplemented' '--deny=clippy::todo' '--deny=clippy::panic' --warn=missing_docs '--deny=clippy::mem_forget' '--deny=clippy::indexing_slicing' '--deny=clippy::float_cmp' '--deny=clippy::expect_used' '--deny=clippy::dbg_macro' --test --check-cfg 'cfg(docsrs,test)' --check-cfg 'cfg(feature, values())' -C metadata=a243db0e9609e460 -C extra-filename=-a5c2cb1d0b2aa6ef --out-dir /tmp/cargo-mutants-pstore-Mjz3BR.tmp/target/debug/deps -C incremental=/tmp/cargo-mutants-pstore-Mjz3BR.tmp/target/debug/incremental -L dependency=/tmp/cargo-mutants-pstore-Mjz3BR.tmp/target/debug/deps --extern async_trait=/tmp/cargo-mutants-pstore-Mjz3BR.tmp/target/debug/deps/libasync_trait-efaaae825ff87b5f.so --extern bytes=/tmp/cargo-mutants-pstore-Mjz3BR.tmp/target/debug/deps/libbytes-31b8f712e3be84e8.rlib --extern pstore_blob=/tmp/cargo-mutants-pstore-Mjz3BR.tmp/target/debug/deps/libpstore_blob-b6cf016c092a0ac2.rlib --extern pstore_format=/tmp/cargo-mutants-pstore-Mjz3BR.tmp/target/debug/deps/libpstore_format-1275d00aeb99a72a.rlib --extern pstore_types=/tmp/cargo-mutants-pstore-Mjz3BR.tmp/target/debug/deps/libpstore_types-c19df0e60947a156.rlib --extern thiserror=/tmp/cargo-mutants-pstore-Mjz3BR.tmp/target/debug/deps/libthiserror-a555ba146edbfd98.rlib --extern tokio=/tmp/cargo-mutants-pstore-Mjz3BR.tmp/target/debug/deps/libtokio-1c12c7fb7aae7e9d.rlib`
warning: `pstore-format` (lib test) generated 2 warnings (2 duplicates)
    Finished `test` profile [unoptimized + debuginfo] target(s) in 1.00s
  Executable `/tmp/cargo-mutants-pstore-Mjz3BR.tmp/target/debug/deps/pstore_format-6c8cb96cbdbdb465`
  Executable `/tmp/cargo-mutants-pstore-Mjz3BR.tmp/target/debug/deps/corrupt-cff173796626ae2c`
  Executable `/tmp/cargo-mutants-pstore-Mjz3BR.tmp/target/debug/deps/search-d4e51932dcef29a0`
  Executable `/tmp/cargo-mutants-pstore-Mjz3BR.tmp/target/debug/deps/segment-a5c2cb1d0b2aa6ef`

*** result: Success

*** /home/tuong/.rustup/toolchains/1.90-x86_64-unknown-linux-gnu/bin/cargo test --verbose --package=pstore-format@0.1.0
    Blocking waiting for file lock on package cache
       Fresh unicode-ident v1.0.24
       Fresh proc-macro2 v1.0.107
       Fresh pin-project-lite v0.2.17
       Fresh slab v0.4.12
       Fresh futures-core v0.3.34
       Fresh futures-task v0.3.34
       Fresh pstore-types v0.1.0 (/tmp/cargo-mutants-pstore-Mjz3BR.tmp/crates/pstore-types)
       Fresh bytes v1.12.1
       Fresh futures-util v0.3.34
       Fresh quote v1.0.47
       Fresh syn v3.0.5
       Fresh tokio-macros v2.7.2
       Fresh thiserror-impl v2.0.20
       Fresh async-trait v0.1.92
       Fresh thiserror v2.0.20
       Fresh tokio v1.53.1
       Fresh pstore-blob v0.1.0 (/tmp/cargo-mutants-pstore-Mjz3BR.tmp/crates/pstore-blob)
warning: unused import: `Enc`
 --> crates/pstore-format/src/docs.rs:6:25
  |
6 | use crate::codec::{Dec, Enc};
  |                         ^^^
  |
  = note: `#[warn(unused_imports)]` on by default

warning: unused variable: `docs`
  --> crates/pstore-format/src/docs.rs:12:20
   |
12 | pub fn encode_docs(docs: &[Document]) -> Vec<u8> {
   |                    ^^^^ help: if this is intentional, prefix it with an underscore: `_docs`
   |
   = note: `#[warn(unused_variables)]` on by default

warning: `pstore-format` (lib) generated 2 warnings (run `cargo fix --lib -p pstore-format` to apply 1 suggestion)
warning: `pstore-format` (lib test) generated 2 warnings (2 duplicates)
       Fresh pstore-format v0.1.0 (/tmp/cargo-mutants-pstore-Mjz3BR.tmp/crates/pstore-format)
    Finished `test` profile [unoptimized + debuginfo] target(s) in 0.06s
     Running `/tmp/cargo-mutants-pstore-Mjz3BR.tmp/target/debug/deps/pstore_format-6c8cb96cbdbdb465`

running 4 tests
test codec::tests::a_string_field_rejects_invalid_utf8 ... ok
test codec::tests::every_primitive_refuses_a_short_buffer_rather_than_panicking ... ok
test codec::tests::every_primitive_round_trips ... ok
test codec::tests::the_checksum_changes_when_any_byte_does ... ok

test result: ok. 4 passed; 0 failed; 0 ignored; 0 measured; 0 filtered out; finished in 0.00s

     Running `/tmp/cargo-mutants-pstore-Mjz3BR.tmp/target/debug/deps/corrupt-cff173796626ae2c`

running 10 tests
test a_document_starts_with_no_attributes ... ok
test a_future_version_is_refused_rather_than_guessed_at ... ok
test a_scan_of_a_segment_whose_blocks_are_gone_is_an_error ... ok
test a_tampered_index_section_is_caught_by_the_checksum ... ok
test a_truncated_segment_is_an_error ... ok
test filters_match_rows_by_type ... ok
test an_unknown_value_tag_is_an_error ... ok
test filters_prune_only_what_they_provably_can ... ok
test a_missing_segment_is_an_error_not_an_empty_one ... ok
test a_segment_with_an_impossible_block_count_is_refused ... ok

test result: ok. 10 passed; 0 failed; 0 ignored; 0 measured; 0 filtered out; finished in 0.00s

     Running `/tmp/cargo-mutants-pstore-Mjz3BR.tmp/target/debug/deps/search-d4e51932dcef29a0`

running 8 tests
test search_returns_k_results_when_k_exceeds_the_segment ... ok
test a_filter_on_an_unknown_column_matches_nothing_and_prunes_nothing ... ok
test a_string_filter_cannot_prune_but_still_filters ... ok
test search_respects_a_filter ... ok
test search_on_a_dimension_mismatch_is_an_error ... ok
test pruning_does_not_change_the_answer ... ok
test exact_search_matches_a_brute_force_reference ... ok
test zone_maps_skip_blocks_that_cannot_match ... ok

test result: ok. 8 passed; 0 failed; 0 ignored; 0 measured; 0 filtered out; finished in 0.00s

     Running `/tmp/cargo-mutants-pstore-Mjz3BR.tmp/target/debug/deps/segment-a5c2cb1d0b2aa6ef`

running 7 tests
test a_corrupt_footer_is_an_error_not_a_wrong_answer ... ok
test a_segment_round_trips_through_the_blob_store ... ok
test an_empty_segment_is_legal ... ok
test a_small_segment_opens_in_one_read ... ok
test a_segment_is_readable_from_its_key_alone ... ok
test opening_a_cold_segment_costs_at_most_two_reads ... ok
test a_segment_whose_index_section_overflows_the_suffix_takes_two_reads ... ok

test result: ok. 7 passed; 0 failed; 0 ignored; 0 measured; 0 filtered out; finished in 0.04s

   Doc-tests pstore_format
     Running `/home/tuong/.rustup/toolchains/1.90-x86_64-unknown-linux-gnu/bin/rustdoc --edition=2024 --crate-type lib --color auto --crate-name pstore_format --test crates/pstore-format/src/lib.rs --test-run-directory /tmp/cargo-mutants-pstore-Mjz3BR.tmp/crates/pstore-format -L dependency=/tmp/cargo-mutants-pstore-Mjz3BR.tmp/target/debug/deps -L dependency=/tmp/cargo-mutants-pstore-Mjz3BR.tmp/target/debug/deps --warn=rust_2018_idioms '--deny=clippy::unwrap_used' --forbid=unsafe_code --warn=unreachable_pub '--deny=clippy::unimplemented' '--deny=clippy::todo' '--deny=clippy::panic' --warn=missing_docs '--deny=clippy::mem_forget' '--deny=clippy::indexing_slicing' '--deny=clippy::float_cmp' '--deny=clippy::expect_used' '--deny=clippy::dbg_macro' --extern async_trait=/tmp/cargo-mutants-pstore-Mjz3BR.tmp/target/debug/deps/libasync_trait-efaaae825ff87b5f.so --extern bytes=/tmp/cargo-mutants-pstore-Mjz3BR.tmp/target/debug/deps/libbytes-31b8f712e3be84e8.rlib --extern pstore_blob=/tmp/cargo-mutants-pstore-Mjz3BR.tmp/target/debug/deps/libpstore_blob-b6cf016c092a0ac2.rlib --extern pstore_format=/tmp/cargo-mutants-pstore-Mjz3BR.tmp/target/debug/deps/libpstore_format-1275d00aeb99a72a.rlib --extern pstore_types=/tmp/cargo-mutants-pstore-Mjz3BR.tmp/target/debug/deps/libpstore_types-c19df0e60947a156.rlib --extern thiserror=/tmp/cargo-mutants-pstore-Mjz3BR.tmp/target/debug/deps/libthiserror-a555ba146edbfd98.rlib --extern tokio=/tmp/cargo-mutants-pstore-Mjz3BR.tmp/target/debug/deps/libtokio-1c12c7fb7aae7e9d.rlib -C embed-bitcode=no --check-cfg 'cfg(docsrs,test)' --check-cfg 'cfg(feature, values())' --error-format human`

running 0 tests

test result: ok. 0 passed; 0 failed; 0 ignored; 0 measured; 0 filtered out; finished in 0.00s


*** result: Success
