
*** crates/pstore-blob/src/object_store_backend.rs:140:13: delete field range from struct object_store::GetOptions expression in <impl crate::BlobStore for ObjectStoreBackend>::get_suffix

*** mutation diff:
--- crates/pstore-blob/src/object_store_backend.rs
+++ delete field range from struct object_store::GetOptions expression in <impl crate::BlobStore for ObjectStoreBackend>::get_suffix
@@ -132,17 +132,17 @@
             .map_err(Self::map_err)?;
         let tag = CasTag::new(r.meta.e_tag.clone().unwrap_or_default());
         Ok((r.bytes().await.map_err(Self::map_err)?, tag))
     }
 
     async fn get_suffix(&self, key: &Key, n: u64) -> Result<Bytes, BlobError> {
         // `GetRange::Suffix` is `Range: bytes=-N` on the wire. No `head` first.
         let opts = object_store::GetOptions {
-            range: Some(object_store::GetRange::Suffix(n)),
+             /* ~ changed by cargo-mutants ~ */
             ..Default::default()
         };
         self.inner
             .get_opts(&Self::path(key), opts)
             .await
             .map_err(Self::map_err)?
             .bytes()
             .await


*** /home/tuong/.rustup/toolchains/1.90-x86_64-unknown-linux-gnu/bin/cargo test --no-run --verbose --package=pstore-blob@0.1.0
    Blocking waiting for file lock on package cache
       Fresh unicode-ident v1.0.24
       Fresh proc-macro2 v1.0.107
       Fresh quote v1.0.47
       Fresh syn v3.0.5
       Fresh pin-project-lite v0.2.17
       Fresh slab v0.4.12
       Fresh futures-core v0.3.34
       Fresh futures-task v0.3.34
       Fresh bytes v1.12.1
       Fresh pstore-types v0.1.0 (/tmp/cargo-mutants-pstore-LM0Dsb.tmp/crates/pstore-types)
       Fresh thiserror-impl v2.0.20
       Fresh tokio-macros v2.7.2
       Fresh futures-util v0.3.34
       Fresh async-trait v0.1.92
       Fresh thiserror v2.0.20
       Fresh tokio v1.53.1
       Fresh pstore-testkit v0.1.0 (/tmp/cargo-mutants-pstore-LM0Dsb.tmp/crates/pstore-testkit)
       Fresh pstore-blob v0.1.0 (/tmp/cargo-mutants-pstore-LM0Dsb.tmp/crates/pstore-blob)
    Finished `test` profile [unoptimized + debuginfo] target(s) in 0.02s
  Executable `/tmp/cargo-mutants-pstore-LM0Dsb.tmp/target/debug/deps/pstore_blob-beebd50e20890a1c`
  Executable `/tmp/cargo-mutants-pstore-LM0Dsb.tmp/target/debug/deps/accounting-f4906d65a4a0bb28`
  Executable `/tmp/cargo-mutants-pstore-LM0Dsb.tmp/target/debug/deps/cas-4a0e1648b7639c55`
  Executable `/tmp/cargo-mutants-pstore-LM0Dsb.tmp/target/debug/deps/coalescing-07cd275959561fdd`
  Executable `/tmp/cargo-mutants-pstore-LM0Dsb.tmp/target/debug/deps/faults-6ff9c0975fba4475`
  Executable `/tmp/cargo-mutants-pstore-LM0Dsb.tmp/target/debug/deps/object_store_adapter-318667f311816eef`
  Executable `/tmp/cargo-mutants-pstore-LM0Dsb.tmp/target/debug/deps/semantics-498f3631a70a0c40`

*** result: Success

*** /home/tuong/.rustup/toolchains/1.90-x86_64-unknown-linux-gnu/bin/cargo test --verbose --package=pstore-blob@0.1.0
       Fresh unicode-ident v1.0.24
       Fresh pin-project-lite v0.2.17
       Fresh futures-core v0.3.34
       Fresh futures-task v0.3.34
       Fresh slab v0.4.12
       Fresh bytes v1.12.1
       Fresh pstore-types v0.1.0 (/tmp/cargo-mutants-pstore-LM0Dsb.tmp/crates/pstore-types)
       Fresh proc-macro2 v1.0.107
       Fresh futures-util v0.3.34
       Fresh quote v1.0.47
       Fresh syn v3.0.5
       Fresh thiserror-impl v2.0.20
       Fresh tokio-macros v2.7.2
       Fresh async-trait v0.1.92
       Fresh tokio v1.53.1
       Fresh thiserror v2.0.20
       Fresh pstore-testkit v0.1.0 (/tmp/cargo-mutants-pstore-LM0Dsb.tmp/crates/pstore-testkit)
       Fresh pstore-blob v0.1.0 (/tmp/cargo-mutants-pstore-LM0Dsb.tmp/crates/pstore-blob)
    Finished `test` profile [unoptimized + debuginfo] target(s) in 0.02s
     Running `/tmp/cargo-mutants-pstore-LM0Dsb.tmp/target/debug/deps/pstore_blob-beebd50e20890a1c`

running 4 tests
test coalesce::tests::a_contained_range_does_not_underflow_the_gap ... ok
test coalesce::tests::a_zero_gap_merges_only_touching_ranges ... ok
test coalesce::tests::empty_input_plans_nothing ... ok
test coalesce::tests::empty_ranges_are_dropped ... ok

test result: ok. 4 passed; 0 failed; 0 ignored; 0 measured; 0 filtered out; finished in 0.00s

     Running `/tmp/cargo-mutants-pstore-LM0Dsb.tmp/target/debug/deps/accounting-f4906d65a4a0bb28`

running 4 tests
test accounting_separates_read_write_and_list_classes ... ok
test accounting_counts_one_write_per_put ... ok
test a_failed_conditional_write_is_still_billed ... ok
test accounting_is_per_tenant ... ok

test result: ok. 4 passed; 0 failed; 0 ignored; 0 measured; 0 filtered out; finished in 0.00s

     Running `/tmp/cargo-mutants-pstore-LM0Dsb.tmp/target/debug/deps/cas-4a0e1648b7639c55`

running 5 tests
test cas_lost_and_contended_are_distinct ... ok
test cas_rejects_stale_tag ... ok
test create_if_absent_rejects_second_write ... ok
test get_range_returns_the_requested_slice ... ok
test delete_batch_removes_only_the_named_keys ... ok

test result: ok. 5 passed; 0 failed; 0 ignored; 0 measured; 0 filtered out; finished in 0.00s

     Running `/tmp/cargo-mutants-pstore-LM0Dsb.tmp/target/debug/deps/coalescing-07cd275959561fdd`

running 8 tests
test a_single_far_range_is_offset_correctly ... ok
test coalescing_actually_saves_requests ... ok
test coalesced_reads_equal_separate_reads ... ok
test coalescing_merges_ranges_closer_than_the_gap ... ok
test coalescing_never_issues_more_requests_than_ranges ... ok
test coalescing_respects_the_gap_threshold ... ok
test ranges_out_of_order_are_returned_in_the_order_asked ... ok
test slices_are_offset_from_the_fetch_start_not_the_object_start ... ok

test result: ok. 8 passed; 0 failed; 0 ignored; 0 measured; 0 filtered out; finished in 0.00s

     Running `/tmp/cargo-mutants-pstore-LM0Dsb.tmp/target/debug/deps/faults-6ff9c0975fba4475`

running 10 tests
test a_zero_rate_injects_nothing ... ok
test an_injected_write_fault_does_not_reach_the_backend ... ok
test each_fault_kind_is_injected_independently ... ok
test recovery_is_additive_and_slow ... ok
test the_retry_delay_is_exponential_and_capped ... ok
test same_seed_reproduces_the_same_failures ... ok
test a_slow_down_halves_the_limit_rather_than_merely_lowering_it ... ok
test a_transient_slowdown_is_retried_and_succeeds ... ok
test retries_are_bounded ... ok
test slowdown_reduces_concurrency_then_recovers ... ok

test result: ok. 10 passed; 0 failed; 0 ignored; 0 measured; 0 filtered out; finished in 0.02s

     Running `/tmp/cargo-mutants-pstore-LM0Dsb.tmp/target/debug/deps/object_store_adapter-318667f311816eef`

running 0 tests

test result: ok. 0 passed; 0 failed; 0 ignored; 0 measured; 0 filtered out; finished in 0.00s

     Running `/tmp/cargo-mutants-pstore-LM0Dsb.tmp/target/debug/deps/semantics-498f3631a70a0c40`

running 15 tests
test a_full_length_range_is_legal ... ok
test a_key_displays_as_the_path_it_will_be_fetched_from ... ok
test a_batch_delete_over_the_backend_limit_is_refused ... ok
test an_empty_range_is_legal_and_returns_nothing ... ok
test cas_against_a_deleted_object_is_refused ... ok
test cas_with_a_fabricated_tag_is_refused ... ok
test get_ranges_of_nothing_is_not_a_request ... ok
test get_ranges_propagates_a_read_error ... ok
test content_hash_tags_exhibit_the_aba_hazard ... ok
test capabilities_name_the_backend_and_its_tag_style ... ok
test a_range_past_the_end_is_an_error_not_a_short_read ... ok
test get_tag_reports_the_current_tag_and_none_when_absent ... ok
test head_reports_size_without_the_body ... ok
test list_is_prefix_filtered ... ok
test monotonic_tags_are_immune_to_aba ... ok

test result: ok. 15 passed; 0 failed; 0 ignored; 0 measured; 0 filtered out; finished in 0.00s

   Doc-tests pstore_blob
     Running `/home/tuong/.rustup/toolchains/1.90-x86_64-unknown-linux-gnu/bin/rustdoc --edition=2024 --crate-type lib --color auto --crate-name pstore_blob --test crates/pstore-blob/src/lib.rs --test-run-directory /tmp/cargo-mutants-pstore-LM0Dsb.tmp/crates/pstore-blob -L dependency=/tmp/cargo-mutants-pstore-LM0Dsb.tmp/target/debug/deps -L dependency=/tmp/cargo-mutants-pstore-LM0Dsb.tmp/target/debug/deps --warn=rust_2018_idioms '--deny=clippy::unwrap_used' --forbid=unsafe_code --warn=unreachable_pub '--deny=clippy::unimplemented' '--deny=clippy::todo' '--deny=clippy::panic' --warn=missing_docs '--deny=clippy::mem_forget' '--deny=clippy::indexing_slicing' '--deny=clippy::float_cmp' '--deny=clippy::expect_used' '--deny=clippy::dbg_macro' --extern async_trait=/tmp/cargo-mutants-pstore-LM0Dsb.tmp/target/debug/deps/libasync_trait-efaaae825ff87b5f.so --extern bytes=/tmp/cargo-mutants-pstore-LM0Dsb.tmp/target/debug/deps/libbytes-31b8f712e3be84e8.rlib --extern futures_util=/tmp/cargo-mutants-pstore-LM0Dsb.tmp/target/debug/deps/libfutures_util-9467758a9490225b.rlib --extern pstore_blob=/tmp/cargo-mutants-pstore-LM0Dsb.tmp/target/debug/deps/libpstore_blob-a1c846e65fcdfc47.rlib --extern pstore_testkit=/tmp/cargo-mutants-pstore-LM0Dsb.tmp/target/debug/deps/libpstore_testkit-c70127229fd98aeb.rlib --extern pstore_types=/tmp/cargo-mutants-pstore-LM0Dsb.tmp/target/debug/deps/libpstore_types-c19df0e60947a156.rlib --extern thiserror=/tmp/cargo-mutants-pstore-LM0Dsb.tmp/target/debug/deps/libthiserror-a555ba146edbfd98.rlib --extern tokio=/tmp/cargo-mutants-pstore-LM0Dsb.tmp/target/debug/deps/libtokio-c4794fa7272c7af3.rlib -C embed-bitcode=no --check-cfg 'cfg(docsrs,test)' --check-cfg 'cfg(feature, values("object_store"))' --error-format human`

running 0 tests

test result: ok. 0 passed; 0 failed; 0 ignored; 0 measured; 0 filtered out; finished in 0.00s


*** result: Success
