
*** crates/pstore-format/src/writer.rs:95:9: replace SegmentWriter::with_raw_section -> Self with Default::default()

*** mutation diff:
--- crates/pstore-format/src/writer.rs
+++ replace SegmentWriter::with_raw_section -> Self with Default::default()
@@ -87,18 +87,17 @@
     ///
     /// Exists to build a segment "from the future", which is the only way to check that a
     /// reader skips what it does not recognise. Forward compatibility that cannot be tested
     /// is a promise, and segments are immutable, so old readers meet new segments for
     /// years.
     #[doc(hidden)]
     #[must_use]
     pub fn with_raw_section(mut self, id: u16, bytes: Vec<u8>) -> Self {
-        self.raw_extra.push((id, bytes));
-        self
+        Default::default() /* ~ changed by cargo-mutants ~ */
     }
 
     /// Adds a document.
     ///
     /// Buffered rather than sealed on the spot: the block size cannot be chosen until the
     /// row count is known, and choosing it eagerly is what made the index section unbounded.
     pub fn push(&mut self, doc: Document) {
         self.docs.push(doc);


*** /home/tuong/.rustup/toolchains/1.90-x86_64-unknown-linux-gnu/bin/cargo test --no-run --verbose --workspace
    Blocking waiting for file lock on package cache
    Blocking waiting for file lock on package cache
       Fresh unicode-ident v1.0.24
       Fresh proc-macro2 v1.0.107
       Fresh quote v1.0.47
       Fresh syn v3.0.5
       Fresh pin-project-lite v0.2.17
       Fresh thiserror-impl v2.0.20
       Fresh tokio-macros v2.7.2
       Fresh futures-core v0.3.34
       Fresh slab v0.4.12
       Fresh futures-task v0.3.34
       Fresh futures-util v0.3.34
       Fresh tokio v1.53.1
       Fresh thiserror v2.0.20
       Fresh async-trait v0.1.92
       Fresh bytes v1.12.1
       Dirty pstore-format v0.1.0 (/tmp/cargo-mutants-pstore-yddpDt.tmp/crates/pstore-format): couldn't read metadata for file `target/debug/deps/libpstore_format-b47669c15c655435.rlib`
   Compiling pstore-format v0.1.0 (/tmp/cargo-mutants-pstore-yddpDt.tmp/crates/pstore-format)
     Running `/home/tuong/.rustup/toolchains/1.90-x86_64-unknown-linux-gnu/bin/rustc --crate-name pstore_format --edition=2024 crates/pstore-format/src/lib.rs --error-format=json --json=diagnostic-rendered-ansi,artifacts,future-incompat --crate-type lib --emit=dep-info,metadata,link -C embed-bitcode=no -C debuginfo=2 --warn=rust_2018_idioms '--deny=clippy::unwrap_used' --forbid=unsafe_code --warn=unreachable_pub '--deny=clippy::unimplemented' '--deny=clippy::todo' '--deny=clippy::panic' --warn=missing_docs '--deny=clippy::mem_forget' '--deny=clippy::indexing_slicing' '--deny=clippy::float_cmp' '--deny=clippy::expect_used' '--deny=clippy::dbg_macro' --check-cfg 'cfg(docsrs,test)' --check-cfg 'cfg(feature, values())' -C metadata=01612be049a97498 -C extra-filename=-b47669c15c655435 --out-dir /tmp/cargo-mutants-pstore-yddpDt.tmp/target/debug/deps -C incremental=/tmp/cargo-mutants-pstore-yddpDt.tmp/target/debug/incremental -L dependency=/tmp/cargo-mutants-pstore-yddpDt.tmp/target/debug/deps --extern async_trait=/tmp/cargo-mutants-pstore-yddpDt.tmp/target/debug/deps/libasync_trait-efaaae825ff87b5f.so --extern bytes=/tmp/cargo-mutants-pstore-yddpDt.tmp/target/debug/deps/libbytes-31b8f712e3be84e8.rmeta --extern futures_util=/tmp/cargo-mutants-pstore-yddpDt.tmp/target/debug/deps/libfutures_util-9467758a9490225b.rmeta --extern pstore_blob=/tmp/cargo-mutants-pstore-yddpDt.tmp/target/debug/deps/libpstore_blob-a1c846e65fcdfc47.rmeta --extern pstore_types=/tmp/cargo-mutants-pstore-yddpDt.tmp/target/debug/deps/libpstore_types-c19df0e60947a156.rmeta --extern thiserror=/tmp/cargo-mutants-pstore-yddpDt.tmp/target/debug/deps/libthiserror-a555ba146edbfd98.rmeta`
       Fresh pstore-blob v0.1.0 (/tmp/cargo-mutants-pstore-yddpDt.tmp/crates/pstore-blob)
       Fresh pstore-testkit v0.1.0 (/tmp/cargo-mutants-pstore-yddpDt.tmp/crates/pstore-testkit)
       Fresh pstore-types v0.1.0 (/tmp/cargo-mutants-pstore-yddpDt.tmp/crates/pstore-types)
     Running `/home/tuong/.rustup/toolchains/1.90-x86_64-unknown-linux-gnu/bin/rustc --crate-name pstore_format --edition=2024 crates/pstore-format/src/lib.rs --error-format=json --json=diagnostic-rendered-ansi,artifacts,future-incompat --emit=dep-info,link -C embed-bitcode=no -C debuginfo=2 --warn=rust_2018_idioms '--deny=clippy::unwrap_used' --forbid=unsafe_code --warn=unreachable_pub '--deny=clippy::unimplemented' '--deny=clippy::todo' '--deny=clippy::panic' --warn=missing_docs '--deny=clippy::mem_forget' '--deny=clippy::indexing_slicing' '--deny=clippy::float_cmp' '--deny=clippy::expect_used' '--deny=clippy::dbg_macro' --test --check-cfg 'cfg(docsrs,test)' --check-cfg 'cfg(feature, values())' -C metadata=a754d8b7b402e13f -C extra-filename=-222b2d320583739b --out-dir /tmp/cargo-mutants-pstore-yddpDt.tmp/target/debug/deps -C incremental=/tmp/cargo-mutants-pstore-yddpDt.tmp/target/debug/incremental -L dependency=/tmp/cargo-mutants-pstore-yddpDt.tmp/target/debug/deps --extern async_trait=/tmp/cargo-mutants-pstore-yddpDt.tmp/target/debug/deps/libasync_trait-efaaae825ff87b5f.so --extern bytes=/tmp/cargo-mutants-pstore-yddpDt.tmp/target/debug/deps/libbytes-31b8f712e3be84e8.rlib --extern futures_util=/tmp/cargo-mutants-pstore-yddpDt.tmp/target/debug/deps/libfutures_util-9467758a9490225b.rlib --extern pstore_blob=/tmp/cargo-mutants-pstore-yddpDt.tmp/target/debug/deps/libpstore_blob-a1c846e65fcdfc47.rlib --extern pstore_types=/tmp/cargo-mutants-pstore-yddpDt.tmp/target/debug/deps/libpstore_types-c19df0e60947a156.rlib --extern thiserror=/tmp/cargo-mutants-pstore-yddpDt.tmp/target/debug/deps/libthiserror-a555ba146edbfd98.rlib --extern tokio=/tmp/cargo-mutants-pstore-yddpDt.tmp/target/debug/deps/libtokio-c4794fa7272c7af3.rlib`
error[E0277]: the trait bound `SegmentWriter: Default` is not satisfied
  --> crates/pstore-format/src/writer.rs:95:9
   |
95 |         Default::default() /* ~ changed by cargo-mutants ~ */
   |         ^^^^^^^^^^^^^^^^^^ the trait `Default` is not implemented for `SegmentWriter`
   |
help: consider annotating `SegmentWriter` with `#[derive(Default)]`
   |
21 + #[derive(Default)]
22 | pub struct SegmentWriter {
   |

For more information about this error, try `rustc --explain E0277`.
error: could not compile `pstore-format` (lib) due to 1 previous error

Caused by:
  process didn't exit successfully: `/home/tuong/.rustup/toolchains/1.90-x86_64-unknown-linux-gnu/bin/rustc --crate-name pstore_format --edition=2024 crates/pstore-format/src/lib.rs --error-format=json --json=diagnostic-rendered-ansi,artifacts,future-incompat --crate-type lib --emit=dep-info,metadata,link -C embed-bitcode=no -C debuginfo=2 --warn=rust_2018_idioms '--deny=clippy::unwrap_used' --forbid=unsafe_code --warn=unreachable_pub '--deny=clippy::unimplemented' '--deny=clippy::todo' '--deny=clippy::panic' --warn=missing_docs '--deny=clippy::mem_forget' '--deny=clippy::indexing_slicing' '--deny=clippy::float_cmp' '--deny=clippy::expect_used' '--deny=clippy::dbg_macro' --check-cfg 'cfg(docsrs,test)' --check-cfg 'cfg(feature, values())' -C metadata=01612be049a97498 -C extra-filename=-b47669c15c655435 --out-dir /tmp/cargo-mutants-pstore-yddpDt.tmp/target/debug/deps -C incremental=/tmp/cargo-mutants-pstore-yddpDt.tmp/target/debug/incremental -L dependency=/tmp/cargo-mutants-pstore-yddpDt.tmp/target/debug/deps --extern async_trait=/tmp/cargo-mutants-pstore-yddpDt.tmp/target/debug/deps/libasync_trait-efaaae825ff87b5f.so --extern bytes=/tmp/cargo-mutants-pstore-yddpDt.tmp/target/debug/deps/libbytes-31b8f712e3be84e8.rmeta --extern futures_util=/tmp/cargo-mutants-pstore-yddpDt.tmp/target/debug/deps/libfutures_util-9467758a9490225b.rmeta --extern pstore_blob=/tmp/cargo-mutants-pstore-yddpDt.tmp/target/debug/deps/libpstore_blob-a1c846e65fcdfc47.rmeta --extern pstore_types=/tmp/cargo-mutants-pstore-yddpDt.tmp/target/debug/deps/libpstore_types-c19df0e60947a156.rmeta --extern thiserror=/tmp/cargo-mutants-pstore-yddpDt.tmp/target/debug/deps/libthiserror-a555ba146edbfd98.rmeta` (exit status: 1)
warning: build failed, waiting for other jobs to finish...
error: could not compile `pstore-format` (lib test) due to 1 previous error

Caused by:
  process didn't exit successfully: `/home/tuong/.rustup/toolchains/1.90-x86_64-unknown-linux-gnu/bin/rustc --crate-name pstore_format --edition=2024 crates/pstore-format/src/lib.rs --error-format=json --json=diagnostic-rendered-ansi,artifacts,future-incompat --emit=dep-info,link -C embed-bitcode=no -C debuginfo=2 --warn=rust_2018_idioms '--deny=clippy::unwrap_used' --forbid=unsafe_code --warn=unreachable_pub '--deny=clippy::unimplemented' '--deny=clippy::todo' '--deny=clippy::panic' --warn=missing_docs '--deny=clippy::mem_forget' '--deny=clippy::indexing_slicing' '--deny=clippy::float_cmp' '--deny=clippy::expect_used' '--deny=clippy::dbg_macro' --test --check-cfg 'cfg(docsrs,test)' --check-cfg 'cfg(feature, values())' -C metadata=a754d8b7b402e13f -C extra-filename=-222b2d320583739b --out-dir /tmp/cargo-mutants-pstore-yddpDt.tmp/target/debug/deps -C incremental=/tmp/cargo-mutants-pstore-yddpDt.tmp/target/debug/incremental -L dependency=/tmp/cargo-mutants-pstore-yddpDt.tmp/target/debug/deps --extern async_trait=/tmp/cargo-mutants-pstore-yddpDt.tmp/target/debug/deps/libasync_trait-efaaae825ff87b5f.so --extern bytes=/tmp/cargo-mutants-pstore-yddpDt.tmp/target/debug/deps/libbytes-31b8f712e3be84e8.rlib --extern futures_util=/tmp/cargo-mutants-pstore-yddpDt.tmp/target/debug/deps/libfutures_util-9467758a9490225b.rlib --extern pstore_blob=/tmp/cargo-mutants-pstore-yddpDt.tmp/target/debug/deps/libpstore_blob-a1c846e65fcdfc47.rlib --extern pstore_types=/tmp/cargo-mutants-pstore-yddpDt.tmp/target/debug/deps/libpstore_types-c19df0e60947a156.rlib --extern thiserror=/tmp/cargo-mutants-pstore-yddpDt.tmp/target/debug/deps/libthiserror-a555ba146edbfd98.rlib --extern tokio=/tmp/cargo-mutants-pstore-yddpDt.tmp/target/debug/deps/libtokio-c4794fa7272c7af3.rlib` (exit status: 1)

*** result: Failure(101)
