
*** crates/pstore-types/src/lib.rs:46:9: replace Epoch::next -> Self with Default::default()

*** mutation diff:
--- crates/pstore-types/src/lib.rs
+++ replace Epoch::next -> Self with Default::default()
@@ -38,17 +38,17 @@
 impl Epoch {
     /// The epoch of a tenant that has never committed.
     pub const ZERO: Self = Self(0);
 
     /// The next epoch. Saturating, because an epoch must never wrap: wrapping would
     /// let a stale writer's CAS succeed against a future state.
     #[must_use]
     pub const fn next(self) -> Self {
-        Self(self.0.saturating_add(1))
+        Default::default() /* ~ changed by cargo-mutants ~ */
     }
 }
 
 /// A single-writer append-only WAL stream, owned by one node.
 ///
 /// Lanes are what keep bulk writes off the CAS path: N writers use N lanes and never
 /// contend. Ordering is established at read time by merging lanes, not at write time
 /// by serialising writers.


*** /home/tuong/.rustup/toolchains/1.90-x86_64-unknown-linux-gnu/bin/cargo test --no-run --verbose --workspace
       Fresh unicode-ident v1.0.24
       Fresh proc-macro2 v1.0.107
       Fresh pin-project-lite v0.2.17
       Fresh slab v0.4.12
       Dirty pstore-types v0.1.0 (/tmp/cargo-mutants-pstore-DJ9WhG.tmp/crates/pstore-types): the file `crates/pstore-types/src/lib.rs` has changed (1788646191.705217327s, 37m 54s after last build at 1788643917.141164233s)
   Compiling pstore-types v0.1.0 (/tmp/cargo-mutants-pstore-DJ9WhG.tmp/crates/pstore-types)
       Fresh futures-core v0.3.34
       Fresh futures-task v0.3.34
       Fresh bytes v1.12.1
       Fresh futures-util v0.3.34
     Running `/home/tuong/.rustup/toolchains/1.90-x86_64-unknown-linux-gnu/bin/rustc --crate-name pstore_types --edition=2024 crates/pstore-types/src/lib.rs --error-format=json --json=diagnostic-rendered-ansi,artifacts,future-incompat --crate-type lib --emit=dep-info,metadata,link -C embed-bitcode=no -C debuginfo=2 --warn=rust_2018_idioms '--deny=clippy::unwrap_used' --forbid=unsafe_code --warn=unreachable_pub '--deny=clippy::unimplemented' '--deny=clippy::todo' '--deny=clippy::panic' --warn=missing_docs '--deny=clippy::mem_forget' '--deny=clippy::indexing_slicing' '--deny=clippy::float_cmp' '--deny=clippy::expect_used' '--deny=clippy::dbg_macro' --check-cfg 'cfg(docsrs,test)' --check-cfg 'cfg(feature, values())' -C metadata=8e75c1784602381c -C extra-filename=-c19df0e60947a156 --out-dir /tmp/cargo-mutants-pstore-DJ9WhG.tmp/target/debug/deps -C incremental=/tmp/cargo-mutants-pstore-DJ9WhG.tmp/target/debug/incremental -L dependency=/tmp/cargo-mutants-pstore-DJ9WhG.tmp/target/debug/deps`
     Running `/home/tuong/.rustup/toolchains/1.90-x86_64-unknown-linux-gnu/bin/rustc --crate-name pstore_types --edition=2024 crates/pstore-types/src/lib.rs --error-format=json --json=diagnostic-rendered-ansi,artifacts,future-incompat --emit=dep-info,link -C embed-bitcode=no -C debuginfo=2 --warn=rust_2018_idioms '--deny=clippy::unwrap_used' --forbid=unsafe_code --warn=unreachable_pub '--deny=clippy::unimplemented' '--deny=clippy::todo' '--deny=clippy::panic' --warn=missing_docs '--deny=clippy::mem_forget' '--deny=clippy::indexing_slicing' '--deny=clippy::float_cmp' '--deny=clippy::expect_used' '--deny=clippy::dbg_macro' --test --check-cfg 'cfg(docsrs,test)' --check-cfg 'cfg(feature, values())' -C metadata=0797840b733e1881 -C extra-filename=-ac8d1ba0068fec8f --out-dir /tmp/cargo-mutants-pstore-DJ9WhG.tmp/target/debug/deps -C incremental=/tmp/cargo-mutants-pstore-DJ9WhG.tmp/target/debug/incremental -L dependency=/tmp/cargo-mutants-pstore-DJ9WhG.tmp/target/debug/deps`
       Fresh quote v1.0.47
       Fresh syn v3.0.5
       Fresh tokio-macros v2.7.2
       Fresh thiserror-impl v2.0.20
       Fresh async-trait v0.1.92
       Fresh thiserror v2.0.20
       Fresh tokio v1.53.1
error[E0015]: cannot call non-const associated function `<Epoch as Default>::default` in constant functions
  --> crates/pstore-types/src/lib.rs:46:9
   |
46 |         Default::default() /* ~ changed by cargo-mutants ~ */
   |         ^^^^^^^^^^^^^^^^^^
   |
   = note: calls in constant functions are limited to constant functions, tuple structs and tuple variants

For more information about this error, try `rustc --explain E0015`.
error: could not compile `pstore-types` (lib test) due to 1 previous error

Caused by:
  process didn't exit successfully: `/home/tuong/.rustup/toolchains/1.90-x86_64-unknown-linux-gnu/bin/rustc --crate-name pstore_types --edition=2024 crates/pstore-types/src/lib.rs --error-format=json --json=diagnostic-rendered-ansi,artifacts,future-incompat --emit=dep-info,link -C embed-bitcode=no -C debuginfo=2 --warn=rust_2018_idioms '--deny=clippy::unwrap_used' --forbid=unsafe_code --warn=unreachable_pub '--deny=clippy::unimplemented' '--deny=clippy::todo' '--deny=clippy::panic' --warn=missing_docs '--deny=clippy::mem_forget' '--deny=clippy::indexing_slicing' '--deny=clippy::float_cmp' '--deny=clippy::expect_used' '--deny=clippy::dbg_macro' --test --check-cfg 'cfg(docsrs,test)' --check-cfg 'cfg(feature, values())' -C metadata=0797840b733e1881 -C extra-filename=-ac8d1ba0068fec8f --out-dir /tmp/cargo-mutants-pstore-DJ9WhG.tmp/target/debug/deps -C incremental=/tmp/cargo-mutants-pstore-DJ9WhG.tmp/target/debug/incremental -L dependency=/tmp/cargo-mutants-pstore-DJ9WhG.tmp/target/debug/deps` (exit status: 1)
warning: build failed, waiting for other jobs to finish...
error: could not compile `pstore-types` (lib) due to 1 previous error

Caused by:
  process didn't exit successfully: `/home/tuong/.rustup/toolchains/1.90-x86_64-unknown-linux-gnu/bin/rustc --crate-name pstore_types --edition=2024 crates/pstore-types/src/lib.rs --error-format=json --json=diagnostic-rendered-ansi,artifacts,future-incompat --crate-type lib --emit=dep-info,metadata,link -C embed-bitcode=no -C debuginfo=2 --warn=rust_2018_idioms '--deny=clippy::unwrap_used' --forbid=unsafe_code --warn=unreachable_pub '--deny=clippy::unimplemented' '--deny=clippy::todo' '--deny=clippy::panic' --warn=missing_docs '--deny=clippy::mem_forget' '--deny=clippy::indexing_slicing' '--deny=clippy::float_cmp' '--deny=clippy::expect_used' '--deny=clippy::dbg_macro' --check-cfg 'cfg(docsrs,test)' --check-cfg 'cfg(feature, values())' -C metadata=8e75c1784602381c -C extra-filename=-c19df0e60947a156 --out-dir /tmp/cargo-mutants-pstore-DJ9WhG.tmp/target/debug/deps -C incremental=/tmp/cargo-mutants-pstore-DJ9WhG.tmp/target/debug/incremental -L dependency=/tmp/cargo-mutants-pstore-DJ9WhG.tmp/target/debug/deps` (exit status: 1)

*** result: Failure(101)
