
*** crates/pstore-engine/src/bundle.rs:145:5: replace read_entry -> Result<Vec<Document>, EngineError> with Ok(vec![Default::default()])

*** mutation diff:
--- crates/pstore-engine/src/bundle.rs
+++ replace read_entry -> Result<Vec<Document>, EngineError> with Ok(vec![Default::default()])
@@ -137,15 +137,10 @@
         );
         out.insert(name, Entry { offset, len, docs });
     }
     Ok(out)
 }
 
 /// One index's documents, decoded from its slice of a bundle.
 pub(crate) fn read_entry(buf: &[u8], e: &Entry) -> Result<Vec<Document>, EngineError> {
-    let start = e.offset as usize;
-    let end = start
-        .checked_add(e.len as usize)
-        .ok_or(EngineError::CorruptBundle)?;
-    let run = buf.get(start..end).ok_or(EngineError::CorruptBundle)?;
-    Ok(decode_docs(run)?)
+    Ok(vec![Default::default()]) /* ~ changed by cargo-mutants ~ */
 }


*** /home/tuong/.rustup/toolchains/1.90-x86_64-unknown-linux-gnu/bin/cargo test --no-run --verbose --workspace
       Fresh unicode-ident v1.0.24
       Fresh proc-macro2 v1.0.107
       Fresh quote v1.0.47
       Fresh syn v3.0.5
       Fresh pin-project-lite v0.2.17
       Fresh thiserror-impl v2.0.20
       Fresh tokio-macros v2.7.2
       Fresh slab v0.4.12
       Fresh futures-task v0.3.34
       Fresh futures-core v0.3.34
       Fresh futures-util v0.3.34
       Fresh tokio v1.53.1
       Fresh thiserror v2.0.20
       Fresh async-trait v0.1.92
       Fresh bytes v1.12.1
       Dirty pstore-engine v0.1.0 (/tmp/cargo-mutants-pstore-9mUODO.tmp/crates/pstore-engine): the file `crates/pstore-engine/src/bundle.rs` has changed (1788615132.227574270s, 1s after last build at 1788615131.239500845s)
   Compiling pstore-engine v0.1.0 (/tmp/cargo-mutants-pstore-9mUODO.tmp/crates/pstore-engine)
     Running `/home/tuong/.rustup/toolchains/1.90-x86_64-unknown-linux-gnu/bin/rustc --crate-name pstore_engine --edition=2024 crates/pstore-engine/src/lib.rs --error-format=json --json=diagnostic-rendered-ansi,artifacts,future-incompat --crate-type lib --emit=dep-info,metadata,link -C embed-bitcode=no -C debuginfo=2 --warn=rust_2018_idioms '--deny=clippy::unwrap_used' --forbid=unsafe_code --warn=unreachable_pub '--deny=clippy::unimplemented' '--deny=clippy::todo' '--deny=clippy::panic' --warn=missing_docs '--deny=clippy::mem_forget' '--deny=clippy::indexing_slicing' '--deny=clippy::float_cmp' '--deny=clippy::expect_used' '--deny=clippy::dbg_macro' --check-cfg 'cfg(docsrs,test)' --check-cfg 'cfg(feature, values())' -C metadata=446648b18a245ce2 -C extra-filename=-57ca2718b28a8562 --out-dir /tmp/cargo-mutants-pstore-9mUODO.tmp/target/debug/deps -C incremental=/tmp/cargo-mutants-pstore-9mUODO.tmp/target/debug/incremental -L dependency=/tmp/cargo-mutants-pstore-9mUODO.tmp/target/debug/deps --extern bytes=/tmp/cargo-mutants-pstore-9mUODO.tmp/target/debug/deps/libbytes-31b8f712e3be84e8.rmeta --extern futures_util=/tmp/cargo-mutants-pstore-9mUODO.tmp/target/debug/deps/libfutures_util-9467758a9490225b.rmeta --extern pstore_blob=/tmp/cargo-mutants-pstore-9mUODO.tmp/target/debug/deps/libpstore_blob-a1c846e65fcdfc47.rmeta --extern pstore_format=/tmp/cargo-mutants-pstore-9mUODO.tmp/target/debug/deps/libpstore_format-915614e952a6fbe8.rmeta --extern pstore_types=/tmp/cargo-mutants-pstore-9mUODO.tmp/target/debug/deps/libpstore_types-c19df0e60947a156.rmeta --extern thiserror=/tmp/cargo-mutants-pstore-9mUODO.tmp/target/debug/deps/libthiserror-a555ba146edbfd98.rmeta --extern tokio=/tmp/cargo-mutants-pstore-9mUODO.tmp/target/debug/deps/libtokio-c4794fa7272c7af3.rmeta`
     Running `/home/tuong/.rustup/toolchains/1.90-x86_64-unknown-linux-gnu/bin/rustc --crate-name pstore_engine --edition=2024 crates/pstore-engine/src/lib.rs --error-format=json --json=diagnostic-rendered-ansi,artifacts,future-incompat --emit=dep-info,link -C embed-bitcode=no -C debuginfo=2 --warn=rust_2018_idioms '--deny=clippy::unwrap_used' --forbid=unsafe_code --warn=unreachable_pub '--deny=clippy::unimplemented' '--deny=clippy::todo' '--deny=clippy::panic' --warn=missing_docs '--deny=clippy::mem_forget' '--deny=clippy::indexing_slicing' '--deny=clippy::float_cmp' '--deny=clippy::expect_used' '--deny=clippy::dbg_macro' --test --check-cfg 'cfg(docsrs,test)' --check-cfg 'cfg(feature, values())' -C metadata=1d717388a189498b -C extra-filename=-a10afff159302613 --out-dir /tmp/cargo-mutants-pstore-9mUODO.tmp/target/debug/deps -C incremental=/tmp/cargo-mutants-pstore-9mUODO.tmp/target/debug/incremental -L dependency=/tmp/cargo-mutants-pstore-9mUODO.tmp/target/debug/deps --extern bytes=/tmp/cargo-mutants-pstore-9mUODO.tmp/target/debug/deps/libbytes-31b8f712e3be84e8.rlib --extern futures_util=/tmp/cargo-mutants-pstore-9mUODO.tmp/target/debug/deps/libfutures_util-9467758a9490225b.rlib --extern pstore_blob=/tmp/cargo-mutants-pstore-9mUODO.tmp/target/debug/deps/libpstore_blob-a1c846e65fcdfc47.rlib --extern pstore_format=/tmp/cargo-mutants-pstore-9mUODO.tmp/target/debug/deps/libpstore_format-915614e952a6fbe8.rlib --extern pstore_testkit=/tmp/cargo-mutants-pstore-9mUODO.tmp/target/debug/deps/libpstore_testkit-c70127229fd98aeb.rlib --extern pstore_types=/tmp/cargo-mutants-pstore-9mUODO.tmp/target/debug/deps/libpstore_types-c19df0e60947a156.rlib --extern thiserror=/tmp/cargo-mutants-pstore-9mUODO.tmp/target/debug/deps/libthiserror-a555ba146edbfd98.rlib --extern tokio=/tmp/cargo-mutants-pstore-9mUODO.tmp/target/debug/deps/libtokio-c4794fa7272c7af3.rlib`
       Fresh pstore-blob v0.1.0 (/tmp/cargo-mutants-pstore-9mUODO.tmp/crates/pstore-blob)
       Fresh pstore-testkit v0.1.0 (/tmp/cargo-mutants-pstore-9mUODO.tmp/crates/pstore-testkit)
       Fresh pstore-format v0.1.0 (/tmp/cargo-mutants-pstore-9mUODO.tmp/crates/pstore-format)
       Fresh pstore-types v0.1.0 (/tmp/cargo-mutants-pstore-9mUODO.tmp/crates/pstore-types)
warning: unused import: `decode_docs`
  --> crates/pstore-engine/src/bundle.rs:16:31
   |
16 | use pstore_format::{Document, decode_docs, encode_docs};
   |                               ^^^^^^^^^^^
   |
   = note: `#[warn(unused_imports)]` on by default

error[E0277]: the trait bound `Document: Default` is not satisfied
   --> crates/pstore-engine/src/bundle.rs:145:13
    |
145 |     Ok(vec![Default::default()]) /* ~ changed by cargo-mutants ~ */
    |             ^^^^^^^^^^^^^^^^^^ the trait `Default` is not implemented for `Document`

For more information about this error, try `rustc --explain E0277`.
warning: `pstore-engine` (lib test) generated 1 warning (1 duplicate)
error: could not compile `pstore-engine` (lib test) due to 1 previous error; 1 warning emitted

Caused by:
  process didn't exit successfully: `/home/tuong/.rustup/toolchains/1.90-x86_64-unknown-linux-gnu/bin/rustc --crate-name pstore_engine --edition=2024 crates/pstore-engine/src/lib.rs --error-format=json --json=diagnostic-rendered-ansi,artifacts,future-incompat --emit=dep-info,link -C embed-bitcode=no -C debuginfo=2 --warn=rust_2018_idioms '--deny=clippy::unwrap_used' --forbid=unsafe_code --warn=unreachable_pub '--deny=clippy::unimplemented' '--deny=clippy::todo' '--deny=clippy::panic' --warn=missing_docs '--deny=clippy::mem_forget' '--deny=clippy::indexing_slicing' '--deny=clippy::float_cmp' '--deny=clippy::expect_used' '--deny=clippy::dbg_macro' --test --check-cfg 'cfg(docsrs,test)' --check-cfg 'cfg(feature, values())' -C metadata=1d717388a189498b -C extra-filename=-a10afff159302613 --out-dir /tmp/cargo-mutants-pstore-9mUODO.tmp/target/debug/deps -C incremental=/tmp/cargo-mutants-pstore-9mUODO.tmp/target/debug/incremental -L dependency=/tmp/cargo-mutants-pstore-9mUODO.tmp/target/debug/deps --extern bytes=/tmp/cargo-mutants-pstore-9mUODO.tmp/target/debug/deps/libbytes-31b8f712e3be84e8.rlib --extern futures_util=/tmp/cargo-mutants-pstore-9mUODO.tmp/target/debug/deps/libfutures_util-9467758a9490225b.rlib --extern pstore_blob=/tmp/cargo-mutants-pstore-9mUODO.tmp/target/debug/deps/libpstore_blob-a1c846e65fcdfc47.rlib --extern pstore_format=/tmp/cargo-mutants-pstore-9mUODO.tmp/target/debug/deps/libpstore_format-915614e952a6fbe8.rlib --extern pstore_testkit=/tmp/cargo-mutants-pstore-9mUODO.tmp/target/debug/deps/libpstore_testkit-c70127229fd98aeb.rlib --extern pstore_types=/tmp/cargo-mutants-pstore-9mUODO.tmp/target/debug/deps/libpstore_types-c19df0e60947a156.rlib --extern thiserror=/tmp/cargo-mutants-pstore-9mUODO.tmp/target/debug/deps/libthiserror-a555ba146edbfd98.rlib --extern tokio=/tmp/cargo-mutants-pstore-9mUODO.tmp/target/debug/deps/libtokio-c4794fa7272c7af3.rlib` (exit status: 1)
warning: build failed, waiting for other jobs to finish...
warning: `pstore-engine` (lib) generated 1 warning
error: could not compile `pstore-engine` (lib) due to 1 previous error; 1 warning emitted

Caused by:
  process didn't exit successfully: `/home/tuong/.rustup/toolchains/1.90-x86_64-unknown-linux-gnu/bin/rustc --crate-name pstore_engine --edition=2024 crates/pstore-engine/src/lib.rs --error-format=json --json=diagnostic-rendered-ansi,artifacts,future-incompat --crate-type lib --emit=dep-info,metadata,link -C embed-bitcode=no -C debuginfo=2 --warn=rust_2018_idioms '--deny=clippy::unwrap_used' --forbid=unsafe_code --warn=unreachable_pub '--deny=clippy::unimplemented' '--deny=clippy::todo' '--deny=clippy::panic' --warn=missing_docs '--deny=clippy::mem_forget' '--deny=clippy::indexing_slicing' '--deny=clippy::float_cmp' '--deny=clippy::expect_used' '--deny=clippy::dbg_macro' --check-cfg 'cfg(docsrs,test)' --check-cfg 'cfg(feature, values())' -C metadata=446648b18a245ce2 -C extra-filename=-57ca2718b28a8562 --out-dir /tmp/cargo-mutants-pstore-9mUODO.tmp/target/debug/deps -C incremental=/tmp/cargo-mutants-pstore-9mUODO.tmp/target/debug/incremental -L dependency=/tmp/cargo-mutants-pstore-9mUODO.tmp/target/debug/deps --extern bytes=/tmp/cargo-mutants-pstore-9mUODO.tmp/target/debug/deps/libbytes-31b8f712e3be84e8.rmeta --extern futures_util=/tmp/cargo-mutants-pstore-9mUODO.tmp/target/debug/deps/libfutures_util-9467758a9490225b.rmeta --extern pstore_blob=/tmp/cargo-mutants-pstore-9mUODO.tmp/target/debug/deps/libpstore_blob-a1c846e65fcdfc47.rmeta --extern pstore_format=/tmp/cargo-mutants-pstore-9mUODO.tmp/target/debug/deps/libpstore_format-915614e952a6fbe8.rmeta --extern pstore_types=/tmp/cargo-mutants-pstore-9mUODO.tmp/target/debug/deps/libpstore_types-c19df0e60947a156.rmeta --extern thiserror=/tmp/cargo-mutants-pstore-9mUODO.tmp/target/debug/deps/libthiserror-a555ba146edbfd98.rmeta --extern tokio=/tmp/cargo-mutants-pstore-9mUODO.tmp/target/debug/deps/libtokio-c4794fa7272c7af3.rmeta` (exit status: 1)

*** result: Failure(101)
