
*** crates/pstore-engine/src/head.rs:144:9: replace Cur<'_>::take -> Result<&[u8], EngineError> with Ok(Vec::leak(vec![1]))

*** mutation diff:
--- crates/pstore-engine/src/head.rs
+++ replace Cur<'_>::take -> Result<&[u8], EngineError> with Ok(Vec::leak(vec![1]))
@@ -136,20 +136,17 @@
 
 struct Cur<'a> {
     b: &'a [u8],
     i: usize,
 }
 
 impl Cur<'_> {
     fn take(&mut self, n: usize) -> Result<&[u8], EngineError> {
-        let end = self.i.checked_add(n).ok_or(EngineError::CorruptHead)?;
-        let out = self.b.get(self.i..end).ok_or(EngineError::CorruptHead)?;
-        self.i = end;
-        Ok(out)
+        Ok(Vec::leak(vec![1])) /* ~ changed by cargo-mutants ~ */
     }
     fn u32(&mut self) -> Result<u32, EngineError> {
         Ok(u32::from_le_bytes(
             self.take(4)?
                 .try_into()
                 .map_err(|_| EngineError::CorruptHead)?,
         ))
     }


*** /home/tuong/.rustup/toolchains/1.90-x86_64-unknown-linux-gnu/bin/cargo test --no-run --verbose --package=pstore-engine@0.1.0
       Fresh unicode-ident v1.0.24
       Fresh proc-macro2 v1.0.107
       Fresh quote v1.0.47
       Fresh syn v3.0.5
       Fresh pin-project-lite v0.2.17
       Fresh tokio-macros v2.7.2
       Fresh thiserror-impl v2.0.20
       Fresh slab v0.4.12
       Fresh futures-task v0.3.34
       Fresh futures-core v0.3.34
       Fresh futures-util v0.3.34
       Fresh thiserror v2.0.20
       Fresh tokio v1.53.1
       Fresh async-trait v0.1.92
       Fresh bytes v1.12.1
       Fresh pstore-types v0.1.0 (/tmp/cargo-mutants-pstore-Irzqmq.tmp/crates/pstore-types)
       Fresh pstore-blob v0.1.0 (/tmp/cargo-mutants-pstore-Irzqmq.tmp/crates/pstore-blob)
       Fresh pstore-format v0.1.0 (/tmp/cargo-mutants-pstore-Irzqmq.tmp/crates/pstore-format)
       Fresh pstore-testkit v0.1.0 (/tmp/cargo-mutants-pstore-Irzqmq.tmp/crates/pstore-testkit)
       Dirty pstore-engine v0.1.0 (/tmp/cargo-mutants-pstore-Irzqmq.tmp/crates/pstore-engine): the file `crates/pstore-engine/src/head.rs` has changed (1788612816.728716813s, 2s after last build at 1788612814.192555842s)
   Compiling pstore-engine v0.1.0 (/tmp/cargo-mutants-pstore-Irzqmq.tmp/crates/pstore-engine)
     Running `/home/tuong/.rustup/toolchains/1.90-x86_64-unknown-linux-gnu/bin/rustc --crate-name pstore_engine --edition=2024 crates/pstore-engine/src/lib.rs --error-format=json --json=diagnostic-rendered-ansi,artifacts,future-incompat --crate-type lib --emit=dep-info,metadata,link -C embed-bitcode=no -C debuginfo=2 --warn=rust_2018_idioms '--deny=clippy::unwrap_used' --forbid=unsafe_code --warn=unreachable_pub '--deny=clippy::unimplemented' '--deny=clippy::todo' '--deny=clippy::panic' --warn=missing_docs '--deny=clippy::mem_forget' '--deny=clippy::indexing_slicing' '--deny=clippy::float_cmp' '--deny=clippy::expect_used' '--deny=clippy::dbg_macro' --check-cfg 'cfg(docsrs,test)' --check-cfg 'cfg(feature, values())' -C metadata=a276e8e21a30ee6c -C extra-filename=-bda1651ff56837d3 --out-dir /tmp/cargo-mutants-pstore-Irzqmq.tmp/target/debug/deps -C incremental=/tmp/cargo-mutants-pstore-Irzqmq.tmp/target/debug/incremental -L dependency=/tmp/cargo-mutants-pstore-Irzqmq.tmp/target/debug/deps --extern bytes=/tmp/cargo-mutants-pstore-Irzqmq.tmp/target/debug/deps/libbytes-31b8f712e3be84e8.rmeta --extern futures_util=/tmp/cargo-mutants-pstore-Irzqmq.tmp/target/debug/deps/libfutures_util-9467758a9490225b.rmeta --extern pstore_blob=/tmp/cargo-mutants-pstore-Irzqmq.tmp/target/debug/deps/libpstore_blob-b6cf016c092a0ac2.rmeta --extern pstore_format=/tmp/cargo-mutants-pstore-Irzqmq.tmp/target/debug/deps/libpstore_format-1275d00aeb99a72a.rmeta --extern pstore_types=/tmp/cargo-mutants-pstore-Irzqmq.tmp/target/debug/deps/libpstore_types-c19df0e60947a156.rmeta --extern thiserror=/tmp/cargo-mutants-pstore-Irzqmq.tmp/target/debug/deps/libthiserror-a555ba146edbfd98.rmeta --extern tokio=/tmp/cargo-mutants-pstore-Irzqmq.tmp/target/debug/deps/libtokio-1c12c7fb7aae7e9d.rmeta`
     Running `/home/tuong/.rustup/toolchains/1.90-x86_64-unknown-linux-gnu/bin/rustc --crate-name pstore_engine --edition=2024 crates/pstore-engine/src/lib.rs --error-format=json --json=diagnostic-rendered-ansi,artifacts,future-incompat --emit=dep-info,link -C embed-bitcode=no -C debuginfo=2 --warn=rust_2018_idioms '--deny=clippy::unwrap_used' --forbid=unsafe_code --warn=unreachable_pub '--deny=clippy::unimplemented' '--deny=clippy::todo' '--deny=clippy::panic' --warn=missing_docs '--deny=clippy::mem_forget' '--deny=clippy::indexing_slicing' '--deny=clippy::float_cmp' '--deny=clippy::expect_used' '--deny=clippy::dbg_macro' --test --check-cfg 'cfg(docsrs,test)' --check-cfg 'cfg(feature, values())' -C metadata=4693ee9f44933b5d -C extra-filename=-8cfb19ad04048a97 --out-dir /tmp/cargo-mutants-pstore-Irzqmq.tmp/target/debug/deps -C incremental=/tmp/cargo-mutants-pstore-Irzqmq.tmp/target/debug/incremental -L dependency=/tmp/cargo-mutants-pstore-Irzqmq.tmp/target/debug/deps --extern bytes=/tmp/cargo-mutants-pstore-Irzqmq.tmp/target/debug/deps/libbytes-31b8f712e3be84e8.rlib --extern futures_util=/tmp/cargo-mutants-pstore-Irzqmq.tmp/target/debug/deps/libfutures_util-9467758a9490225b.rlib --extern pstore_blob=/tmp/cargo-mutants-pstore-Irzqmq.tmp/target/debug/deps/libpstore_blob-b6cf016c092a0ac2.rlib --extern pstore_format=/tmp/cargo-mutants-pstore-Irzqmq.tmp/target/debug/deps/libpstore_format-1275d00aeb99a72a.rlib --extern pstore_testkit=/tmp/cargo-mutants-pstore-Irzqmq.tmp/target/debug/deps/libpstore_testkit-c545806fa049828c.rlib --extern pstore_types=/tmp/cargo-mutants-pstore-Irzqmq.tmp/target/debug/deps/libpstore_types-c19df0e60947a156.rlib --extern thiserror=/tmp/cargo-mutants-pstore-Irzqmq.tmp/target/debug/deps/libthiserror-a555ba146edbfd98.rlib --extern tokio=/tmp/cargo-mutants-pstore-Irzqmq.tmp/target/debug/deps/libtokio-1c12c7fb7aae7e9d.rlib`
warning: unused variable: `n`
   --> crates/pstore-engine/src/head.rs:143:24
    |
143 |     fn take(&mut self, n: usize) -> Result<&[u8], EngineError> {
    |                        ^ help: if this is intentional, prefix it with an underscore: `_n`
    |
    = note: `#[warn(unused_variables)]` on by default

warning: fields `b` and `i` are never read
   --> crates/pstore-engine/src/head.rs:138:5
    |
137 | struct Cur<'a> {
    |        --- fields in this struct
138 |     b: &'a [u8],
    |     ^
139 |     i: usize,
    |     ^
    |
    = note: `#[warn(dead_code)]` on by default

warning: `pstore-engine` (lib test) generated 2 warnings (2 duplicates)
warning: `pstore-engine` (lib) generated 2 warnings
     Running `/home/tuong/.rustup/toolchains/1.90-x86_64-unknown-linux-gnu/bin/rustc --crate-name oq91 --edition=2024 crates/pstore-engine/tests/oq91.rs --error-format=json --json=diagnostic-rendered-ansi,artifacts,future-incompat --emit=dep-info,link -C embed-bitcode=no -C debuginfo=2 --warn=rust_2018_idioms '--deny=clippy::unwrap_used' --forbid=unsafe_code --warn=unreachable_pub '--deny=clippy::unimplemented' '--deny=clippy::todo' '--deny=clippy::panic' --warn=missing_docs '--deny=clippy::mem_forget' '--deny=clippy::indexing_slicing' '--deny=clippy::float_cmp' '--deny=clippy::expect_used' '--deny=clippy::dbg_macro' --test --check-cfg 'cfg(docsrs,test)' --check-cfg 'cfg(feature, values())' -C metadata=818c5d701d97c498 -C extra-filename=-0041ee8d544e3276 --out-dir /tmp/cargo-mutants-pstore-Irzqmq.tmp/target/debug/deps -C incremental=/tmp/cargo-mutants-pstore-Irzqmq.tmp/target/debug/incremental -L dependency=/tmp/cargo-mutants-pstore-Irzqmq.tmp/target/debug/deps --extern bytes=/tmp/cargo-mutants-pstore-Irzqmq.tmp/target/debug/deps/libbytes-31b8f712e3be84e8.rlib --extern futures_util=/tmp/cargo-mutants-pstore-Irzqmq.tmp/target/debug/deps/libfutures_util-9467758a9490225b.rlib --extern pstore_blob=/tmp/cargo-mutants-pstore-Irzqmq.tmp/target/debug/deps/libpstore_blob-b6cf016c092a0ac2.rlib --extern pstore_engine=/tmp/cargo-mutants-pstore-Irzqmq.tmp/target/debug/deps/libpstore_engine-bda1651ff56837d3.rlib --extern pstore_format=/tmp/cargo-mutants-pstore-Irzqmq.tmp/target/debug/deps/libpstore_format-1275d00aeb99a72a.rlib --extern pstore_testkit=/tmp/cargo-mutants-pstore-Irzqmq.tmp/target/debug/deps/libpstore_testkit-c545806fa049828c.rlib --extern pstore_types=/tmp/cargo-mutants-pstore-Irzqmq.tmp/target/debug/deps/libpstore_types-c19df0e60947a156.rlib --extern thiserror=/tmp/cargo-mutants-pstore-Irzqmq.tmp/target/debug/deps/libthiserror-a555ba146edbfd98.rlib --extern tokio=/tmp/cargo-mutants-pstore-Irzqmq.tmp/target/debug/deps/libtokio-1c12c7fb7aae7e9d.rlib`
     Running `/home/tuong/.rustup/toolchains/1.90-x86_64-unknown-linux-gnu/bin/rustc --crate-name linearizability --edition=2024 crates/pstore-engine/tests/linearizability.rs --error-format=json --json=diagnostic-rendered-ansi,artifacts,future-incompat --emit=dep-info,link -C embed-bitcode=no -C debuginfo=2 --warn=rust_2018_idioms '--deny=clippy::unwrap_used' --forbid=unsafe_code --warn=unreachable_pub '--deny=clippy::unimplemented' '--deny=clippy::todo' '--deny=clippy::panic' --warn=missing_docs '--deny=clippy::mem_forget' '--deny=clippy::indexing_slicing' '--deny=clippy::float_cmp' '--deny=clippy::expect_used' '--deny=clippy::dbg_macro' --test --check-cfg 'cfg(docsrs,test)' --check-cfg 'cfg(feature, values())' -C metadata=b5f5d883389ad973 -C extra-filename=-de8a0036b41b7c31 --out-dir /tmp/cargo-mutants-pstore-Irzqmq.tmp/target/debug/deps -C incremental=/tmp/cargo-mutants-pstore-Irzqmq.tmp/target/debug/incremental -L dependency=/tmp/cargo-mutants-pstore-Irzqmq.tmp/target/debug/deps --extern bytes=/tmp/cargo-mutants-pstore-Irzqmq.tmp/target/debug/deps/libbytes-31b8f712e3be84e8.rlib --extern futures_util=/tmp/cargo-mutants-pstore-Irzqmq.tmp/target/debug/deps/libfutures_util-9467758a9490225b.rlib --extern pstore_blob=/tmp/cargo-mutants-pstore-Irzqmq.tmp/target/debug/deps/libpstore_blob-b6cf016c092a0ac2.rlib --extern pstore_engine=/tmp/cargo-mutants-pstore-Irzqmq.tmp/target/debug/deps/libpstore_engine-bda1651ff56837d3.rlib --extern pstore_format=/tmp/cargo-mutants-pstore-Irzqmq.tmp/target/debug/deps/libpstore_format-1275d00aeb99a72a.rlib --extern pstore_testkit=/tmp/cargo-mutants-pstore-Irzqmq.tmp/target/debug/deps/libpstore_testkit-c545806fa049828c.rlib --extern pstore_types=/tmp/cargo-mutants-pstore-Irzqmq.tmp/target/debug/deps/libpstore_types-c19df0e60947a156.rlib --extern thiserror=/tmp/cargo-mutants-pstore-Irzqmq.tmp/target/debug/deps/libthiserror-a555ba146edbfd98.rlib --extern tokio=/tmp/cargo-mutants-pstore-Irzqmq.tmp/target/debug/deps/libtokio-1c12c7fb7aae7e9d.rlib`
     Running `/home/tuong/.rustup/toolchains/1.90-x86_64-unknown-linux-gnu/bin/rustc --crate-name engine --edition=2024 crates/pstore-engine/tests/engine.rs --error-format=json --json=diagnostic-rendered-ansi,artifacts,future-incompat --emit=dep-info,link -C embed-bitcode=no -C debuginfo=2 --warn=rust_2018_idioms '--deny=clippy::unwrap_used' --forbid=unsafe_code --warn=unreachable_pub '--deny=clippy::unimplemented' '--deny=clippy::todo' '--deny=clippy::panic' --warn=missing_docs '--deny=clippy::mem_forget' '--deny=clippy::indexing_slicing' '--deny=clippy::float_cmp' '--deny=clippy::expect_used' '--deny=clippy::dbg_macro' --test --check-cfg 'cfg(docsrs,test)' --check-cfg 'cfg(feature, values())' -C metadata=e449d115f1b6d00d -C extra-filename=-6770e7487f03c003 --out-dir /tmp/cargo-mutants-pstore-Irzqmq.tmp/target/debug/deps -C incremental=/tmp/cargo-mutants-pstore-Irzqmq.tmp/target/debug/incremental -L dependency=/tmp/cargo-mutants-pstore-Irzqmq.tmp/target/debug/deps --extern bytes=/tmp/cargo-mutants-pstore-Irzqmq.tmp/target/debug/deps/libbytes-31b8f712e3be84e8.rlib --extern futures_util=/tmp/cargo-mutants-pstore-Irzqmq.tmp/target/debug/deps/libfutures_util-9467758a9490225b.rlib --extern pstore_blob=/tmp/cargo-mutants-pstore-Irzqmq.tmp/target/debug/deps/libpstore_blob-b6cf016c092a0ac2.rlib --extern pstore_engine=/tmp/cargo-mutants-pstore-Irzqmq.tmp/target/debug/deps/libpstore_engine-bda1651ff56837d3.rlib --extern pstore_format=/tmp/cargo-mutants-pstore-Irzqmq.tmp/target/debug/deps/libpstore_format-1275d00aeb99a72a.rlib --extern pstore_testkit=/tmp/cargo-mutants-pstore-Irzqmq.tmp/target/debug/deps/libpstore_testkit-c545806fa049828c.rlib --extern pstore_types=/tmp/cargo-mutants-pstore-Irzqmq.tmp/target/debug/deps/libpstore_types-c19df0e60947a156.rlib --extern thiserror=/tmp/cargo-mutants-pstore-Irzqmq.tmp/target/debug/deps/libthiserror-a555ba146edbfd98.rlib --extern tokio=/tmp/cargo-mutants-pstore-Irzqmq.tmp/target/debug/deps/libtokio-1c12c7fb7aae7e9d.rlib`
     Running `/home/tuong/.rustup/toolchains/1.90-x86_64-unknown-linux-gnu/bin/rustc --crate-name compaction --edition=2024 crates/pstore-engine/tests/compaction.rs --error-format=json --json=diagnostic-rendered-ansi,artifacts,future-incompat --emit=dep-info,link -C embed-bitcode=no -C debuginfo=2 --warn=rust_2018_idioms '--deny=clippy::unwrap_used' --forbid=unsafe_code --warn=unreachable_pub '--deny=clippy::unimplemented' '--deny=clippy::todo' '--deny=clippy::panic' --warn=missing_docs '--deny=clippy::mem_forget' '--deny=clippy::indexing_slicing' '--deny=clippy::float_cmp' '--deny=clippy::expect_used' '--deny=clippy::dbg_macro' --test --check-cfg 'cfg(docsrs,test)' --check-cfg 'cfg(feature, values())' -C metadata=d922605588006a06 -C extra-filename=-e2694d7d2381ec53 --out-dir /tmp/cargo-mutants-pstore-Irzqmq.tmp/target/debug/deps -C incremental=/tmp/cargo-mutants-pstore-Irzqmq.tmp/target/debug/incremental -L dependency=/tmp/cargo-mutants-pstore-Irzqmq.tmp/target/debug/deps --extern bytes=/tmp/cargo-mutants-pstore-Irzqmq.tmp/target/debug/deps/libbytes-31b8f712e3be84e8.rlib --extern futures_util=/tmp/cargo-mutants-pstore-Irzqmq.tmp/target/debug/deps/libfutures_util-9467758a9490225b.rlib --extern pstore_blob=/tmp/cargo-mutants-pstore-Irzqmq.tmp/target/debug/deps/libpstore_blob-b6cf016c092a0ac2.rlib --extern pstore_engine=/tmp/cargo-mutants-pstore-Irzqmq.tmp/target/debug/deps/libpstore_engine-bda1651ff56837d3.rlib --extern pstore_format=/tmp/cargo-mutants-pstore-Irzqmq.tmp/target/debug/deps/libpstore_format-1275d00aeb99a72a.rlib --extern pstore_testkit=/tmp/cargo-mutants-pstore-Irzqmq.tmp/target/debug/deps/libpstore_testkit-c545806fa049828c.rlib --extern pstore_types=/tmp/cargo-mutants-pstore-Irzqmq.tmp/target/debug/deps/libpstore_types-c19df0e60947a156.rlib --extern thiserror=/tmp/cargo-mutants-pstore-Irzqmq.tmp/target/debug/deps/libthiserror-a555ba146edbfd98.rlib --extern tokio=/tmp/cargo-mutants-pstore-Irzqmq.tmp/target/debug/deps/libtokio-1c12c7fb7aae7e9d.rlib`
     Running `/home/tuong/.rustup/toolchains/1.90-x86_64-unknown-linux-gnu/bin/rustc --crate-name end_to_end --edition=2024 crates/pstore-engine/tests/end_to_end.rs --error-format=json --json=diagnostic-rendered-ansi,artifacts,future-incompat --emit=dep-info,link -C embed-bitcode=no -C debuginfo=2 --warn=rust_2018_idioms '--deny=clippy::unwrap_used' --forbid=unsafe_code --warn=unreachable_pub '--deny=clippy::unimplemented' '--deny=clippy::todo' '--deny=clippy::panic' --warn=missing_docs '--deny=clippy::mem_forget' '--deny=clippy::indexing_slicing' '--deny=clippy::float_cmp' '--deny=clippy::expect_used' '--deny=clippy::dbg_macro' --test --check-cfg 'cfg(docsrs,test)' --check-cfg 'cfg(feature, values())' -C metadata=f79278e72e1f6f1e -C extra-filename=-064b00503e0e203b --out-dir /tmp/cargo-mutants-pstore-Irzqmq.tmp/target/debug/deps -C incremental=/tmp/cargo-mutants-pstore-Irzqmq.tmp/target/debug/incremental -L dependency=/tmp/cargo-mutants-pstore-Irzqmq.tmp/target/debug/deps --extern bytes=/tmp/cargo-mutants-pstore-Irzqmq.tmp/target/debug/deps/libbytes-31b8f712e3be84e8.rlib --extern futures_util=/tmp/cargo-mutants-pstore-Irzqmq.tmp/target/debug/deps/libfutures_util-9467758a9490225b.rlib --extern pstore_blob=/tmp/cargo-mutants-pstore-Irzqmq.tmp/target/debug/deps/libpstore_blob-b6cf016c092a0ac2.rlib --extern pstore_engine=/tmp/cargo-mutants-pstore-Irzqmq.tmp/target/debug/deps/libpstore_engine-bda1651ff56837d3.rlib --extern pstore_format=/tmp/cargo-mutants-pstore-Irzqmq.tmp/target/debug/deps/libpstore_format-1275d00aeb99a72a.rlib --extern pstore_testkit=/tmp/cargo-mutants-pstore-Irzqmq.tmp/target/debug/deps/libpstore_testkit-c545806fa049828c.rlib --extern pstore_types=/tmp/cargo-mutants-pstore-Irzqmq.tmp/target/debug/deps/libpstore_types-c19df0e60947a156.rlib --extern thiserror=/tmp/cargo-mutants-pstore-Irzqmq.tmp/target/debug/deps/libthiserror-a555ba146edbfd98.rlib --extern tokio=/tmp/cargo-mutants-pstore-Irzqmq.tmp/target/debug/deps/libtokio-1c12c7fb7aae7e9d.rlib`
     Running `/home/tuong/.rustup/toolchains/1.90-x86_64-unknown-linux-gnu/bin/rustc --crate-name head --edition=2024 crates/pstore-engine/tests/head.rs --error-format=json --json=diagnostic-rendered-ansi,artifacts,future-incompat --emit=dep-info,link -C embed-bitcode=no -C debuginfo=2 --warn=rust_2018_idioms '--deny=clippy::unwrap_used' --forbid=unsafe_code --warn=unreachable_pub '--deny=clippy::unimplemented' '--deny=clippy::todo' '--deny=clippy::panic' --warn=missing_docs '--deny=clippy::mem_forget' '--deny=clippy::indexing_slicing' '--deny=clippy::float_cmp' '--deny=clippy::expect_used' '--deny=clippy::dbg_macro' --test --check-cfg 'cfg(docsrs,test)' --check-cfg 'cfg(feature, values())' -C metadata=ff3733eee68dac93 -C extra-filename=-bf684d7be510072b --out-dir /tmp/cargo-mutants-pstore-Irzqmq.tmp/target/debug/deps -C incremental=/tmp/cargo-mutants-pstore-Irzqmq.tmp/target/debug/incremental -L dependency=/tmp/cargo-mutants-pstore-Irzqmq.tmp/target/debug/deps --extern bytes=/tmp/cargo-mutants-pstore-Irzqmq.tmp/target/debug/deps/libbytes-31b8f712e3be84e8.rlib --extern futures_util=/tmp/cargo-mutants-pstore-Irzqmq.tmp/target/debug/deps/libfutures_util-9467758a9490225b.rlib --extern pstore_blob=/tmp/cargo-mutants-pstore-Irzqmq.tmp/target/debug/deps/libpstore_blob-b6cf016c092a0ac2.rlib --extern pstore_engine=/tmp/cargo-mutants-pstore-Irzqmq.tmp/target/debug/deps/libpstore_engine-bda1651ff56837d3.rlib --extern pstore_format=/tmp/cargo-mutants-pstore-Irzqmq.tmp/target/debug/deps/libpstore_format-1275d00aeb99a72a.rlib --extern pstore_testkit=/tmp/cargo-mutants-pstore-Irzqmq.tmp/target/debug/deps/libpstore_testkit-c545806fa049828c.rlib --extern pstore_types=/tmp/cargo-mutants-pstore-Irzqmq.tmp/target/debug/deps/libpstore_types-c19df0e60947a156.rlib --extern thiserror=/tmp/cargo-mutants-pstore-Irzqmq.tmp/target/debug/deps/libthiserror-a555ba146edbfd98.rlib --extern tokio=/tmp/cargo-mutants-pstore-Irzqmq.tmp/target/debug/deps/libtokio-1c12c7fb7aae7e9d.rlib`
     Running `/home/tuong/.rustup/toolchains/1.90-x86_64-unknown-linux-gnu/bin/rustc --crate-name failures --edition=2024 crates/pstore-engine/tests/failures.rs --error-format=json --json=diagnostic-rendered-ansi,artifacts,future-incompat --emit=dep-info,link -C embed-bitcode=no -C debuginfo=2 --warn=rust_2018_idioms '--deny=clippy::unwrap_used' --forbid=unsafe_code --warn=unreachable_pub '--deny=clippy::unimplemented' '--deny=clippy::todo' '--deny=clippy::panic' --warn=missing_docs '--deny=clippy::mem_forget' '--deny=clippy::indexing_slicing' '--deny=clippy::float_cmp' '--deny=clippy::expect_used' '--deny=clippy::dbg_macro' --test --check-cfg 'cfg(docsrs,test)' --check-cfg 'cfg(feature, values())' -C metadata=f1ef4b3b0a257981 -C extra-filename=-42cd40aa6ec937fc --out-dir /tmp/cargo-mutants-pstore-Irzqmq.tmp/target/debug/deps -C incremental=/tmp/cargo-mutants-pstore-Irzqmq.tmp/target/debug/incremental -L dependency=/tmp/cargo-mutants-pstore-Irzqmq.tmp/target/debug/deps --extern bytes=/tmp/cargo-mutants-pstore-Irzqmq.tmp/target/debug/deps/libbytes-31b8f712e3be84e8.rlib --extern futures_util=/tmp/cargo-mutants-pstore-Irzqmq.tmp/target/debug/deps/libfutures_util-9467758a9490225b.rlib --extern pstore_blob=/tmp/cargo-mutants-pstore-Irzqmq.tmp/target/debug/deps/libpstore_blob-b6cf016c092a0ac2.rlib --extern pstore_engine=/tmp/cargo-mutants-pstore-Irzqmq.tmp/target/debug/deps/libpstore_engine-bda1651ff56837d3.rlib --extern pstore_format=/tmp/cargo-mutants-pstore-Irzqmq.tmp/target/debug/deps/libpstore_format-1275d00aeb99a72a.rlib --extern pstore_testkit=/tmp/cargo-mutants-pstore-Irzqmq.tmp/target/debug/deps/libpstore_testkit-c545806fa049828c.rlib --extern pstore_types=/tmp/cargo-mutants-pstore-Irzqmq.tmp/target/debug/deps/libpstore_types-c19df0e60947a156.rlib --extern thiserror=/tmp/cargo-mutants-pstore-Irzqmq.tmp/target/debug/deps/libthiserror-a555ba146edbfd98.rlib --extern tokio=/tmp/cargo-mutants-pstore-Irzqmq.tmp/target/debug/deps/libtokio-1c12c7fb7aae7e9d.rlib`
     Running `/home/tuong/.rustup/toolchains/1.90-x86_64-unknown-linux-gnu/bin/rustc --crate-name bundle_errors --edition=2024 crates/pstore-engine/tests/bundle_errors.rs --error-format=json --json=diagnostic-rendered-ansi,artifacts,future-incompat --emit=dep-info,link -C embed-bitcode=no -C debuginfo=2 --warn=rust_2018_idioms '--deny=clippy::unwrap_used' --forbid=unsafe_code --warn=unreachable_pub '--deny=clippy::unimplemented' '--deny=clippy::todo' '--deny=clippy::panic' --warn=missing_docs '--deny=clippy::mem_forget' '--deny=clippy::indexing_slicing' '--deny=clippy::float_cmp' '--deny=clippy::expect_used' '--deny=clippy::dbg_macro' --test --check-cfg 'cfg(docsrs,test)' --check-cfg 'cfg(feature, values())' -C metadata=50a806b046ac6275 -C extra-filename=-12e10ac571c4c893 --out-dir /tmp/cargo-mutants-pstore-Irzqmq.tmp/target/debug/deps -C incremental=/tmp/cargo-mutants-pstore-Irzqmq.tmp/target/debug/incremental -L dependency=/tmp/cargo-mutants-pstore-Irzqmq.tmp/target/debug/deps --extern bytes=/tmp/cargo-mutants-pstore-Irzqmq.tmp/target/debug/deps/libbytes-31b8f712e3be84e8.rlib --extern futures_util=/tmp/cargo-mutants-pstore-Irzqmq.tmp/target/debug/deps/libfutures_util-9467758a9490225b.rlib --extern pstore_blob=/tmp/cargo-mutants-pstore-Irzqmq.tmp/target/debug/deps/libpstore_blob-b6cf016c092a0ac2.rlib --extern pstore_engine=/tmp/cargo-mutants-pstore-Irzqmq.tmp/target/debug/deps/libpstore_engine-bda1651ff56837d3.rlib --extern pstore_format=/tmp/cargo-mutants-pstore-Irzqmq.tmp/target/debug/deps/libpstore_format-1275d00aeb99a72a.rlib --extern pstore_testkit=/tmp/cargo-mutants-pstore-Irzqmq.tmp/target/debug/deps/libpstore_testkit-c545806fa049828c.rlib --extern pstore_types=/tmp/cargo-mutants-pstore-Irzqmq.tmp/target/debug/deps/libpstore_types-c19df0e60947a156.rlib --extern thiserror=/tmp/cargo-mutants-pstore-Irzqmq.tmp/target/debug/deps/libthiserror-a555ba146edbfd98.rlib --extern tokio=/tmp/cargo-mutants-pstore-Irzqmq.tmp/target/debug/deps/libtokio-1c12c7fb7aae7e9d.rlib`
     Running `/home/tuong/.rustup/toolchains/1.90-x86_64-unknown-linux-gnu/bin/rustc --crate-name invariants --edition=2024 crates/pstore-engine/tests/invariants.rs --error-format=json --json=diagnostic-rendered-ansi,artifacts,future-incompat --emit=dep-info,link -C embed-bitcode=no -C debuginfo=2 --warn=rust_2018_idioms '--deny=clippy::unwrap_used' --forbid=unsafe_code --warn=unreachable_pub '--deny=clippy::unimplemented' '--deny=clippy::todo' '--deny=clippy::panic' --warn=missing_docs '--deny=clippy::mem_forget' '--deny=clippy::indexing_slicing' '--deny=clippy::float_cmp' '--deny=clippy::expect_used' '--deny=clippy::dbg_macro' --test --check-cfg 'cfg(docsrs,test)' --check-cfg 'cfg(feature, values())' -C metadata=abed4b24add1deec -C extra-filename=-0c8b8182a0366e4f --out-dir /tmp/cargo-mutants-pstore-Irzqmq.tmp/target/debug/deps -C incremental=/tmp/cargo-mutants-pstore-Irzqmq.tmp/target/debug/incremental -L dependency=/tmp/cargo-mutants-pstore-Irzqmq.tmp/target/debug/deps --extern bytes=/tmp/cargo-mutants-pstore-Irzqmq.tmp/target/debug/deps/libbytes-31b8f712e3be84e8.rlib --extern futures_util=/tmp/cargo-mutants-pstore-Irzqmq.tmp/target/debug/deps/libfutures_util-9467758a9490225b.rlib --extern pstore_blob=/tmp/cargo-mutants-pstore-Irzqmq.tmp/target/debug/deps/libpstore_blob-b6cf016c092a0ac2.rlib --extern pstore_engine=/tmp/cargo-mutants-pstore-Irzqmq.tmp/target/debug/deps/libpstore_engine-bda1651ff56837d3.rlib --extern pstore_format=/tmp/cargo-mutants-pstore-Irzqmq.tmp/target/debug/deps/libpstore_format-1275d00aeb99a72a.rlib --extern pstore_testkit=/tmp/cargo-mutants-pstore-Irzqmq.tmp/target/debug/deps/libpstore_testkit-c545806fa049828c.rlib --extern pstore_types=/tmp/cargo-mutants-pstore-Irzqmq.tmp/target/debug/deps/libpstore_types-c19df0e60947a156.rlib --extern thiserror=/tmp/cargo-mutants-pstore-Irzqmq.tmp/target/debug/deps/libthiserror-a555ba146edbfd98.rlib --extern tokio=/tmp/cargo-mutants-pstore-Irzqmq.tmp/target/debug/deps/libtokio-1c12c7fb7aae7e9d.rlib`
     Running `/home/tuong/.rustup/toolchains/1.90-x86_64-unknown-linux-gnu/bin/rustc --crate-name arithmetic --edition=2024 crates/pstore-engine/tests/arithmetic.rs --error-format=json --json=diagnostic-rendered-ansi,artifacts,future-incompat --emit=dep-info,link -C embed-bitcode=no -C debuginfo=2 --warn=rust_2018_idioms '--deny=clippy::unwrap_used' --forbid=unsafe_code --warn=unreachable_pub '--deny=clippy::unimplemented' '--deny=clippy::todo' '--deny=clippy::panic' --warn=missing_docs '--deny=clippy::mem_forget' '--deny=clippy::indexing_slicing' '--deny=clippy::float_cmp' '--deny=clippy::expect_used' '--deny=clippy::dbg_macro' --test --check-cfg 'cfg(docsrs,test)' --check-cfg 'cfg(feature, values())' -C metadata=7cbb68e405db711d -C extra-filename=-f480cc013a8e5cda --out-dir /tmp/cargo-mutants-pstore-Irzqmq.tmp/target/debug/deps -C incremental=/tmp/cargo-mutants-pstore-Irzqmq.tmp/target/debug/incremental -L dependency=/tmp/cargo-mutants-pstore-Irzqmq.tmp/target/debug/deps --extern bytes=/tmp/cargo-mutants-pstore-Irzqmq.tmp/target/debug/deps/libbytes-31b8f712e3be84e8.rlib --extern futures_util=/tmp/cargo-mutants-pstore-Irzqmq.tmp/target/debug/deps/libfutures_util-9467758a9490225b.rlib --extern pstore_blob=/tmp/cargo-mutants-pstore-Irzqmq.tmp/target/debug/deps/libpstore_blob-b6cf016c092a0ac2.rlib --extern pstore_engine=/tmp/cargo-mutants-pstore-Irzqmq.tmp/target/debug/deps/libpstore_engine-bda1651ff56837d3.rlib --extern pstore_format=/tmp/cargo-mutants-pstore-Irzqmq.tmp/target/debug/deps/libpstore_format-1275d00aeb99a72a.rlib --extern pstore_testkit=/tmp/cargo-mutants-pstore-Irzqmq.tmp/target/debug/deps/libpstore_testkit-c545806fa049828c.rlib --extern pstore_types=/tmp/cargo-mutants-pstore-Irzqmq.tmp/target/debug/deps/libpstore_types-c19df0e60947a156.rlib --extern thiserror=/tmp/cargo-mutants-pstore-Irzqmq.tmp/target/debug/deps/libthiserror-a555ba146edbfd98.rlib --extern tokio=/tmp/cargo-mutants-pstore-Irzqmq.tmp/target/debug/deps/libtokio-1c12c7fb7aae7e9d.rlib`
     Running `/home/tuong/.rustup/toolchains/1.90-x86_64-unknown-linux-gnu/bin/rustc --crate-name lanes --edition=2024 crates/pstore-engine/tests/lanes.rs --error-format=json --json=diagnostic-rendered-ansi,artifacts,future-incompat --emit=dep-info,link -C embed-bitcode=no -C debuginfo=2 --warn=rust_2018_idioms '--deny=clippy::unwrap_used' --forbid=unsafe_code --warn=unreachable_pub '--deny=clippy::unimplemented' '--deny=clippy::todo' '--deny=clippy::panic' --warn=missing_docs '--deny=clippy::mem_forget' '--deny=clippy::indexing_slicing' '--deny=clippy::float_cmp' '--deny=clippy::expect_used' '--deny=clippy::dbg_macro' --test --check-cfg 'cfg(docsrs,test)' --check-cfg 'cfg(feature, values())' -C metadata=70e813f3a6992de7 -C extra-filename=-7792817a29f10d61 --out-dir /tmp/cargo-mutants-pstore-Irzqmq.tmp/target/debug/deps -C incremental=/tmp/cargo-mutants-pstore-Irzqmq.tmp/target/debug/incremental -L dependency=/tmp/cargo-mutants-pstore-Irzqmq.tmp/target/debug/deps --extern bytes=/tmp/cargo-mutants-pstore-Irzqmq.tmp/target/debug/deps/libbytes-31b8f712e3be84e8.rlib --extern futures_util=/tmp/cargo-mutants-pstore-Irzqmq.tmp/target/debug/deps/libfutures_util-9467758a9490225b.rlib --extern pstore_blob=/tmp/cargo-mutants-pstore-Irzqmq.tmp/target/debug/deps/libpstore_blob-b6cf016c092a0ac2.rlib --extern pstore_engine=/tmp/cargo-mutants-pstore-Irzqmq.tmp/target/debug/deps/libpstore_engine-bda1651ff56837d3.rlib --extern pstore_format=/tmp/cargo-mutants-pstore-Irzqmq.tmp/target/debug/deps/libpstore_format-1275d00aeb99a72a.rlib --extern pstore_testkit=/tmp/cargo-mutants-pstore-Irzqmq.tmp/target/debug/deps/libpstore_testkit-c545806fa049828c.rlib --extern pstore_types=/tmp/cargo-mutants-pstore-Irzqmq.tmp/target/debug/deps/libpstore_types-c19df0e60947a156.rlib --extern thiserror=/tmp/cargo-mutants-pstore-Irzqmq.tmp/target/debug/deps/libthiserror-a555ba146edbfd98.rlib --extern tokio=/tmp/cargo-mutants-pstore-Irzqmq.tmp/target/debug/deps/libtokio-1c12c7fb7aae7e9d.rlib`
     Running `/home/tuong/.rustup/toolchains/1.90-x86_64-unknown-linux-gnu/bin/rustc --crate-name gc --edition=2024 crates/pstore-engine/tests/gc.rs --error-format=json --json=diagnostic-rendered-ansi,artifacts,future-incompat --emit=dep-info,link -C embed-bitcode=no -C debuginfo=2 --warn=rust_2018_idioms '--deny=clippy::unwrap_used' --forbid=unsafe_code --warn=unreachable_pub '--deny=clippy::unimplemented' '--deny=clippy::todo' '--deny=clippy::panic' --warn=missing_docs '--deny=clippy::mem_forget' '--deny=clippy::indexing_slicing' '--deny=clippy::float_cmp' '--deny=clippy::expect_used' '--deny=clippy::dbg_macro' --test --check-cfg 'cfg(docsrs,test)' --check-cfg 'cfg(feature, values())' -C metadata=802e45e568c15c77 -C extra-filename=-c5cc4388e9b62172 --out-dir /tmp/cargo-mutants-pstore-Irzqmq.tmp/target/debug/deps -C incremental=/tmp/cargo-mutants-pstore-Irzqmq.tmp/target/debug/incremental -L dependency=/tmp/cargo-mutants-pstore-Irzqmq.tmp/target/debug/deps --extern bytes=/tmp/cargo-mutants-pstore-Irzqmq.tmp/target/debug/deps/libbytes-31b8f712e3be84e8.rlib --extern futures_util=/tmp/cargo-mutants-pstore-Irzqmq.tmp/target/debug/deps/libfutures_util-9467758a9490225b.rlib --extern pstore_blob=/tmp/cargo-mutants-pstore-Irzqmq.tmp/target/debug/deps/libpstore_blob-b6cf016c092a0ac2.rlib --extern pstore_engine=/tmp/cargo-mutants-pstore-Irzqmq.tmp/target/debug/deps/libpstore_engine-bda1651ff56837d3.rlib --extern pstore_format=/tmp/cargo-mutants-pstore-Irzqmq.tmp/target/debug/deps/libpstore_format-1275d00aeb99a72a.rlib --extern pstore_testkit=/tmp/cargo-mutants-pstore-Irzqmq.tmp/target/debug/deps/libpstore_testkit-c545806fa049828c.rlib --extern pstore_types=/tmp/cargo-mutants-pstore-Irzqmq.tmp/target/debug/deps/libpstore_types-c19df0e60947a156.rlib --extern thiserror=/tmp/cargo-mutants-pstore-Irzqmq.tmp/target/debug/deps/libthiserror-a555ba146edbfd98.rlib --extern tokio=/tmp/cargo-mutants-pstore-Irzqmq.tmp/target/debug/deps/libtokio-1c12c7fb7aae7e9d.rlib`
    Finished `test` profile [unoptimized + debuginfo] target(s) in 9.09s
  Executable `/tmp/cargo-mutants-pstore-Irzqmq.tmp/target/debug/deps/pstore_engine-8cfb19ad04048a97`
  Executable `/tmp/cargo-mutants-pstore-Irzqmq.tmp/target/debug/deps/arithmetic-f480cc013a8e5cda`
  Executable `/tmp/cargo-mutants-pstore-Irzqmq.tmp/target/debug/deps/bundle_errors-12e10ac571c4c893`
  Executable `/tmp/cargo-mutants-pstore-Irzqmq.tmp/target/debug/deps/compaction-e2694d7d2381ec53`
  Executable `/tmp/cargo-mutants-pstore-Irzqmq.tmp/target/debug/deps/end_to_end-064b00503e0e203b`
  Executable `/tmp/cargo-mutants-pstore-Irzqmq.tmp/target/debug/deps/engine-6770e7487f03c003`
  Executable `/tmp/cargo-mutants-pstore-Irzqmq.tmp/target/debug/deps/failures-42cd40aa6ec937fc`
  Executable `/tmp/cargo-mutants-pstore-Irzqmq.tmp/target/debug/deps/gc-c5cc4388e9b62172`
  Executable `/tmp/cargo-mutants-pstore-Irzqmq.tmp/target/debug/deps/head-bf684d7be510072b`
  Executable `/tmp/cargo-mutants-pstore-Irzqmq.tmp/target/debug/deps/invariants-0c8b8182a0366e4f`
  Executable `/tmp/cargo-mutants-pstore-Irzqmq.tmp/target/debug/deps/lanes-7792817a29f10d61`
  Executable `/tmp/cargo-mutants-pstore-Irzqmq.tmp/target/debug/deps/linearizability-de8a0036b41b7c31`
  Executable `/tmp/cargo-mutants-pstore-Irzqmq.tmp/target/debug/deps/oq91-0041ee8d544e3276`

*** result: Success

*** /home/tuong/.rustup/toolchains/1.90-x86_64-unknown-linux-gnu/bin/cargo test --verbose --package=pstore-engine@0.1.0
       Fresh unicode-ident v1.0.24
       Fresh proc-macro2 v1.0.107
       Fresh quote v1.0.47
       Fresh syn v3.0.5
       Fresh pin-project-lite v0.2.17
       Fresh thiserror-impl v2.0.20
       Fresh tokio-macros v2.7.2
       Fresh slab v0.4.12
       Fresh futures-task v0.3.34
       Fresh futures-core v0.3.34
       Fresh futures-util v0.3.34
       Fresh tokio v1.53.1
       Fresh thiserror v2.0.20
       Fresh async-trait v0.1.92
       Fresh pstore-types v0.1.0 (/tmp/cargo-mutants-pstore-Irzqmq.tmp/crates/pstore-types)
       Fresh bytes v1.12.1
       Fresh pstore-blob v0.1.0 (/tmp/cargo-mutants-pstore-Irzqmq.tmp/crates/pstore-blob)
       Fresh pstore-format v0.1.0 (/tmp/cargo-mutants-pstore-Irzqmq.tmp/crates/pstore-format)
       Fresh pstore-testkit v0.1.0 (/tmp/cargo-mutants-pstore-Irzqmq.tmp/crates/pstore-testkit)
warning: unused variable: `n`
   --> crates/pstore-engine/src/head.rs:143:24
    |
143 |     fn take(&mut self, n: usize) -> Result<&[u8], EngineError> {
    |                        ^ help: if this is intentional, prefix it with an underscore: `_n`
    |
    = note: `#[warn(unused_variables)]` on by default

warning: fields `b` and `i` are never read
   --> crates/pstore-engine/src/head.rs:138:5
    |
137 | struct Cur<'a> {
    |        --- fields in this struct
138 |     b: &'a [u8],
    |     ^
139 |     i: usize,
    |     ^
    |
    = note: `#[warn(dead_code)]` on by default

warning: `pstore-engine` (lib) generated 2 warnings
       Fresh pstore-engine v0.1.0 (/tmp/cargo-mutants-pstore-Irzqmq.tmp/crates/pstore-engine)
warning: `pstore-engine` (lib test) generated 2 warnings (2 duplicates)
    Finished `test` profile [unoptimized + debuginfo] target(s) in 0.10s
     Running `/tmp/cargo-mutants-pstore-Irzqmq.tmp/target/debug/deps/pstore_engine-8cfb19ad04048a97`

running 0 tests

test result: ok. 0 passed; 0 failed; 0 ignored; 0 measured; 0 filtered out; finished in 0.00s

     Running `/tmp/cargo-mutants-pstore-Irzqmq.tmp/target/debug/deps/arithmetic-f480cc013a8e5cda`

running 5 tests
test a_nonce_changes_when_only_the_epoch_does ... ok
test backoff_is_capped ... ok
test backoff_grows_with_the_attempt ... ok
test lanes_do_not_back_off_in_lockstep ... ok
test nonces_never_collide_across_epochs_and_lanes ... ok

test result: ok. 5 passed; 0 failed; 0 ignored; 0 measured; 0 filtered out; finished in 0.02s

     Running `/tmp/cargo-mutants-pstore-Irzqmq.tmp/target/debug/deps/bundle_errors-12e10ac571c4c893`

running 7 tests
test an_unknown_value_tag_in_a_document_run_is_refused ... ok
test folding_nothing_is_a_no_op_not_an_error ... ok
test a_bundle_with_a_mangled_footer_fails_the_fold ... ok
test a_bundle_with_an_impossible_index_offset_fails_the_fold ... ok
test documents_round_trip_through_the_shared_codec ... ok
test a_hole_in_a_lane_bounds_the_tail_rather_than_being_skipped ... FAILED
test a_truncated_document_run_is_refused_at_every_length ... ok

failures:

---- a_hole_in_a_lane_bounds_the_tail_rather_than_being_skipped stdout ----

thread 'a_hole_in_a_lane_bounds_the_tail_rather_than_being_skipped' panicked at crates/pstore-engine/tests/bundle_errors.rs:134:41:
called `Result::unwrap()` on an `Err` value: CorruptHead
note: run with `RUST_BACKTRACE=1` environment variable to display a backtrace


failures:
    a_hole_in_a_lane_bounds_the_tail_rather_than_being_skipped

test result: FAILED. 6 passed; 1 failed; 0 ignored; 0 measured; 0 filtered out; finished in 0.01s

error: test failed, to rerun pass `-p pstore-engine --test bundle_errors`

*** result: Failure(101)
