
*** crates/pstore-index/src/sq8.rs:38:5: replace encode -> Code with Default::default()

*** mutation diff:
--- crates/pstore-index/src/sq8.rs
+++ replace encode -> Code with Default::default()
@@ -30,43 +30,17 @@
     pub fn step(&self) -> f32 {
         self.step
     }
 }
 
 /// Quantizes a vector to one byte per dimension.
 #[must_use]
 pub fn encode(v: &[f32]) -> Code {
-    let lo = v.iter().copied().fold(f32::INFINITY, f32::min);
-    let hi = v.iter().copied().fold(f32::NEG_INFINITY, f32::max);
-    // A constant vector has no range; a zero step reconstructs it exactly, and dividing by
-    // it is the only thing that could go wrong, so it is handled here rather than guarded
-    // at every use.
-    let step = if hi > lo { (hi - lo) / 255.0 } else { 0.0 };
-    let codes = v
-        .iter()
-        .map(|x| {
-            if step > 0.0 {
-                // ⚠️ `round`, not truncate. Truncation shifts every coordinate down by
-                // about half a step, so the reconstructed vector is displaced by a constant
-                // offset in every dimension at once rather than scattered around the
-                // original. Against a zero-mean query that mostly cancels in the inner
-                // product, which is why no accuracy test catches it -- only the
-                // reconstruction bound does.
-                (((x - lo) / step).round()).clamp(0.0, 255.0) as u8
-            } else {
-                0
-            }
-        })
-        .collect();
-    Code {
-        codes,
-        offset: if lo.is_finite() { lo } else { 0.0 },
-        step,
-    }
+    Default::default() /* ~ changed by cargo-mutants ~ */
 }
 
 /// Reconstructs the approximate vector.
 #[must_use]
 pub fn decode(c: &Code) -> Vec<f32> {
     c.codes
         .iter()
         .map(|b| c.offset + f32::from(*b) * c.step)


*** /home/tuong/.rustup/toolchains/1.90-x86_64-unknown-linux-gnu/bin/cargo test --no-run --verbose --workspace
       Fresh unicode-ident v1.0.24
       Fresh proc-macro2 v1.0.107
       Fresh quote v1.0.47
       Fresh syn v3.0.5
       Fresh pin-project-lite v0.2.17
       Fresh thiserror-impl v2.0.20
       Fresh tokio-macros v2.7.2
       Fresh futures-core v0.3.34
       Fresh futures-task v0.3.34
       Fresh slab v0.4.12
       Fresh async-trait v0.1.92
       Fresh bytes v1.12.1
       Fresh tokio v1.53.1
       Fresh futures-util v0.3.34
       Fresh pstore-types v0.1.0 (/tmp/cargo-mutants-pstore-yddpDt.tmp/crates/pstore-types)
       Fresh thiserror v2.0.20
       Dirty pstore-index v0.1.0 (/tmp/cargo-mutants-pstore-yddpDt.tmp/crates/pstore-index): the file `crates/pstore-index/src/sq8.rs` has changed (1788645303.916976349s, 17s after last build at 1788645286.393222048s)
   Compiling pstore-index v0.1.0 (/tmp/cargo-mutants-pstore-yddpDt.tmp/crates/pstore-index)
     Running `/home/tuong/.rustup/toolchains/1.90-x86_64-unknown-linux-gnu/bin/rustc --crate-name pstore_index --edition=2024 crates/pstore-index/src/lib.rs --error-format=json --json=diagnostic-rendered-ansi,artifacts,future-incompat --emit=dep-info,link -C embed-bitcode=no -C debuginfo=2 --warn=rust_2018_idioms '--deny=clippy::unwrap_used' --forbid=unsafe_code --warn=unreachable_pub '--deny=clippy::unimplemented' '--deny=clippy::todo' '--deny=clippy::panic' --warn=missing_docs '--deny=clippy::mem_forget' '--deny=clippy::indexing_slicing' '--deny=clippy::float_cmp' '--deny=clippy::expect_used' '--deny=clippy::dbg_macro' --test --check-cfg 'cfg(docsrs,test)' --check-cfg 'cfg(feature, values())' -C metadata=cc327639876ee248 -C extra-filename=-ad9a41401e531637 --out-dir /tmp/cargo-mutants-pstore-yddpDt.tmp/target/debug/deps -C incremental=/tmp/cargo-mutants-pstore-yddpDt.tmp/target/debug/incremental -L dependency=/tmp/cargo-mutants-pstore-yddpDt.tmp/target/debug/deps --extern bytes=/tmp/cargo-mutants-pstore-yddpDt.tmp/target/debug/deps/libbytes-31b8f712e3be84e8.rlib --extern futures_util=/tmp/cargo-mutants-pstore-yddpDt.tmp/target/debug/deps/libfutures_util-9467758a9490225b.rlib --extern pstore_blob=/tmp/cargo-mutants-pstore-yddpDt.tmp/target/debug/deps/libpstore_blob-a1c846e65fcdfc47.rlib --extern pstore_format=/tmp/cargo-mutants-pstore-yddpDt.tmp/target/debug/deps/libpstore_format-b47669c15c655435.rlib --extern pstore_testkit=/tmp/cargo-mutants-pstore-yddpDt.tmp/target/debug/deps/libpstore_testkit-c70127229fd98aeb.rlib --extern pstore_types=/tmp/cargo-mutants-pstore-yddpDt.tmp/target/debug/deps/libpstore_types-c19df0e60947a156.rlib --extern tokio=/tmp/cargo-mutants-pstore-yddpDt.tmp/target/debug/deps/libtokio-c4794fa7272c7af3.rlib`
       Fresh pstore-testkit v0.1.0 (/tmp/cargo-mutants-pstore-yddpDt.tmp/crates/pstore-testkit)
       Fresh pstore-engine v0.1.0 (/tmp/cargo-mutants-pstore-yddpDt.tmp/crates/pstore-engine)
       Fresh pstore-format v0.1.0 (/tmp/cargo-mutants-pstore-yddpDt.tmp/crates/pstore-format)
       Fresh pstore-blob v0.1.0 (/tmp/cargo-mutants-pstore-yddpDt.tmp/crates/pstore-blob)
     Running `/home/tuong/.rustup/toolchains/1.90-x86_64-unknown-linux-gnu/bin/rustc --crate-name pstore_index --edition=2024 crates/pstore-index/src/lib.rs --error-format=json --json=diagnostic-rendered-ansi,artifacts,future-incompat --crate-type lib --emit=dep-info,metadata,link -C embed-bitcode=no -C debuginfo=2 --warn=rust_2018_idioms '--deny=clippy::unwrap_used' --forbid=unsafe_code --warn=unreachable_pub '--deny=clippy::unimplemented' '--deny=clippy::todo' '--deny=clippy::panic' --warn=missing_docs '--deny=clippy::mem_forget' '--deny=clippy::indexing_slicing' '--deny=clippy::float_cmp' '--deny=clippy::expect_used' '--deny=clippy::dbg_macro' --check-cfg 'cfg(docsrs,test)' --check-cfg 'cfg(feature, values())' -C metadata=a242405e799e600f -C extra-filename=-66ac2b71496e370d --out-dir /tmp/cargo-mutants-pstore-yddpDt.tmp/target/debug/deps -C incremental=/tmp/cargo-mutants-pstore-yddpDt.tmp/target/debug/incremental -L dependency=/tmp/cargo-mutants-pstore-yddpDt.tmp/target/debug/deps --extern bytes=/tmp/cargo-mutants-pstore-yddpDt.tmp/target/debug/deps/libbytes-31b8f712e3be84e8.rmeta --extern futures_util=/tmp/cargo-mutants-pstore-yddpDt.tmp/target/debug/deps/libfutures_util-9467758a9490225b.rmeta --extern pstore_blob=/tmp/cargo-mutants-pstore-yddpDt.tmp/target/debug/deps/libpstore_blob-a1c846e65fcdfc47.rmeta --extern pstore_format=/tmp/cargo-mutants-pstore-yddpDt.tmp/target/debug/deps/libpstore_format-b47669c15c655435.rmeta`
error[E0277]: the trait bound `sq8::Code: Default` is not satisfied
  --> crates/pstore-index/src/sq8.rs:38:5
   |
38 |     Default::default() /* ~ changed by cargo-mutants ~ */
   |     ^^^^^^^^^^^^^^^^^^ the trait `Default` is not implemented for `sq8::Code`
   |
help: consider annotating `sq8::Code` with `#[derive(Default)]`
   |
13 + #[derive(Default)]
14 | pub struct Code {
   |

For more information about this error, try `rustc --explain E0277`.
error: could not compile `pstore-index` (lib) due to 1 previous error

Caused by:
  process didn't exit successfully: `/home/tuong/.rustup/toolchains/1.90-x86_64-unknown-linux-gnu/bin/rustc --crate-name pstore_index --edition=2024 crates/pstore-index/src/lib.rs --error-format=json --json=diagnostic-rendered-ansi,artifacts,future-incompat --crate-type lib --emit=dep-info,metadata,link -C embed-bitcode=no -C debuginfo=2 --warn=rust_2018_idioms '--deny=clippy::unwrap_used' --forbid=unsafe_code --warn=unreachable_pub '--deny=clippy::unimplemented' '--deny=clippy::todo' '--deny=clippy::panic' --warn=missing_docs '--deny=clippy::mem_forget' '--deny=clippy::indexing_slicing' '--deny=clippy::float_cmp' '--deny=clippy::expect_used' '--deny=clippy::dbg_macro' --check-cfg 'cfg(docsrs,test)' --check-cfg 'cfg(feature, values())' -C metadata=a242405e799e600f -C extra-filename=-66ac2b71496e370d --out-dir /tmp/cargo-mutants-pstore-yddpDt.tmp/target/debug/deps -C incremental=/tmp/cargo-mutants-pstore-yddpDt.tmp/target/debug/incremental -L dependency=/tmp/cargo-mutants-pstore-yddpDt.tmp/target/debug/deps --extern bytes=/tmp/cargo-mutants-pstore-yddpDt.tmp/target/debug/deps/libbytes-31b8f712e3be84e8.rmeta --extern futures_util=/tmp/cargo-mutants-pstore-yddpDt.tmp/target/debug/deps/libfutures_util-9467758a9490225b.rmeta --extern pstore_blob=/tmp/cargo-mutants-pstore-yddpDt.tmp/target/debug/deps/libpstore_blob-a1c846e65fcdfc47.rmeta --extern pstore_format=/tmp/cargo-mutants-pstore-yddpDt.tmp/target/debug/deps/libpstore_format-b47669c15c655435.rmeta` (exit status: 1)
warning: build failed, waiting for other jobs to finish...
error: could not compile `pstore-index` (lib test) due to 1 previous error

Caused by:
  process didn't exit successfully: `/home/tuong/.rustup/toolchains/1.90-x86_64-unknown-linux-gnu/bin/rustc --crate-name pstore_index --edition=2024 crates/pstore-index/src/lib.rs --error-format=json --json=diagnostic-rendered-ansi,artifacts,future-incompat --emit=dep-info,link -C embed-bitcode=no -C debuginfo=2 --warn=rust_2018_idioms '--deny=clippy::unwrap_used' --forbid=unsafe_code --warn=unreachable_pub '--deny=clippy::unimplemented' '--deny=clippy::todo' '--deny=clippy::panic' --warn=missing_docs '--deny=clippy::mem_forget' '--deny=clippy::indexing_slicing' '--deny=clippy::float_cmp' '--deny=clippy::expect_used' '--deny=clippy::dbg_macro' --test --check-cfg 'cfg(docsrs,test)' --check-cfg 'cfg(feature, values())' -C metadata=cc327639876ee248 -C extra-filename=-ad9a41401e531637 --out-dir /tmp/cargo-mutants-pstore-yddpDt.tmp/target/debug/deps -C incremental=/tmp/cargo-mutants-pstore-yddpDt.tmp/target/debug/incremental -L dependency=/tmp/cargo-mutants-pstore-yddpDt.tmp/target/debug/deps --extern bytes=/tmp/cargo-mutants-pstore-yddpDt.tmp/target/debug/deps/libbytes-31b8f712e3be84e8.rlib --extern futures_util=/tmp/cargo-mutants-pstore-yddpDt.tmp/target/debug/deps/libfutures_util-9467758a9490225b.rlib --extern pstore_blob=/tmp/cargo-mutants-pstore-yddpDt.tmp/target/debug/deps/libpstore_blob-a1c846e65fcdfc47.rlib --extern pstore_format=/tmp/cargo-mutants-pstore-yddpDt.tmp/target/debug/deps/libpstore_format-b47669c15c655435.rlib --extern pstore_testkit=/tmp/cargo-mutants-pstore-yddpDt.tmp/target/debug/deps/libpstore_testkit-c70127229fd98aeb.rlib --extern pstore_types=/tmp/cargo-mutants-pstore-yddpDt.tmp/target/debug/deps/libpstore_types-c19df0e60947a156.rlib --extern tokio=/tmp/cargo-mutants-pstore-yddpDt.tmp/target/debug/deps/libtokio-c4794fa7272c7af3.rlib` (exit status: 1)

*** result: Failure(101)
