
*** crates/pstore-engine/src/lib.rs:21:5: replace bundle_key -> Key with Default::default()

*** mutation diff:
--- crates/pstore-engine/src/lib.rs
+++ replace bundle_key -> Key with Default::default()
@@ -13,20 +13,17 @@
 use pstore_types::{Epoch, LaneId, Seq, TenantId};
 use std::collections::BTreeMap;
 use std::sync::{Arc, Mutex};
 
 /// The key one lane's bundle lives at. **Derived**, so a successor computes it rather than
 /// discovering it — which is what keeps recovery off the LIST path.
 #[must_use]
 pub fn bundle_key(tenant: TenantId, lane: LaneId, seq: Seq) -> Key {
-    Key::new(format!(
-        "{:04x}/wal/{}/{:016x}/{:016}.bundle",
-        tenant.0 as u16, tenant.0, lane.0, seq.0
-    ))
+    Default::default() /* ~ changed by cargo-mutants ~ */
 }
 
 /// Rows per block in a folded segment. Small enough that zone maps prune usefully, large
 /// enough that a scan is not one request per handful of rows.
 const ROWS_PER_BLOCK: usize = 64;
 
 /// How many times a commit rebases before giving up.
 ///


*** /home/tuong/.rustup/toolchains/1.90-x86_64-unknown-linux-gnu/bin/cargo test --no-run --verbose --package=pstore-engine@0.1.0
       Fresh unicode-ident v1.0.24
       Fresh proc-macro2 v1.0.107
       Fresh quote v1.0.47
       Fresh syn v3.0.5
       Fresh pin-project-lite v0.2.17
       Fresh thiserror-impl v2.0.20
       Fresh tokio-macros v2.7.2
       Fresh slab v0.4.12
       Fresh futures-task v0.3.34
       Fresh futures-core v0.3.34
       Fresh futures-util v0.3.34
   Compiling tokio v1.53.1
     Running `/home/tuong/.rustup/toolchains/1.90-x86_64-unknown-linux-gnu/bin/rustc --crate-name tokio --edition=2021 /home/tuong/.cargo/registry/src/index.crates.io-1949cf8c6b5b557f/tokio-1.53.1/src/lib.rs --error-format=json --json=diagnostic-rendered-ansi,artifacts,future-incompat --crate-type lib --emit=dep-info,metadata,link -C embed-bitcode=no -C debuginfo=2 --warn=unexpected_cfgs --check-cfg 'cfg(fuzzing)' --check-cfg 'cfg(loom)' --check-cfg 'cfg(mio_unsupported_force_poll_poll)' --check-cfg 'cfg(tokio_allow_from_blocking_fd)' --check-cfg 'cfg(tokio_internal_mt_counters)' --check-cfg 'cfg(tokio_no_parking_lot)' --check-cfg 'cfg(tokio_no_tuning_tests)' --check-cfg 'cfg(tokio_unstable)' --check-cfg 'cfg(target_os, values("cygwin"))' --cfg 'feature="default"' --cfg 'feature="macros"' --cfg 'feature="rt"' --cfg 'feature="rt-multi-thread"' --cfg 'feature="sync"' --cfg 'feature="time"' --cfg 'feature="tokio-macros"' --check-cfg 'cfg(docsrs,test)' --check-cfg 'cfg(feature, values("bytes", "default", "fs", "full", "io-std", "io-uring", "io-util", "libc", "macros", "mio", "net", "parking_lot", "process", "rt", "rt-multi-thread", "schedule-latency", "signal", "signal-hook-registry", "socket2", "sync", "taskdump", "test-util", "time", "tokio-macros", "tracing", "windows-sys"))' -C metadata=ceef09ce203f1714 -C extra-filename=-1c12c7fb7aae7e9d --out-dir /tmp/cargo-mutants-pstore-pCVVec.tmp/target/debug/deps -L dependency=/tmp/cargo-mutants-pstore-pCVVec.tmp/target/debug/deps --extern pin_project_lite=/tmp/cargo-mutants-pstore-pCVVec.tmp/target/debug/deps/libpin_project_lite-a1283bf6a93daf41.rmeta --extern tokio_macros=/tmp/cargo-mutants-pstore-pCVVec.tmp/target/debug/deps/libtokio_macros-f428a560689b5ff2.so --cap-lints allow`
       Fresh thiserror v2.0.20
       Fresh async-trait v0.1.92
       Fresh pstore-types v0.1.0 (/tmp/cargo-mutants-pstore-pCVVec.tmp/crates/pstore-types)
       Fresh bytes v1.12.1
   Compiling pstore-blob v0.1.0 (/tmp/cargo-mutants-pstore-pCVVec.tmp/crates/pstore-blob)
     Running `/home/tuong/.rustup/toolchains/1.90-x86_64-unknown-linux-gnu/bin/rustc --crate-name pstore_blob --edition=2024 crates/pstore-blob/src/lib.rs --error-format=json --json=diagnostic-rendered-ansi,artifacts,future-incompat --crate-type lib --emit=dep-info,metadata,link -C embed-bitcode=no -C debuginfo=2 --warn=rust_2018_idioms '--deny=clippy::unwrap_used' --forbid=unsafe_code --warn=unreachable_pub '--deny=clippy::unimplemented' '--deny=clippy::todo' '--deny=clippy::panic' --warn=missing_docs '--deny=clippy::mem_forget' '--deny=clippy::indexing_slicing' '--deny=clippy::float_cmp' '--deny=clippy::expect_used' '--deny=clippy::dbg_macro' --check-cfg 'cfg(docsrs,test)' --check-cfg 'cfg(feature, values("object_store"))' -C metadata=cf175735286096c9 -C extra-filename=-b6cf016c092a0ac2 --out-dir /tmp/cargo-mutants-pstore-pCVVec.tmp/target/debug/deps -C incremental=/tmp/cargo-mutants-pstore-pCVVec.tmp/target/debug/incremental -L dependency=/tmp/cargo-mutants-pstore-pCVVec.tmp/target/debug/deps --extern async_trait=/tmp/cargo-mutants-pstore-pCVVec.tmp/target/debug/deps/libasync_trait-efaaae825ff87b5f.so --extern bytes=/tmp/cargo-mutants-pstore-pCVVec.tmp/target/debug/deps/libbytes-31b8f712e3be84e8.rmeta --extern futures_util=/tmp/cargo-mutants-pstore-pCVVec.tmp/target/debug/deps/libfutures_util-9467758a9490225b.rmeta --extern pstore_types=/tmp/cargo-mutants-pstore-pCVVec.tmp/target/debug/deps/libpstore_types-c19df0e60947a156.rmeta --extern thiserror=/tmp/cargo-mutants-pstore-pCVVec.tmp/target/debug/deps/libthiserror-a555ba146edbfd98.rmeta --extern tokio=/tmp/cargo-mutants-pstore-pCVVec.tmp/target/debug/deps/libtokio-1c12c7fb7aae7e9d.rmeta`
   Compiling pstore-format v0.1.0 (/tmp/cargo-mutants-pstore-pCVVec.tmp/crates/pstore-format)
   Compiling pstore-testkit v0.1.0 (/tmp/cargo-mutants-pstore-pCVVec.tmp/crates/pstore-testkit)
     Running `/home/tuong/.rustup/toolchains/1.90-x86_64-unknown-linux-gnu/bin/rustc --crate-name pstore_format --edition=2024 crates/pstore-format/src/lib.rs --error-format=json --json=diagnostic-rendered-ansi,artifacts,future-incompat --crate-type lib --emit=dep-info,metadata,link -C embed-bitcode=no -C debuginfo=2 --warn=rust_2018_idioms '--deny=clippy::unwrap_used' --forbid=unsafe_code --warn=unreachable_pub '--deny=clippy::unimplemented' '--deny=clippy::todo' '--deny=clippy::panic' --warn=missing_docs '--deny=clippy::mem_forget' '--deny=clippy::indexing_slicing' '--deny=clippy::float_cmp' '--deny=clippy::expect_used' '--deny=clippy::dbg_macro' --check-cfg 'cfg(docsrs,test)' --check-cfg 'cfg(feature, values())' -C metadata=57d28a0e0e46fc90 -C extra-filename=-1275d00aeb99a72a --out-dir /tmp/cargo-mutants-pstore-pCVVec.tmp/target/debug/deps -C incremental=/tmp/cargo-mutants-pstore-pCVVec.tmp/target/debug/incremental -L dependency=/tmp/cargo-mutants-pstore-pCVVec.tmp/target/debug/deps --extern async_trait=/tmp/cargo-mutants-pstore-pCVVec.tmp/target/debug/deps/libasync_trait-efaaae825ff87b5f.so --extern bytes=/tmp/cargo-mutants-pstore-pCVVec.tmp/target/debug/deps/libbytes-31b8f712e3be84e8.rmeta --extern pstore_blob=/tmp/cargo-mutants-pstore-pCVVec.tmp/target/debug/deps/libpstore_blob-b6cf016c092a0ac2.rmeta --extern pstore_types=/tmp/cargo-mutants-pstore-pCVVec.tmp/target/debug/deps/libpstore_types-c19df0e60947a156.rmeta --extern thiserror=/tmp/cargo-mutants-pstore-pCVVec.tmp/target/debug/deps/libthiserror-a555ba146edbfd98.rmeta`
     Running `/home/tuong/.rustup/toolchains/1.90-x86_64-unknown-linux-gnu/bin/rustc --crate-name pstore_testkit --edition=2024 crates/pstore-testkit/src/lib.rs --error-format=json --json=diagnostic-rendered-ansi,artifacts,future-incompat --crate-type lib --emit=dep-info,metadata,link -C embed-bitcode=no -C debuginfo=2 --warn=rust_2018_idioms '--deny=clippy::unwrap_used' --forbid=unsafe_code --warn=unreachable_pub '--deny=clippy::unimplemented' '--deny=clippy::todo' '--deny=clippy::panic' --warn=missing_docs '--deny=clippy::mem_forget' '--deny=clippy::indexing_slicing' '--deny=clippy::float_cmp' '--deny=clippy::expect_used' '--deny=clippy::dbg_macro' --check-cfg 'cfg(docsrs,test)' --check-cfg 'cfg(feature, values())' -C metadata=0148c8c225cbec8b -C extra-filename=-c545806fa049828c --out-dir /tmp/cargo-mutants-pstore-pCVVec.tmp/target/debug/deps -C incremental=/tmp/cargo-mutants-pstore-pCVVec.tmp/target/debug/incremental -L dependency=/tmp/cargo-mutants-pstore-pCVVec.tmp/target/debug/deps --extern async_trait=/tmp/cargo-mutants-pstore-pCVVec.tmp/target/debug/deps/libasync_trait-efaaae825ff87b5f.so --extern bytes=/tmp/cargo-mutants-pstore-pCVVec.tmp/target/debug/deps/libbytes-31b8f712e3be84e8.rmeta --extern pstore_blob=/tmp/cargo-mutants-pstore-pCVVec.tmp/target/debug/deps/libpstore_blob-b6cf016c092a0ac2.rmeta --extern pstore_types=/tmp/cargo-mutants-pstore-pCVVec.tmp/target/debug/deps/libpstore_types-c19df0e60947a156.rmeta --extern tokio=/tmp/cargo-mutants-pstore-pCVVec.tmp/target/debug/deps/libtokio-1c12c7fb7aae7e9d.rmeta`
   Compiling pstore-engine v0.1.0 (/tmp/cargo-mutants-pstore-pCVVec.tmp/crates/pstore-engine)
     Running `/home/tuong/.rustup/toolchains/1.90-x86_64-unknown-linux-gnu/bin/rustc --crate-name pstore_engine --edition=2024 crates/pstore-engine/src/lib.rs --error-format=json --json=diagnostic-rendered-ansi,artifacts,future-incompat --crate-type lib --emit=dep-info,metadata,link -C embed-bitcode=no -C debuginfo=2 --warn=rust_2018_idioms '--deny=clippy::unwrap_used' --forbid=unsafe_code --warn=unreachable_pub '--deny=clippy::unimplemented' '--deny=clippy::todo' '--deny=clippy::panic' --warn=missing_docs '--deny=clippy::mem_forget' '--deny=clippy::indexing_slicing' '--deny=clippy::float_cmp' '--deny=clippy::expect_used' '--deny=clippy::dbg_macro' --check-cfg 'cfg(docsrs,test)' --check-cfg 'cfg(feature, values())' -C metadata=a276e8e21a30ee6c -C extra-filename=-bda1651ff56837d3 --out-dir /tmp/cargo-mutants-pstore-pCVVec.tmp/target/debug/deps -C incremental=/tmp/cargo-mutants-pstore-pCVVec.tmp/target/debug/incremental -L dependency=/tmp/cargo-mutants-pstore-pCVVec.tmp/target/debug/deps --extern bytes=/tmp/cargo-mutants-pstore-pCVVec.tmp/target/debug/deps/libbytes-31b8f712e3be84e8.rmeta --extern futures_util=/tmp/cargo-mutants-pstore-pCVVec.tmp/target/debug/deps/libfutures_util-9467758a9490225b.rmeta --extern pstore_blob=/tmp/cargo-mutants-pstore-pCVVec.tmp/target/debug/deps/libpstore_blob-b6cf016c092a0ac2.rmeta --extern pstore_format=/tmp/cargo-mutants-pstore-pCVVec.tmp/target/debug/deps/libpstore_format-1275d00aeb99a72a.rmeta --extern pstore_types=/tmp/cargo-mutants-pstore-pCVVec.tmp/target/debug/deps/libpstore_types-c19df0e60947a156.rmeta --extern thiserror=/tmp/cargo-mutants-pstore-pCVVec.tmp/target/debug/deps/libthiserror-a555ba146edbfd98.rmeta --extern tokio=/tmp/cargo-mutants-pstore-pCVVec.tmp/target/debug/deps/libtokio-1c12c7fb7aae7e9d.rmeta`
error[E0277]: the trait bound `Key: Default` is not satisfied
  --> crates/pstore-engine/src/lib.rs:21:5
   |
21 |     Default::default() /* ~ changed by cargo-mutants ~ */
   |     ^^^^^^^^^^^^^^^^^^ the trait `Default` is not implemented for `Key`

For more information about this error, try `rustc --explain E0277`.
error: could not compile `pstore-engine` (lib) due to 1 previous error

Caused by:
  process didn't exit successfully: `/home/tuong/.rustup/toolchains/1.90-x86_64-unknown-linux-gnu/bin/rustc --crate-name pstore_engine --edition=2024 crates/pstore-engine/src/lib.rs --error-format=json --json=diagnostic-rendered-ansi,artifacts,future-incompat --crate-type lib --emit=dep-info,metadata,link -C embed-bitcode=no -C debuginfo=2 --warn=rust_2018_idioms '--deny=clippy::unwrap_used' --forbid=unsafe_code --warn=unreachable_pub '--deny=clippy::unimplemented' '--deny=clippy::todo' '--deny=clippy::panic' --warn=missing_docs '--deny=clippy::mem_forget' '--deny=clippy::indexing_slicing' '--deny=clippy::float_cmp' '--deny=clippy::expect_used' '--deny=clippy::dbg_macro' --check-cfg 'cfg(docsrs,test)' --check-cfg 'cfg(feature, values())' -C metadata=a276e8e21a30ee6c -C extra-filename=-bda1651ff56837d3 --out-dir /tmp/cargo-mutants-pstore-pCVVec.tmp/target/debug/deps -C incremental=/tmp/cargo-mutants-pstore-pCVVec.tmp/target/debug/incremental -L dependency=/tmp/cargo-mutants-pstore-pCVVec.tmp/target/debug/deps --extern bytes=/tmp/cargo-mutants-pstore-pCVVec.tmp/target/debug/deps/libbytes-31b8f712e3be84e8.rmeta --extern futures_util=/tmp/cargo-mutants-pstore-pCVVec.tmp/target/debug/deps/libfutures_util-9467758a9490225b.rmeta --extern pstore_blob=/tmp/cargo-mutants-pstore-pCVVec.tmp/target/debug/deps/libpstore_blob-b6cf016c092a0ac2.rmeta --extern pstore_format=/tmp/cargo-mutants-pstore-pCVVec.tmp/target/debug/deps/libpstore_format-1275d00aeb99a72a.rmeta --extern pstore_types=/tmp/cargo-mutants-pstore-pCVVec.tmp/target/debug/deps/libpstore_types-c19df0e60947a156.rmeta --extern thiserror=/tmp/cargo-mutants-pstore-pCVVec.tmp/target/debug/deps/libthiserror-a555ba146edbfd98.rmeta --extern tokio=/tmp/cargo-mutants-pstore-pCVVec.tmp/target/debug/deps/libtokio-1c12c7fb7aae7e9d.rmeta` (exit status: 1)
warning: build failed, waiting for other jobs to finish...

*** result: Failure(101)
