
*** crates/pstore-blob/src/faulty.rs:59:37: replace << with >> in Inner::next_f64

*** mutation diff:
--- crates/pstore-blob/src/faulty.rs
+++ replace << with >> in Inner::next_f64
@@ -51,17 +51,17 @@
 impl Inner {
     fn next_f64(&mut self) -> f64 {
         self.seed = self.seed.wrapping_add(0x9E37_79B9_7F4A_7C15);
         let mut z = self.seed;
         z = (z ^ (z >> 30)).wrapping_mul(0xBF58_476D_1CE4_E5B9);
         z = (z ^ (z >> 27)).wrapping_mul(0x94D0_49BB_1331_11EB);
         z ^= z >> 31;
         // 53 bits of mantissa: the same value on every platform.
-        ((z >> 11) as f64) / ((1u64 << 53) as f64)
+        ((z >> 11) as f64) / ((1u64 >> /* ~ changed by cargo-mutants ~ */ 53) as f64)
     }
 }
 
 /// Wraps a backend and injects faults from a seed.
 #[derive(Debug, Clone)]
 pub struct Faulty<S> {
     inner: Arc<S>,
     state: Arc<Mutex<Inner>>,


*** /home/tuong/.rustup/toolchains/1.90-x86_64-unknown-linux-gnu/bin/cargo test --no-run --verbose --package=pstore-blob@0.1.0 --all-features
       Fresh unicode-ident v1.0.24
       Fresh stable_deref_trait v1.2.1
       Fresh litemap v0.8.3
       Fresh writeable v0.6.4
       Fresh utf8_iter v1.0.4
       Fresh smallvec v1.16.0
       Fresh autocfg v1.5.1
       Fresh percent-encoding v2.3.2
       Fresh scopeguard v1.2.0
       Fresh cfg-if v1.0.4
       Fresh pin-project-lite v0.2.17
       Fresh slab v0.4.12
       Fresh either v1.18.0
       Fresh iana-time-zone v0.1.65
       Fresh futures-sink v0.3.34
       Fresh proc-macro2 v1.0.107
       Fresh form_urlencoded v1.2.2
       Fresh lock_api v0.4.14
       Fresh futures-core v0.3.34
       Fresh itoa v1.0.18
       Fresh bytes v1.12.1
       Fresh futures-task v0.3.34
       Fresh itertools v0.15.0
       Fresh humantime v2.4.0
       Fresh pstore-types v0.1.0 (/tmp/cargo-mutants-pstore-LuBYam.tmp/crates/pstore-types)
       Fresh quote v1.0.47
       Fresh icu_properties_data v2.3.0
       Fresh icu_normalizer_data v2.3.0
       Fresh libc v0.2.189
       Fresh http v1.5.0
       Fresh syn v3.0.5
       Fresh syn v2.0.119
       Fresh parking_lot_core v0.9.12
       Fresh num-traits v0.2.19
       Fresh synstructure v0.13.2
       Fresh zerovec-derive v0.11.6
       Fresh displaydoc v0.2.7
       Fresh futures-macro v0.3.34
       Fresh thiserror-impl v2.0.20
       Fresh tokio-macros v2.7.2
       Fresh async-trait v0.1.92
       Fresh chrono v0.4.45
       Fresh parking_lot v0.12.5
       Fresh zerofrom-derive v0.1.7
       Fresh yoke-derive v0.8.2
       Fresh thiserror v2.0.20
       Fresh futures-util v0.3.34
       Fresh tokio v1.53.1
       Fresh zerofrom v0.1.8
       Fresh yoke v0.8.3
       Fresh zerovec v0.11.8
       Fresh zerotrie v0.2.5
       Fresh tinystr v0.8.4
       Fresh potential_utf v0.1.6
       Fresh icu_locale_core v2.3.0
       Fresh icu_collections v2.3.0
       Fresh icu_provider v2.3.1
       Fresh icu_properties v2.3.0
       Fresh icu_normalizer v2.3.0
       Fresh idna_adapter v1.2.2
       Fresh idna v1.1.0
       Fresh url v2.5.8
       Fresh object_store v0.14.1
       Dirty pstore-blob v0.1.0 (/tmp/cargo-mutants-pstore-LuBYam.tmp/crates/pstore-blob): the file `crates/pstore-blob/src/faulty.rs` has changed (1788607233.380286216s, 1s after last build at 1788607232.846550332s)
   Compiling pstore-blob v0.1.0 (/tmp/cargo-mutants-pstore-LuBYam.tmp/crates/pstore-blob)
     Running `/home/tuong/.rustup/toolchains/1.90-x86_64-unknown-linux-gnu/bin/rustc --crate-name pstore_blob --edition=2024 crates/pstore-blob/src/lib.rs --error-format=json --json=diagnostic-rendered-ansi,artifacts,future-incompat --crate-type lib --emit=dep-info,metadata,link -C embed-bitcode=no -C debuginfo=2 --warn=rust_2018_idioms '--deny=clippy::unwrap_used' --forbid=unsafe_code --warn=unreachable_pub '--deny=clippy::unimplemented' '--deny=clippy::todo' '--deny=clippy::panic' --warn=missing_docs '--deny=clippy::mem_forget' '--deny=clippy::indexing_slicing' '--deny=clippy::float_cmp' '--deny=clippy::expect_used' '--deny=clippy::dbg_macro' --cfg 'feature="object_store"' --check-cfg 'cfg(docsrs,test)' --check-cfg 'cfg(feature, values("object_store"))' -C metadata=0114b4a796d6dd7e -C extra-filename=-4a168bd25eb3269b --out-dir /tmp/cargo-mutants-pstore-LuBYam.tmp/target/debug/deps -C incremental=/tmp/cargo-mutants-pstore-LuBYam.tmp/target/debug/incremental -L dependency=/tmp/cargo-mutants-pstore-LuBYam.tmp/target/debug/deps --extern async_trait=/tmp/cargo-mutants-pstore-LuBYam.tmp/target/debug/deps/libasync_trait-14b400283fac8cea.so --extern bytes=/tmp/cargo-mutants-pstore-LuBYam.tmp/target/debug/deps/libbytes-31b8f712e3be84e8.rmeta --extern futures_util=/tmp/cargo-mutants-pstore-LuBYam.tmp/target/debug/deps/libfutures_util-04c275f71ab815ac.rmeta --extern object_store=/tmp/cargo-mutants-pstore-LuBYam.tmp/target/debug/deps/libobject_store-b201e14610e40912.rmeta --extern pstore_types=/tmp/cargo-mutants-pstore-LuBYam.tmp/target/debug/deps/libpstore_types-c19df0e60947a156.rmeta --extern thiserror=/tmp/cargo-mutants-pstore-LuBYam.tmp/target/debug/deps/libthiserror-5a6de54893a1cf1a.rmeta --extern tokio=/tmp/cargo-mutants-pstore-LuBYam.tmp/target/debug/deps/libtokio-8f73ed7cb87faa2b.rmeta`
       Dirty pstore-testkit v0.1.0 (/tmp/cargo-mutants-pstore-LuBYam.tmp/crates/pstore-testkit): the dependency pstore_blob was rebuilt
   Compiling pstore-testkit v0.1.0 (/tmp/cargo-mutants-pstore-LuBYam.tmp/crates/pstore-testkit)
     Running `/home/tuong/.rustup/toolchains/1.90-x86_64-unknown-linux-gnu/bin/rustc --crate-name pstore_testkit --edition=2024 crates/pstore-testkit/src/lib.rs --error-format=json --json=diagnostic-rendered-ansi,artifacts,future-incompat --crate-type lib --emit=dep-info,metadata,link -C embed-bitcode=no -C debuginfo=2 --warn=rust_2018_idioms '--deny=clippy::unwrap_used' --forbid=unsafe_code --warn=unreachable_pub '--deny=clippy::unimplemented' '--deny=clippy::todo' '--deny=clippy::panic' --warn=missing_docs '--deny=clippy::mem_forget' '--deny=clippy::indexing_slicing' '--deny=clippy::float_cmp' '--deny=clippy::expect_used' '--deny=clippy::dbg_macro' --check-cfg 'cfg(docsrs,test)' --check-cfg 'cfg(feature, values())' -C metadata=8c62b8529520387b -C extra-filename=-d6a4614e1035fdf4 --out-dir /tmp/cargo-mutants-pstore-LuBYam.tmp/target/debug/deps -C incremental=/tmp/cargo-mutants-pstore-LuBYam.tmp/target/debug/incremental -L dependency=/tmp/cargo-mutants-pstore-LuBYam.tmp/target/debug/deps --extern async_trait=/tmp/cargo-mutants-pstore-LuBYam.tmp/target/debug/deps/libasync_trait-14b400283fac8cea.so --extern bytes=/tmp/cargo-mutants-pstore-LuBYam.tmp/target/debug/deps/libbytes-31b8f712e3be84e8.rmeta --extern pstore_blob=/tmp/cargo-mutants-pstore-LuBYam.tmp/target/debug/deps/libpstore_blob-4a168bd25eb3269b.rmeta --extern pstore_types=/tmp/cargo-mutants-pstore-LuBYam.tmp/target/debug/deps/libpstore_types-c19df0e60947a156.rmeta --extern tokio=/tmp/cargo-mutants-pstore-LuBYam.tmp/target/debug/deps/libtokio-8f73ed7cb87faa2b.rmeta`
     Running `/home/tuong/.rustup/toolchains/1.90-x86_64-unknown-linux-gnu/bin/rustc --crate-name pstore_blob --edition=2024 crates/pstore-blob/src/lib.rs --error-format=json --json=diagnostic-rendered-ansi,artifacts,future-incompat --emit=dep-info,link -C embed-bitcode=no -C debuginfo=2 --warn=rust_2018_idioms '--deny=clippy::unwrap_used' --forbid=unsafe_code --warn=unreachable_pub '--deny=clippy::unimplemented' '--deny=clippy::todo' '--deny=clippy::panic' --warn=missing_docs '--deny=clippy::mem_forget' '--deny=clippy::indexing_slicing' '--deny=clippy::float_cmp' '--deny=clippy::expect_used' '--deny=clippy::dbg_macro' --test --cfg 'feature="object_store"' --check-cfg 'cfg(docsrs,test)' --check-cfg 'cfg(feature, values("object_store"))' -C metadata=4f42b29fa8f42ca9 -C extra-filename=-dccd024b168a273f --out-dir /tmp/cargo-mutants-pstore-LuBYam.tmp/target/debug/deps -C incremental=/tmp/cargo-mutants-pstore-LuBYam.tmp/target/debug/incremental -L dependency=/tmp/cargo-mutants-pstore-LuBYam.tmp/target/debug/deps --extern async_trait=/tmp/cargo-mutants-pstore-LuBYam.tmp/target/debug/deps/libasync_trait-14b400283fac8cea.so --extern bytes=/tmp/cargo-mutants-pstore-LuBYam.tmp/target/debug/deps/libbytes-31b8f712e3be84e8.rlib --extern futures_util=/tmp/cargo-mutants-pstore-LuBYam.tmp/target/debug/deps/libfutures_util-04c275f71ab815ac.rlib --extern object_store=/tmp/cargo-mutants-pstore-LuBYam.tmp/target/debug/deps/libobject_store-b201e14610e40912.rlib --extern pstore_testkit=/tmp/cargo-mutants-pstore-LuBYam.tmp/target/debug/deps/libpstore_testkit-d6a4614e1035fdf4.rlib --extern pstore_types=/tmp/cargo-mutants-pstore-LuBYam.tmp/target/debug/deps/libpstore_types-c19df0e60947a156.rlib --extern thiserror=/tmp/cargo-mutants-pstore-LuBYam.tmp/target/debug/deps/libthiserror-5a6de54893a1cf1a.rlib --extern tokio=/tmp/cargo-mutants-pstore-LuBYam.tmp/target/debug/deps/libtokio-8f73ed7cb87faa2b.rlib`
     Running `/home/tuong/.rustup/toolchains/1.90-x86_64-unknown-linux-gnu/bin/rustc --crate-name object_store_adapter --edition=2024 crates/pstore-blob/tests/object_store_adapter.rs --error-format=json --json=diagnostic-rendered-ansi,artifacts,future-incompat --emit=dep-info,link -C embed-bitcode=no -C debuginfo=2 --warn=rust_2018_idioms '--deny=clippy::unwrap_used' --forbid=unsafe_code --warn=unreachable_pub '--deny=clippy::unimplemented' '--deny=clippy::todo' '--deny=clippy::panic' --warn=missing_docs '--deny=clippy::mem_forget' '--deny=clippy::indexing_slicing' '--deny=clippy::float_cmp' '--deny=clippy::expect_used' '--deny=clippy::dbg_macro' --test --cfg 'feature="object_store"' --check-cfg 'cfg(docsrs,test)' --check-cfg 'cfg(feature, values("object_store"))' -C metadata=a60517875e70fe9c -C extra-filename=-1f55ea78ca1218f6 --out-dir /tmp/cargo-mutants-pstore-LuBYam.tmp/target/debug/deps -C incremental=/tmp/cargo-mutants-pstore-LuBYam.tmp/target/debug/incremental -L dependency=/tmp/cargo-mutants-pstore-LuBYam.tmp/target/debug/deps --extern async_trait=/tmp/cargo-mutants-pstore-LuBYam.tmp/target/debug/deps/libasync_trait-14b400283fac8cea.so --extern bytes=/tmp/cargo-mutants-pstore-LuBYam.tmp/target/debug/deps/libbytes-31b8f712e3be84e8.rlib --extern futures_util=/tmp/cargo-mutants-pstore-LuBYam.tmp/target/debug/deps/libfutures_util-04c275f71ab815ac.rlib --extern object_store=/tmp/cargo-mutants-pstore-LuBYam.tmp/target/debug/deps/libobject_store-b201e14610e40912.rlib --extern pstore_blob=/tmp/cargo-mutants-pstore-LuBYam.tmp/target/debug/deps/libpstore_blob-4a168bd25eb3269b.rlib --extern pstore_testkit=/tmp/cargo-mutants-pstore-LuBYam.tmp/target/debug/deps/libpstore_testkit-d6a4614e1035fdf4.rlib --extern pstore_types=/tmp/cargo-mutants-pstore-LuBYam.tmp/target/debug/deps/libpstore_types-c19df0e60947a156.rlib --extern thiserror=/tmp/cargo-mutants-pstore-LuBYam.tmp/target/debug/deps/libthiserror-5a6de54893a1cf1a.rlib --extern tokio=/tmp/cargo-mutants-pstore-LuBYam.tmp/target/debug/deps/libtokio-8f73ed7cb87faa2b.rlib`
     Running `/home/tuong/.rustup/toolchains/1.90-x86_64-unknown-linux-gnu/bin/rustc --crate-name semantics --edition=2024 crates/pstore-blob/tests/semantics.rs --error-format=json --json=diagnostic-rendered-ansi,artifacts,future-incompat --emit=dep-info,link -C embed-bitcode=no -C debuginfo=2 --warn=rust_2018_idioms '--deny=clippy::unwrap_used' --forbid=unsafe_code --warn=unreachable_pub '--deny=clippy::unimplemented' '--deny=clippy::todo' '--deny=clippy::panic' --warn=missing_docs '--deny=clippy::mem_forget' '--deny=clippy::indexing_slicing' '--deny=clippy::float_cmp' '--deny=clippy::expect_used' '--deny=clippy::dbg_macro' --test --cfg 'feature="object_store"' --check-cfg 'cfg(docsrs,test)' --check-cfg 'cfg(feature, values("object_store"))' -C metadata=4080bfe972cbf9d5 -C extra-filename=-93413e51da57a0a6 --out-dir /tmp/cargo-mutants-pstore-LuBYam.tmp/target/debug/deps -C incremental=/tmp/cargo-mutants-pstore-LuBYam.tmp/target/debug/incremental -L dependency=/tmp/cargo-mutants-pstore-LuBYam.tmp/target/debug/deps --extern async_trait=/tmp/cargo-mutants-pstore-LuBYam.tmp/target/debug/deps/libasync_trait-14b400283fac8cea.so --extern bytes=/tmp/cargo-mutants-pstore-LuBYam.tmp/target/debug/deps/libbytes-31b8f712e3be84e8.rlib --extern futures_util=/tmp/cargo-mutants-pstore-LuBYam.tmp/target/debug/deps/libfutures_util-04c275f71ab815ac.rlib --extern object_store=/tmp/cargo-mutants-pstore-LuBYam.tmp/target/debug/deps/libobject_store-b201e14610e40912.rlib --extern pstore_blob=/tmp/cargo-mutants-pstore-LuBYam.tmp/target/debug/deps/libpstore_blob-4a168bd25eb3269b.rlib --extern pstore_testkit=/tmp/cargo-mutants-pstore-LuBYam.tmp/target/debug/deps/libpstore_testkit-d6a4614e1035fdf4.rlib --extern pstore_types=/tmp/cargo-mutants-pstore-LuBYam.tmp/target/debug/deps/libpstore_types-c19df0e60947a156.rlib --extern thiserror=/tmp/cargo-mutants-pstore-LuBYam.tmp/target/debug/deps/libthiserror-5a6de54893a1cf1a.rlib --extern tokio=/tmp/cargo-mutants-pstore-LuBYam.tmp/target/debug/deps/libtokio-8f73ed7cb87faa2b.rlib`
     Running `/home/tuong/.rustup/toolchains/1.90-x86_64-unknown-linux-gnu/bin/rustc --crate-name accounting --edition=2024 crates/pstore-blob/tests/accounting.rs --error-format=json --json=diagnostic-rendered-ansi,artifacts,future-incompat --emit=dep-info,link -C embed-bitcode=no -C debuginfo=2 --warn=rust_2018_idioms '--deny=clippy::unwrap_used' --forbid=unsafe_code --warn=unreachable_pub '--deny=clippy::unimplemented' '--deny=clippy::todo' '--deny=clippy::panic' --warn=missing_docs '--deny=clippy::mem_forget' '--deny=clippy::indexing_slicing' '--deny=clippy::float_cmp' '--deny=clippy::expect_used' '--deny=clippy::dbg_macro' --test --cfg 'feature="object_store"' --check-cfg 'cfg(docsrs,test)' --check-cfg 'cfg(feature, values("object_store"))' -C metadata=5005690d9e35528b -C extra-filename=-1f7a9ebb6cdb86da --out-dir /tmp/cargo-mutants-pstore-LuBYam.tmp/target/debug/deps -C incremental=/tmp/cargo-mutants-pstore-LuBYam.tmp/target/debug/incremental -L dependency=/tmp/cargo-mutants-pstore-LuBYam.tmp/target/debug/deps --extern async_trait=/tmp/cargo-mutants-pstore-LuBYam.tmp/target/debug/deps/libasync_trait-14b400283fac8cea.so --extern bytes=/tmp/cargo-mutants-pstore-LuBYam.tmp/target/debug/deps/libbytes-31b8f712e3be84e8.rlib --extern futures_util=/tmp/cargo-mutants-pstore-LuBYam.tmp/target/debug/deps/libfutures_util-04c275f71ab815ac.rlib --extern object_store=/tmp/cargo-mutants-pstore-LuBYam.tmp/target/debug/deps/libobject_store-b201e14610e40912.rlib --extern pstore_blob=/tmp/cargo-mutants-pstore-LuBYam.tmp/target/debug/deps/libpstore_blob-4a168bd25eb3269b.rlib --extern pstore_testkit=/tmp/cargo-mutants-pstore-LuBYam.tmp/target/debug/deps/libpstore_testkit-d6a4614e1035fdf4.rlib --extern pstore_types=/tmp/cargo-mutants-pstore-LuBYam.tmp/target/debug/deps/libpstore_types-c19df0e60947a156.rlib --extern thiserror=/tmp/cargo-mutants-pstore-LuBYam.tmp/target/debug/deps/libthiserror-5a6de54893a1cf1a.rlib --extern tokio=/tmp/cargo-mutants-pstore-LuBYam.tmp/target/debug/deps/libtokio-8f73ed7cb87faa2b.rlib`
     Running `/home/tuong/.rustup/toolchains/1.90-x86_64-unknown-linux-gnu/bin/rustc --crate-name faults --edition=2024 crates/pstore-blob/tests/faults.rs --error-format=json --json=diagnostic-rendered-ansi,artifacts,future-incompat --emit=dep-info,link -C embed-bitcode=no -C debuginfo=2 --warn=rust_2018_idioms '--deny=clippy::unwrap_used' --forbid=unsafe_code --warn=unreachable_pub '--deny=clippy::unimplemented' '--deny=clippy::todo' '--deny=clippy::panic' --warn=missing_docs '--deny=clippy::mem_forget' '--deny=clippy::indexing_slicing' '--deny=clippy::float_cmp' '--deny=clippy::expect_used' '--deny=clippy::dbg_macro' --test --cfg 'feature="object_store"' --check-cfg 'cfg(docsrs,test)' --check-cfg 'cfg(feature, values("object_store"))' -C metadata=2c56b6a78b0496c5 -C extra-filename=-efc783468bd058f6 --out-dir /tmp/cargo-mutants-pstore-LuBYam.tmp/target/debug/deps -C incremental=/tmp/cargo-mutants-pstore-LuBYam.tmp/target/debug/incremental -L dependency=/tmp/cargo-mutants-pstore-LuBYam.tmp/target/debug/deps --extern async_trait=/tmp/cargo-mutants-pstore-LuBYam.tmp/target/debug/deps/libasync_trait-14b400283fac8cea.so --extern bytes=/tmp/cargo-mutants-pstore-LuBYam.tmp/target/debug/deps/libbytes-31b8f712e3be84e8.rlib --extern futures_util=/tmp/cargo-mutants-pstore-LuBYam.tmp/target/debug/deps/libfutures_util-04c275f71ab815ac.rlib --extern object_store=/tmp/cargo-mutants-pstore-LuBYam.tmp/target/debug/deps/libobject_store-b201e14610e40912.rlib --extern pstore_blob=/tmp/cargo-mutants-pstore-LuBYam.tmp/target/debug/deps/libpstore_blob-4a168bd25eb3269b.rlib --extern pstore_testkit=/tmp/cargo-mutants-pstore-LuBYam.tmp/target/debug/deps/libpstore_testkit-d6a4614e1035fdf4.rlib --extern pstore_types=/tmp/cargo-mutants-pstore-LuBYam.tmp/target/debug/deps/libpstore_types-c19df0e60947a156.rlib --extern thiserror=/tmp/cargo-mutants-pstore-LuBYam.tmp/target/debug/deps/libthiserror-5a6de54893a1cf1a.rlib --extern tokio=/tmp/cargo-mutants-pstore-LuBYam.tmp/target/debug/deps/libtokio-8f73ed7cb87faa2b.rlib`
     Running `/home/tuong/.rustup/toolchains/1.90-x86_64-unknown-linux-gnu/bin/rustc --crate-name cas --edition=2024 crates/pstore-blob/tests/cas.rs --error-format=json --json=diagnostic-rendered-ansi,artifacts,future-incompat --emit=dep-info,link -C embed-bitcode=no -C debuginfo=2 --warn=rust_2018_idioms '--deny=clippy::unwrap_used' --forbid=unsafe_code --warn=unreachable_pub '--deny=clippy::unimplemented' '--deny=clippy::todo' '--deny=clippy::panic' --warn=missing_docs '--deny=clippy::mem_forget' '--deny=clippy::indexing_slicing' '--deny=clippy::float_cmp' '--deny=clippy::expect_used' '--deny=clippy::dbg_macro' --test --cfg 'feature="object_store"' --check-cfg 'cfg(docsrs,test)' --check-cfg 'cfg(feature, values("object_store"))' -C metadata=c8ed0a81282e199e -C extra-filename=-d905274e3a5418a7 --out-dir /tmp/cargo-mutants-pstore-LuBYam.tmp/target/debug/deps -C incremental=/tmp/cargo-mutants-pstore-LuBYam.tmp/target/debug/incremental -L dependency=/tmp/cargo-mutants-pstore-LuBYam.tmp/target/debug/deps --extern async_trait=/tmp/cargo-mutants-pstore-LuBYam.tmp/target/debug/deps/libasync_trait-14b400283fac8cea.so --extern bytes=/tmp/cargo-mutants-pstore-LuBYam.tmp/target/debug/deps/libbytes-31b8f712e3be84e8.rlib --extern futures_util=/tmp/cargo-mutants-pstore-LuBYam.tmp/target/debug/deps/libfutures_util-04c275f71ab815ac.rlib --extern object_store=/tmp/cargo-mutants-pstore-LuBYam.tmp/target/debug/deps/libobject_store-b201e14610e40912.rlib --extern pstore_blob=/tmp/cargo-mutants-pstore-LuBYam.tmp/target/debug/deps/libpstore_blob-4a168bd25eb3269b.rlib --extern pstore_testkit=/tmp/cargo-mutants-pstore-LuBYam.tmp/target/debug/deps/libpstore_testkit-d6a4614e1035fdf4.rlib --extern pstore_types=/tmp/cargo-mutants-pstore-LuBYam.tmp/target/debug/deps/libpstore_types-c19df0e60947a156.rlib --extern thiserror=/tmp/cargo-mutants-pstore-LuBYam.tmp/target/debug/deps/libthiserror-5a6de54893a1cf1a.rlib --extern tokio=/tmp/cargo-mutants-pstore-LuBYam.tmp/target/debug/deps/libtokio-8f73ed7cb87faa2b.rlib`
     Running `/home/tuong/.rustup/toolchains/1.90-x86_64-unknown-linux-gnu/bin/rustc --crate-name coalescing --edition=2024 crates/pstore-blob/tests/coalescing.rs --error-format=json --json=diagnostic-rendered-ansi,artifacts,future-incompat --emit=dep-info,link -C embed-bitcode=no -C debuginfo=2 --warn=rust_2018_idioms '--deny=clippy::unwrap_used' --forbid=unsafe_code --warn=unreachable_pub '--deny=clippy::unimplemented' '--deny=clippy::todo' '--deny=clippy::panic' --warn=missing_docs '--deny=clippy::mem_forget' '--deny=clippy::indexing_slicing' '--deny=clippy::float_cmp' '--deny=clippy::expect_used' '--deny=clippy::dbg_macro' --test --cfg 'feature="object_store"' --check-cfg 'cfg(docsrs,test)' --check-cfg 'cfg(feature, values("object_store"))' -C metadata=95f0b45f675bce9a -C extra-filename=-4014063cbb7eb498 --out-dir /tmp/cargo-mutants-pstore-LuBYam.tmp/target/debug/deps -C incremental=/tmp/cargo-mutants-pstore-LuBYam.tmp/target/debug/incremental -L dependency=/tmp/cargo-mutants-pstore-LuBYam.tmp/target/debug/deps --extern async_trait=/tmp/cargo-mutants-pstore-LuBYam.tmp/target/debug/deps/libasync_trait-14b400283fac8cea.so --extern bytes=/tmp/cargo-mutants-pstore-LuBYam.tmp/target/debug/deps/libbytes-31b8f712e3be84e8.rlib --extern futures_util=/tmp/cargo-mutants-pstore-LuBYam.tmp/target/debug/deps/libfutures_util-04c275f71ab815ac.rlib --extern object_store=/tmp/cargo-mutants-pstore-LuBYam.tmp/target/debug/deps/libobject_store-b201e14610e40912.rlib --extern pstore_blob=/tmp/cargo-mutants-pstore-LuBYam.tmp/target/debug/deps/libpstore_blob-4a168bd25eb3269b.rlib --extern pstore_testkit=/tmp/cargo-mutants-pstore-LuBYam.tmp/target/debug/deps/libpstore_testkit-d6a4614e1035fdf4.rlib --extern pstore_types=/tmp/cargo-mutants-pstore-LuBYam.tmp/target/debug/deps/libpstore_types-c19df0e60947a156.rlib --extern thiserror=/tmp/cargo-mutants-pstore-LuBYam.tmp/target/debug/deps/libthiserror-5a6de54893a1cf1a.rlib --extern tokio=/tmp/cargo-mutants-pstore-LuBYam.tmp/target/debug/deps/libtokio-8f73ed7cb87faa2b.rlib`
    Finished `test` profile [unoptimized + debuginfo] target(s) in 0.45s
  Executable `/tmp/cargo-mutants-pstore-LuBYam.tmp/target/debug/deps/pstore_blob-dccd024b168a273f`
  Executable `/tmp/cargo-mutants-pstore-LuBYam.tmp/target/debug/deps/accounting-1f7a9ebb6cdb86da`
  Executable `/tmp/cargo-mutants-pstore-LuBYam.tmp/target/debug/deps/cas-d905274e3a5418a7`
  Executable `/tmp/cargo-mutants-pstore-LuBYam.tmp/target/debug/deps/coalescing-4014063cbb7eb498`
  Executable `/tmp/cargo-mutants-pstore-LuBYam.tmp/target/debug/deps/faults-efc783468bd058f6`
  Executable `/tmp/cargo-mutants-pstore-LuBYam.tmp/target/debug/deps/object_store_adapter-1f55ea78ca1218f6`
  Executable `/tmp/cargo-mutants-pstore-LuBYam.tmp/target/debug/deps/semantics-93413e51da57a0a6`

*** result: Success

*** /home/tuong/.rustup/toolchains/1.90-x86_64-unknown-linux-gnu/bin/cargo test --verbose --package=pstore-blob@0.1.0 --all-features
       Fresh unicode-ident v1.0.24
       Fresh proc-macro2 v1.0.107
       Fresh quote v1.0.47
       Fresh syn v3.0.5
       Fresh syn v2.0.119
       Fresh stable_deref_trait v1.2.1
       Fresh litemap v0.8.3
       Fresh writeable v0.6.4
       Fresh smallvec v1.16.0
       Fresh utf8_iter v1.0.4
       Fresh autocfg v1.5.1
       Fresh cfg-if v1.0.4
       Fresh scopeguard v1.2.0
       Fresh pin-project-lite v0.2.17
       Fresh percent-encoding v2.3.2
       Fresh iana-time-zone v0.1.65
       Fresh slab v0.4.12
       Fresh either v1.18.0
       Fresh bytes v1.12.1
       Fresh synstructure v0.13.2
       Fresh zerovec-derive v0.11.6
       Fresh displaydoc v0.2.7
       Fresh futures-macro v0.3.34
       Fresh lock_api v0.4.14
       Fresh form_urlencoded v1.2.2
       Fresh thiserror-impl v2.0.20
       Fresh futures-sink v0.3.34
       Fresh futures-task v0.3.34
       Fresh futures-core v0.3.34
       Fresh itoa v1.0.18
       Fresh itertools v0.15.0
       Fresh async-trait v0.1.92
       Fresh tokio-macros v2.7.2
       Fresh humantime v2.4.0
       Fresh zerofrom-derive v0.1.7
       Fresh yoke-derive v0.8.2
       Fresh icu_properties_data v2.3.0
       Fresh icu_normalizer_data v2.3.0
       Fresh libc v0.2.189
       Fresh http v1.5.0
       Fresh futures-util v0.3.34
       Fresh thiserror v2.0.20
       Fresh tokio v1.53.1
       Fresh pstore-types v0.1.0 (/tmp/cargo-mutants-pstore-LuBYam.tmp/crates/pstore-types)
       Fresh zerofrom v0.1.8
       Fresh num-traits v0.2.19
       Fresh parking_lot_core v0.9.12
       Fresh yoke v0.8.3
       Fresh chrono v0.4.45
       Fresh parking_lot v0.12.5
       Fresh zerovec v0.11.8
       Fresh zerotrie v0.2.5
       Fresh tinystr v0.8.4
       Fresh potential_utf v0.1.6
       Fresh icu_locale_core v2.3.0
       Fresh icu_collections v2.3.0
       Fresh icu_provider v2.3.1
       Fresh icu_normalizer v2.3.0
       Fresh icu_properties v2.3.0
       Fresh idna_adapter v1.2.2
       Fresh idna v1.1.0
       Fresh url v2.5.8
       Fresh object_store v0.14.1
       Fresh pstore-testkit v0.1.0 (/tmp/cargo-mutants-pstore-LuBYam.tmp/crates/pstore-testkit)
       Fresh pstore-blob v0.1.0 (/tmp/cargo-mutants-pstore-LuBYam.tmp/crates/pstore-blob)
    Finished `test` profile [unoptimized + debuginfo] target(s) in 0.02s
     Running `/tmp/cargo-mutants-pstore-LuBYam.tmp/target/debug/deps/pstore_blob-dccd024b168a273f`

running 8 tests
test coalesce::tests::a_zero_gap_merges_only_touching_ranges ... ok
test coalesce::tests::a_contained_range_does_not_underflow_the_gap ... ok
test object_store_backend::tests::a_409_is_contended_so_the_caller_retries_without_rebasing ... ok
test coalesce::tests::empty_input_plans_nothing ... ok
test object_store_backend::tests::a_412_is_lost_so_the_caller_rebases ... ok
test coalesce::tests::empty_ranges_are_dropped ... ok
test object_store_backend::tests::a_slowdown_is_recognised_wherever_it_appears ... ok
test object_store_backend::tests::anything_else_is_neither_and_must_not_be_guessed_at ... ok

test result: ok. 8 passed; 0 failed; 0 ignored; 0 measured; 0 filtered out; finished in 0.00s

     Running `/tmp/cargo-mutants-pstore-LuBYam.tmp/target/debug/deps/accounting-1f7a9ebb6cdb86da`

running 4 tests
test accounting_is_per_tenant ... ok
test a_failed_conditional_write_is_still_billed ... ok
test accounting_counts_one_write_per_put ... ok
test accounting_separates_read_write_and_list_classes ... ok

test result: ok. 4 passed; 0 failed; 0 ignored; 0 measured; 0 filtered out; finished in 0.00s

     Running `/tmp/cargo-mutants-pstore-LuBYam.tmp/target/debug/deps/cas-d905274e3a5418a7`

running 5 tests
test cas_lost_and_contended_are_distinct ... ok
test create_if_absent_rejects_second_write ... ok
test get_range_returns_the_requested_slice ... ok
test delete_batch_removes_only_the_named_keys ... ok
test cas_rejects_stale_tag ... ok

test result: ok. 5 passed; 0 failed; 0 ignored; 0 measured; 0 filtered out; finished in 0.00s

     Running `/tmp/cargo-mutants-pstore-LuBYam.tmp/target/debug/deps/coalescing-4014063cbb7eb498`

running 8 tests
test coalescing_merges_ranges_closer_than_the_gap ... ok
test a_single_far_range_is_offset_correctly ... ok
test coalesced_reads_equal_separate_reads ... ok
test coalescing_actually_saves_requests ... ok
test coalescing_respects_the_gap_threshold ... ok
test coalescing_never_issues_more_requests_than_ranges ... ok
test ranges_out_of_order_are_returned_in_the_order_asked ... ok
test slices_are_offset_from_the_fetch_start_not_the_object_start ... ok

test result: ok. 8 passed; 0 failed; 0 ignored; 0 measured; 0 filtered out; finished in 0.00s

     Running `/tmp/cargo-mutants-pstore-LuBYam.tmp/target/debug/deps/faults-efc783468bd058f6`

running 7 tests
test a_zero_rate_injects_nothing ... ok
test an_injected_write_fault_does_not_reach_the_backend ... FAILED
test each_fault_kind_is_injected_independently ... FAILED
test same_seed_reproduces_the_same_failures ... FAILED
test retries_are_bounded ... FAILED
test slowdown_reduces_concurrency_then_recovers ... FAILED
test a_transient_slowdown_is_retried_and_succeeds ... ok

failures:

---- an_injected_write_fault_does_not_reach_the_backend stdout ----

thread 'an_injected_write_fault_does_not_reach_the_backend' panicked at crates/pstore-blob/tests/faults.rs:128:5:
the refused write must not have landed
note: run with `RUST_BACKTRACE=1` environment variable to display a backtrace

---- each_fault_kind_is_injected_independently stdout ----

thread 'each_fault_kind_is_injected_independently' panicked at crates/pstore-blob/tests/faults.rs:75:5:
assertion failed: matches!(slow.get(&k("a")).await.unwrap_err(), BlobError::SlowDown)

---- same_seed_reproduces_the_same_failures stdout ----

thread 'same_seed_reproduces_the_same_failures' panicked at crates/pstore-blob/tests/faults.rs:48:5:
assertion `left != right` failed: a different seed must diverge
  left: [true, true, true, true, true, true, true, true, true, true, true, true, true, true, true, true, true, true, true, true, true, true, true, true, true, true, true, true, true, true, true, true, true, true, true, true, true, true, true, true]
 right: [true, true, true, true, true, true, true, true, true, true, true, true, true, true, true, true, true, true, true, true, true, true, true, true, true, true, true, true, true, true, true, true, true, true, true, true, true, true, true, true]

---- retries_are_bounded stdout ----

thread 'retries_are_bounded' panicked at crates/pstore-blob/tests/faults.rs:180:5:
assertion failed: matches!(s.get(&k("a")).await.unwrap_err(), BlobError::SlowDown)

---- slowdown_reduces_concurrency_then_recovers stdout ----

thread 'slowdown_reduces_concurrency_then_recovers' panicked at crates/pstore-blob/tests/faults.rs:153:5:
a 503 must reduce the limit, got 32


failures:
    an_injected_write_fault_does_not_reach_the_backend
    each_fault_kind_is_injected_independently
    retries_are_bounded
    same_seed_reproduces_the_same_failures
    slowdown_reduces_concurrency_then_recovers

test result: FAILED. 2 passed; 5 failed; 0 ignored; 0 measured; 0 filtered out; finished in 0.00s

error: test failed, to rerun pass `-p pstore-blob --test faults`

*** result: Failure(101)
