
*** crates/pstore-blob/src/memory.rs:81:9: replace MemoryStore::next_tag -> CasTag with Default::default()

*** mutation diff:
--- crates/pstore-blob/src/memory.rs
+++ replace MemoryStore::next_tag -> CasTag with Default::default()
@@ -73,32 +73,17 @@
     /// store permanently unusable, and this crate denies `unwrap_used`.
     fn lock(&self) -> std::sync::MutexGuard<'_, State> {
         self.state
             .lock()
             .unwrap_or_else(std::sync::PoisonError::into_inner)
     }
 
     fn next_tag(&self, st: &mut State, body: &Bytes) -> CasTag {
-        match self.tag_style {
-            TagStyle::Monotonic => {
-                st.generation = st.generation.saturating_add(1);
-                CasTag::new(st.generation.to_string())
-            }
-            // FNV-1a. Not a real MD5, but it has the property under test: equal content
-            // yields an equal tag.
-            TagStyle::ContentHash => {
-                let mut h: u64 = 0xcbf2_9ce4_8422_2325;
-                for b in body.iter() {
-                    h ^= u64::from(*b);
-                    h = h.wrapping_mul(0x1000_0000_01b3);
-                }
-                CasTag::new(format!("\"{h:016x}\""))
-            }
-        }
+        Default::default() /* ~ changed by cargo-mutants ~ */
     }
 }
 
 #[async_trait::async_trait]
 impl crate::BlobStore for MemoryStore {
     fn capabilities(&self) -> &Capabilities {
         &self.caps
     }


*** /home/tuong/.rustup/toolchains/1.90-x86_64-unknown-linux-gnu/bin/cargo test --no-run --verbose --workspace
       Fresh unicode-ident v1.0.24
       Fresh proc-macro2 v1.0.107
       Fresh pin-project-lite v0.2.17
       Fresh futures-task v0.3.34
       Fresh slab v0.4.12
       Fresh futures-core v0.3.34
       Fresh bytes v1.12.1
       Fresh quote v1.0.47
       Fresh futures-util v0.3.34
       Fresh pstore-types v0.1.0 (/tmp/cargo-mutants-pstore-ayi9Ve.tmp/crates/pstore-types)
       Fresh syn v3.0.5
       Fresh thiserror-impl v2.0.20
       Fresh tokio-macros v2.7.2
       Fresh async-trait v0.1.92
       Fresh tokio v1.53.1
       Fresh thiserror v2.0.20
       Dirty pstore-blob v0.1.0 (/tmp/cargo-mutants-pstore-ayi9Ve.tmp/crates/pstore-blob): the file `crates/pstore-blob/src/memory.rs` has changed (1788615011.048720140s, 4s after last build at 1788615007.526033009s)
   Compiling pstore-blob v0.1.0 (/tmp/cargo-mutants-pstore-ayi9Ve.tmp/crates/pstore-blob)
     Running `/home/tuong/.rustup/toolchains/1.90-x86_64-unknown-linux-gnu/bin/rustc --crate-name pstore_blob --edition=2024 crates/pstore-blob/src/lib.rs --error-format=json --json=diagnostic-rendered-ansi,artifacts,future-incompat --crate-type lib --emit=dep-info,metadata,link -C embed-bitcode=no -C debuginfo=2 --warn=rust_2018_idioms '--deny=clippy::unwrap_used' --forbid=unsafe_code --warn=unreachable_pub '--deny=clippy::unimplemented' '--deny=clippy::todo' '--deny=clippy::panic' --warn=missing_docs '--deny=clippy::mem_forget' '--deny=clippy::indexing_slicing' '--deny=clippy::float_cmp' '--deny=clippy::expect_used' '--deny=clippy::dbg_macro' --check-cfg 'cfg(docsrs,test)' --check-cfg 'cfg(feature, values("object_store"))' -C metadata=948d266b4a441e08 -C extra-filename=-a1c846e65fcdfc47 --out-dir /tmp/cargo-mutants-pstore-ayi9Ve.tmp/target/debug/deps -C incremental=/tmp/cargo-mutants-pstore-ayi9Ve.tmp/target/debug/incremental -L dependency=/tmp/cargo-mutants-pstore-ayi9Ve.tmp/target/debug/deps --extern async_trait=/tmp/cargo-mutants-pstore-ayi9Ve.tmp/target/debug/deps/libasync_trait-efaaae825ff87b5f.so --extern bytes=/tmp/cargo-mutants-pstore-ayi9Ve.tmp/target/debug/deps/libbytes-31b8f712e3be84e8.rmeta --extern futures_util=/tmp/cargo-mutants-pstore-ayi9Ve.tmp/target/debug/deps/libfutures_util-9467758a9490225b.rmeta --extern pstore_types=/tmp/cargo-mutants-pstore-ayi9Ve.tmp/target/debug/deps/libpstore_types-c19df0e60947a156.rmeta --extern thiserror=/tmp/cargo-mutants-pstore-ayi9Ve.tmp/target/debug/deps/libthiserror-a555ba146edbfd98.rmeta --extern tokio=/tmp/cargo-mutants-pstore-ayi9Ve.tmp/target/debug/deps/libtokio-c4794fa7272c7af3.rmeta`
error[E0277]: the trait bound `CasTag: Default` is not satisfied
  --> crates/pstore-blob/src/memory.rs:81:9
   |
81 |         Default::default() /* ~ changed by cargo-mutants ~ */
   |         ^^^^^^^^^^^^^^^^^^ the trait `Default` is not implemented for `CasTag`

For more information about this error, try `rustc --explain E0277`.
error: could not compile `pstore-blob` (lib) due to 1 previous error

Caused by:
  process didn't exit successfully: `/home/tuong/.rustup/toolchains/1.90-x86_64-unknown-linux-gnu/bin/rustc --crate-name pstore_blob --edition=2024 crates/pstore-blob/src/lib.rs --error-format=json --json=diagnostic-rendered-ansi,artifacts,future-incompat --crate-type lib --emit=dep-info,metadata,link -C embed-bitcode=no -C debuginfo=2 --warn=rust_2018_idioms '--deny=clippy::unwrap_used' --forbid=unsafe_code --warn=unreachable_pub '--deny=clippy::unimplemented' '--deny=clippy::todo' '--deny=clippy::panic' --warn=missing_docs '--deny=clippy::mem_forget' '--deny=clippy::indexing_slicing' '--deny=clippy::float_cmp' '--deny=clippy::expect_used' '--deny=clippy::dbg_macro' --check-cfg 'cfg(docsrs,test)' --check-cfg 'cfg(feature, values("object_store"))' -C metadata=948d266b4a441e08 -C extra-filename=-a1c846e65fcdfc47 --out-dir /tmp/cargo-mutants-pstore-ayi9Ve.tmp/target/debug/deps -C incremental=/tmp/cargo-mutants-pstore-ayi9Ve.tmp/target/debug/incremental -L dependency=/tmp/cargo-mutants-pstore-ayi9Ve.tmp/target/debug/deps --extern async_trait=/tmp/cargo-mutants-pstore-ayi9Ve.tmp/target/debug/deps/libasync_trait-efaaae825ff87b5f.so --extern bytes=/tmp/cargo-mutants-pstore-ayi9Ve.tmp/target/debug/deps/libbytes-31b8f712e3be84e8.rmeta --extern futures_util=/tmp/cargo-mutants-pstore-ayi9Ve.tmp/target/debug/deps/libfutures_util-9467758a9490225b.rmeta --extern pstore_types=/tmp/cargo-mutants-pstore-ayi9Ve.tmp/target/debug/deps/libpstore_types-c19df0e60947a156.rmeta --extern thiserror=/tmp/cargo-mutants-pstore-ayi9Ve.tmp/target/debug/deps/libthiserror-a555ba146edbfd98.rmeta --extern tokio=/tmp/cargo-mutants-pstore-ayi9Ve.tmp/target/debug/deps/libtokio-c4794fa7272c7af3.rmeta` (exit status: 1)

*** result: Failure(101)
