
*** crates/pstore-blob/src/memory.rs:127:9: replace <impl crate::BlobStore for MemoryStore>::get_with_tag -> Result<(Bytes, CasTag), BlobError> with Ok((Default::default(), Default::default()))

*** mutation diff:
--- crates/pstore-blob/src/memory.rs
+++ replace <impl crate::BlobStore for MemoryStore>::get_with_tag -> Result<(Bytes, CasTag), BlobError> with Ok((Default::default(), Default::default()))
@@ -119,21 +119,17 @@
         }
         // `slice` rather than indexing: this crate denies `indexing_slicing`, and the
         // bounds are checked above where the error is meaningful.
         Ok(body.slice(range.start as usize..range.end as usize))
     }
 
     async fn get_with_tag(&self, key: &Key) -> Result<(Bytes, CasTag), BlobError> {
         // Under one lock, so the pair cannot straddle another writer's commit.
-        self.lock()
-            .objects
-            .get(key.as_str())
-            .map(|(b, t)| (b.clone(), t.clone()))
-            .ok_or_else(|| BlobError::NotFound(key.to_string()))
+        Ok((Default::default(), Default::default())) /* ~ changed by cargo-mutants ~ */
     }
 
     async fn get_suffix(&self, key: &Key, n: u64) -> Result<Bytes, BlobError> {
         let body = self.get(key).await?;
         let start = (body.len() as u64).saturating_sub(n) as usize;
         Ok(body.slice(start..))
     }
 


*** /home/tuong/.rustup/toolchains/1.90-x86_64-unknown-linux-gnu/bin/cargo test --no-run --verbose --package=pstore-blob@0.1.0
       Fresh unicode-ident v1.0.24
       Fresh proc-macro2 v1.0.107
       Fresh pin-project-lite v0.2.17
       Fresh slab v0.4.12
       Fresh futures-task v0.3.34
       Fresh futures-core v0.3.34
       Fresh bytes v1.12.1
       Fresh pstore-types v0.1.0 (/tmp/cargo-mutants-pstore-pCVVec.tmp/crates/pstore-types)
       Fresh quote v1.0.47
       Fresh futures-util v0.3.34
       Fresh syn v3.0.5
       Fresh tokio-macros v2.7.2
       Fresh thiserror-impl v2.0.20
       Fresh async-trait v0.1.92
       Fresh thiserror v2.0.20
       Fresh tokio v1.53.1
       Dirty pstore-blob v0.1.0 (/tmp/cargo-mutants-pstore-pCVVec.tmp/crates/pstore-blob): the file `crates/pstore-blob/src/memory.rs` has changed (1788612564.758842932s, 1s after last build at 1788612563.470248332s)
   Compiling pstore-blob v0.1.0 (/tmp/cargo-mutants-pstore-pCVVec.tmp/crates/pstore-blob)
     Running `/home/tuong/.rustup/toolchains/1.90-x86_64-unknown-linux-gnu/bin/rustc --crate-name pstore_blob --edition=2024 crates/pstore-blob/src/lib.rs --error-format=json --json=diagnostic-rendered-ansi,artifacts,future-incompat --crate-type lib --emit=dep-info,metadata,link -C embed-bitcode=no -C debuginfo=2 --warn=rust_2018_idioms '--deny=clippy::unwrap_used' --forbid=unsafe_code --warn=unreachable_pub '--deny=clippy::unimplemented' '--deny=clippy::todo' '--deny=clippy::panic' --warn=missing_docs '--deny=clippy::mem_forget' '--deny=clippy::indexing_slicing' '--deny=clippy::float_cmp' '--deny=clippy::expect_used' '--deny=clippy::dbg_macro' --check-cfg 'cfg(docsrs,test)' --check-cfg 'cfg(feature, values("object_store"))' -C metadata=948d266b4a441e08 -C extra-filename=-a1c846e65fcdfc47 --out-dir /tmp/cargo-mutants-pstore-pCVVec.tmp/target/debug/deps -C incremental=/tmp/cargo-mutants-pstore-pCVVec.tmp/target/debug/incremental -L dependency=/tmp/cargo-mutants-pstore-pCVVec.tmp/target/debug/deps --extern async_trait=/tmp/cargo-mutants-pstore-pCVVec.tmp/target/debug/deps/libasync_trait-efaaae825ff87b5f.so --extern bytes=/tmp/cargo-mutants-pstore-pCVVec.tmp/target/debug/deps/libbytes-31b8f712e3be84e8.rmeta --extern futures_util=/tmp/cargo-mutants-pstore-pCVVec.tmp/target/debug/deps/libfutures_util-9467758a9490225b.rmeta --extern pstore_types=/tmp/cargo-mutants-pstore-pCVVec.tmp/target/debug/deps/libpstore_types-c19df0e60947a156.rmeta --extern thiserror=/tmp/cargo-mutants-pstore-pCVVec.tmp/target/debug/deps/libthiserror-a555ba146edbfd98.rmeta --extern tokio=/tmp/cargo-mutants-pstore-pCVVec.tmp/target/debug/deps/libtokio-c4794fa7272c7af3.rmeta`
error[E0277]: the trait bound `CasTag: Default` is not satisfied
   --> crates/pstore-blob/src/memory.rs:127:33
    |
127 |         Ok((Default::default(), Default::default())) /* ~ changed by cargo-mutants ~ */
    |                                 ^^^^^^^^^^^^^^^^^^ the trait `Default` is not implemented for `CasTag`

For more information about this error, try `rustc --explain E0277`.
error: could not compile `pstore-blob` (lib) due to 1 previous error

Caused by:
  process didn't exit successfully: `/home/tuong/.rustup/toolchains/1.90-x86_64-unknown-linux-gnu/bin/rustc --crate-name pstore_blob --edition=2024 crates/pstore-blob/src/lib.rs --error-format=json --json=diagnostic-rendered-ansi,artifacts,future-incompat --crate-type lib --emit=dep-info,metadata,link -C embed-bitcode=no -C debuginfo=2 --warn=rust_2018_idioms '--deny=clippy::unwrap_used' --forbid=unsafe_code --warn=unreachable_pub '--deny=clippy::unimplemented' '--deny=clippy::todo' '--deny=clippy::panic' --warn=missing_docs '--deny=clippy::mem_forget' '--deny=clippy::indexing_slicing' '--deny=clippy::float_cmp' '--deny=clippy::expect_used' '--deny=clippy::dbg_macro' --check-cfg 'cfg(docsrs,test)' --check-cfg 'cfg(feature, values("object_store"))' -C metadata=948d266b4a441e08 -C extra-filename=-a1c846e65fcdfc47 --out-dir /tmp/cargo-mutants-pstore-pCVVec.tmp/target/debug/deps -C incremental=/tmp/cargo-mutants-pstore-pCVVec.tmp/target/debug/incremental -L dependency=/tmp/cargo-mutants-pstore-pCVVec.tmp/target/debug/deps --extern async_trait=/tmp/cargo-mutants-pstore-pCVVec.tmp/target/debug/deps/libasync_trait-efaaae825ff87b5f.so --extern bytes=/tmp/cargo-mutants-pstore-pCVVec.tmp/target/debug/deps/libbytes-31b8f712e3be84e8.rmeta --extern futures_util=/tmp/cargo-mutants-pstore-pCVVec.tmp/target/debug/deps/libfutures_util-9467758a9490225b.rmeta --extern pstore_types=/tmp/cargo-mutants-pstore-pCVVec.tmp/target/debug/deps/libpstore_types-c19df0e60947a156.rmeta --extern thiserror=/tmp/cargo-mutants-pstore-pCVVec.tmp/target/debug/deps/libthiserror-a555ba146edbfd98.rmeta --extern tokio=/tmp/cargo-mutants-pstore-pCVVec.tmp/target/debug/deps/libtokio-c4794fa7272c7af3.rmeta` (exit status: 1)

*** result: Failure(101)
