
*** crates/pstore-blob/src/congestion.rs:136:9: replace <impl crate::BlobStore for Congested<S>>::get_suffix -> Result<Bytes, BlobError> with Ok(Default::default())

*** mutation diff:
--- crates/pstore-blob/src/congestion.rs
+++ replace <impl crate::BlobStore for Congested<S>>::get_suffix -> Result<Bytes, BlobError> with Ok(Default::default())
@@ -128,17 +128,17 @@
             .await
     }
 
     async fn get_with_tag(&self, key: &Key) -> Result<(Bytes, pstore_types::CasTag), BlobError> {
         self.with_retry(|| self.inner.get_with_tag(key)).await
     }
 
     async fn get_suffix(&self, key: &Key, n: u64) -> Result<Bytes, BlobError> {
-        self.with_retry(|| self.inner.get_suffix(key, n)).await
+        Ok(Default::default()) /* ~ changed by cargo-mutants ~ */
     }
 
     async fn get_tag(&self, key: &Key) -> Option<pstore_types::CasTag> {
         self.inner.get_tag(key).await
     }
 
     async fn head(&self, key: &Key) -> Result<u64, BlobError> {
         self.with_retry(|| self.inner.head(key)).await


*** /home/tuong/.rustup/toolchains/1.90-x86_64-unknown-linux-gnu/bin/cargo test --no-run --verbose --package=pstore-blob@0.1.0
       Fresh unicode-ident v1.0.24
       Fresh proc-macro2 v1.0.107
       Fresh pin-project-lite v0.2.17
       Fresh slab v0.4.12
       Fresh futures-core v0.3.34
       Fresh futures-task v0.3.34
       Fresh bytes v1.12.1
       Fresh pstore-types v0.1.0 (/tmp/cargo-mutants-pstore-ZIiCgB.tmp/crates/pstore-types)
       Fresh futures-util v0.3.34
       Fresh quote v1.0.47
       Fresh syn v3.0.5
       Fresh tokio-macros v2.7.2
       Fresh thiserror-impl v2.0.20
       Fresh async-trait v0.1.92
       Fresh thiserror v2.0.20
       Fresh tokio v1.53.1
       Dirty pstore-blob v0.1.0 (/tmp/cargo-mutants-pstore-ZIiCgB.tmp/crates/pstore-blob): couldn't read metadata for file `target/debug/deps/libpstore_blob-a1c846e65fcdfc47.rlib`
   Compiling pstore-blob v0.1.0 (/tmp/cargo-mutants-pstore-ZIiCgB.tmp/crates/pstore-blob)
     Running `/home/tuong/.rustup/toolchains/1.90-x86_64-unknown-linux-gnu/bin/rustc --crate-name pstore_blob --edition=2024 crates/pstore-blob/src/lib.rs --error-format=json --json=diagnostic-rendered-ansi,artifacts,future-incompat --crate-type lib --emit=dep-info,metadata,link -C embed-bitcode=no -C debuginfo=2 --warn=rust_2018_idioms '--deny=clippy::unwrap_used' --forbid=unsafe_code --warn=unreachable_pub '--deny=clippy::unimplemented' '--deny=clippy::todo' '--deny=clippy::panic' --warn=missing_docs '--deny=clippy::mem_forget' '--deny=clippy::indexing_slicing' '--deny=clippy::float_cmp' '--deny=clippy::expect_used' '--deny=clippy::dbg_macro' --check-cfg 'cfg(docsrs,test)' --check-cfg 'cfg(feature, values("object_store"))' -C metadata=948d266b4a441e08 -C extra-filename=-a1c846e65fcdfc47 --out-dir /tmp/cargo-mutants-pstore-ZIiCgB.tmp/target/debug/deps -C incremental=/tmp/cargo-mutants-pstore-ZIiCgB.tmp/target/debug/incremental -L dependency=/tmp/cargo-mutants-pstore-ZIiCgB.tmp/target/debug/deps --extern async_trait=/tmp/cargo-mutants-pstore-ZIiCgB.tmp/target/debug/deps/libasync_trait-efaaae825ff87b5f.so --extern bytes=/tmp/cargo-mutants-pstore-ZIiCgB.tmp/target/debug/deps/libbytes-31b8f712e3be84e8.rmeta --extern futures_util=/tmp/cargo-mutants-pstore-ZIiCgB.tmp/target/debug/deps/libfutures_util-9467758a9490225b.rmeta --extern pstore_types=/tmp/cargo-mutants-pstore-ZIiCgB.tmp/target/debug/deps/libpstore_types-c19df0e60947a156.rmeta --extern thiserror=/tmp/cargo-mutants-pstore-ZIiCgB.tmp/target/debug/deps/libthiserror-a555ba146edbfd98.rmeta --extern tokio=/tmp/cargo-mutants-pstore-ZIiCgB.tmp/target/debug/deps/libtokio-c4794fa7272c7af3.rmeta`
warning: unused variable: `key`
   --> crates/pstore-blob/src/congestion.rs:135:32
    |
135 |     async fn get_suffix(&self, key: &Key, n: u64) -> Result<Bytes, BlobError> {
    |                                ^^^ help: if this is intentional, prefix it with an underscore: `_key`
    |
    = note: `#[warn(unused_variables)]` on by default

warning: unused variable: `n`
   --> crates/pstore-blob/src/congestion.rs:135:43
    |
135 |     async fn get_suffix(&self, key: &Key, n: u64) -> Result<Bytes, BlobError> {
    |                                           ^ help: if this is intentional, prefix it with an underscore: `_n`

       Dirty pstore-testkit v0.1.0 (/tmp/cargo-mutants-pstore-ZIiCgB.tmp/crates/pstore-testkit): the dependency pstore_blob was rebuilt
   Compiling pstore-testkit v0.1.0 (/tmp/cargo-mutants-pstore-ZIiCgB.tmp/crates/pstore-testkit)
     Running `/home/tuong/.rustup/toolchains/1.90-x86_64-unknown-linux-gnu/bin/rustc --crate-name pstore_testkit --edition=2024 crates/pstore-testkit/src/lib.rs --error-format=json --json=diagnostic-rendered-ansi,artifacts,future-incompat --crate-type lib --emit=dep-info,metadata,link -C embed-bitcode=no -C debuginfo=2 --warn=rust_2018_idioms '--deny=clippy::unwrap_used' --forbid=unsafe_code --warn=unreachable_pub '--deny=clippy::unimplemented' '--deny=clippy::todo' '--deny=clippy::panic' --warn=missing_docs '--deny=clippy::mem_forget' '--deny=clippy::indexing_slicing' '--deny=clippy::float_cmp' '--deny=clippy::expect_used' '--deny=clippy::dbg_macro' --check-cfg 'cfg(docsrs,test)' --check-cfg 'cfg(feature, values())' -C metadata=7c6884569a017aab -C extra-filename=-c70127229fd98aeb --out-dir /tmp/cargo-mutants-pstore-ZIiCgB.tmp/target/debug/deps -C incremental=/tmp/cargo-mutants-pstore-ZIiCgB.tmp/target/debug/incremental -L dependency=/tmp/cargo-mutants-pstore-ZIiCgB.tmp/target/debug/deps --extern async_trait=/tmp/cargo-mutants-pstore-ZIiCgB.tmp/target/debug/deps/libasync_trait-efaaae825ff87b5f.so --extern bytes=/tmp/cargo-mutants-pstore-ZIiCgB.tmp/target/debug/deps/libbytes-31b8f712e3be84e8.rmeta --extern pstore_blob=/tmp/cargo-mutants-pstore-ZIiCgB.tmp/target/debug/deps/libpstore_blob-a1c846e65fcdfc47.rmeta --extern pstore_types=/tmp/cargo-mutants-pstore-ZIiCgB.tmp/target/debug/deps/libpstore_types-c19df0e60947a156.rmeta --extern tokio=/tmp/cargo-mutants-pstore-ZIiCgB.tmp/target/debug/deps/libtokio-c4794fa7272c7af3.rmeta`
warning: `pstore-blob` (lib) generated 2 warnings
     Running `/home/tuong/.rustup/toolchains/1.90-x86_64-unknown-linux-gnu/bin/rustc --crate-name cas --edition=2024 crates/pstore-blob/tests/cas.rs --error-format=json --json=diagnostic-rendered-ansi,artifacts,future-incompat --emit=dep-info,link -C embed-bitcode=no -C debuginfo=2 --warn=rust_2018_idioms '--deny=clippy::unwrap_used' --forbid=unsafe_code --warn=unreachable_pub '--deny=clippy::unimplemented' '--deny=clippy::todo' '--deny=clippy::panic' --warn=missing_docs '--deny=clippy::mem_forget' '--deny=clippy::indexing_slicing' '--deny=clippy::float_cmp' '--deny=clippy::expect_used' '--deny=clippy::dbg_macro' --test --check-cfg 'cfg(docsrs,test)' --check-cfg 'cfg(feature, values("object_store"))' -C metadata=3fb4d681b59d484c -C extra-filename=-4a0e1648b7639c55 --out-dir /tmp/cargo-mutants-pstore-ZIiCgB.tmp/target/debug/deps -C incremental=/tmp/cargo-mutants-pstore-ZIiCgB.tmp/target/debug/incremental -L dependency=/tmp/cargo-mutants-pstore-ZIiCgB.tmp/target/debug/deps --extern async_trait=/tmp/cargo-mutants-pstore-ZIiCgB.tmp/target/debug/deps/libasync_trait-efaaae825ff87b5f.so --extern bytes=/tmp/cargo-mutants-pstore-ZIiCgB.tmp/target/debug/deps/libbytes-31b8f712e3be84e8.rlib --extern futures_util=/tmp/cargo-mutants-pstore-ZIiCgB.tmp/target/debug/deps/libfutures_util-9467758a9490225b.rlib --extern pstore_blob=/tmp/cargo-mutants-pstore-ZIiCgB.tmp/target/debug/deps/libpstore_blob-a1c846e65fcdfc47.rlib --extern pstore_testkit=/tmp/cargo-mutants-pstore-ZIiCgB.tmp/target/debug/deps/libpstore_testkit-c70127229fd98aeb.rlib --extern pstore_types=/tmp/cargo-mutants-pstore-ZIiCgB.tmp/target/debug/deps/libpstore_types-c19df0e60947a156.rlib --extern thiserror=/tmp/cargo-mutants-pstore-ZIiCgB.tmp/target/debug/deps/libthiserror-a555ba146edbfd98.rlib --extern tokio=/tmp/cargo-mutants-pstore-ZIiCgB.tmp/target/debug/deps/libtokio-c4794fa7272c7af3.rlib`
     Running `/home/tuong/.rustup/toolchains/1.90-x86_64-unknown-linux-gnu/bin/rustc --crate-name pstore_blob --edition=2024 crates/pstore-blob/src/lib.rs --error-format=json --json=diagnostic-rendered-ansi,artifacts,future-incompat --emit=dep-info,link -C embed-bitcode=no -C debuginfo=2 --warn=rust_2018_idioms '--deny=clippy::unwrap_used' --forbid=unsafe_code --warn=unreachable_pub '--deny=clippy::unimplemented' '--deny=clippy::todo' '--deny=clippy::panic' --warn=missing_docs '--deny=clippy::mem_forget' '--deny=clippy::indexing_slicing' '--deny=clippy::float_cmp' '--deny=clippy::expect_used' '--deny=clippy::dbg_macro' --test --check-cfg 'cfg(docsrs,test)' --check-cfg 'cfg(feature, values("object_store"))' -C metadata=f2f4f50824e7892c -C extra-filename=-beebd50e20890a1c --out-dir /tmp/cargo-mutants-pstore-ZIiCgB.tmp/target/debug/deps -C incremental=/tmp/cargo-mutants-pstore-ZIiCgB.tmp/target/debug/incremental -L dependency=/tmp/cargo-mutants-pstore-ZIiCgB.tmp/target/debug/deps --extern async_trait=/tmp/cargo-mutants-pstore-ZIiCgB.tmp/target/debug/deps/libasync_trait-efaaae825ff87b5f.so --extern bytes=/tmp/cargo-mutants-pstore-ZIiCgB.tmp/target/debug/deps/libbytes-31b8f712e3be84e8.rlib --extern futures_util=/tmp/cargo-mutants-pstore-ZIiCgB.tmp/target/debug/deps/libfutures_util-9467758a9490225b.rlib --extern pstore_testkit=/tmp/cargo-mutants-pstore-ZIiCgB.tmp/target/debug/deps/libpstore_testkit-c70127229fd98aeb.rlib --extern pstore_types=/tmp/cargo-mutants-pstore-ZIiCgB.tmp/target/debug/deps/libpstore_types-c19df0e60947a156.rlib --extern thiserror=/tmp/cargo-mutants-pstore-ZIiCgB.tmp/target/debug/deps/libthiserror-a555ba146edbfd98.rlib --extern tokio=/tmp/cargo-mutants-pstore-ZIiCgB.tmp/target/debug/deps/libtokio-c4794fa7272c7af3.rlib`
     Running `/home/tuong/.rustup/toolchains/1.90-x86_64-unknown-linux-gnu/bin/rustc --crate-name semantics --edition=2024 crates/pstore-blob/tests/semantics.rs --error-format=json --json=diagnostic-rendered-ansi,artifacts,future-incompat --emit=dep-info,link -C embed-bitcode=no -C debuginfo=2 --warn=rust_2018_idioms '--deny=clippy::unwrap_used' --forbid=unsafe_code --warn=unreachable_pub '--deny=clippy::unimplemented' '--deny=clippy::todo' '--deny=clippy::panic' --warn=missing_docs '--deny=clippy::mem_forget' '--deny=clippy::indexing_slicing' '--deny=clippy::float_cmp' '--deny=clippy::expect_used' '--deny=clippy::dbg_macro' --test --check-cfg 'cfg(docsrs,test)' --check-cfg 'cfg(feature, values("object_store"))' -C metadata=955ca3f9d7c7f70e -C extra-filename=-498f3631a70a0c40 --out-dir /tmp/cargo-mutants-pstore-ZIiCgB.tmp/target/debug/deps -C incremental=/tmp/cargo-mutants-pstore-ZIiCgB.tmp/target/debug/incremental -L dependency=/tmp/cargo-mutants-pstore-ZIiCgB.tmp/target/debug/deps --extern async_trait=/tmp/cargo-mutants-pstore-ZIiCgB.tmp/target/debug/deps/libasync_trait-efaaae825ff87b5f.so --extern bytes=/tmp/cargo-mutants-pstore-ZIiCgB.tmp/target/debug/deps/libbytes-31b8f712e3be84e8.rlib --extern futures_util=/tmp/cargo-mutants-pstore-ZIiCgB.tmp/target/debug/deps/libfutures_util-9467758a9490225b.rlib --extern pstore_blob=/tmp/cargo-mutants-pstore-ZIiCgB.tmp/target/debug/deps/libpstore_blob-a1c846e65fcdfc47.rlib --extern pstore_testkit=/tmp/cargo-mutants-pstore-ZIiCgB.tmp/target/debug/deps/libpstore_testkit-c70127229fd98aeb.rlib --extern pstore_types=/tmp/cargo-mutants-pstore-ZIiCgB.tmp/target/debug/deps/libpstore_types-c19df0e60947a156.rlib --extern thiserror=/tmp/cargo-mutants-pstore-ZIiCgB.tmp/target/debug/deps/libthiserror-a555ba146edbfd98.rlib --extern tokio=/tmp/cargo-mutants-pstore-ZIiCgB.tmp/target/debug/deps/libtokio-c4794fa7272c7af3.rlib`
     Running `/home/tuong/.rustup/toolchains/1.90-x86_64-unknown-linux-gnu/bin/rustc --crate-name faults --edition=2024 crates/pstore-blob/tests/faults.rs --error-format=json --json=diagnostic-rendered-ansi,artifacts,future-incompat --emit=dep-info,link -C embed-bitcode=no -C debuginfo=2 --warn=rust_2018_idioms '--deny=clippy::unwrap_used' --forbid=unsafe_code --warn=unreachable_pub '--deny=clippy::unimplemented' '--deny=clippy::todo' '--deny=clippy::panic' --warn=missing_docs '--deny=clippy::mem_forget' '--deny=clippy::indexing_slicing' '--deny=clippy::float_cmp' '--deny=clippy::expect_used' '--deny=clippy::dbg_macro' --test --check-cfg 'cfg(docsrs,test)' --check-cfg 'cfg(feature, values("object_store"))' -C metadata=ef654a0a1786a870 -C extra-filename=-6ff9c0975fba4475 --out-dir /tmp/cargo-mutants-pstore-ZIiCgB.tmp/target/debug/deps -C incremental=/tmp/cargo-mutants-pstore-ZIiCgB.tmp/target/debug/incremental -L dependency=/tmp/cargo-mutants-pstore-ZIiCgB.tmp/target/debug/deps --extern async_trait=/tmp/cargo-mutants-pstore-ZIiCgB.tmp/target/debug/deps/libasync_trait-efaaae825ff87b5f.so --extern bytes=/tmp/cargo-mutants-pstore-ZIiCgB.tmp/target/debug/deps/libbytes-31b8f712e3be84e8.rlib --extern futures_util=/tmp/cargo-mutants-pstore-ZIiCgB.tmp/target/debug/deps/libfutures_util-9467758a9490225b.rlib --extern pstore_blob=/tmp/cargo-mutants-pstore-ZIiCgB.tmp/target/debug/deps/libpstore_blob-a1c846e65fcdfc47.rlib --extern pstore_testkit=/tmp/cargo-mutants-pstore-ZIiCgB.tmp/target/debug/deps/libpstore_testkit-c70127229fd98aeb.rlib --extern pstore_types=/tmp/cargo-mutants-pstore-ZIiCgB.tmp/target/debug/deps/libpstore_types-c19df0e60947a156.rlib --extern thiserror=/tmp/cargo-mutants-pstore-ZIiCgB.tmp/target/debug/deps/libthiserror-a555ba146edbfd98.rlib --extern tokio=/tmp/cargo-mutants-pstore-ZIiCgB.tmp/target/debug/deps/libtokio-c4794fa7272c7af3.rlib`
     Running `/home/tuong/.rustup/toolchains/1.90-x86_64-unknown-linux-gnu/bin/rustc --crate-name object_store_adapter --edition=2024 crates/pstore-blob/tests/object_store_adapter.rs --error-format=json --json=diagnostic-rendered-ansi,artifacts,future-incompat --emit=dep-info,link -C embed-bitcode=no -C debuginfo=2 --warn=rust_2018_idioms '--deny=clippy::unwrap_used' --forbid=unsafe_code --warn=unreachable_pub '--deny=clippy::unimplemented' '--deny=clippy::todo' '--deny=clippy::panic' --warn=missing_docs '--deny=clippy::mem_forget' '--deny=clippy::indexing_slicing' '--deny=clippy::float_cmp' '--deny=clippy::expect_used' '--deny=clippy::dbg_macro' --test --check-cfg 'cfg(docsrs,test)' --check-cfg 'cfg(feature, values("object_store"))' -C metadata=96973d3c9d325fd5 -C extra-filename=-318667f311816eef --out-dir /tmp/cargo-mutants-pstore-ZIiCgB.tmp/target/debug/deps -C incremental=/tmp/cargo-mutants-pstore-ZIiCgB.tmp/target/debug/incremental -L dependency=/tmp/cargo-mutants-pstore-ZIiCgB.tmp/target/debug/deps --extern async_trait=/tmp/cargo-mutants-pstore-ZIiCgB.tmp/target/debug/deps/libasync_trait-efaaae825ff87b5f.so --extern bytes=/tmp/cargo-mutants-pstore-ZIiCgB.tmp/target/debug/deps/libbytes-31b8f712e3be84e8.rlib --extern futures_util=/tmp/cargo-mutants-pstore-ZIiCgB.tmp/target/debug/deps/libfutures_util-9467758a9490225b.rlib --extern pstore_blob=/tmp/cargo-mutants-pstore-ZIiCgB.tmp/target/debug/deps/libpstore_blob-a1c846e65fcdfc47.rlib --extern pstore_testkit=/tmp/cargo-mutants-pstore-ZIiCgB.tmp/target/debug/deps/libpstore_testkit-c70127229fd98aeb.rlib --extern pstore_types=/tmp/cargo-mutants-pstore-ZIiCgB.tmp/target/debug/deps/libpstore_types-c19df0e60947a156.rlib --extern thiserror=/tmp/cargo-mutants-pstore-ZIiCgB.tmp/target/debug/deps/libthiserror-a555ba146edbfd98.rlib --extern tokio=/tmp/cargo-mutants-pstore-ZIiCgB.tmp/target/debug/deps/libtokio-c4794fa7272c7af3.rlib`
     Running `/home/tuong/.rustup/toolchains/1.90-x86_64-unknown-linux-gnu/bin/rustc --crate-name coalescing --edition=2024 crates/pstore-blob/tests/coalescing.rs --error-format=json --json=diagnostic-rendered-ansi,artifacts,future-incompat --emit=dep-info,link -C embed-bitcode=no -C debuginfo=2 --warn=rust_2018_idioms '--deny=clippy::unwrap_used' --forbid=unsafe_code --warn=unreachable_pub '--deny=clippy::unimplemented' '--deny=clippy::todo' '--deny=clippy::panic' --warn=missing_docs '--deny=clippy::mem_forget' '--deny=clippy::indexing_slicing' '--deny=clippy::float_cmp' '--deny=clippy::expect_used' '--deny=clippy::dbg_macro' --test --check-cfg 'cfg(docsrs,test)' --check-cfg 'cfg(feature, values("object_store"))' -C metadata=95fd0fb8bd343508 -C extra-filename=-07cd275959561fdd --out-dir /tmp/cargo-mutants-pstore-ZIiCgB.tmp/target/debug/deps -C incremental=/tmp/cargo-mutants-pstore-ZIiCgB.tmp/target/debug/incremental -L dependency=/tmp/cargo-mutants-pstore-ZIiCgB.tmp/target/debug/deps --extern async_trait=/tmp/cargo-mutants-pstore-ZIiCgB.tmp/target/debug/deps/libasync_trait-efaaae825ff87b5f.so --extern bytes=/tmp/cargo-mutants-pstore-ZIiCgB.tmp/target/debug/deps/libbytes-31b8f712e3be84e8.rlib --extern futures_util=/tmp/cargo-mutants-pstore-ZIiCgB.tmp/target/debug/deps/libfutures_util-9467758a9490225b.rlib --extern pstore_blob=/tmp/cargo-mutants-pstore-ZIiCgB.tmp/target/debug/deps/libpstore_blob-a1c846e65fcdfc47.rlib --extern pstore_testkit=/tmp/cargo-mutants-pstore-ZIiCgB.tmp/target/debug/deps/libpstore_testkit-c70127229fd98aeb.rlib --extern pstore_types=/tmp/cargo-mutants-pstore-ZIiCgB.tmp/target/debug/deps/libpstore_types-c19df0e60947a156.rlib --extern thiserror=/tmp/cargo-mutants-pstore-ZIiCgB.tmp/target/debug/deps/libthiserror-a555ba146edbfd98.rlib --extern tokio=/tmp/cargo-mutants-pstore-ZIiCgB.tmp/target/debug/deps/libtokio-c4794fa7272c7af3.rlib`
     Running `/home/tuong/.rustup/toolchains/1.90-x86_64-unknown-linux-gnu/bin/rustc --crate-name accounting --edition=2024 crates/pstore-blob/tests/accounting.rs --error-format=json --json=diagnostic-rendered-ansi,artifacts,future-incompat --emit=dep-info,link -C embed-bitcode=no -C debuginfo=2 --warn=rust_2018_idioms '--deny=clippy::unwrap_used' --forbid=unsafe_code --warn=unreachable_pub '--deny=clippy::unimplemented' '--deny=clippy::todo' '--deny=clippy::panic' --warn=missing_docs '--deny=clippy::mem_forget' '--deny=clippy::indexing_slicing' '--deny=clippy::float_cmp' '--deny=clippy::expect_used' '--deny=clippy::dbg_macro' --test --check-cfg 'cfg(docsrs,test)' --check-cfg 'cfg(feature, values("object_store"))' -C metadata=023f0ddac3062718 -C extra-filename=-f4906d65a4a0bb28 --out-dir /tmp/cargo-mutants-pstore-ZIiCgB.tmp/target/debug/deps -C incremental=/tmp/cargo-mutants-pstore-ZIiCgB.tmp/target/debug/incremental -L dependency=/tmp/cargo-mutants-pstore-ZIiCgB.tmp/target/debug/deps --extern async_trait=/tmp/cargo-mutants-pstore-ZIiCgB.tmp/target/debug/deps/libasync_trait-efaaae825ff87b5f.so --extern bytes=/tmp/cargo-mutants-pstore-ZIiCgB.tmp/target/debug/deps/libbytes-31b8f712e3be84e8.rlib --extern futures_util=/tmp/cargo-mutants-pstore-ZIiCgB.tmp/target/debug/deps/libfutures_util-9467758a9490225b.rlib --extern pstore_blob=/tmp/cargo-mutants-pstore-ZIiCgB.tmp/target/debug/deps/libpstore_blob-a1c846e65fcdfc47.rlib --extern pstore_testkit=/tmp/cargo-mutants-pstore-ZIiCgB.tmp/target/debug/deps/libpstore_testkit-c70127229fd98aeb.rlib --extern pstore_types=/tmp/cargo-mutants-pstore-ZIiCgB.tmp/target/debug/deps/libpstore_types-c19df0e60947a156.rlib --extern thiserror=/tmp/cargo-mutants-pstore-ZIiCgB.tmp/target/debug/deps/libthiserror-a555ba146edbfd98.rlib --extern tokio=/tmp/cargo-mutants-pstore-ZIiCgB.tmp/target/debug/deps/libtokio-c4794fa7272c7af3.rlib`
warning: `pstore-blob` (lib test) generated 2 warnings (2 duplicates)
    Finished `test` profile [unoptimized + debuginfo] target(s) in 0.98s
  Executable `/tmp/cargo-mutants-pstore-ZIiCgB.tmp/target/debug/deps/pstore_blob-beebd50e20890a1c`
  Executable `/tmp/cargo-mutants-pstore-ZIiCgB.tmp/target/debug/deps/accounting-f4906d65a4a0bb28`
  Executable `/tmp/cargo-mutants-pstore-ZIiCgB.tmp/target/debug/deps/cas-4a0e1648b7639c55`
  Executable `/tmp/cargo-mutants-pstore-ZIiCgB.tmp/target/debug/deps/coalescing-07cd275959561fdd`
  Executable `/tmp/cargo-mutants-pstore-ZIiCgB.tmp/target/debug/deps/faults-6ff9c0975fba4475`
  Executable `/tmp/cargo-mutants-pstore-ZIiCgB.tmp/target/debug/deps/object_store_adapter-318667f311816eef`
  Executable `/tmp/cargo-mutants-pstore-ZIiCgB.tmp/target/debug/deps/semantics-498f3631a70a0c40`

*** result: Success

*** /home/tuong/.rustup/toolchains/1.90-x86_64-unknown-linux-gnu/bin/cargo test --verbose --package=pstore-blob@0.1.0
       Fresh unicode-ident v1.0.24
       Fresh proc-macro2 v1.0.107
       Fresh quote v1.0.47
       Fresh syn v3.0.5
       Fresh pin-project-lite v0.2.17
       Fresh futures-task v0.3.34
       Fresh futures-core v0.3.34
       Fresh slab v0.4.12
       Fresh bytes v1.12.1
       Fresh pstore-types v0.1.0 (/tmp/cargo-mutants-pstore-ZIiCgB.tmp/crates/pstore-types)
       Fresh thiserror-impl v2.0.20
       Fresh tokio-macros v2.7.2
       Fresh futures-util v0.3.34
       Fresh async-trait v0.1.92
       Fresh tokio v1.53.1
       Fresh thiserror v2.0.20
warning: unused variable: `key`
   --> crates/pstore-blob/src/congestion.rs:135:32
    |
135 |     async fn get_suffix(&self, key: &Key, n: u64) -> Result<Bytes, BlobError> {
    |                                ^^^ help: if this is intentional, prefix it with an underscore: `_key`
    |
    = note: `#[warn(unused_variables)]` on by default

warning: unused variable: `n`
   --> crates/pstore-blob/src/congestion.rs:135:43
    |
135 |     async fn get_suffix(&self, key: &Key, n: u64) -> Result<Bytes, BlobError> {
    |                                           ^ help: if this is intentional, prefix it with an underscore: `_n`

warning: `pstore-blob` (lib) generated 2 warnings
       Fresh pstore-testkit v0.1.0 (/tmp/cargo-mutants-pstore-ZIiCgB.tmp/crates/pstore-testkit)
       Fresh pstore-blob v0.1.0 (/tmp/cargo-mutants-pstore-ZIiCgB.tmp/crates/pstore-blob)
warning: `pstore-blob` (lib test) generated 2 warnings (2 duplicates)
    Finished `test` profile [unoptimized + debuginfo] target(s) in 0.02s
     Running `/tmp/cargo-mutants-pstore-ZIiCgB.tmp/target/debug/deps/pstore_blob-beebd50e20890a1c`

running 4 tests
test coalesce::tests::a_zero_gap_merges_only_touching_ranges ... ok
test coalesce::tests::a_contained_range_does_not_underflow_the_gap ... ok
test coalesce::tests::empty_input_plans_nothing ... ok
test coalesce::tests::empty_ranges_are_dropped ... ok

test result: ok. 4 passed; 0 failed; 0 ignored; 0 measured; 0 filtered out; finished in 0.00s

     Running `/tmp/cargo-mutants-pstore-ZIiCgB.tmp/target/debug/deps/accounting-f4906d65a4a0bb28`

running 4 tests
test accounting_is_per_tenant ... ok
test accounting_separates_read_write_and_list_classes ... ok
test a_failed_conditional_write_is_still_billed ... ok
test accounting_counts_one_write_per_put ... ok

test result: ok. 4 passed; 0 failed; 0 ignored; 0 measured; 0 filtered out; finished in 0.00s

     Running `/tmp/cargo-mutants-pstore-ZIiCgB.tmp/target/debug/deps/cas-4a0e1648b7639c55`

running 5 tests
test cas_lost_and_contended_are_distinct ... ok
test cas_rejects_stale_tag ... ok
test create_if_absent_rejects_second_write ... ok
test delete_batch_removes_only_the_named_keys ... ok
test get_range_returns_the_requested_slice ... ok

test result: ok. 5 passed; 0 failed; 0 ignored; 0 measured; 0 filtered out; finished in 0.00s

     Running `/tmp/cargo-mutants-pstore-ZIiCgB.tmp/target/debug/deps/coalescing-07cd275959561fdd`

running 8 tests
test a_single_far_range_is_offset_correctly ... ok
test coalescing_actually_saves_requests ... ok
test coalescing_merges_ranges_closer_than_the_gap ... ok
test coalescing_never_issues_more_requests_than_ranges ... ok
test slices_are_offset_from_the_fetch_start_not_the_object_start ... ok
test coalesced_reads_equal_separate_reads ... ok
test coalescing_respects_the_gap_threshold ... ok
test ranges_out_of_order_are_returned_in_the_order_asked ... ok

test result: ok. 8 passed; 0 failed; 0 ignored; 0 measured; 0 filtered out; finished in 0.00s

     Running `/tmp/cargo-mutants-pstore-ZIiCgB.tmp/target/debug/deps/faults-6ff9c0975fba4475`

running 7 tests
test an_injected_write_fault_does_not_reach_the_backend ... ok
test a_zero_rate_injects_nothing ... ok
test same_seed_reproduces_the_same_failures ... ok
test each_fault_kind_is_injected_independently ... ok
test a_transient_slowdown_is_retried_and_succeeds ... ok
test retries_are_bounded ... ok
test slowdown_reduces_concurrency_then_recovers ... ok

test result: ok. 7 passed; 0 failed; 0 ignored; 0 measured; 0 filtered out; finished in 0.02s

     Running `/tmp/cargo-mutants-pstore-ZIiCgB.tmp/target/debug/deps/object_store_adapter-318667f311816eef`

running 0 tests

test result: ok. 0 passed; 0 failed; 0 ignored; 0 measured; 0 filtered out; finished in 0.00s

     Running `/tmp/cargo-mutants-pstore-ZIiCgB.tmp/target/debug/deps/semantics-498f3631a70a0c40`

running 15 tests
test a_key_displays_as_the_path_it_will_be_fetched_from ... ok
test a_full_length_range_is_legal ... ok
test a_range_past_the_end_is_an_error_not_a_short_read ... ok
test an_empty_range_is_legal_and_returns_nothing ... ok
test a_batch_delete_over_the_backend_limit_is_refused ... ok
test capabilities_name_the_backend_and_its_tag_style ... ok
test cas_against_a_deleted_object_is_refused ... ok
test cas_with_a_fabricated_tag_is_refused ... ok
test content_hash_tags_exhibit_the_aba_hazard ... ok
test get_ranges_of_nothing_is_not_a_request ... ok
test get_tag_reports_the_current_tag_and_none_when_absent ... ok
test get_ranges_propagates_a_read_error ... ok
test list_is_prefix_filtered ... ok
test head_reports_size_without_the_body ... ok
test monotonic_tags_are_immune_to_aba ... ok

test result: ok. 15 passed; 0 failed; 0 ignored; 0 measured; 0 filtered out; finished in 0.00s

   Doc-tests pstore_blob
     Running `/home/tuong/.rustup/toolchains/1.90-x86_64-unknown-linux-gnu/bin/rustdoc --edition=2024 --crate-type lib --color auto --crate-name pstore_blob --test crates/pstore-blob/src/lib.rs --test-run-directory /tmp/cargo-mutants-pstore-ZIiCgB.tmp/crates/pstore-blob -L dependency=/tmp/cargo-mutants-pstore-ZIiCgB.tmp/target/debug/deps -L dependency=/tmp/cargo-mutants-pstore-ZIiCgB.tmp/target/debug/deps --warn=rust_2018_idioms '--deny=clippy::unwrap_used' --forbid=unsafe_code --warn=unreachable_pub '--deny=clippy::unimplemented' '--deny=clippy::todo' '--deny=clippy::panic' --warn=missing_docs '--deny=clippy::mem_forget' '--deny=clippy::indexing_slicing' '--deny=clippy::float_cmp' '--deny=clippy::expect_used' '--deny=clippy::dbg_macro' --extern async_trait=/tmp/cargo-mutants-pstore-ZIiCgB.tmp/target/debug/deps/libasync_trait-efaaae825ff87b5f.so --extern bytes=/tmp/cargo-mutants-pstore-ZIiCgB.tmp/target/debug/deps/libbytes-31b8f712e3be84e8.rlib --extern futures_util=/tmp/cargo-mutants-pstore-ZIiCgB.tmp/target/debug/deps/libfutures_util-9467758a9490225b.rlib --extern pstore_blob=/tmp/cargo-mutants-pstore-ZIiCgB.tmp/target/debug/deps/libpstore_blob-a1c846e65fcdfc47.rlib --extern pstore_testkit=/tmp/cargo-mutants-pstore-ZIiCgB.tmp/target/debug/deps/libpstore_testkit-c70127229fd98aeb.rlib --extern pstore_types=/tmp/cargo-mutants-pstore-ZIiCgB.tmp/target/debug/deps/libpstore_types-c19df0e60947a156.rlib --extern thiserror=/tmp/cargo-mutants-pstore-ZIiCgB.tmp/target/debug/deps/libthiserror-a555ba146edbfd98.rlib --extern tokio=/tmp/cargo-mutants-pstore-ZIiCgB.tmp/target/debug/deps/libtokio-c4794fa7272c7af3.rlib -C embed-bitcode=no --check-cfg 'cfg(docsrs,test)' --check-cfg 'cfg(feature, values("object_store"))' --error-format human`

running 0 tests

test result: ok. 0 passed; 0 failed; 0 ignored; 0 measured; 0 filtered out; finished in 0.00s


*** result: Success
