
*** crates/pstore-format/src/reader.rs:199:39: replace * with / in Segment::search

*** mutation diff:
--- crates/pstore-format/src/reader.rs
+++ replace * with / in Segment::search
@@ -191,17 +191,17 @@
                     expected: d.vector.len(),
                     got: query.len(),
                 });
             }
             let dist: f32 = d
                 .vector
                 .iter()
                 .zip(query)
-                .map(|(a, b)| (a - b) * (a - b))
+                .map(|(a, b)| (a - b) / /* ~ changed by cargo-mutants ~ */ (a - b))
                 .sum();
             scored.push((d.id, dist));
         }
         // `total_cmp` rather than `partial_cmp`: a NaN from a malformed vector must order
         // deterministically instead of making the sort's behaviour undefined. Ties break
         // on id so the result is reproducible, which is what lets a reference test exist.
         scored.sort_by(|a, b| a.1.total_cmp(&b.1).then_with(|| a.0.cmp(&b.0)));
         scored.truncate(k);


*** /home/tuong/.rustup/toolchains/1.90-x86_64-unknown-linux-gnu/bin/cargo test --no-run --verbose --package=pstore-format@0.1.0 --all-features
       Fresh unicode-ident v1.0.24
       Fresh proc-macro2 v1.0.107
       Fresh quote v1.0.47
       Fresh syn v3.0.5
       Fresh pin-project-lite v0.2.17
       Fresh thiserror-impl v2.0.20
       Fresh tokio-macros v2.7.2
       Fresh futures-task v0.3.34
       Fresh futures-core v0.3.34
       Fresh slab v0.4.12
       Fresh tokio v1.53.1
       Fresh thiserror v2.0.20
       Fresh async-trait v0.1.92
       Fresh pstore-types v0.1.0 (/tmp/cargo-mutants-pstore-IkU50c.tmp/crates/pstore-types)
       Fresh bytes v1.12.1
       Fresh futures-util v0.3.34
       Fresh pstore-blob v0.1.0 (/tmp/cargo-mutants-pstore-IkU50c.tmp/crates/pstore-blob)
       Dirty pstore-format v0.1.0 (/tmp/cargo-mutants-pstore-IkU50c.tmp/crates/pstore-format): the file `crates/pstore-format/src/reader.rs` has changed (1788607323.465884021s, 436033978ns after last build at 1788607323.029850043s)
   Compiling pstore-format v0.1.0 (/tmp/cargo-mutants-pstore-IkU50c.tmp/crates/pstore-format)
     Running `/home/tuong/.rustup/toolchains/1.90-x86_64-unknown-linux-gnu/bin/rustc --crate-name pstore_format --edition=2024 crates/pstore-format/src/lib.rs --error-format=json --json=diagnostic-rendered-ansi,artifacts,future-incompat --emit=dep-info,link -C embed-bitcode=no -C debuginfo=2 --warn=rust_2018_idioms '--deny=clippy::unwrap_used' --forbid=unsafe_code --warn=unreachable_pub '--deny=clippy::unimplemented' '--deny=clippy::todo' '--deny=clippy::panic' --warn=missing_docs '--deny=clippy::mem_forget' '--deny=clippy::indexing_slicing' '--deny=clippy::float_cmp' '--deny=clippy::expect_used' '--deny=clippy::dbg_macro' --test --check-cfg 'cfg(docsrs,test)' --check-cfg 'cfg(feature, values())' -C metadata=821cada9fb09dc73 -C extra-filename=-6c8cb96cbdbdb465 --out-dir /tmp/cargo-mutants-pstore-IkU50c.tmp/target/debug/deps -C incremental=/tmp/cargo-mutants-pstore-IkU50c.tmp/target/debug/incremental -L dependency=/tmp/cargo-mutants-pstore-IkU50c.tmp/target/debug/deps --extern async_trait=/tmp/cargo-mutants-pstore-IkU50c.tmp/target/debug/deps/libasync_trait-efaaae825ff87b5f.so --extern bytes=/tmp/cargo-mutants-pstore-IkU50c.tmp/target/debug/deps/libbytes-31b8f712e3be84e8.rlib --extern pstore_blob=/tmp/cargo-mutants-pstore-IkU50c.tmp/target/debug/deps/libpstore_blob-b6cf016c092a0ac2.rlib --extern pstore_types=/tmp/cargo-mutants-pstore-IkU50c.tmp/target/debug/deps/libpstore_types-c19df0e60947a156.rlib --extern thiserror=/tmp/cargo-mutants-pstore-IkU50c.tmp/target/debug/deps/libthiserror-a555ba146edbfd98.rlib --extern tokio=/tmp/cargo-mutants-pstore-IkU50c.tmp/target/debug/deps/libtokio-1c12c7fb7aae7e9d.rlib`
     Running `/home/tuong/.rustup/toolchains/1.90-x86_64-unknown-linux-gnu/bin/rustc --crate-name pstore_format --edition=2024 crates/pstore-format/src/lib.rs --error-format=json --json=diagnostic-rendered-ansi,artifacts,future-incompat --crate-type lib --emit=dep-info,metadata,link -C embed-bitcode=no -C debuginfo=2 --warn=rust_2018_idioms '--deny=clippy::unwrap_used' --forbid=unsafe_code --warn=unreachable_pub '--deny=clippy::unimplemented' '--deny=clippy::todo' '--deny=clippy::panic' --warn=missing_docs '--deny=clippy::mem_forget' '--deny=clippy::indexing_slicing' '--deny=clippy::float_cmp' '--deny=clippy::expect_used' '--deny=clippy::dbg_macro' --check-cfg 'cfg(docsrs,test)' --check-cfg 'cfg(feature, values())' -C metadata=57d28a0e0e46fc90 -C extra-filename=-1275d00aeb99a72a --out-dir /tmp/cargo-mutants-pstore-IkU50c.tmp/target/debug/deps -C incremental=/tmp/cargo-mutants-pstore-IkU50c.tmp/target/debug/incremental -L dependency=/tmp/cargo-mutants-pstore-IkU50c.tmp/target/debug/deps --extern async_trait=/tmp/cargo-mutants-pstore-IkU50c.tmp/target/debug/deps/libasync_trait-efaaae825ff87b5f.so --extern bytes=/tmp/cargo-mutants-pstore-IkU50c.tmp/target/debug/deps/libbytes-31b8f712e3be84e8.rmeta --extern pstore_blob=/tmp/cargo-mutants-pstore-IkU50c.tmp/target/debug/deps/libpstore_blob-b6cf016c092a0ac2.rmeta --extern pstore_types=/tmp/cargo-mutants-pstore-IkU50c.tmp/target/debug/deps/libpstore_types-c19df0e60947a156.rmeta --extern thiserror=/tmp/cargo-mutants-pstore-IkU50c.tmp/target/debug/deps/libthiserror-a555ba146edbfd98.rmeta`
     Running `/home/tuong/.rustup/toolchains/1.90-x86_64-unknown-linux-gnu/bin/rustc --crate-name search --edition=2024 crates/pstore-format/tests/search.rs --error-format=json --json=diagnostic-rendered-ansi,artifacts,future-incompat --emit=dep-info,link -C embed-bitcode=no -C debuginfo=2 --warn=rust_2018_idioms '--deny=clippy::unwrap_used' --forbid=unsafe_code --warn=unreachable_pub '--deny=clippy::unimplemented' '--deny=clippy::todo' '--deny=clippy::panic' --warn=missing_docs '--deny=clippy::mem_forget' '--deny=clippy::indexing_slicing' '--deny=clippy::float_cmp' '--deny=clippy::expect_used' '--deny=clippy::dbg_macro' --test --check-cfg 'cfg(docsrs,test)' --check-cfg 'cfg(feature, values())' -C metadata=a12da3018441d499 -C extra-filename=-d4e51932dcef29a0 --out-dir /tmp/cargo-mutants-pstore-IkU50c.tmp/target/debug/deps -C incremental=/tmp/cargo-mutants-pstore-IkU50c.tmp/target/debug/incremental -L dependency=/tmp/cargo-mutants-pstore-IkU50c.tmp/target/debug/deps --extern async_trait=/tmp/cargo-mutants-pstore-IkU50c.tmp/target/debug/deps/libasync_trait-efaaae825ff87b5f.so --extern bytes=/tmp/cargo-mutants-pstore-IkU50c.tmp/target/debug/deps/libbytes-31b8f712e3be84e8.rlib --extern pstore_blob=/tmp/cargo-mutants-pstore-IkU50c.tmp/target/debug/deps/libpstore_blob-b6cf016c092a0ac2.rlib --extern pstore_format=/tmp/cargo-mutants-pstore-IkU50c.tmp/target/debug/deps/libpstore_format-1275d00aeb99a72a.rlib --extern pstore_types=/tmp/cargo-mutants-pstore-IkU50c.tmp/target/debug/deps/libpstore_types-c19df0e60947a156.rlib --extern thiserror=/tmp/cargo-mutants-pstore-IkU50c.tmp/target/debug/deps/libthiserror-a555ba146edbfd98.rlib --extern tokio=/tmp/cargo-mutants-pstore-IkU50c.tmp/target/debug/deps/libtokio-1c12c7fb7aae7e9d.rlib`
     Running `/home/tuong/.rustup/toolchains/1.90-x86_64-unknown-linux-gnu/bin/rustc --crate-name segment --edition=2024 crates/pstore-format/tests/segment.rs --error-format=json --json=diagnostic-rendered-ansi,artifacts,future-incompat --emit=dep-info,link -C embed-bitcode=no -C debuginfo=2 --warn=rust_2018_idioms '--deny=clippy::unwrap_used' --forbid=unsafe_code --warn=unreachable_pub '--deny=clippy::unimplemented' '--deny=clippy::todo' '--deny=clippy::panic' --warn=missing_docs '--deny=clippy::mem_forget' '--deny=clippy::indexing_slicing' '--deny=clippy::float_cmp' '--deny=clippy::expect_used' '--deny=clippy::dbg_macro' --test --check-cfg 'cfg(docsrs,test)' --check-cfg 'cfg(feature, values())' -C metadata=a243db0e9609e460 -C extra-filename=-a5c2cb1d0b2aa6ef --out-dir /tmp/cargo-mutants-pstore-IkU50c.tmp/target/debug/deps -C incremental=/tmp/cargo-mutants-pstore-IkU50c.tmp/target/debug/incremental -L dependency=/tmp/cargo-mutants-pstore-IkU50c.tmp/target/debug/deps --extern async_trait=/tmp/cargo-mutants-pstore-IkU50c.tmp/target/debug/deps/libasync_trait-efaaae825ff87b5f.so --extern bytes=/tmp/cargo-mutants-pstore-IkU50c.tmp/target/debug/deps/libbytes-31b8f712e3be84e8.rlib --extern pstore_blob=/tmp/cargo-mutants-pstore-IkU50c.tmp/target/debug/deps/libpstore_blob-b6cf016c092a0ac2.rlib --extern pstore_format=/tmp/cargo-mutants-pstore-IkU50c.tmp/target/debug/deps/libpstore_format-1275d00aeb99a72a.rlib --extern pstore_types=/tmp/cargo-mutants-pstore-IkU50c.tmp/target/debug/deps/libpstore_types-c19df0e60947a156.rlib --extern thiserror=/tmp/cargo-mutants-pstore-IkU50c.tmp/target/debug/deps/libthiserror-a555ba146edbfd98.rlib --extern tokio=/tmp/cargo-mutants-pstore-IkU50c.tmp/target/debug/deps/libtokio-1c12c7fb7aae7e9d.rlib`
     Running `/home/tuong/.rustup/toolchains/1.90-x86_64-unknown-linux-gnu/bin/rustc --crate-name corrupt --edition=2024 crates/pstore-format/tests/corrupt.rs --error-format=json --json=diagnostic-rendered-ansi,artifacts,future-incompat --emit=dep-info,link -C embed-bitcode=no -C debuginfo=2 --warn=rust_2018_idioms '--deny=clippy::unwrap_used' --forbid=unsafe_code --warn=unreachable_pub '--deny=clippy::unimplemented' '--deny=clippy::todo' '--deny=clippy::panic' --warn=missing_docs '--deny=clippy::mem_forget' '--deny=clippy::indexing_slicing' '--deny=clippy::float_cmp' '--deny=clippy::expect_used' '--deny=clippy::dbg_macro' --test --check-cfg 'cfg(docsrs,test)' --check-cfg 'cfg(feature, values())' -C metadata=de6f1515f976f7e8 -C extra-filename=-cff173796626ae2c --out-dir /tmp/cargo-mutants-pstore-IkU50c.tmp/target/debug/deps -C incremental=/tmp/cargo-mutants-pstore-IkU50c.tmp/target/debug/incremental -L dependency=/tmp/cargo-mutants-pstore-IkU50c.tmp/target/debug/deps --extern async_trait=/tmp/cargo-mutants-pstore-IkU50c.tmp/target/debug/deps/libasync_trait-efaaae825ff87b5f.so --extern bytes=/tmp/cargo-mutants-pstore-IkU50c.tmp/target/debug/deps/libbytes-31b8f712e3be84e8.rlib --extern pstore_blob=/tmp/cargo-mutants-pstore-IkU50c.tmp/target/debug/deps/libpstore_blob-b6cf016c092a0ac2.rlib --extern pstore_format=/tmp/cargo-mutants-pstore-IkU50c.tmp/target/debug/deps/libpstore_format-1275d00aeb99a72a.rlib --extern pstore_types=/tmp/cargo-mutants-pstore-IkU50c.tmp/target/debug/deps/libpstore_types-c19df0e60947a156.rlib --extern thiserror=/tmp/cargo-mutants-pstore-IkU50c.tmp/target/debug/deps/libthiserror-a555ba146edbfd98.rlib --extern tokio=/tmp/cargo-mutants-pstore-IkU50c.tmp/target/debug/deps/libtokio-1c12c7fb7aae7e9d.rlib`
    Finished `test` profile [unoptimized + debuginfo] target(s) in 0.29s
  Executable `/tmp/cargo-mutants-pstore-IkU50c.tmp/target/debug/deps/pstore_format-6c8cb96cbdbdb465`
  Executable `/tmp/cargo-mutants-pstore-IkU50c.tmp/target/debug/deps/corrupt-cff173796626ae2c`
  Executable `/tmp/cargo-mutants-pstore-IkU50c.tmp/target/debug/deps/search-d4e51932dcef29a0`
  Executable `/tmp/cargo-mutants-pstore-IkU50c.tmp/target/debug/deps/segment-a5c2cb1d0b2aa6ef`

*** result: Success

*** /home/tuong/.rustup/toolchains/1.90-x86_64-unknown-linux-gnu/bin/cargo test --verbose --package=pstore-format@0.1.0 --all-features
       Fresh unicode-ident v1.0.24
       Fresh proc-macro2 v1.0.107
       Fresh pin-project-lite v0.2.17
       Fresh futures-task v0.3.34
       Fresh slab v0.4.12
       Fresh futures-core v0.3.34
       Fresh quote v1.0.47
       Fresh futures-util v0.3.34
       Fresh bytes v1.12.1
       Fresh pstore-types v0.1.0 (/tmp/cargo-mutants-pstore-IkU50c.tmp/crates/pstore-types)
       Fresh syn v3.0.5
       Fresh thiserror-impl v2.0.20
       Fresh tokio-macros v2.7.2
       Fresh async-trait v0.1.92
       Fresh thiserror v2.0.20
       Fresh tokio v1.53.1
       Fresh pstore-blob v0.1.0 (/tmp/cargo-mutants-pstore-IkU50c.tmp/crates/pstore-blob)
       Fresh pstore-format v0.1.0 (/tmp/cargo-mutants-pstore-IkU50c.tmp/crates/pstore-format)
    Finished `test` profile [unoptimized + debuginfo] target(s) in 0.01s
     Running `/tmp/cargo-mutants-pstore-IkU50c.tmp/target/debug/deps/pstore_format-6c8cb96cbdbdb465`

running 4 tests
test codec::tests::every_primitive_refuses_a_short_buffer_rather_than_panicking ... ok
test codec::tests::a_string_field_rejects_invalid_utf8 ... ok
test codec::tests::every_primitive_round_trips ... ok
test codec::tests::the_checksum_changes_when_any_byte_does ... ok

test result: ok. 4 passed; 0 failed; 0 ignored; 0 measured; 0 filtered out; finished in 0.00s

     Running `/tmp/cargo-mutants-pstore-IkU50c.tmp/target/debug/deps/corrupt-cff173796626ae2c`

running 10 tests
test a_document_starts_with_no_attributes ... ok
test a_future_version_is_refused_rather_than_guessed_at ... ok
test a_tampered_index_section_is_caught_by_the_checksum ... ok
test a_segment_with_an_impossible_block_count_is_refused ... ok
test a_scan_of_a_segment_whose_blocks_are_gone_is_an_error ... ok
test a_truncated_segment_is_an_error ... ok
test a_missing_segment_is_an_error_not_an_empty_one ... ok
test filters_match_rows_by_type ... ok
test an_unknown_value_tag_is_an_error ... ok
test filters_prune_only_what_they_provably_can ... ok

test result: ok. 10 passed; 0 failed; 0 ignored; 0 measured; 0 filtered out; finished in 0.00s

     Running `/tmp/cargo-mutants-pstore-IkU50c.tmp/target/debug/deps/search-d4e51932dcef29a0`

running 8 tests
test search_returns_k_results_when_k_exceeds_the_segment ... ok
test search_on_a_dimension_mismatch_is_an_error ... ok
test a_filter_on_an_unknown_column_matches_nothing_and_prunes_nothing ... ok
test a_string_filter_cannot_prune_but_still_filters ... ok
test zone_maps_skip_blocks_that_cannot_match ... ok
test search_respects_a_filter ... ok
test exact_search_matches_a_brute_force_reference ... FAILED
test pruning_does_not_change_the_answer ... ok

failures:

---- exact_search_matches_a_brute_force_reference stdout ----

thread 'exact_search_matches_a_brute_force_reference' panicked at crates/pstore-format/tests/search.rs:154:9:
assertion `left == right` failed: top-10 disagrees with brute force for [0.1, 0.2, 0.3, 0.4]
  left: ["d0", "d1", "d10", "d100", "d101", "d102", "d103", "d104", "d105", "d106"]
 right: ["d452", "d234", "d442", "d165", "d59", "d334", "d362", "d296", "d329", "d438"]
note: run with `RUST_BACKTRACE=1` environment variable to display a backtrace


failures:
    exact_search_matches_a_brute_force_reference

test result: FAILED. 7 passed; 1 failed; 0 ignored; 0 measured; 0 filtered out; finished in 0.00s

error: test failed, to rerun pass `-p pstore-format --test search`

*** result: Failure(101)
