
*** crates/pstore-index/src/vec_index.rs:242:9: replace VecIndex::open -> Result<Self, pstore_format::FormatError> with Ok(Default::default())

*** mutation diff:
--- crates/pstore-index/src/vec_index.rs
+++ replace VecIndex::open -> Result<Self, pstore_format::FormatError> with Ok(Default::default())
@@ -234,25 +234,17 @@
         store: &S,
         segment: &Key,
         centroids: &Key,
         dim: usize,
     ) -> Result<Self, pstore_format::FormatError> {
         // ⚠️ `join`, not two awaits. Both keys are derived, neither depends on the other's
         // contents, and awaiting the footer first would make every cold open two hops for
         // no reason a caller could see.
-        let (seg, cen) =
-            futures_util::future::join(Segment::open(store, segment), store.get(centroids)).await;
-        Ok(Self {
-            segment: seg?,
-            // A missing centroid object is not an error: it is how an index below the
-            // threshold says "scan me exactly" (D-10).
-            centroids: cen.ok().and_then(|b| Centroids::decode(b.as_ref())),
-            dim,
-        })
+        Ok(Default::default()) /* ~ changed by cargo-mutants ~ */
     }
 
     /// Whether this index has a clustered structure, or is scanned exactly.
     #[must_use]
     pub fn is_clustered(&self) -> bool {
         self.centroids.is_some()
     }
 


*** /home/tuong/.rustup/toolchains/1.90-x86_64-unknown-linux-gnu/bin/cargo test --no-run --verbose --workspace
       Fresh unicode-ident v1.0.24
       Fresh proc-macro2 v1.0.107
       Fresh quote v1.0.47
       Fresh syn v3.0.5
       Fresh pin-project-lite v0.2.17
       Fresh futures-task v0.3.34
       Fresh slab v0.4.12
       Fresh futures-core v0.3.34
       Fresh tokio-macros v2.7.2
       Fresh thiserror-impl v2.0.20
       Fresh async-trait v0.1.92
       Fresh futures-util v0.3.34
       Fresh bytes v1.12.1
       Fresh pstore-types v0.1.0 (/tmp/cargo-mutants-pstore-givrvP.tmp/crates/pstore-types)
       Fresh thiserror v2.0.20
       Fresh tokio v1.53.1
       Dirty pstore-index v0.1.0 (/tmp/cargo-mutants-pstore-givrvP.tmp/crates/pstore-index): the file `crates/pstore-index/src/vec_index.rs` has changed (1788645431.492359267s, 7s after last build at 1788645424.692015683s)
   Compiling pstore-index v0.1.0 (/tmp/cargo-mutants-pstore-givrvP.tmp/crates/pstore-index)
       Fresh pstore-format v0.1.0 (/tmp/cargo-mutants-pstore-givrvP.tmp/crates/pstore-format)
     Running `/home/tuong/.rustup/toolchains/1.90-x86_64-unknown-linux-gnu/bin/rustc --crate-name pstore_index --edition=2024 crates/pstore-index/src/lib.rs --error-format=json --json=diagnostic-rendered-ansi,artifacts,future-incompat --emit=dep-info,link -C embed-bitcode=no -C debuginfo=2 --warn=rust_2018_idioms '--deny=clippy::unwrap_used' --forbid=unsafe_code --warn=unreachable_pub '--deny=clippy::unimplemented' '--deny=clippy::todo' '--deny=clippy::panic' --warn=missing_docs '--deny=clippy::mem_forget' '--deny=clippy::indexing_slicing' '--deny=clippy::float_cmp' '--deny=clippy::expect_used' '--deny=clippy::dbg_macro' --test --check-cfg 'cfg(docsrs,test)' --check-cfg 'cfg(feature, values())' -C metadata=cc327639876ee248 -C extra-filename=-ad9a41401e531637 --out-dir /tmp/cargo-mutants-pstore-givrvP.tmp/target/debug/deps -C incremental=/tmp/cargo-mutants-pstore-givrvP.tmp/target/debug/incremental -L dependency=/tmp/cargo-mutants-pstore-givrvP.tmp/target/debug/deps --extern bytes=/tmp/cargo-mutants-pstore-givrvP.tmp/target/debug/deps/libbytes-31b8f712e3be84e8.rlib --extern futures_util=/tmp/cargo-mutants-pstore-givrvP.tmp/target/debug/deps/libfutures_util-9467758a9490225b.rlib --extern pstore_blob=/tmp/cargo-mutants-pstore-givrvP.tmp/target/debug/deps/libpstore_blob-a1c846e65fcdfc47.rlib --extern pstore_format=/tmp/cargo-mutants-pstore-givrvP.tmp/target/debug/deps/libpstore_format-b47669c15c655435.rlib --extern pstore_testkit=/tmp/cargo-mutants-pstore-givrvP.tmp/target/debug/deps/libpstore_testkit-c70127229fd98aeb.rlib --extern pstore_types=/tmp/cargo-mutants-pstore-givrvP.tmp/target/debug/deps/libpstore_types-c19df0e60947a156.rlib --extern tokio=/tmp/cargo-mutants-pstore-givrvP.tmp/target/debug/deps/libtokio-c4794fa7272c7af3.rlib`
       Fresh pstore-engine v0.1.0 (/tmp/cargo-mutants-pstore-givrvP.tmp/crates/pstore-engine)
       Fresh pstore-blob v0.1.0 (/tmp/cargo-mutants-pstore-givrvP.tmp/crates/pstore-blob)
       Fresh pstore-testkit v0.1.0 (/tmp/cargo-mutants-pstore-givrvP.tmp/crates/pstore-testkit)
     Running `/home/tuong/.rustup/toolchains/1.90-x86_64-unknown-linux-gnu/bin/rustc --crate-name pstore_index --edition=2024 crates/pstore-index/src/lib.rs --error-format=json --json=diagnostic-rendered-ansi,artifacts,future-incompat --crate-type lib --emit=dep-info,metadata,link -C embed-bitcode=no -C debuginfo=2 --warn=rust_2018_idioms '--deny=clippy::unwrap_used' --forbid=unsafe_code --warn=unreachable_pub '--deny=clippy::unimplemented' '--deny=clippy::todo' '--deny=clippy::panic' --warn=missing_docs '--deny=clippy::mem_forget' '--deny=clippy::indexing_slicing' '--deny=clippy::float_cmp' '--deny=clippy::expect_used' '--deny=clippy::dbg_macro' --check-cfg 'cfg(docsrs,test)' --check-cfg 'cfg(feature, values())' -C metadata=a242405e799e600f -C extra-filename=-66ac2b71496e370d --out-dir /tmp/cargo-mutants-pstore-givrvP.tmp/target/debug/deps -C incremental=/tmp/cargo-mutants-pstore-givrvP.tmp/target/debug/incremental -L dependency=/tmp/cargo-mutants-pstore-givrvP.tmp/target/debug/deps --extern bytes=/tmp/cargo-mutants-pstore-givrvP.tmp/target/debug/deps/libbytes-31b8f712e3be84e8.rmeta --extern futures_util=/tmp/cargo-mutants-pstore-givrvP.tmp/target/debug/deps/libfutures_util-9467758a9490225b.rmeta --extern pstore_blob=/tmp/cargo-mutants-pstore-givrvP.tmp/target/debug/deps/libpstore_blob-a1c846e65fcdfc47.rmeta --extern pstore_format=/tmp/cargo-mutants-pstore-givrvP.tmp/target/debug/deps/libpstore_format-b47669c15c655435.rmeta`
error[E0277]: the trait bound `VecIndex: Default` is not satisfied
   --> crates/pstore-index/src/vec_index.rs:242:12
    |
242 |         Ok(Default::default()) /* ~ changed by cargo-mutants ~ */
    |            ^^^^^^^^^^^^^^^^^^ the trait `Default` is not implemented for `VecIndex`

For more information about this error, try `rustc --explain E0277`.
error: could not compile `pstore-index` (lib) due to 1 previous error

Caused by:
  process didn't exit successfully: `/home/tuong/.rustup/toolchains/1.90-x86_64-unknown-linux-gnu/bin/rustc --crate-name pstore_index --edition=2024 crates/pstore-index/src/lib.rs --error-format=json --json=diagnostic-rendered-ansi,artifacts,future-incompat --crate-type lib --emit=dep-info,metadata,link -C embed-bitcode=no -C debuginfo=2 --warn=rust_2018_idioms '--deny=clippy::unwrap_used' --forbid=unsafe_code --warn=unreachable_pub '--deny=clippy::unimplemented' '--deny=clippy::todo' '--deny=clippy::panic' --warn=missing_docs '--deny=clippy::mem_forget' '--deny=clippy::indexing_slicing' '--deny=clippy::float_cmp' '--deny=clippy::expect_used' '--deny=clippy::dbg_macro' --check-cfg 'cfg(docsrs,test)' --check-cfg 'cfg(feature, values())' -C metadata=a242405e799e600f -C extra-filename=-66ac2b71496e370d --out-dir /tmp/cargo-mutants-pstore-givrvP.tmp/target/debug/deps -C incremental=/tmp/cargo-mutants-pstore-givrvP.tmp/target/debug/incremental -L dependency=/tmp/cargo-mutants-pstore-givrvP.tmp/target/debug/deps --extern bytes=/tmp/cargo-mutants-pstore-givrvP.tmp/target/debug/deps/libbytes-31b8f712e3be84e8.rmeta --extern futures_util=/tmp/cargo-mutants-pstore-givrvP.tmp/target/debug/deps/libfutures_util-9467758a9490225b.rmeta --extern pstore_blob=/tmp/cargo-mutants-pstore-givrvP.tmp/target/debug/deps/libpstore_blob-a1c846e65fcdfc47.rmeta --extern pstore_format=/tmp/cargo-mutants-pstore-givrvP.tmp/target/debug/deps/libpstore_format-b47669c15c655435.rmeta` (exit status: 1)
warning: build failed, waiting for other jobs to finish...
error: could not compile `pstore-index` (lib test) due to 1 previous error

Caused by:
  process didn't exit successfully: `/home/tuong/.rustup/toolchains/1.90-x86_64-unknown-linux-gnu/bin/rustc --crate-name pstore_index --edition=2024 crates/pstore-index/src/lib.rs --error-format=json --json=diagnostic-rendered-ansi,artifacts,future-incompat --emit=dep-info,link -C embed-bitcode=no -C debuginfo=2 --warn=rust_2018_idioms '--deny=clippy::unwrap_used' --forbid=unsafe_code --warn=unreachable_pub '--deny=clippy::unimplemented' '--deny=clippy::todo' '--deny=clippy::panic' --warn=missing_docs '--deny=clippy::mem_forget' '--deny=clippy::indexing_slicing' '--deny=clippy::float_cmp' '--deny=clippy::expect_used' '--deny=clippy::dbg_macro' --test --check-cfg 'cfg(docsrs,test)' --check-cfg 'cfg(feature, values())' -C metadata=cc327639876ee248 -C extra-filename=-ad9a41401e531637 --out-dir /tmp/cargo-mutants-pstore-givrvP.tmp/target/debug/deps -C incremental=/tmp/cargo-mutants-pstore-givrvP.tmp/target/debug/incremental -L dependency=/tmp/cargo-mutants-pstore-givrvP.tmp/target/debug/deps --extern bytes=/tmp/cargo-mutants-pstore-givrvP.tmp/target/debug/deps/libbytes-31b8f712e3be84e8.rlib --extern futures_util=/tmp/cargo-mutants-pstore-givrvP.tmp/target/debug/deps/libfutures_util-9467758a9490225b.rlib --extern pstore_blob=/tmp/cargo-mutants-pstore-givrvP.tmp/target/debug/deps/libpstore_blob-a1c846e65fcdfc47.rlib --extern pstore_format=/tmp/cargo-mutants-pstore-givrvP.tmp/target/debug/deps/libpstore_format-b47669c15c655435.rlib --extern pstore_testkit=/tmp/cargo-mutants-pstore-givrvP.tmp/target/debug/deps/libpstore_testkit-c70127229fd98aeb.rlib --extern pstore_types=/tmp/cargo-mutants-pstore-givrvP.tmp/target/debug/deps/libpstore_types-c19df0e60947a156.rlib --extern tokio=/tmp/cargo-mutants-pstore-givrvP.tmp/target/debug/deps/libtokio-c4794fa7272c7af3.rlib` (exit status: 1)

*** result: Failure(101)
