
*** crates/pstore-engine/src/head.rs:128:9: replace Head::is_folded -> bool with true

*** mutation diff:
--- crates/pstore-engine/src/head.rs
+++ replace Head::is_folded -> bool with true
@@ -120,17 +120,17 @@
             h.graveyard.insert(epoch, keys);
         }
         Ok(h)
     }
 
     /// Whether this lane's sequence has already been folded into a committed epoch.
     #[must_use]
     pub fn is_folded(&self, lane: LaneId, seq: Seq) -> bool {
-        self.watermarks.get(&lane.0).is_some_and(|w| *w > seq.0)
+        true /* ~ changed by cargo-mutants ~ */
     }
 }
 
 fn put_str(out: &mut Vec<u8>, s: &str) {
     out.extend_from_slice(&(s.len() as u32).to_le_bytes());
     out.extend_from_slice(s.as_bytes());
 }
 


*** /home/tuong/.rustup/toolchains/1.90-x86_64-unknown-linux-gnu/bin/cargo test --no-run --verbose --workspace
       Fresh unicode-ident v1.0.24
       Fresh proc-macro2 v1.0.107
       Fresh quote v1.0.47
       Fresh syn v3.0.5
       Fresh pin-project-lite v0.2.17
       Fresh thiserror-impl v2.0.20
       Fresh tokio-macros v2.7.2
       Fresh futures-core v0.3.34
       Fresh futures-task v0.3.34
       Fresh slab v0.4.12
       Fresh futures-util v0.3.34
       Fresh tokio v1.53.1
       Fresh thiserror v2.0.20
       Fresh async-trait v0.1.92
       Fresh bytes v1.12.1
       Dirty pstore-engine v0.1.0 (/tmp/cargo-mutants-pstore-EPtri4.tmp/crates/pstore-engine): the file `crates/pstore-engine/src/head.rs` has changed (1788615137.767985987s, 5s after last build at 1788615132.691608753s)
   Compiling pstore-engine v0.1.0 (/tmp/cargo-mutants-pstore-EPtri4.tmp/crates/pstore-engine)
     Running `/home/tuong/.rustup/toolchains/1.90-x86_64-unknown-linux-gnu/bin/rustc --crate-name pstore_engine --edition=2024 crates/pstore-engine/src/lib.rs --error-format=json --json=diagnostic-rendered-ansi,artifacts,future-incompat --crate-type lib --emit=dep-info,metadata,link -C embed-bitcode=no -C debuginfo=2 --warn=rust_2018_idioms '--deny=clippy::unwrap_used' --forbid=unsafe_code --warn=unreachable_pub '--deny=clippy::unimplemented' '--deny=clippy::todo' '--deny=clippy::panic' --warn=missing_docs '--deny=clippy::mem_forget' '--deny=clippy::indexing_slicing' '--deny=clippy::float_cmp' '--deny=clippy::expect_used' '--deny=clippy::dbg_macro' --check-cfg 'cfg(docsrs,test)' --check-cfg 'cfg(feature, values())' -C metadata=446648b18a245ce2 -C extra-filename=-57ca2718b28a8562 --out-dir /tmp/cargo-mutants-pstore-EPtri4.tmp/target/debug/deps -C incremental=/tmp/cargo-mutants-pstore-EPtri4.tmp/target/debug/incremental -L dependency=/tmp/cargo-mutants-pstore-EPtri4.tmp/target/debug/deps --extern bytes=/tmp/cargo-mutants-pstore-EPtri4.tmp/target/debug/deps/libbytes-31b8f712e3be84e8.rmeta --extern futures_util=/tmp/cargo-mutants-pstore-EPtri4.tmp/target/debug/deps/libfutures_util-9467758a9490225b.rmeta --extern pstore_blob=/tmp/cargo-mutants-pstore-EPtri4.tmp/target/debug/deps/libpstore_blob-a1c846e65fcdfc47.rmeta --extern pstore_format=/tmp/cargo-mutants-pstore-EPtri4.tmp/target/debug/deps/libpstore_format-915614e952a6fbe8.rmeta --extern pstore_types=/tmp/cargo-mutants-pstore-EPtri4.tmp/target/debug/deps/libpstore_types-c19df0e60947a156.rmeta --extern thiserror=/tmp/cargo-mutants-pstore-EPtri4.tmp/target/debug/deps/libthiserror-a555ba146edbfd98.rmeta --extern tokio=/tmp/cargo-mutants-pstore-EPtri4.tmp/target/debug/deps/libtokio-c4794fa7272c7af3.rmeta`
warning: unused variable: `lane`
   --> crates/pstore-engine/src/head.rs:127:29
    |
127 |     pub fn is_folded(&self, lane: LaneId, seq: Seq) -> bool {
    |                             ^^^^ help: if this is intentional, prefix it with an underscore: `_lane`
    |
    = note: `#[warn(unused_variables)]` on by default

warning: unused variable: `seq`
   --> crates/pstore-engine/src/head.rs:127:43
    |
127 |     pub fn is_folded(&self, lane: LaneId, seq: Seq) -> bool {
    |                                           ^^^ help: if this is intentional, prefix it with an underscore: `_seq`

     Running `/home/tuong/.rustup/toolchains/1.90-x86_64-unknown-linux-gnu/bin/rustc --crate-name pstore_engine --edition=2024 crates/pstore-engine/src/lib.rs --error-format=json --json=diagnostic-rendered-ansi,artifacts,future-incompat --emit=dep-info,link -C embed-bitcode=no -C debuginfo=2 --warn=rust_2018_idioms '--deny=clippy::unwrap_used' --forbid=unsafe_code --warn=unreachable_pub '--deny=clippy::unimplemented' '--deny=clippy::todo' '--deny=clippy::panic' --warn=missing_docs '--deny=clippy::mem_forget' '--deny=clippy::indexing_slicing' '--deny=clippy::float_cmp' '--deny=clippy::expect_used' '--deny=clippy::dbg_macro' --test --check-cfg 'cfg(docsrs,test)' --check-cfg 'cfg(feature, values())' -C metadata=1d717388a189498b -C extra-filename=-a10afff159302613 --out-dir /tmp/cargo-mutants-pstore-EPtri4.tmp/target/debug/deps -C incremental=/tmp/cargo-mutants-pstore-EPtri4.tmp/target/debug/incremental -L dependency=/tmp/cargo-mutants-pstore-EPtri4.tmp/target/debug/deps --extern bytes=/tmp/cargo-mutants-pstore-EPtri4.tmp/target/debug/deps/libbytes-31b8f712e3be84e8.rlib --extern futures_util=/tmp/cargo-mutants-pstore-EPtri4.tmp/target/debug/deps/libfutures_util-9467758a9490225b.rlib --extern pstore_blob=/tmp/cargo-mutants-pstore-EPtri4.tmp/target/debug/deps/libpstore_blob-a1c846e65fcdfc47.rlib --extern pstore_format=/tmp/cargo-mutants-pstore-EPtri4.tmp/target/debug/deps/libpstore_format-915614e952a6fbe8.rlib --extern pstore_testkit=/tmp/cargo-mutants-pstore-EPtri4.tmp/target/debug/deps/libpstore_testkit-c70127229fd98aeb.rlib --extern pstore_types=/tmp/cargo-mutants-pstore-EPtri4.tmp/target/debug/deps/libpstore_types-c19df0e60947a156.rlib --extern thiserror=/tmp/cargo-mutants-pstore-EPtri4.tmp/target/debug/deps/libthiserror-a555ba146edbfd98.rlib --extern tokio=/tmp/cargo-mutants-pstore-EPtri4.tmp/target/debug/deps/libtokio-c4794fa7272c7af3.rlib`
       Fresh pstore-blob v0.1.0 (/tmp/cargo-mutants-pstore-EPtri4.tmp/crates/pstore-blob)
       Fresh pstore-format v0.1.0 (/tmp/cargo-mutants-pstore-EPtri4.tmp/crates/pstore-format)
       Fresh pstore-testkit v0.1.0 (/tmp/cargo-mutants-pstore-EPtri4.tmp/crates/pstore-testkit)
       Fresh pstore-types v0.1.0 (/tmp/cargo-mutants-pstore-EPtri4.tmp/crates/pstore-types)
warning: `pstore-engine` (lib) generated 2 warnings
     Running `/home/tuong/.rustup/toolchains/1.90-x86_64-unknown-linux-gnu/bin/rustc --crate-name oq91 --edition=2024 crates/pstore-engine/tests/oq91.rs --error-format=json --json=diagnostic-rendered-ansi,artifacts,future-incompat --emit=dep-info,link -C embed-bitcode=no -C debuginfo=2 --warn=rust_2018_idioms '--deny=clippy::unwrap_used' --forbid=unsafe_code --warn=unreachable_pub '--deny=clippy::unimplemented' '--deny=clippy::todo' '--deny=clippy::panic' --warn=missing_docs '--deny=clippy::mem_forget' '--deny=clippy::indexing_slicing' '--deny=clippy::float_cmp' '--deny=clippy::expect_used' '--deny=clippy::dbg_macro' --test --check-cfg 'cfg(docsrs,test)' --check-cfg 'cfg(feature, values())' -C metadata=6cb15318f59096c2 -C extra-filename=-d4ce40b15d2ee193 --out-dir /tmp/cargo-mutants-pstore-EPtri4.tmp/target/debug/deps -C incremental=/tmp/cargo-mutants-pstore-EPtri4.tmp/target/debug/incremental -L dependency=/tmp/cargo-mutants-pstore-EPtri4.tmp/target/debug/deps --extern bytes=/tmp/cargo-mutants-pstore-EPtri4.tmp/target/debug/deps/libbytes-31b8f712e3be84e8.rlib --extern futures_util=/tmp/cargo-mutants-pstore-EPtri4.tmp/target/debug/deps/libfutures_util-9467758a9490225b.rlib --extern pstore_blob=/tmp/cargo-mutants-pstore-EPtri4.tmp/target/debug/deps/libpstore_blob-a1c846e65fcdfc47.rlib --extern pstore_engine=/tmp/cargo-mutants-pstore-EPtri4.tmp/target/debug/deps/libpstore_engine-57ca2718b28a8562.rlib --extern pstore_format=/tmp/cargo-mutants-pstore-EPtri4.tmp/target/debug/deps/libpstore_format-915614e952a6fbe8.rlib --extern pstore_testkit=/tmp/cargo-mutants-pstore-EPtri4.tmp/target/debug/deps/libpstore_testkit-c70127229fd98aeb.rlib --extern pstore_types=/tmp/cargo-mutants-pstore-EPtri4.tmp/target/debug/deps/libpstore_types-c19df0e60947a156.rlib --extern thiserror=/tmp/cargo-mutants-pstore-EPtri4.tmp/target/debug/deps/libthiserror-a555ba146edbfd98.rlib --extern tokio=/tmp/cargo-mutants-pstore-EPtri4.tmp/target/debug/deps/libtokio-c4794fa7272c7af3.rlib`
     Running `/home/tuong/.rustup/toolchains/1.90-x86_64-unknown-linux-gnu/bin/rustc --crate-name engine --edition=2024 crates/pstore-engine/tests/engine.rs --error-format=json --json=diagnostic-rendered-ansi,artifacts,future-incompat --emit=dep-info,link -C embed-bitcode=no -C debuginfo=2 --warn=rust_2018_idioms '--deny=clippy::unwrap_used' --forbid=unsafe_code --warn=unreachable_pub '--deny=clippy::unimplemented' '--deny=clippy::todo' '--deny=clippy::panic' --warn=missing_docs '--deny=clippy::mem_forget' '--deny=clippy::indexing_slicing' '--deny=clippy::float_cmp' '--deny=clippy::expect_used' '--deny=clippy::dbg_macro' --test --check-cfg 'cfg(docsrs,test)' --check-cfg 'cfg(feature, values())' -C metadata=9adddba898cfe624 -C extra-filename=-d3f6e35023412aa0 --out-dir /tmp/cargo-mutants-pstore-EPtri4.tmp/target/debug/deps -C incremental=/tmp/cargo-mutants-pstore-EPtri4.tmp/target/debug/incremental -L dependency=/tmp/cargo-mutants-pstore-EPtri4.tmp/target/debug/deps --extern bytes=/tmp/cargo-mutants-pstore-EPtri4.tmp/target/debug/deps/libbytes-31b8f712e3be84e8.rlib --extern futures_util=/tmp/cargo-mutants-pstore-EPtri4.tmp/target/debug/deps/libfutures_util-9467758a9490225b.rlib --extern pstore_blob=/tmp/cargo-mutants-pstore-EPtri4.tmp/target/debug/deps/libpstore_blob-a1c846e65fcdfc47.rlib --extern pstore_engine=/tmp/cargo-mutants-pstore-EPtri4.tmp/target/debug/deps/libpstore_engine-57ca2718b28a8562.rlib --extern pstore_format=/tmp/cargo-mutants-pstore-EPtri4.tmp/target/debug/deps/libpstore_format-915614e952a6fbe8.rlib --extern pstore_testkit=/tmp/cargo-mutants-pstore-EPtri4.tmp/target/debug/deps/libpstore_testkit-c70127229fd98aeb.rlib --extern pstore_types=/tmp/cargo-mutants-pstore-EPtri4.tmp/target/debug/deps/libpstore_types-c19df0e60947a156.rlib --extern thiserror=/tmp/cargo-mutants-pstore-EPtri4.tmp/target/debug/deps/libthiserror-a555ba146edbfd98.rlib --extern tokio=/tmp/cargo-mutants-pstore-EPtri4.tmp/target/debug/deps/libtokio-c4794fa7272c7af3.rlib`
     Running `/home/tuong/.rustup/toolchains/1.90-x86_64-unknown-linux-gnu/bin/rustc --crate-name arithmetic --edition=2024 crates/pstore-engine/tests/arithmetic.rs --error-format=json --json=diagnostic-rendered-ansi,artifacts,future-incompat --emit=dep-info,link -C embed-bitcode=no -C debuginfo=2 --warn=rust_2018_idioms '--deny=clippy::unwrap_used' --forbid=unsafe_code --warn=unreachable_pub '--deny=clippy::unimplemented' '--deny=clippy::todo' '--deny=clippy::panic' --warn=missing_docs '--deny=clippy::mem_forget' '--deny=clippy::indexing_slicing' '--deny=clippy::float_cmp' '--deny=clippy::expect_used' '--deny=clippy::dbg_macro' --test --check-cfg 'cfg(docsrs,test)' --check-cfg 'cfg(feature, values())' -C metadata=25b092164d3e93f7 -C extra-filename=-3a9b05330657663e --out-dir /tmp/cargo-mutants-pstore-EPtri4.tmp/target/debug/deps -C incremental=/tmp/cargo-mutants-pstore-EPtri4.tmp/target/debug/incremental -L dependency=/tmp/cargo-mutants-pstore-EPtri4.tmp/target/debug/deps --extern bytes=/tmp/cargo-mutants-pstore-EPtri4.tmp/target/debug/deps/libbytes-31b8f712e3be84e8.rlib --extern futures_util=/tmp/cargo-mutants-pstore-EPtri4.tmp/target/debug/deps/libfutures_util-9467758a9490225b.rlib --extern pstore_blob=/tmp/cargo-mutants-pstore-EPtri4.tmp/target/debug/deps/libpstore_blob-a1c846e65fcdfc47.rlib --extern pstore_engine=/tmp/cargo-mutants-pstore-EPtri4.tmp/target/debug/deps/libpstore_engine-57ca2718b28a8562.rlib --extern pstore_format=/tmp/cargo-mutants-pstore-EPtri4.tmp/target/debug/deps/libpstore_format-915614e952a6fbe8.rlib --extern pstore_testkit=/tmp/cargo-mutants-pstore-EPtri4.tmp/target/debug/deps/libpstore_testkit-c70127229fd98aeb.rlib --extern pstore_types=/tmp/cargo-mutants-pstore-EPtri4.tmp/target/debug/deps/libpstore_types-c19df0e60947a156.rlib --extern thiserror=/tmp/cargo-mutants-pstore-EPtri4.tmp/target/debug/deps/libthiserror-a555ba146edbfd98.rlib --extern tokio=/tmp/cargo-mutants-pstore-EPtri4.tmp/target/debug/deps/libtokio-c4794fa7272c7af3.rlib`
     Running `/home/tuong/.rustup/toolchains/1.90-x86_64-unknown-linux-gnu/bin/rustc --crate-name gc --edition=2024 crates/pstore-engine/tests/gc.rs --error-format=json --json=diagnostic-rendered-ansi,artifacts,future-incompat --emit=dep-info,link -C embed-bitcode=no -C debuginfo=2 --warn=rust_2018_idioms '--deny=clippy::unwrap_used' --forbid=unsafe_code --warn=unreachable_pub '--deny=clippy::unimplemented' '--deny=clippy::todo' '--deny=clippy::panic' --warn=missing_docs '--deny=clippy::mem_forget' '--deny=clippy::indexing_slicing' '--deny=clippy::float_cmp' '--deny=clippy::expect_used' '--deny=clippy::dbg_macro' --test --check-cfg 'cfg(docsrs,test)' --check-cfg 'cfg(feature, values())' -C metadata=6a829d9c507f5849 -C extra-filename=-a51240571b343ea3 --out-dir /tmp/cargo-mutants-pstore-EPtri4.tmp/target/debug/deps -C incremental=/tmp/cargo-mutants-pstore-EPtri4.tmp/target/debug/incremental -L dependency=/tmp/cargo-mutants-pstore-EPtri4.tmp/target/debug/deps --extern bytes=/tmp/cargo-mutants-pstore-EPtri4.tmp/target/debug/deps/libbytes-31b8f712e3be84e8.rlib --extern futures_util=/tmp/cargo-mutants-pstore-EPtri4.tmp/target/debug/deps/libfutures_util-9467758a9490225b.rlib --extern pstore_blob=/tmp/cargo-mutants-pstore-EPtri4.tmp/target/debug/deps/libpstore_blob-a1c846e65fcdfc47.rlib --extern pstore_engine=/tmp/cargo-mutants-pstore-EPtri4.tmp/target/debug/deps/libpstore_engine-57ca2718b28a8562.rlib --extern pstore_format=/tmp/cargo-mutants-pstore-EPtri4.tmp/target/debug/deps/libpstore_format-915614e952a6fbe8.rlib --extern pstore_testkit=/tmp/cargo-mutants-pstore-EPtri4.tmp/target/debug/deps/libpstore_testkit-c70127229fd98aeb.rlib --extern pstore_types=/tmp/cargo-mutants-pstore-EPtri4.tmp/target/debug/deps/libpstore_types-c19df0e60947a156.rlib --extern thiserror=/tmp/cargo-mutants-pstore-EPtri4.tmp/target/debug/deps/libthiserror-a555ba146edbfd98.rlib --extern tokio=/tmp/cargo-mutants-pstore-EPtri4.tmp/target/debug/deps/libtokio-c4794fa7272c7af3.rlib`
warning: `pstore-engine` (lib test) generated 2 warnings (2 duplicates)
     Running `/home/tuong/.rustup/toolchains/1.90-x86_64-unknown-linux-gnu/bin/rustc --crate-name compaction --edition=2024 crates/pstore-engine/tests/compaction.rs --error-format=json --json=diagnostic-rendered-ansi,artifacts,future-incompat --emit=dep-info,link -C embed-bitcode=no -C debuginfo=2 --warn=rust_2018_idioms '--deny=clippy::unwrap_used' --forbid=unsafe_code --warn=unreachable_pub '--deny=clippy::unimplemented' '--deny=clippy::todo' '--deny=clippy::panic' --warn=missing_docs '--deny=clippy::mem_forget' '--deny=clippy::indexing_slicing' '--deny=clippy::float_cmp' '--deny=clippy::expect_used' '--deny=clippy::dbg_macro' --test --check-cfg 'cfg(docsrs,test)' --check-cfg 'cfg(feature, values())' -C metadata=60255f1194bf4db1 -C extra-filename=-fea23ca71d87002d --out-dir /tmp/cargo-mutants-pstore-EPtri4.tmp/target/debug/deps -C incremental=/tmp/cargo-mutants-pstore-EPtri4.tmp/target/debug/incremental -L dependency=/tmp/cargo-mutants-pstore-EPtri4.tmp/target/debug/deps --extern bytes=/tmp/cargo-mutants-pstore-EPtri4.tmp/target/debug/deps/libbytes-31b8f712e3be84e8.rlib --extern futures_util=/tmp/cargo-mutants-pstore-EPtri4.tmp/target/debug/deps/libfutures_util-9467758a9490225b.rlib --extern pstore_blob=/tmp/cargo-mutants-pstore-EPtri4.tmp/target/debug/deps/libpstore_blob-a1c846e65fcdfc47.rlib --extern pstore_engine=/tmp/cargo-mutants-pstore-EPtri4.tmp/target/debug/deps/libpstore_engine-57ca2718b28a8562.rlib --extern pstore_format=/tmp/cargo-mutants-pstore-EPtri4.tmp/target/debug/deps/libpstore_format-915614e952a6fbe8.rlib --extern pstore_testkit=/tmp/cargo-mutants-pstore-EPtri4.tmp/target/debug/deps/libpstore_testkit-c70127229fd98aeb.rlib --extern pstore_types=/tmp/cargo-mutants-pstore-EPtri4.tmp/target/debug/deps/libpstore_types-c19df0e60947a156.rlib --extern thiserror=/tmp/cargo-mutants-pstore-EPtri4.tmp/target/debug/deps/libthiserror-a555ba146edbfd98.rlib --extern tokio=/tmp/cargo-mutants-pstore-EPtri4.tmp/target/debug/deps/libtokio-c4794fa7272c7af3.rlib`
     Running `/home/tuong/.rustup/toolchains/1.90-x86_64-unknown-linux-gnu/bin/rustc --crate-name invariants --edition=2024 crates/pstore-engine/tests/invariants.rs --error-format=json --json=diagnostic-rendered-ansi,artifacts,future-incompat --emit=dep-info,link -C embed-bitcode=no -C debuginfo=2 --warn=rust_2018_idioms '--deny=clippy::unwrap_used' --forbid=unsafe_code --warn=unreachable_pub '--deny=clippy::unimplemented' '--deny=clippy::todo' '--deny=clippy::panic' --warn=missing_docs '--deny=clippy::mem_forget' '--deny=clippy::indexing_slicing' '--deny=clippy::float_cmp' '--deny=clippy::expect_used' '--deny=clippy::dbg_macro' --test --check-cfg 'cfg(docsrs,test)' --check-cfg 'cfg(feature, values())' -C metadata=f1ab011b492174b3 -C extra-filename=-7c58ff7140e0f97d --out-dir /tmp/cargo-mutants-pstore-EPtri4.tmp/target/debug/deps -C incremental=/tmp/cargo-mutants-pstore-EPtri4.tmp/target/debug/incremental -L dependency=/tmp/cargo-mutants-pstore-EPtri4.tmp/target/debug/deps --extern bytes=/tmp/cargo-mutants-pstore-EPtri4.tmp/target/debug/deps/libbytes-31b8f712e3be84e8.rlib --extern futures_util=/tmp/cargo-mutants-pstore-EPtri4.tmp/target/debug/deps/libfutures_util-9467758a9490225b.rlib --extern pstore_blob=/tmp/cargo-mutants-pstore-EPtri4.tmp/target/debug/deps/libpstore_blob-a1c846e65fcdfc47.rlib --extern pstore_engine=/tmp/cargo-mutants-pstore-EPtri4.tmp/target/debug/deps/libpstore_engine-57ca2718b28a8562.rlib --extern pstore_format=/tmp/cargo-mutants-pstore-EPtri4.tmp/target/debug/deps/libpstore_format-915614e952a6fbe8.rlib --extern pstore_testkit=/tmp/cargo-mutants-pstore-EPtri4.tmp/target/debug/deps/libpstore_testkit-c70127229fd98aeb.rlib --extern pstore_types=/tmp/cargo-mutants-pstore-EPtri4.tmp/target/debug/deps/libpstore_types-c19df0e60947a156.rlib --extern thiserror=/tmp/cargo-mutants-pstore-EPtri4.tmp/target/debug/deps/libthiserror-a555ba146edbfd98.rlib --extern tokio=/tmp/cargo-mutants-pstore-EPtri4.tmp/target/debug/deps/libtokio-c4794fa7272c7af3.rlib`
     Running `/home/tuong/.rustup/toolchains/1.90-x86_64-unknown-linux-gnu/bin/rustc --crate-name bundle_errors --edition=2024 crates/pstore-engine/tests/bundle_errors.rs --error-format=json --json=diagnostic-rendered-ansi,artifacts,future-incompat --emit=dep-info,link -C embed-bitcode=no -C debuginfo=2 --warn=rust_2018_idioms '--deny=clippy::unwrap_used' --forbid=unsafe_code --warn=unreachable_pub '--deny=clippy::unimplemented' '--deny=clippy::todo' '--deny=clippy::panic' --warn=missing_docs '--deny=clippy::mem_forget' '--deny=clippy::indexing_slicing' '--deny=clippy::float_cmp' '--deny=clippy::expect_used' '--deny=clippy::dbg_macro' --test --check-cfg 'cfg(docsrs,test)' --check-cfg 'cfg(feature, values())' -C metadata=28754e23c98f5123 -C extra-filename=-f5f75d0122717507 --out-dir /tmp/cargo-mutants-pstore-EPtri4.tmp/target/debug/deps -C incremental=/tmp/cargo-mutants-pstore-EPtri4.tmp/target/debug/incremental -L dependency=/tmp/cargo-mutants-pstore-EPtri4.tmp/target/debug/deps --extern bytes=/tmp/cargo-mutants-pstore-EPtri4.tmp/target/debug/deps/libbytes-31b8f712e3be84e8.rlib --extern futures_util=/tmp/cargo-mutants-pstore-EPtri4.tmp/target/debug/deps/libfutures_util-9467758a9490225b.rlib --extern pstore_blob=/tmp/cargo-mutants-pstore-EPtri4.tmp/target/debug/deps/libpstore_blob-a1c846e65fcdfc47.rlib --extern pstore_engine=/tmp/cargo-mutants-pstore-EPtri4.tmp/target/debug/deps/libpstore_engine-57ca2718b28a8562.rlib --extern pstore_format=/tmp/cargo-mutants-pstore-EPtri4.tmp/target/debug/deps/libpstore_format-915614e952a6fbe8.rlib --extern pstore_testkit=/tmp/cargo-mutants-pstore-EPtri4.tmp/target/debug/deps/libpstore_testkit-c70127229fd98aeb.rlib --extern pstore_types=/tmp/cargo-mutants-pstore-EPtri4.tmp/target/debug/deps/libpstore_types-c19df0e60947a156.rlib --extern thiserror=/tmp/cargo-mutants-pstore-EPtri4.tmp/target/debug/deps/libthiserror-a555ba146edbfd98.rlib --extern tokio=/tmp/cargo-mutants-pstore-EPtri4.tmp/target/debug/deps/libtokio-c4794fa7272c7af3.rlib`
     Running `/home/tuong/.rustup/toolchains/1.90-x86_64-unknown-linux-gnu/bin/rustc --crate-name head --edition=2024 crates/pstore-engine/tests/head.rs --error-format=json --json=diagnostic-rendered-ansi,artifacts,future-incompat --emit=dep-info,link -C embed-bitcode=no -C debuginfo=2 --warn=rust_2018_idioms '--deny=clippy::unwrap_used' --forbid=unsafe_code --warn=unreachable_pub '--deny=clippy::unimplemented' '--deny=clippy::todo' '--deny=clippy::panic' --warn=missing_docs '--deny=clippy::mem_forget' '--deny=clippy::indexing_slicing' '--deny=clippy::float_cmp' '--deny=clippy::expect_used' '--deny=clippy::dbg_macro' --test --check-cfg 'cfg(docsrs,test)' --check-cfg 'cfg(feature, values())' -C metadata=6744ca41f6952a23 -C extra-filename=-bae2d0c8b8f449bc --out-dir /tmp/cargo-mutants-pstore-EPtri4.tmp/target/debug/deps -C incremental=/tmp/cargo-mutants-pstore-EPtri4.tmp/target/debug/incremental -L dependency=/tmp/cargo-mutants-pstore-EPtri4.tmp/target/debug/deps --extern bytes=/tmp/cargo-mutants-pstore-EPtri4.tmp/target/debug/deps/libbytes-31b8f712e3be84e8.rlib --extern futures_util=/tmp/cargo-mutants-pstore-EPtri4.tmp/target/debug/deps/libfutures_util-9467758a9490225b.rlib --extern pstore_blob=/tmp/cargo-mutants-pstore-EPtri4.tmp/target/debug/deps/libpstore_blob-a1c846e65fcdfc47.rlib --extern pstore_engine=/tmp/cargo-mutants-pstore-EPtri4.tmp/target/debug/deps/libpstore_engine-57ca2718b28a8562.rlib --extern pstore_format=/tmp/cargo-mutants-pstore-EPtri4.tmp/target/debug/deps/libpstore_format-915614e952a6fbe8.rlib --extern pstore_testkit=/tmp/cargo-mutants-pstore-EPtri4.tmp/target/debug/deps/libpstore_testkit-c70127229fd98aeb.rlib --extern pstore_types=/tmp/cargo-mutants-pstore-EPtri4.tmp/target/debug/deps/libpstore_types-c19df0e60947a156.rlib --extern thiserror=/tmp/cargo-mutants-pstore-EPtri4.tmp/target/debug/deps/libthiserror-a555ba146edbfd98.rlib --extern tokio=/tmp/cargo-mutants-pstore-EPtri4.tmp/target/debug/deps/libtokio-c4794fa7272c7af3.rlib`
     Running `/home/tuong/.rustup/toolchains/1.90-x86_64-unknown-linux-gnu/bin/rustc --crate-name failures --edition=2024 crates/pstore-engine/tests/failures.rs --error-format=json --json=diagnostic-rendered-ansi,artifacts,future-incompat --emit=dep-info,link -C embed-bitcode=no -C debuginfo=2 --warn=rust_2018_idioms '--deny=clippy::unwrap_used' --forbid=unsafe_code --warn=unreachable_pub '--deny=clippy::unimplemented' '--deny=clippy::todo' '--deny=clippy::panic' --warn=missing_docs '--deny=clippy::mem_forget' '--deny=clippy::indexing_slicing' '--deny=clippy::float_cmp' '--deny=clippy::expect_used' '--deny=clippy::dbg_macro' --test --check-cfg 'cfg(docsrs,test)' --check-cfg 'cfg(feature, values())' -C metadata=da2153a1a301194a -C extra-filename=-395c7ad6521485a0 --out-dir /tmp/cargo-mutants-pstore-EPtri4.tmp/target/debug/deps -C incremental=/tmp/cargo-mutants-pstore-EPtri4.tmp/target/debug/incremental -L dependency=/tmp/cargo-mutants-pstore-EPtri4.tmp/target/debug/deps --extern bytes=/tmp/cargo-mutants-pstore-EPtri4.tmp/target/debug/deps/libbytes-31b8f712e3be84e8.rlib --extern futures_util=/tmp/cargo-mutants-pstore-EPtri4.tmp/target/debug/deps/libfutures_util-9467758a9490225b.rlib --extern pstore_blob=/tmp/cargo-mutants-pstore-EPtri4.tmp/target/debug/deps/libpstore_blob-a1c846e65fcdfc47.rlib --extern pstore_engine=/tmp/cargo-mutants-pstore-EPtri4.tmp/target/debug/deps/libpstore_engine-57ca2718b28a8562.rlib --extern pstore_format=/tmp/cargo-mutants-pstore-EPtri4.tmp/target/debug/deps/libpstore_format-915614e952a6fbe8.rlib --extern pstore_testkit=/tmp/cargo-mutants-pstore-EPtri4.tmp/target/debug/deps/libpstore_testkit-c70127229fd98aeb.rlib --extern pstore_types=/tmp/cargo-mutants-pstore-EPtri4.tmp/target/debug/deps/libpstore_types-c19df0e60947a156.rlib --extern thiserror=/tmp/cargo-mutants-pstore-EPtri4.tmp/target/debug/deps/libthiserror-a555ba146edbfd98.rlib --extern tokio=/tmp/cargo-mutants-pstore-EPtri4.tmp/target/debug/deps/libtokio-c4794fa7272c7af3.rlib`
     Running `/home/tuong/.rustup/toolchains/1.90-x86_64-unknown-linux-gnu/bin/rustc --crate-name linearizability --edition=2024 crates/pstore-engine/tests/linearizability.rs --error-format=json --json=diagnostic-rendered-ansi,artifacts,future-incompat --emit=dep-info,link -C embed-bitcode=no -C debuginfo=2 --warn=rust_2018_idioms '--deny=clippy::unwrap_used' --forbid=unsafe_code --warn=unreachable_pub '--deny=clippy::unimplemented' '--deny=clippy::todo' '--deny=clippy::panic' --warn=missing_docs '--deny=clippy::mem_forget' '--deny=clippy::indexing_slicing' '--deny=clippy::float_cmp' '--deny=clippy::expect_used' '--deny=clippy::dbg_macro' --test --check-cfg 'cfg(docsrs,test)' --check-cfg 'cfg(feature, values())' -C metadata=4d254723bcc0811c -C extra-filename=-254bc0b1b39781af --out-dir /tmp/cargo-mutants-pstore-EPtri4.tmp/target/debug/deps -C incremental=/tmp/cargo-mutants-pstore-EPtri4.tmp/target/debug/incremental -L dependency=/tmp/cargo-mutants-pstore-EPtri4.tmp/target/debug/deps --extern bytes=/tmp/cargo-mutants-pstore-EPtri4.tmp/target/debug/deps/libbytes-31b8f712e3be84e8.rlib --extern futures_util=/tmp/cargo-mutants-pstore-EPtri4.tmp/target/debug/deps/libfutures_util-9467758a9490225b.rlib --extern pstore_blob=/tmp/cargo-mutants-pstore-EPtri4.tmp/target/debug/deps/libpstore_blob-a1c846e65fcdfc47.rlib --extern pstore_engine=/tmp/cargo-mutants-pstore-EPtri4.tmp/target/debug/deps/libpstore_engine-57ca2718b28a8562.rlib --extern pstore_format=/tmp/cargo-mutants-pstore-EPtri4.tmp/target/debug/deps/libpstore_format-915614e952a6fbe8.rlib --extern pstore_testkit=/tmp/cargo-mutants-pstore-EPtri4.tmp/target/debug/deps/libpstore_testkit-c70127229fd98aeb.rlib --extern pstore_types=/tmp/cargo-mutants-pstore-EPtri4.tmp/target/debug/deps/libpstore_types-c19df0e60947a156.rlib --extern thiserror=/tmp/cargo-mutants-pstore-EPtri4.tmp/target/debug/deps/libthiserror-a555ba146edbfd98.rlib --extern tokio=/tmp/cargo-mutants-pstore-EPtri4.tmp/target/debug/deps/libtokio-c4794fa7272c7af3.rlib`
     Running `/home/tuong/.rustup/toolchains/1.90-x86_64-unknown-linux-gnu/bin/rustc --crate-name lanes --edition=2024 crates/pstore-engine/tests/lanes.rs --error-format=json --json=diagnostic-rendered-ansi,artifacts,future-incompat --emit=dep-info,link -C embed-bitcode=no -C debuginfo=2 --warn=rust_2018_idioms '--deny=clippy::unwrap_used' --forbid=unsafe_code --warn=unreachable_pub '--deny=clippy::unimplemented' '--deny=clippy::todo' '--deny=clippy::panic' --warn=missing_docs '--deny=clippy::mem_forget' '--deny=clippy::indexing_slicing' '--deny=clippy::float_cmp' '--deny=clippy::expect_used' '--deny=clippy::dbg_macro' --test --check-cfg 'cfg(docsrs,test)' --check-cfg 'cfg(feature, values())' -C metadata=6910df478171efaa -C extra-filename=-4f73796799f37cd5 --out-dir /tmp/cargo-mutants-pstore-EPtri4.tmp/target/debug/deps -C incremental=/tmp/cargo-mutants-pstore-EPtri4.tmp/target/debug/incremental -L dependency=/tmp/cargo-mutants-pstore-EPtri4.tmp/target/debug/deps --extern bytes=/tmp/cargo-mutants-pstore-EPtri4.tmp/target/debug/deps/libbytes-31b8f712e3be84e8.rlib --extern futures_util=/tmp/cargo-mutants-pstore-EPtri4.tmp/target/debug/deps/libfutures_util-9467758a9490225b.rlib --extern pstore_blob=/tmp/cargo-mutants-pstore-EPtri4.tmp/target/debug/deps/libpstore_blob-a1c846e65fcdfc47.rlib --extern pstore_engine=/tmp/cargo-mutants-pstore-EPtri4.tmp/target/debug/deps/libpstore_engine-57ca2718b28a8562.rlib --extern pstore_format=/tmp/cargo-mutants-pstore-EPtri4.tmp/target/debug/deps/libpstore_format-915614e952a6fbe8.rlib --extern pstore_testkit=/tmp/cargo-mutants-pstore-EPtri4.tmp/target/debug/deps/libpstore_testkit-c70127229fd98aeb.rlib --extern pstore_types=/tmp/cargo-mutants-pstore-EPtri4.tmp/target/debug/deps/libpstore_types-c19df0e60947a156.rlib --extern thiserror=/tmp/cargo-mutants-pstore-EPtri4.tmp/target/debug/deps/libthiserror-a555ba146edbfd98.rlib --extern tokio=/tmp/cargo-mutants-pstore-EPtri4.tmp/target/debug/deps/libtokio-c4794fa7272c7af3.rlib`
     Running `/home/tuong/.rustup/toolchains/1.90-x86_64-unknown-linux-gnu/bin/rustc --crate-name end_to_end --edition=2024 crates/pstore-engine/tests/end_to_end.rs --error-format=json --json=diagnostic-rendered-ansi,artifacts,future-incompat --emit=dep-info,link -C embed-bitcode=no -C debuginfo=2 --warn=rust_2018_idioms '--deny=clippy::unwrap_used' --forbid=unsafe_code --warn=unreachable_pub '--deny=clippy::unimplemented' '--deny=clippy::todo' '--deny=clippy::panic' --warn=missing_docs '--deny=clippy::mem_forget' '--deny=clippy::indexing_slicing' '--deny=clippy::float_cmp' '--deny=clippy::expect_used' '--deny=clippy::dbg_macro' --test --check-cfg 'cfg(docsrs,test)' --check-cfg 'cfg(feature, values())' -C metadata=4fd13578167e8dc5 -C extra-filename=-2bee7b37ede99944 --out-dir /tmp/cargo-mutants-pstore-EPtri4.tmp/target/debug/deps -C incremental=/tmp/cargo-mutants-pstore-EPtri4.tmp/target/debug/incremental -L dependency=/tmp/cargo-mutants-pstore-EPtri4.tmp/target/debug/deps --extern bytes=/tmp/cargo-mutants-pstore-EPtri4.tmp/target/debug/deps/libbytes-31b8f712e3be84e8.rlib --extern futures_util=/tmp/cargo-mutants-pstore-EPtri4.tmp/target/debug/deps/libfutures_util-9467758a9490225b.rlib --extern pstore_blob=/tmp/cargo-mutants-pstore-EPtri4.tmp/target/debug/deps/libpstore_blob-a1c846e65fcdfc47.rlib --extern pstore_engine=/tmp/cargo-mutants-pstore-EPtri4.tmp/target/debug/deps/libpstore_engine-57ca2718b28a8562.rlib --extern pstore_format=/tmp/cargo-mutants-pstore-EPtri4.tmp/target/debug/deps/libpstore_format-915614e952a6fbe8.rlib --extern pstore_testkit=/tmp/cargo-mutants-pstore-EPtri4.tmp/target/debug/deps/libpstore_testkit-c70127229fd98aeb.rlib --extern pstore_types=/tmp/cargo-mutants-pstore-EPtri4.tmp/target/debug/deps/libpstore_types-c19df0e60947a156.rlib --extern thiserror=/tmp/cargo-mutants-pstore-EPtri4.tmp/target/debug/deps/libthiserror-a555ba146edbfd98.rlib --extern tokio=/tmp/cargo-mutants-pstore-EPtri4.tmp/target/debug/deps/libtokio-c4794fa7272c7af3.rlib`
    Finished `test` profile [unoptimized + debuginfo] target(s) in 3.65s
  Executable `/tmp/cargo-mutants-pstore-EPtri4.tmp/target/debug/deps/pstore_blob-beebd50e20890a1c`
  Executable `/tmp/cargo-mutants-pstore-EPtri4.tmp/target/debug/deps/accounting-f4906d65a4a0bb28`
  Executable `/tmp/cargo-mutants-pstore-EPtri4.tmp/target/debug/deps/cas-4a0e1648b7639c55`
  Executable `/tmp/cargo-mutants-pstore-EPtri4.tmp/target/debug/deps/coalescing-07cd275959561fdd`
  Executable `/tmp/cargo-mutants-pstore-EPtri4.tmp/target/debug/deps/faults-6ff9c0975fba4475`
  Executable `/tmp/cargo-mutants-pstore-EPtri4.tmp/target/debug/deps/object_store_adapter-318667f311816eef`
  Executable `/tmp/cargo-mutants-pstore-EPtri4.tmp/target/debug/deps/semantics-498f3631a70a0c40`
  Executable `/tmp/cargo-mutants-pstore-EPtri4.tmp/target/debug/deps/pstore_engine-a10afff159302613`
  Executable `/tmp/cargo-mutants-pstore-EPtri4.tmp/target/debug/deps/arithmetic-3a9b05330657663e`
  Executable `/tmp/cargo-mutants-pstore-EPtri4.tmp/target/debug/deps/bundle_errors-f5f75d0122717507`
  Executable `/tmp/cargo-mutants-pstore-EPtri4.tmp/target/debug/deps/compaction-fea23ca71d87002d`
  Executable `/tmp/cargo-mutants-pstore-EPtri4.tmp/target/debug/deps/end_to_end-2bee7b37ede99944`
  Executable `/tmp/cargo-mutants-pstore-EPtri4.tmp/target/debug/deps/engine-d3f6e35023412aa0`
  Executable `/tmp/cargo-mutants-pstore-EPtri4.tmp/target/debug/deps/failures-395c7ad6521485a0`
  Executable `/tmp/cargo-mutants-pstore-EPtri4.tmp/target/debug/deps/gc-a51240571b343ea3`
  Executable `/tmp/cargo-mutants-pstore-EPtri4.tmp/target/debug/deps/head-bae2d0c8b8f449bc`
  Executable `/tmp/cargo-mutants-pstore-EPtri4.tmp/target/debug/deps/invariants-7c58ff7140e0f97d`
  Executable `/tmp/cargo-mutants-pstore-EPtri4.tmp/target/debug/deps/lanes-4f73796799f37cd5`
  Executable `/tmp/cargo-mutants-pstore-EPtri4.tmp/target/debug/deps/linearizability-254bc0b1b39781af`
  Executable `/tmp/cargo-mutants-pstore-EPtri4.tmp/target/debug/deps/oq91-d4ce40b15d2ee193`
  Executable `/tmp/cargo-mutants-pstore-EPtri4.tmp/target/debug/deps/pstore_format-bd498c68e6c46481`
  Executable `/tmp/cargo-mutants-pstore-EPtri4.tmp/target/debug/deps/corrupt-1b001b89d0d01ece`
  Executable `/tmp/cargo-mutants-pstore-EPtri4.tmp/target/debug/deps/search-df777557c562d446`
  Executable `/tmp/cargo-mutants-pstore-EPtri4.tmp/target/debug/deps/segment-5c77b70ad5435831`
  Executable `/tmp/cargo-mutants-pstore-EPtri4.tmp/target/debug/deps/pstore_testkit-5d9681023401e166`
  Executable `/tmp/cargo-mutants-pstore-EPtri4.tmp/target/debug/deps/conformance-b77084fd195a7c41`
  Executable `/tmp/cargo-mutants-pstore-EPtri4.tmp/target/debug/deps/depth-6790482b94222d43`
  Executable `/tmp/cargo-mutants-pstore-EPtri4.tmp/target/debug/deps/hostile-f0118fdf2cfac1af`
  Executable `/tmp/cargo-mutants-pstore-EPtri4.tmp/target/debug/deps/injectors-a3592247aa5e2312`
  Executable `/tmp/cargo-mutants-pstore-EPtri4.tmp/target/debug/deps/sim-bbf2b604e1467e00`
  Executable `/tmp/cargo-mutants-pstore-EPtri4.tmp/target/debug/deps/sweep-88387a89f9831276`
  Executable `/tmp/cargo-mutants-pstore-EPtri4.tmp/target/debug/deps/pstore_types-ac8d1ba0068fec8f`

*** result: Success

*** /home/tuong/.rustup/toolchains/1.90-x86_64-unknown-linux-gnu/bin/cargo test --verbose --workspace
    Blocking waiting for file lock on package cache
    Blocking waiting for file lock on package cache
    Blocking waiting for file lock on package cache
       Fresh unicode-ident v1.0.24
       Fresh pin-project-lite v0.2.17
       Fresh futures-task v0.3.34
       Fresh futures-core v0.3.34
       Fresh slab v0.4.12
       Fresh bytes v1.12.1
       Fresh proc-macro2 v1.0.107
       Fresh futures-util v0.3.34
       Fresh pstore-types v0.1.0 (/tmp/cargo-mutants-pstore-EPtri4.tmp/crates/pstore-types)
       Fresh quote v1.0.47
       Fresh syn v3.0.5
       Fresh thiserror-impl v2.0.20
       Fresh tokio-macros v2.7.2
       Fresh async-trait v0.1.92
       Fresh thiserror v2.0.20
       Fresh tokio v1.53.1
warning: unused variable: `lane`
   --> crates/pstore-engine/src/head.rs:127:29
    |
127 |     pub fn is_folded(&self, lane: LaneId, seq: Seq) -> bool {
    |                             ^^^^ help: if this is intentional, prefix it with an underscore: `_lane`
    |
    = note: `#[warn(unused_variables)]` on by default

warning: unused variable: `seq`
   --> crates/pstore-engine/src/head.rs:127:43
    |
127 |     pub fn is_folded(&self, lane: LaneId, seq: Seq) -> bool {
    |                                           ^^^ help: if this is intentional, prefix it with an underscore: `_seq`

warning: `pstore-engine` (lib) generated 2 warnings
       Fresh pstore-format v0.1.0 (/tmp/cargo-mutants-pstore-EPtri4.tmp/crates/pstore-format)
       Fresh pstore-testkit v0.1.0 (/tmp/cargo-mutants-pstore-EPtri4.tmp/crates/pstore-testkit)
       Fresh pstore-engine v0.1.0 (/tmp/cargo-mutants-pstore-EPtri4.tmp/crates/pstore-engine)
       Fresh pstore-blob v0.1.0 (/tmp/cargo-mutants-pstore-EPtri4.tmp/crates/pstore-blob)
warning: `pstore-engine` (lib test) generated 2 warnings (2 duplicates)
    Finished `test` profile [unoptimized + debuginfo] target(s) in 0.04s
     Running `/tmp/cargo-mutants-pstore-EPtri4.tmp/target/debug/deps/pstore_blob-beebd50e20890a1c`

running 4 tests
test coalesce::tests::a_contained_range_does_not_underflow_the_gap ... ok
test coalesce::tests::a_zero_gap_merges_only_touching_ranges ... ok
test coalesce::tests::empty_ranges_are_dropped ... ok
test coalesce::tests::empty_input_plans_nothing ... ok

test result: ok. 4 passed; 0 failed; 0 ignored; 0 measured; 0 filtered out; finished in 0.00s

     Running `/tmp/cargo-mutants-pstore-EPtri4.tmp/target/debug/deps/accounting-f4906d65a4a0bb28`

running 4 tests
test a_failed_conditional_write_is_still_billed ... ok
test accounting_counts_one_write_per_put ... ok
test accounting_is_per_tenant ... ok
test accounting_separates_read_write_and_list_classes ... ok

test result: ok. 4 passed; 0 failed; 0 ignored; 0 measured; 0 filtered out; finished in 0.00s

     Running `/tmp/cargo-mutants-pstore-EPtri4.tmp/target/debug/deps/cas-4a0e1648b7639c55`

running 5 tests
test cas_lost_and_contended_are_distinct ... ok
test get_range_returns_the_requested_slice ... ok
test cas_rejects_stale_tag ... ok
test create_if_absent_rejects_second_write ... ok
test delete_batch_removes_only_the_named_keys ... ok

test result: ok. 5 passed; 0 failed; 0 ignored; 0 measured; 0 filtered out; finished in 0.00s

     Running `/tmp/cargo-mutants-pstore-EPtri4.tmp/target/debug/deps/coalescing-07cd275959561fdd`

running 8 tests
test coalesced_reads_equal_separate_reads ... ok
test coalescing_never_issues_more_requests_than_ranges ... ok
test a_single_far_range_is_offset_correctly ... ok
test coalescing_merges_ranges_closer_than_the_gap ... ok
test coalescing_respects_the_gap_threshold ... ok
test ranges_out_of_order_are_returned_in_the_order_asked ... ok
test coalescing_actually_saves_requests ... ok
test slices_are_offset_from_the_fetch_start_not_the_object_start ... ok

test result: ok. 8 passed; 0 failed; 0 ignored; 0 measured; 0 filtered out; finished in 0.00s

     Running `/tmp/cargo-mutants-pstore-EPtri4.tmp/target/debug/deps/faults-6ff9c0975fba4475`

running 13 tests
test a_zero_rate_injects_nothing ... ok
test an_injected_write_fault_does_not_reach_the_backend ... ok
test each_fault_kind_is_injected_independently ... ok
test recovery_is_additive_and_slow ... ok
test same_seed_reproduces_the_same_failures ... ok
test slow_down_first_n_covers_exactly_the_first_n_operations ... ok
test a_fault_rate_of_one_injects_on_every_call_and_zero_on_none ... ok
test injected_faults_land_at_roughly_the_rate_asked_for ... ok
test a_transient_slowdown_is_retried_and_succeeds ... ok
test the_retry_delay_is_exponential_and_capped ... ok
test a_slow_down_halves_the_limit_rather_than_merely_lowering_it ... ok
test slowdown_reduces_concurrency_then_recovers ... ok
test retries_are_bounded ... ok

test result: ok. 13 passed; 0 failed; 0 ignored; 0 measured; 0 filtered out; finished in 0.02s

     Running `/tmp/cargo-mutants-pstore-EPtri4.tmp/target/debug/deps/object_store_adapter-318667f311816eef`

running 0 tests

test result: ok. 0 passed; 0 failed; 0 ignored; 0 measured; 0 filtered out; finished in 0.00s

     Running `/tmp/cargo-mutants-pstore-EPtri4.tmp/target/debug/deps/semantics-498f3631a70a0c40`

running 15 tests
test a_full_length_range_is_legal ... ok
test a_key_displays_as_the_path_it_will_be_fetched_from ... ok
test a_range_past_the_end_is_an_error_not_a_short_read ... ok
test an_empty_range_is_legal_and_returns_nothing ... ok
test a_batch_delete_over_the_backend_limit_is_refused ... ok
test capabilities_name_the_backend_and_its_tag_style ... ok
test cas_against_a_deleted_object_is_refused ... ok
test cas_with_a_fabricated_tag_is_refused ... ok
test content_hash_tags_exhibit_the_aba_hazard ... ok
test get_ranges_of_nothing_is_not_a_request ... ok
test get_ranges_propagates_a_read_error ... ok
test get_tag_reports_the_current_tag_and_none_when_absent ... ok
test head_reports_size_without_the_body ... ok
test list_is_prefix_filtered ... ok
test monotonic_tags_are_immune_to_aba ... ok

test result: ok. 15 passed; 0 failed; 0 ignored; 0 measured; 0 filtered out; finished in 0.00s

     Running `/tmp/cargo-mutants-pstore-EPtri4.tmp/target/debug/deps/pstore_engine-a10afff159302613`

running 0 tests

test result: ok. 0 passed; 0 failed; 0 ignored; 0 measured; 0 filtered out; finished in 0.00s

     Running `/tmp/cargo-mutants-pstore-EPtri4.tmp/target/debug/deps/arithmetic-3a9b05330657663e`

running 5 tests
test backoff_grows_with_the_attempt ... ok
test backoff_is_capped ... ok
test lanes_do_not_back_off_in_lockstep ... ok
test a_nonce_changes_when_only_the_epoch_does ... ok
test nonces_never_collide_across_epochs_and_lanes ... ok

test result: ok. 5 passed; 0 failed; 0 ignored; 0 measured; 0 filtered out; finished in 0.00s

     Running `/tmp/cargo-mutants-pstore-EPtri4.tmp/target/debug/deps/bundle_errors-f5f75d0122717507`

running 7 tests
test a_truncated_document_run_is_refused_at_every_length ... ok
test an_unknown_value_tag_in_a_document_run_is_refused ... ok
test a_bundle_with_an_impossible_index_offset_fails_the_fold ... ok
test a_bundle_with_a_mangled_footer_fails_the_fold ... ok
test a_hole_in_a_lane_bounds_the_tail_rather_than_being_skipped ... ok
test documents_round_trip_through_the_shared_codec ... ok
test folding_nothing_is_a_no_op_not_an_error ... ok

test result: ok. 7 passed; 0 failed; 0 ignored; 0 measured; 0 filtered out; finished in 0.00s

     Running `/tmp/cargo-mutants-pstore-EPtri4.tmp/target/debug/deps/compaction-fea23ca71d87002d`

running 6 tests
test a_short_index_is_not_worth_compacting ... ok
test compaction_collapses_the_segments_it_merged ... ok
test compaction_does_not_change_the_answer ... ok
test a_fold_landing_mid_compaction_is_not_swallowed_by_it ... ok
test a_losing_compactors_output_is_unreferenced ... ok
test concurrent_compactors_produce_one_winner ... ok

test result: ok. 6 passed; 0 failed; 0 ignored; 0 measured; 0 filtered out; finished in 0.01s

     Running `/tmp/cargo-mutants-pstore-EPtri4.tmp/target/debug/deps/end_to_end-2bee7b37ede99944`

running 2 tests
test the_whole_flow_stays_inside_its_request_budget ... ok
test write_read_filter_and_search_one_index ... ok

test result: ok. 2 passed; 0 failed; 0 ignored; 0 measured; 0 filtered out; finished in 0.01s

     Running `/tmp/cargo-mutants-pstore-EPtri4.tmp/target/debug/deps/engine-d3f6e35023412aa0`

running 13 tests
test a_bundle_reader_gets_only_its_own_index ... ok
test a_lane_registration_costs_one_cas_for_the_lane_not_one_per_batch ... ok
test a_write_is_visible_before_it_is_folded ... ok
test a_folded_write_is_still_visible_exactly_once ... ok
test a_fresh_engine_recovers_acknowledged_writes_from_the_wal ... ok
test a_stale_committer_is_fenced ... ok
test a_corrupt_bundle_fails_the_fold_rather_than_losing_rows ... ok
test folding_twice_does_not_duplicate_rows ... ok
test many_indexes_share_one_bundle ... ok
test writes_after_a_fold_are_visible_alongside_folded_ones ... ok
test search_and_filter_work_across_the_memtable_and_segments ... ok
test a_write_batch_costs_exactly_one_put ... ok
test concurrent_committers_lose_and_duplicate_nothing ... ok

test result: ok. 13 passed; 0 failed; 0 ignored; 0 measured; 0 filtered out; finished in 0.01s

     Running `/tmp/cargo-mutants-pstore-EPtri4.tmp/target/debug/deps/failures-395c7ad6521485a0`

running 9 tests
test a_corrupt_head_is_refused_not_guessed ... ok
test a_corrupt_lane_registry_is_refused_not_guessed ... ok
test a_backend_that_cannot_evaluate_the_condition_is_retried_and_then_reported ... ok
test a_failed_head_read_is_an_error_not_an_empty_head ... ok
test a_corrupt_bundle_fails_the_fold ... ok
test a_corrupt_segment_surfaces_as_a_format_error ... ok
test a_failed_registry_read_is_an_error_not_an_empty_registry ... ok
test an_unknown_attribute_tag_is_refused ... ok
test a_lane_that_never_ends_is_refused_rather_than_probed_forever ... ok

test result: ok. 9 passed; 0 failed; 0 ignored; 0 measured; 0 filtered out; finished in 0.02s

     Running `/tmp/cargo-mutants-pstore-EPtri4.tmp/target/debug/deps/gc-a51240571b343ea3`

running 6 tests
test gc_refuses_to_reap_a_key_head_still_names ... ok
test gc_reaps_a_folded_bundle_once_it_is_beyond_the_window ... ok
test gc_never_reaps_a_referenced_object ... ok
test gc_prunes_what_it_reaps_so_the_manifest_stays_bounded ... ok
test gc_with_nothing_due_is_free ... ok
test a_dereferenced_object_survives_the_retention_window ... ok

test result: ok. 6 passed; 0 failed; 0 ignored; 0 measured; 0 filtered out; finished in 0.00s

     Running `/tmp/cargo-mutants-pstore-EPtri4.tmp/target/debug/deps/head-bae2d0c8b8f449bc`

running 6 tests
test a_head_with_a_bad_string_length_is_refused ... ok
test a_truncated_head_is_refused_at_every_length ... ok
test an_empty_head_round_trips ... ok
test head_round_trips_exactly ... ok
test the_watermark_says_what_has_been_folded ... FAILED
test the_head_key_is_derived_from_the_tenant_alone ... ok

failures:

---- the_watermark_says_what_has_been_folded stdout ----

thread 'the_watermark_says_what_has_been_folded' panicked at crates/pstore-engine/tests/head.rs:87:5:
seq 3 is the next unfolded one
note: run with `RUST_BACKTRACE=1` environment variable to display a backtrace


failures:
    the_watermark_says_what_has_been_folded

test result: FAILED. 5 passed; 1 failed; 0 ignored; 0 measured; 0 filtered out; finished in 0.00s

error: test failed, to rerun pass `-p pstore-engine --test head`

*** result: Failure(101)
