
*** crates/pstore-blob/src/accounting.rs:128:9: replace <impl crate::BlobStore for TenantView<S>>::get_suffix -> Result<Bytes, BlobError> with Ok(Default::default())

*** mutation diff:
--- crates/pstore-blob/src/accounting.rs
+++ replace <impl crate::BlobStore for TenantView<S>>::get_suffix -> Result<Bytes, BlobError> with Ok(Default::default())
@@ -120,18 +120,17 @@
     }
 
     async fn get_with_tag(&self, key: &Key) -> Result<(Bytes, pstore_types::CasTag), BlobError> {
         self.bill(OpClass::Read);
         self.inner.get_with_tag(key).await
     }
 
     async fn get_suffix(&self, key: &Key, n: u64) -> Result<Bytes, BlobError> {
-        self.bill(OpClass::Read);
-        self.inner.get_suffix(key, n).await
+        Ok(Default::default()) /* ~ changed by cargo-mutants ~ */
     }
 
     async fn get_tag(&self, key: &Key) -> Option<pstore_types::CasTag> {
         self.bill(OpClass::Read);
         self.inner.get_tag(key).await
     }
 
     async fn head(&self, key: &Key) -> Result<u64, BlobError> {


*** /home/tuong/.rustup/toolchains/1.90-x86_64-unknown-linux-gnu/bin/cargo test --no-run --verbose --package=pstore-blob@0.1.0 --all-features
       Fresh unicode-ident v1.0.24
       Fresh stable_deref_trait v1.2.1
       Fresh litemap v0.8.3
       Fresh writeable v0.6.4
       Fresh utf8_iter v1.0.4
       Fresh smallvec v1.16.0
       Fresh autocfg v1.5.1
       Fresh proc-macro2 v1.0.107
       Fresh pin-project-lite v0.2.17
       Fresh cfg-if v1.0.4
       Fresh percent-encoding v2.3.2
       Fresh scopeguard v1.2.0
       Fresh futures-task v0.3.34
       Fresh bytes v1.12.1
       Fresh iana-time-zone v0.1.65
       Fresh either v1.18.0
       Fresh slab v0.4.12
       Fresh itoa v1.0.18
       Fresh futures-sink v0.3.34
       Fresh futures-core v0.3.34
       Fresh humantime v2.4.0
       Fresh pstore-types v0.1.0 (/tmp/cargo-mutants-pstore-LuBYam.tmp/crates/pstore-types)
       Fresh quote v1.0.47
       Fresh icu_properties_data v2.3.0
       Fresh icu_normalizer_data v2.3.0
       Fresh libc v0.2.189
       Fresh lock_api v0.4.14
       Fresh form_urlencoded v1.2.2
       Fresh http v1.5.0
       Fresh itertools v0.15.0
       Fresh syn v3.0.5
       Fresh syn v2.0.119
       Fresh parking_lot_core v0.9.12
       Fresh num-traits v0.2.19
       Fresh synstructure v0.13.2
       Fresh zerovec-derive v0.11.6
       Fresh displaydoc v0.2.7
       Fresh futures-macro v0.3.34
       Fresh thiserror-impl v2.0.20
       Fresh chrono v0.4.45
       Fresh parking_lot v0.12.5
       Fresh tokio-macros v2.7.2
       Fresh async-trait v0.1.92
       Fresh zerofrom-derive v0.1.7
       Fresh yoke-derive v0.8.2
       Fresh thiserror v2.0.20
       Fresh futures-util v0.3.34
       Fresh tokio v1.53.1
       Fresh zerofrom v0.1.8
       Fresh yoke v0.8.3
       Fresh zerovec v0.11.8
       Fresh zerotrie v0.2.5
       Fresh tinystr v0.8.4
       Fresh potential_utf v0.1.6
       Fresh icu_locale_core v2.3.0
       Fresh icu_collections v2.3.0
       Fresh icu_provider v2.3.1
       Fresh icu_normalizer v2.3.0
       Fresh icu_properties v2.3.0
       Fresh idna_adapter v1.2.2
       Fresh idna v1.1.0
       Fresh url v2.5.8
       Fresh object_store v0.14.1
       Dirty pstore-blob v0.1.0 (/tmp/cargo-mutants-pstore-LuBYam.tmp/crates/pstore-blob): couldn't read metadata for file `target/debug/deps/libpstore_blob-4a168bd25eb3269b.rlib`
   Compiling pstore-blob v0.1.0 (/tmp/cargo-mutants-pstore-LuBYam.tmp/crates/pstore-blob)
     Running `/home/tuong/.rustup/toolchains/1.90-x86_64-unknown-linux-gnu/bin/rustc --crate-name pstore_blob --edition=2024 crates/pstore-blob/src/lib.rs --error-format=json --json=diagnostic-rendered-ansi,artifacts,future-incompat --crate-type lib --emit=dep-info,metadata,link -C embed-bitcode=no -C debuginfo=2 --warn=rust_2018_idioms '--deny=clippy::unwrap_used' --forbid=unsafe_code --warn=unreachable_pub '--deny=clippy::unimplemented' '--deny=clippy::todo' '--deny=clippy::panic' --warn=missing_docs '--deny=clippy::mem_forget' '--deny=clippy::indexing_slicing' '--deny=clippy::float_cmp' '--deny=clippy::expect_used' '--deny=clippy::dbg_macro' --cfg 'feature="object_store"' --check-cfg 'cfg(docsrs,test)' --check-cfg 'cfg(feature, values("object_store"))' -C metadata=0114b4a796d6dd7e -C extra-filename=-4a168bd25eb3269b --out-dir /tmp/cargo-mutants-pstore-LuBYam.tmp/target/debug/deps -C incremental=/tmp/cargo-mutants-pstore-LuBYam.tmp/target/debug/incremental -L dependency=/tmp/cargo-mutants-pstore-LuBYam.tmp/target/debug/deps --extern async_trait=/tmp/cargo-mutants-pstore-LuBYam.tmp/target/debug/deps/libasync_trait-14b400283fac8cea.so --extern bytes=/tmp/cargo-mutants-pstore-LuBYam.tmp/target/debug/deps/libbytes-31b8f712e3be84e8.rmeta --extern futures_util=/tmp/cargo-mutants-pstore-LuBYam.tmp/target/debug/deps/libfutures_util-04c275f71ab815ac.rmeta --extern object_store=/tmp/cargo-mutants-pstore-LuBYam.tmp/target/debug/deps/libobject_store-b201e14610e40912.rmeta --extern pstore_types=/tmp/cargo-mutants-pstore-LuBYam.tmp/target/debug/deps/libpstore_types-c19df0e60947a156.rmeta --extern thiserror=/tmp/cargo-mutants-pstore-LuBYam.tmp/target/debug/deps/libthiserror-5a6de54893a1cf1a.rmeta --extern tokio=/tmp/cargo-mutants-pstore-LuBYam.tmp/target/debug/deps/libtokio-8f73ed7cb87faa2b.rmeta`
warning: unused variable: `key`
   --> crates/pstore-blob/src/accounting.rs:127:32
    |
127 |     async fn get_suffix(&self, key: &Key, n: u64) -> Result<Bytes, BlobError> {
    |                                ^^^ help: if this is intentional, prefix it with an underscore: `_key`
    |
    = note: `#[warn(unused_variables)]` on by default

warning: unused variable: `n`
   --> crates/pstore-blob/src/accounting.rs:127:43
    |
127 |     async fn get_suffix(&self, key: &Key, n: u64) -> Result<Bytes, BlobError> {
    |                                           ^ help: if this is intentional, prefix it with an underscore: `_n`

       Dirty pstore-testkit v0.1.0 (/tmp/cargo-mutants-pstore-LuBYam.tmp/crates/pstore-testkit): the dependency pstore_blob was rebuilt
   Compiling pstore-testkit v0.1.0 (/tmp/cargo-mutants-pstore-LuBYam.tmp/crates/pstore-testkit)
     Running `/home/tuong/.rustup/toolchains/1.90-x86_64-unknown-linux-gnu/bin/rustc --crate-name pstore_testkit --edition=2024 crates/pstore-testkit/src/lib.rs --error-format=json --json=diagnostic-rendered-ansi,artifacts,future-incompat --crate-type lib --emit=dep-info,metadata,link -C embed-bitcode=no -C debuginfo=2 --warn=rust_2018_idioms '--deny=clippy::unwrap_used' --forbid=unsafe_code --warn=unreachable_pub '--deny=clippy::unimplemented' '--deny=clippy::todo' '--deny=clippy::panic' --warn=missing_docs '--deny=clippy::mem_forget' '--deny=clippy::indexing_slicing' '--deny=clippy::float_cmp' '--deny=clippy::expect_used' '--deny=clippy::dbg_macro' --check-cfg 'cfg(docsrs,test)' --check-cfg 'cfg(feature, values())' -C metadata=8c62b8529520387b -C extra-filename=-d6a4614e1035fdf4 --out-dir /tmp/cargo-mutants-pstore-LuBYam.tmp/target/debug/deps -C incremental=/tmp/cargo-mutants-pstore-LuBYam.tmp/target/debug/incremental -L dependency=/tmp/cargo-mutants-pstore-LuBYam.tmp/target/debug/deps --extern async_trait=/tmp/cargo-mutants-pstore-LuBYam.tmp/target/debug/deps/libasync_trait-14b400283fac8cea.so --extern bytes=/tmp/cargo-mutants-pstore-LuBYam.tmp/target/debug/deps/libbytes-31b8f712e3be84e8.rmeta --extern pstore_blob=/tmp/cargo-mutants-pstore-LuBYam.tmp/target/debug/deps/libpstore_blob-4a168bd25eb3269b.rmeta --extern pstore_types=/tmp/cargo-mutants-pstore-LuBYam.tmp/target/debug/deps/libpstore_types-c19df0e60947a156.rmeta --extern tokio=/tmp/cargo-mutants-pstore-LuBYam.tmp/target/debug/deps/libtokio-8f73ed7cb87faa2b.rmeta`
warning: `pstore-blob` (lib) generated 2 warnings
     Running `/home/tuong/.rustup/toolchains/1.90-x86_64-unknown-linux-gnu/bin/rustc --crate-name cas --edition=2024 crates/pstore-blob/tests/cas.rs --error-format=json --json=diagnostic-rendered-ansi,artifacts,future-incompat --emit=dep-info,link -C embed-bitcode=no -C debuginfo=2 --warn=rust_2018_idioms '--deny=clippy::unwrap_used' --forbid=unsafe_code --warn=unreachable_pub '--deny=clippy::unimplemented' '--deny=clippy::todo' '--deny=clippy::panic' --warn=missing_docs '--deny=clippy::mem_forget' '--deny=clippy::indexing_slicing' '--deny=clippy::float_cmp' '--deny=clippy::expect_used' '--deny=clippy::dbg_macro' --test --cfg 'feature="object_store"' --check-cfg 'cfg(docsrs,test)' --check-cfg 'cfg(feature, values("object_store"))' -C metadata=c8ed0a81282e199e -C extra-filename=-d905274e3a5418a7 --out-dir /tmp/cargo-mutants-pstore-LuBYam.tmp/target/debug/deps -C incremental=/tmp/cargo-mutants-pstore-LuBYam.tmp/target/debug/incremental -L dependency=/tmp/cargo-mutants-pstore-LuBYam.tmp/target/debug/deps --extern async_trait=/tmp/cargo-mutants-pstore-LuBYam.tmp/target/debug/deps/libasync_trait-14b400283fac8cea.so --extern bytes=/tmp/cargo-mutants-pstore-LuBYam.tmp/target/debug/deps/libbytes-31b8f712e3be84e8.rlib --extern futures_util=/tmp/cargo-mutants-pstore-LuBYam.tmp/target/debug/deps/libfutures_util-04c275f71ab815ac.rlib --extern object_store=/tmp/cargo-mutants-pstore-LuBYam.tmp/target/debug/deps/libobject_store-b201e14610e40912.rlib --extern pstore_blob=/tmp/cargo-mutants-pstore-LuBYam.tmp/target/debug/deps/libpstore_blob-4a168bd25eb3269b.rlib --extern pstore_testkit=/tmp/cargo-mutants-pstore-LuBYam.tmp/target/debug/deps/libpstore_testkit-d6a4614e1035fdf4.rlib --extern pstore_types=/tmp/cargo-mutants-pstore-LuBYam.tmp/target/debug/deps/libpstore_types-c19df0e60947a156.rlib --extern thiserror=/tmp/cargo-mutants-pstore-LuBYam.tmp/target/debug/deps/libthiserror-5a6de54893a1cf1a.rlib --extern tokio=/tmp/cargo-mutants-pstore-LuBYam.tmp/target/debug/deps/libtokio-8f73ed7cb87faa2b.rlib`
     Running `/home/tuong/.rustup/toolchains/1.90-x86_64-unknown-linux-gnu/bin/rustc --crate-name accounting --edition=2024 crates/pstore-blob/tests/accounting.rs --error-format=json --json=diagnostic-rendered-ansi,artifacts,future-incompat --emit=dep-info,link -C embed-bitcode=no -C debuginfo=2 --warn=rust_2018_idioms '--deny=clippy::unwrap_used' --forbid=unsafe_code --warn=unreachable_pub '--deny=clippy::unimplemented' '--deny=clippy::todo' '--deny=clippy::panic' --warn=missing_docs '--deny=clippy::mem_forget' '--deny=clippy::indexing_slicing' '--deny=clippy::float_cmp' '--deny=clippy::expect_used' '--deny=clippy::dbg_macro' --test --cfg 'feature="object_store"' --check-cfg 'cfg(docsrs,test)' --check-cfg 'cfg(feature, values("object_store"))' -C metadata=5005690d9e35528b -C extra-filename=-1f7a9ebb6cdb86da --out-dir /tmp/cargo-mutants-pstore-LuBYam.tmp/target/debug/deps -C incremental=/tmp/cargo-mutants-pstore-LuBYam.tmp/target/debug/incremental -L dependency=/tmp/cargo-mutants-pstore-LuBYam.tmp/target/debug/deps --extern async_trait=/tmp/cargo-mutants-pstore-LuBYam.tmp/target/debug/deps/libasync_trait-14b400283fac8cea.so --extern bytes=/tmp/cargo-mutants-pstore-LuBYam.tmp/target/debug/deps/libbytes-31b8f712e3be84e8.rlib --extern futures_util=/tmp/cargo-mutants-pstore-LuBYam.tmp/target/debug/deps/libfutures_util-04c275f71ab815ac.rlib --extern object_store=/tmp/cargo-mutants-pstore-LuBYam.tmp/target/debug/deps/libobject_store-b201e14610e40912.rlib --extern pstore_blob=/tmp/cargo-mutants-pstore-LuBYam.tmp/target/debug/deps/libpstore_blob-4a168bd25eb3269b.rlib --extern pstore_testkit=/tmp/cargo-mutants-pstore-LuBYam.tmp/target/debug/deps/libpstore_testkit-d6a4614e1035fdf4.rlib --extern pstore_types=/tmp/cargo-mutants-pstore-LuBYam.tmp/target/debug/deps/libpstore_types-c19df0e60947a156.rlib --extern thiserror=/tmp/cargo-mutants-pstore-LuBYam.tmp/target/debug/deps/libthiserror-5a6de54893a1cf1a.rlib --extern tokio=/tmp/cargo-mutants-pstore-LuBYam.tmp/target/debug/deps/libtokio-8f73ed7cb87faa2b.rlib`
     Running `/home/tuong/.rustup/toolchains/1.90-x86_64-unknown-linux-gnu/bin/rustc --crate-name semantics --edition=2024 crates/pstore-blob/tests/semantics.rs --error-format=json --json=diagnostic-rendered-ansi,artifacts,future-incompat --emit=dep-info,link -C embed-bitcode=no -C debuginfo=2 --warn=rust_2018_idioms '--deny=clippy::unwrap_used' --forbid=unsafe_code --warn=unreachable_pub '--deny=clippy::unimplemented' '--deny=clippy::todo' '--deny=clippy::panic' --warn=missing_docs '--deny=clippy::mem_forget' '--deny=clippy::indexing_slicing' '--deny=clippy::float_cmp' '--deny=clippy::expect_used' '--deny=clippy::dbg_macro' --test --cfg 'feature="object_store"' --check-cfg 'cfg(docsrs,test)' --check-cfg 'cfg(feature, values("object_store"))' -C metadata=4080bfe972cbf9d5 -C extra-filename=-93413e51da57a0a6 --out-dir /tmp/cargo-mutants-pstore-LuBYam.tmp/target/debug/deps -C incremental=/tmp/cargo-mutants-pstore-LuBYam.tmp/target/debug/incremental -L dependency=/tmp/cargo-mutants-pstore-LuBYam.tmp/target/debug/deps --extern async_trait=/tmp/cargo-mutants-pstore-LuBYam.tmp/target/debug/deps/libasync_trait-14b400283fac8cea.so --extern bytes=/tmp/cargo-mutants-pstore-LuBYam.tmp/target/debug/deps/libbytes-31b8f712e3be84e8.rlib --extern futures_util=/tmp/cargo-mutants-pstore-LuBYam.tmp/target/debug/deps/libfutures_util-04c275f71ab815ac.rlib --extern object_store=/tmp/cargo-mutants-pstore-LuBYam.tmp/target/debug/deps/libobject_store-b201e14610e40912.rlib --extern pstore_blob=/tmp/cargo-mutants-pstore-LuBYam.tmp/target/debug/deps/libpstore_blob-4a168bd25eb3269b.rlib --extern pstore_testkit=/tmp/cargo-mutants-pstore-LuBYam.tmp/target/debug/deps/libpstore_testkit-d6a4614e1035fdf4.rlib --extern pstore_types=/tmp/cargo-mutants-pstore-LuBYam.tmp/target/debug/deps/libpstore_types-c19df0e60947a156.rlib --extern thiserror=/tmp/cargo-mutants-pstore-LuBYam.tmp/target/debug/deps/libthiserror-5a6de54893a1cf1a.rlib --extern tokio=/tmp/cargo-mutants-pstore-LuBYam.tmp/target/debug/deps/libtokio-8f73ed7cb87faa2b.rlib`
     Running `/home/tuong/.rustup/toolchains/1.90-x86_64-unknown-linux-gnu/bin/rustc --crate-name coalescing --edition=2024 crates/pstore-blob/tests/coalescing.rs --error-format=json --json=diagnostic-rendered-ansi,artifacts,future-incompat --emit=dep-info,link -C embed-bitcode=no -C debuginfo=2 --warn=rust_2018_idioms '--deny=clippy::unwrap_used' --forbid=unsafe_code --warn=unreachable_pub '--deny=clippy::unimplemented' '--deny=clippy::todo' '--deny=clippy::panic' --warn=missing_docs '--deny=clippy::mem_forget' '--deny=clippy::indexing_slicing' '--deny=clippy::float_cmp' '--deny=clippy::expect_used' '--deny=clippy::dbg_macro' --test --cfg 'feature="object_store"' --check-cfg 'cfg(docsrs,test)' --check-cfg 'cfg(feature, values("object_store"))' -C metadata=95f0b45f675bce9a -C extra-filename=-4014063cbb7eb498 --out-dir /tmp/cargo-mutants-pstore-LuBYam.tmp/target/debug/deps -C incremental=/tmp/cargo-mutants-pstore-LuBYam.tmp/target/debug/incremental -L dependency=/tmp/cargo-mutants-pstore-LuBYam.tmp/target/debug/deps --extern async_trait=/tmp/cargo-mutants-pstore-LuBYam.tmp/target/debug/deps/libasync_trait-14b400283fac8cea.so --extern bytes=/tmp/cargo-mutants-pstore-LuBYam.tmp/target/debug/deps/libbytes-31b8f712e3be84e8.rlib --extern futures_util=/tmp/cargo-mutants-pstore-LuBYam.tmp/target/debug/deps/libfutures_util-04c275f71ab815ac.rlib --extern object_store=/tmp/cargo-mutants-pstore-LuBYam.tmp/target/debug/deps/libobject_store-b201e14610e40912.rlib --extern pstore_blob=/tmp/cargo-mutants-pstore-LuBYam.tmp/target/debug/deps/libpstore_blob-4a168bd25eb3269b.rlib --extern pstore_testkit=/tmp/cargo-mutants-pstore-LuBYam.tmp/target/debug/deps/libpstore_testkit-d6a4614e1035fdf4.rlib --extern pstore_types=/tmp/cargo-mutants-pstore-LuBYam.tmp/target/debug/deps/libpstore_types-c19df0e60947a156.rlib --extern thiserror=/tmp/cargo-mutants-pstore-LuBYam.tmp/target/debug/deps/libthiserror-5a6de54893a1cf1a.rlib --extern tokio=/tmp/cargo-mutants-pstore-LuBYam.tmp/target/debug/deps/libtokio-8f73ed7cb87faa2b.rlib`
     Running `/home/tuong/.rustup/toolchains/1.90-x86_64-unknown-linux-gnu/bin/rustc --crate-name pstore_blob --edition=2024 crates/pstore-blob/src/lib.rs --error-format=json --json=diagnostic-rendered-ansi,artifacts,future-incompat --emit=dep-info,link -C embed-bitcode=no -C debuginfo=2 --warn=rust_2018_idioms '--deny=clippy::unwrap_used' --forbid=unsafe_code --warn=unreachable_pub '--deny=clippy::unimplemented' '--deny=clippy::todo' '--deny=clippy::panic' --warn=missing_docs '--deny=clippy::mem_forget' '--deny=clippy::indexing_slicing' '--deny=clippy::float_cmp' '--deny=clippy::expect_used' '--deny=clippy::dbg_macro' --test --cfg 'feature="object_store"' --check-cfg 'cfg(docsrs,test)' --check-cfg 'cfg(feature, values("object_store"))' -C metadata=4f42b29fa8f42ca9 -C extra-filename=-dccd024b168a273f --out-dir /tmp/cargo-mutants-pstore-LuBYam.tmp/target/debug/deps -C incremental=/tmp/cargo-mutants-pstore-LuBYam.tmp/target/debug/incremental -L dependency=/tmp/cargo-mutants-pstore-LuBYam.tmp/target/debug/deps --extern async_trait=/tmp/cargo-mutants-pstore-LuBYam.tmp/target/debug/deps/libasync_trait-14b400283fac8cea.so --extern bytes=/tmp/cargo-mutants-pstore-LuBYam.tmp/target/debug/deps/libbytes-31b8f712e3be84e8.rlib --extern futures_util=/tmp/cargo-mutants-pstore-LuBYam.tmp/target/debug/deps/libfutures_util-04c275f71ab815ac.rlib --extern object_store=/tmp/cargo-mutants-pstore-LuBYam.tmp/target/debug/deps/libobject_store-b201e14610e40912.rlib --extern pstore_testkit=/tmp/cargo-mutants-pstore-LuBYam.tmp/target/debug/deps/libpstore_testkit-d6a4614e1035fdf4.rlib --extern pstore_types=/tmp/cargo-mutants-pstore-LuBYam.tmp/target/debug/deps/libpstore_types-c19df0e60947a156.rlib --extern thiserror=/tmp/cargo-mutants-pstore-LuBYam.tmp/target/debug/deps/libthiserror-5a6de54893a1cf1a.rlib --extern tokio=/tmp/cargo-mutants-pstore-LuBYam.tmp/target/debug/deps/libtokio-8f73ed7cb87faa2b.rlib`
     Running `/home/tuong/.rustup/toolchains/1.90-x86_64-unknown-linux-gnu/bin/rustc --crate-name faults --edition=2024 crates/pstore-blob/tests/faults.rs --error-format=json --json=diagnostic-rendered-ansi,artifacts,future-incompat --emit=dep-info,link -C embed-bitcode=no -C debuginfo=2 --warn=rust_2018_idioms '--deny=clippy::unwrap_used' --forbid=unsafe_code --warn=unreachable_pub '--deny=clippy::unimplemented' '--deny=clippy::todo' '--deny=clippy::panic' --warn=missing_docs '--deny=clippy::mem_forget' '--deny=clippy::indexing_slicing' '--deny=clippy::float_cmp' '--deny=clippy::expect_used' '--deny=clippy::dbg_macro' --test --cfg 'feature="object_store"' --check-cfg 'cfg(docsrs,test)' --check-cfg 'cfg(feature, values("object_store"))' -C metadata=2c56b6a78b0496c5 -C extra-filename=-efc783468bd058f6 --out-dir /tmp/cargo-mutants-pstore-LuBYam.tmp/target/debug/deps -C incremental=/tmp/cargo-mutants-pstore-LuBYam.tmp/target/debug/incremental -L dependency=/tmp/cargo-mutants-pstore-LuBYam.tmp/target/debug/deps --extern async_trait=/tmp/cargo-mutants-pstore-LuBYam.tmp/target/debug/deps/libasync_trait-14b400283fac8cea.so --extern bytes=/tmp/cargo-mutants-pstore-LuBYam.tmp/target/debug/deps/libbytes-31b8f712e3be84e8.rlib --extern futures_util=/tmp/cargo-mutants-pstore-LuBYam.tmp/target/debug/deps/libfutures_util-04c275f71ab815ac.rlib --extern object_store=/tmp/cargo-mutants-pstore-LuBYam.tmp/target/debug/deps/libobject_store-b201e14610e40912.rlib --extern pstore_blob=/tmp/cargo-mutants-pstore-LuBYam.tmp/target/debug/deps/libpstore_blob-4a168bd25eb3269b.rlib --extern pstore_testkit=/tmp/cargo-mutants-pstore-LuBYam.tmp/target/debug/deps/libpstore_testkit-d6a4614e1035fdf4.rlib --extern pstore_types=/tmp/cargo-mutants-pstore-LuBYam.tmp/target/debug/deps/libpstore_types-c19df0e60947a156.rlib --extern thiserror=/tmp/cargo-mutants-pstore-LuBYam.tmp/target/debug/deps/libthiserror-5a6de54893a1cf1a.rlib --extern tokio=/tmp/cargo-mutants-pstore-LuBYam.tmp/target/debug/deps/libtokio-8f73ed7cb87faa2b.rlib`
     Running `/home/tuong/.rustup/toolchains/1.90-x86_64-unknown-linux-gnu/bin/rustc --crate-name object_store_adapter --edition=2024 crates/pstore-blob/tests/object_store_adapter.rs --error-format=json --json=diagnostic-rendered-ansi,artifacts,future-incompat --emit=dep-info,link -C embed-bitcode=no -C debuginfo=2 --warn=rust_2018_idioms '--deny=clippy::unwrap_used' --forbid=unsafe_code --warn=unreachable_pub '--deny=clippy::unimplemented' '--deny=clippy::todo' '--deny=clippy::panic' --warn=missing_docs '--deny=clippy::mem_forget' '--deny=clippy::indexing_slicing' '--deny=clippy::float_cmp' '--deny=clippy::expect_used' '--deny=clippy::dbg_macro' --test --cfg 'feature="object_store"' --check-cfg 'cfg(docsrs,test)' --check-cfg 'cfg(feature, values("object_store"))' -C metadata=a60517875e70fe9c -C extra-filename=-1f55ea78ca1218f6 --out-dir /tmp/cargo-mutants-pstore-LuBYam.tmp/target/debug/deps -C incremental=/tmp/cargo-mutants-pstore-LuBYam.tmp/target/debug/incremental -L dependency=/tmp/cargo-mutants-pstore-LuBYam.tmp/target/debug/deps --extern async_trait=/tmp/cargo-mutants-pstore-LuBYam.tmp/target/debug/deps/libasync_trait-14b400283fac8cea.so --extern bytes=/tmp/cargo-mutants-pstore-LuBYam.tmp/target/debug/deps/libbytes-31b8f712e3be84e8.rlib --extern futures_util=/tmp/cargo-mutants-pstore-LuBYam.tmp/target/debug/deps/libfutures_util-04c275f71ab815ac.rlib --extern object_store=/tmp/cargo-mutants-pstore-LuBYam.tmp/target/debug/deps/libobject_store-b201e14610e40912.rlib --extern pstore_blob=/tmp/cargo-mutants-pstore-LuBYam.tmp/target/debug/deps/libpstore_blob-4a168bd25eb3269b.rlib --extern pstore_testkit=/tmp/cargo-mutants-pstore-LuBYam.tmp/target/debug/deps/libpstore_testkit-d6a4614e1035fdf4.rlib --extern pstore_types=/tmp/cargo-mutants-pstore-LuBYam.tmp/target/debug/deps/libpstore_types-c19df0e60947a156.rlib --extern thiserror=/tmp/cargo-mutants-pstore-LuBYam.tmp/target/debug/deps/libthiserror-5a6de54893a1cf1a.rlib --extern tokio=/tmp/cargo-mutants-pstore-LuBYam.tmp/target/debug/deps/libtokio-8f73ed7cb87faa2b.rlib`
warning: `pstore-blob` (lib test) generated 2 warnings (2 duplicates)
    Finished `test` profile [unoptimized + debuginfo] target(s) in 0.52s
  Executable `/tmp/cargo-mutants-pstore-LuBYam.tmp/target/debug/deps/pstore_blob-dccd024b168a273f`
  Executable `/tmp/cargo-mutants-pstore-LuBYam.tmp/target/debug/deps/accounting-1f7a9ebb6cdb86da`
  Executable `/tmp/cargo-mutants-pstore-LuBYam.tmp/target/debug/deps/cas-d905274e3a5418a7`
  Executable `/tmp/cargo-mutants-pstore-LuBYam.tmp/target/debug/deps/coalescing-4014063cbb7eb498`
  Executable `/tmp/cargo-mutants-pstore-LuBYam.tmp/target/debug/deps/faults-efc783468bd058f6`
  Executable `/tmp/cargo-mutants-pstore-LuBYam.tmp/target/debug/deps/object_store_adapter-1f55ea78ca1218f6`
  Executable `/tmp/cargo-mutants-pstore-LuBYam.tmp/target/debug/deps/semantics-93413e51da57a0a6`

*** result: Success

*** /home/tuong/.rustup/toolchains/1.90-x86_64-unknown-linux-gnu/bin/cargo test --verbose --package=pstore-blob@0.1.0 --all-features
       Fresh unicode-ident v1.0.24
       Fresh proc-macro2 v1.0.107
       Fresh stable_deref_trait v1.2.1
       Fresh writeable v0.6.4
       Fresh litemap v0.8.3
       Fresh utf8_iter v1.0.4
       Fresh smallvec v1.16.0
       Fresh autocfg v1.5.1
       Fresh pin-project-lite v0.2.17
       Fresh percent-encoding v2.3.2
       Fresh scopeguard v1.2.0
       Fresh cfg-if v1.0.4
       Fresh iana-time-zone v0.1.65
       Fresh either v1.18.0
       Fresh futures-sink v0.3.34
       Fresh slab v0.4.12
       Fresh quote v1.0.47
       Fresh lock_api v0.4.14
       Fresh form_urlencoded v1.2.2
       Fresh bytes v1.12.1
       Fresh futures-task v0.3.34
       Fresh itoa v1.0.18
       Fresh futures-core v0.3.34
       Fresh itertools v0.15.0
       Fresh humantime v2.4.0
       Fresh pstore-types v0.1.0 (/tmp/cargo-mutants-pstore-LuBYam.tmp/crates/pstore-types)
       Fresh syn v3.0.5
       Fresh syn v2.0.119
       Fresh icu_normalizer_data v2.3.0
       Fresh icu_properties_data v2.3.0
       Fresh libc v0.2.189
       Fresh http v1.5.0
       Fresh synstructure v0.13.2
       Fresh zerovec-derive v0.11.6
       Fresh displaydoc v0.2.7
       Fresh thiserror-impl v2.0.20
       Fresh num-traits v0.2.19
       Fresh parking_lot_core v0.9.12
       Fresh futures-macro v0.3.34
       Fresh tokio-macros v2.7.2
       Fresh async-trait v0.1.92
       Fresh zerofrom-derive v0.1.7
       Fresh yoke-derive v0.8.2
       Fresh chrono v0.4.45
       Fresh parking_lot v0.12.5
       Fresh thiserror v2.0.20
       Fresh futures-util v0.3.34
       Fresh tokio v1.53.1
       Fresh zerofrom v0.1.8
       Fresh yoke v0.8.3
       Fresh zerovec v0.11.8
       Fresh zerotrie v0.2.5
       Fresh tinystr v0.8.4
       Fresh potential_utf v0.1.6
       Fresh icu_locale_core v2.3.0
       Fresh icu_collections v2.3.0
       Fresh icu_provider v2.3.1
       Fresh icu_normalizer v2.3.0
       Fresh icu_properties v2.3.0
       Fresh idna_adapter v1.2.2
       Fresh idna v1.1.0
       Fresh url v2.5.8
       Fresh object_store v0.14.1
warning: unused variable: `key`
   --> crates/pstore-blob/src/accounting.rs:127:32
    |
127 |     async fn get_suffix(&self, key: &Key, n: u64) -> Result<Bytes, BlobError> {
    |                                ^^^ help: if this is intentional, prefix it with an underscore: `_key`
    |
    = note: `#[warn(unused_variables)]` on by default

warning: unused variable: `n`
   --> crates/pstore-blob/src/accounting.rs:127:43
    |
127 |     async fn get_suffix(&self, key: &Key, n: u64) -> Result<Bytes, BlobError> {
    |                                           ^ help: if this is intentional, prefix it with an underscore: `_n`

warning: `pstore-blob` (lib) generated 2 warnings
       Fresh pstore-testkit v0.1.0 (/tmp/cargo-mutants-pstore-LuBYam.tmp/crates/pstore-testkit)
       Fresh pstore-blob v0.1.0 (/tmp/cargo-mutants-pstore-LuBYam.tmp/crates/pstore-blob)
warning: `pstore-blob` (lib test) generated 2 warnings (2 duplicates)
    Finished `test` profile [unoptimized + debuginfo] target(s) in 0.02s
     Running `/tmp/cargo-mutants-pstore-LuBYam.tmp/target/debug/deps/pstore_blob-dccd024b168a273f`

running 8 tests
test coalesce::tests::a_zero_gap_merges_only_touching_ranges ... ok
test coalesce::tests::empty_ranges_are_dropped ... ok
test coalesce::tests::a_contained_range_does_not_underflow_the_gap ... ok
test object_store_backend::tests::a_409_is_contended_so_the_caller_retries_without_rebasing ... ok
test coalesce::tests::empty_input_plans_nothing ... ok
test object_store_backend::tests::anything_else_is_neither_and_must_not_be_guessed_at ... ok
test object_store_backend::tests::a_412_is_lost_so_the_caller_rebases ... ok
test object_store_backend::tests::a_slowdown_is_recognised_wherever_it_appears ... ok

test result: ok. 8 passed; 0 failed; 0 ignored; 0 measured; 0 filtered out; finished in 0.00s

     Running `/tmp/cargo-mutants-pstore-LuBYam.tmp/target/debug/deps/accounting-1f7a9ebb6cdb86da`

running 4 tests
test a_failed_conditional_write_is_still_billed ... ok
test accounting_counts_one_write_per_put ... ok
test accounting_is_per_tenant ... ok
test accounting_separates_read_write_and_list_classes ... ok

test result: ok. 4 passed; 0 failed; 0 ignored; 0 measured; 0 filtered out; finished in 0.00s

     Running `/tmp/cargo-mutants-pstore-LuBYam.tmp/target/debug/deps/cas-d905274e3a5418a7`

running 5 tests
test cas_lost_and_contended_are_distinct ... ok
test create_if_absent_rejects_second_write ... ok
test cas_rejects_stale_tag ... ok
test delete_batch_removes_only_the_named_keys ... ok
test get_range_returns_the_requested_slice ... ok

test result: ok. 5 passed; 0 failed; 0 ignored; 0 measured; 0 filtered out; finished in 0.00s

     Running `/tmp/cargo-mutants-pstore-LuBYam.tmp/target/debug/deps/coalescing-4014063cbb7eb498`

running 8 tests
test coalescing_actually_saves_requests ... ok
test coalesced_reads_equal_separate_reads ... ok
test coalescing_merges_ranges_closer_than_the_gap ... ok
test a_single_far_range_is_offset_correctly ... ok
test coalescing_never_issues_more_requests_than_ranges ... ok
test slices_are_offset_from_the_fetch_start_not_the_object_start ... ok
test ranges_out_of_order_are_returned_in_the_order_asked ... ok
test coalescing_respects_the_gap_threshold ... ok

test result: ok. 8 passed; 0 failed; 0 ignored; 0 measured; 0 filtered out; finished in 0.00s

     Running `/tmp/cargo-mutants-pstore-LuBYam.tmp/target/debug/deps/faults-efc783468bd058f6`

running 7 tests
test a_zero_rate_injects_nothing ... ok
test each_fault_kind_is_injected_independently ... ok
test an_injected_write_fault_does_not_reach_the_backend ... ok
test same_seed_reproduces_the_same_failures ... ok
test a_transient_slowdown_is_retried_and_succeeds ... ok
test slowdown_reduces_concurrency_then_recovers ... ok
test retries_are_bounded ... ok

test result: ok. 7 passed; 0 failed; 0 ignored; 0 measured; 0 filtered out; finished in 0.02s

     Running `/tmp/cargo-mutants-pstore-LuBYam.tmp/target/debug/deps/object_store_adapter-1f55ea78ca1218f6`

running 5 tests
test an_unprobed_backend_is_divergent_not_supported ... ok
test a_short_read_is_an_error_not_a_truncation ... ok
test coalescing_works_through_the_adapter ... ok
test the_trait_fits_a_real_object_store_implementation ... ok
test the_conformance_suite_runs_through_the_adapter ... ok

test result: ok. 5 passed; 0 failed; 0 ignored; 0 measured; 0 filtered out; finished in 0.00s

     Running `/tmp/cargo-mutants-pstore-LuBYam.tmp/target/debug/deps/semantics-93413e51da57a0a6`

running 15 tests
test a_key_displays_as_the_path_it_will_be_fetched_from ... ok
test a_full_length_range_is_legal ... ok
test a_range_past_the_end_is_an_error_not_a_short_read ... ok
test an_empty_range_is_legal_and_returns_nothing ... ok
test capabilities_name_the_backend_and_its_tag_style ... ok
test a_batch_delete_over_the_backend_limit_is_refused ... ok
test cas_against_a_deleted_object_is_refused ... ok
test cas_with_a_fabricated_tag_is_refused ... ok
test content_hash_tags_exhibit_the_aba_hazard ... ok
test get_ranges_of_nothing_is_not_a_request ... ok
test get_ranges_propagates_a_read_error ... ok
test get_tag_reports_the_current_tag_and_none_when_absent ... ok
test head_reports_size_without_the_body ... ok
test monotonic_tags_are_immune_to_aba ... ok
test list_is_prefix_filtered ... ok

test result: ok. 15 passed; 0 failed; 0 ignored; 0 measured; 0 filtered out; finished in 0.00s

   Doc-tests pstore_blob
     Running `/home/tuong/.rustup/toolchains/1.90-x86_64-unknown-linux-gnu/bin/rustdoc --edition=2024 --crate-type lib --color auto --crate-name pstore_blob --test crates/pstore-blob/src/lib.rs --test-run-directory /tmp/cargo-mutants-pstore-LuBYam.tmp/crates/pstore-blob -L dependency=/tmp/cargo-mutants-pstore-LuBYam.tmp/target/debug/deps -L dependency=/tmp/cargo-mutants-pstore-LuBYam.tmp/target/debug/deps --warn=rust_2018_idioms '--deny=clippy::unwrap_used' --forbid=unsafe_code --warn=unreachable_pub '--deny=clippy::unimplemented' '--deny=clippy::todo' '--deny=clippy::panic' --warn=missing_docs '--deny=clippy::mem_forget' '--deny=clippy::indexing_slicing' '--deny=clippy::float_cmp' '--deny=clippy::expect_used' '--deny=clippy::dbg_macro' --extern async_trait=/tmp/cargo-mutants-pstore-LuBYam.tmp/target/debug/deps/libasync_trait-14b400283fac8cea.so --extern bytes=/tmp/cargo-mutants-pstore-LuBYam.tmp/target/debug/deps/libbytes-31b8f712e3be84e8.rlib --extern futures_util=/tmp/cargo-mutants-pstore-LuBYam.tmp/target/debug/deps/libfutures_util-04c275f71ab815ac.rlib --extern object_store=/tmp/cargo-mutants-pstore-LuBYam.tmp/target/debug/deps/libobject_store-b201e14610e40912.rlib --extern pstore_blob=/tmp/cargo-mutants-pstore-LuBYam.tmp/target/debug/deps/libpstore_blob-4a168bd25eb3269b.rlib --extern pstore_testkit=/tmp/cargo-mutants-pstore-LuBYam.tmp/target/debug/deps/libpstore_testkit-d6a4614e1035fdf4.rlib --extern pstore_types=/tmp/cargo-mutants-pstore-LuBYam.tmp/target/debug/deps/libpstore_types-c19df0e60947a156.rlib --extern thiserror=/tmp/cargo-mutants-pstore-LuBYam.tmp/target/debug/deps/libthiserror-5a6de54893a1cf1a.rlib --extern tokio=/tmp/cargo-mutants-pstore-LuBYam.tmp/target/debug/deps/libtokio-8f73ed7cb87faa2b.rlib -C embed-bitcode=no --cfg 'feature="object_store"' --check-cfg 'cfg(docsrs,test)' --check-cfg 'cfg(feature, values("object_store"))' --error-format human`

running 0 tests

test result: ok. 0 passed; 0 failed; 0 ignored; 0 measured; 0 filtered out; finished in 0.00s


*** result: Success
