
*** crates/pstore-index/src/cluster.rs:167:9: replace Clustering::build -> Self with Default::default()

*** mutation diff:
--- crates/pstore-index/src/cluster.rs
+++ replace Clustering::build -> Self with Default::default()
@@ -159,60 +159,17 @@
     #[must_use]
     pub fn from_parts(centroids: Vec<Vec<f32>>, lists: Vec<Vec<usize>>) -> Self {
         Self { centroids, lists }
     }
 
     /// Clusters a corpus.
     #[must_use]
     pub fn build(corpus: &[Vec<f32>], params: Params) -> Self {
-        if corpus.is_empty() {
-            return Self {
-                centroids: Vec::new(),
-                lists: Vec::new(),
-            };
-        }
-        let dim = corpus.first().map_or(0, Vec::len);
-        let k = corpus.len().div_ceil(params.target_list_size.max(1)).max(1);
-        let mut centroids = seed_centroids(corpus, k, dim);
-        let cap = capacity(corpus.len(), k, params.balance);
-
-        let mut lists = vec![Vec::new(); k];
-        for _ in 0..params.iterations.max(1) {
-            lists = assign(corpus, &centroids, cap);
-            // Recompute each centroid as the mean of what it actually holds. A centroid
-            // that drifts from its members makes probe selection pick the wrong lists, and
-            // recall falls for a reason nothing in the search path can explain.
-            for (c, list) in centroids.iter_mut().zip(&lists) {
-                if list.is_empty() {
-                    continue;
-                }
-                for (d, slot) in c.iter_mut().enumerate() {
-                    let sum: f32 = list.iter().filter_map(|r| corpus.get(*r)?.get(d)).sum();
-                    *slot = sum / list.len() as f32;
-                }
-            }
-        }
-
-        // An empty list costs a centroid, a directory entry, and a probe that can never
-        // return anything.
-        let keep: Vec<usize> = (0..k)
-            .filter(|i| lists.get(*i).is_some_and(|l| !l.is_empty()))
-            .collect();
-        let centroids: Vec<Vec<f32>> = keep
-            .iter()
-            .filter_map(|i| centroids.get(*i).cloned())
-            .collect();
-        let mut lists: Vec<Vec<usize>> =
-            keep.iter().filter_map(|i| lists.get(*i).cloned()).collect();
-
-        // ⚠️ Replication happens AFTER empty lists are dropped, so a boundary vector is
-        // never replicated into a list that is about to disappear.
-        augment(corpus, &centroids, &mut lists, params);
-        Self { centroids, lists }
+        Default::default() /* ~ changed by cargo-mutants ~ */
     }
 }
 
 fn capacity(n: usize, k: usize, balance: f32) -> usize {
     let mean = n as f32 / k as f32;
     // ⚠️ Rounded DOWN against the bound, so the cap is inside it rather than on it. A cap
     // computed as exactly `balance * mean` and then rounded up produces lists one element
     // over the bound the tests assert, which reads as an off-by-one in the test rather than


*** /home/tuong/.rustup/toolchains/1.90-x86_64-unknown-linux-gnu/bin/cargo test --no-run --verbose --workspace
       Fresh unicode-ident v1.0.24
       Fresh proc-macro2 v1.0.107
       Fresh quote v1.0.47
       Fresh pin-project-lite v0.2.17
       Fresh futures-task v0.3.34
       Fresh futures-core v0.3.34
       Fresh slab v0.4.12
       Fresh bytes v1.12.1
       Fresh syn v3.0.5
       Fresh futures-util v0.3.34
       Fresh pstore-types v0.1.0 (/tmp/cargo-mutants-pstore-FkDeYx.tmp/crates/pstore-types)
       Fresh thiserror-impl v2.0.20
       Fresh tokio-macros v2.7.2
       Fresh async-trait v0.1.92
       Fresh tokio v1.53.1
       Fresh thiserror v2.0.20
       Dirty pstore-index v0.1.0 (/tmp/cargo-mutants-pstore-FkDeYx.tmp/crates/pstore-index): couldn't read metadata for file `target/debug/deps/libpstore_index-66ac2b71496e370d.rlib`
   Compiling pstore-index v0.1.0 (/tmp/cargo-mutants-pstore-FkDeYx.tmp/crates/pstore-index)
       Fresh pstore-format v0.1.0 (/tmp/cargo-mutants-pstore-FkDeYx.tmp/crates/pstore-format)
     Running `/home/tuong/.rustup/toolchains/1.90-x86_64-unknown-linux-gnu/bin/rustc --crate-name pstore_index --edition=2024 crates/pstore-index/src/lib.rs --error-format=json --json=diagnostic-rendered-ansi,artifacts,future-incompat --crate-type lib --emit=dep-info,metadata,link -C embed-bitcode=no -C debuginfo=2 --warn=rust_2018_idioms '--deny=clippy::unwrap_used' --forbid=unsafe_code --warn=unreachable_pub '--deny=clippy::unimplemented' '--deny=clippy::todo' '--deny=clippy::panic' --warn=missing_docs '--deny=clippy::mem_forget' '--deny=clippy::indexing_slicing' '--deny=clippy::float_cmp' '--deny=clippy::expect_used' '--deny=clippy::dbg_macro' --check-cfg 'cfg(docsrs,test)' --check-cfg 'cfg(feature, values())' -C metadata=a242405e799e600f -C extra-filename=-66ac2b71496e370d --out-dir /tmp/cargo-mutants-pstore-FkDeYx.tmp/target/debug/deps -C incremental=/tmp/cargo-mutants-pstore-FkDeYx.tmp/target/debug/incremental -L dependency=/tmp/cargo-mutants-pstore-FkDeYx.tmp/target/debug/deps --extern bytes=/tmp/cargo-mutants-pstore-FkDeYx.tmp/target/debug/deps/libbytes-31b8f712e3be84e8.rmeta --extern futures_util=/tmp/cargo-mutants-pstore-FkDeYx.tmp/target/debug/deps/libfutures_util-9467758a9490225b.rmeta --extern pstore_blob=/tmp/cargo-mutants-pstore-FkDeYx.tmp/target/debug/deps/libpstore_blob-a1c846e65fcdfc47.rmeta --extern pstore_format=/tmp/cargo-mutants-pstore-FkDeYx.tmp/target/debug/deps/libpstore_format-b47669c15c655435.rmeta`
       Fresh pstore-engine v0.1.0 (/tmp/cargo-mutants-pstore-FkDeYx.tmp/crates/pstore-engine)
       Fresh pstore-testkit v0.1.0 (/tmp/cargo-mutants-pstore-FkDeYx.tmp/crates/pstore-testkit)
       Fresh pstore-blob v0.1.0 (/tmp/cargo-mutants-pstore-FkDeYx.tmp/crates/pstore-blob)
     Running `/home/tuong/.rustup/toolchains/1.90-x86_64-unknown-linux-gnu/bin/rustc --crate-name pstore_index --edition=2024 crates/pstore-index/src/lib.rs --error-format=json --json=diagnostic-rendered-ansi,artifacts,future-incompat --emit=dep-info,link -C embed-bitcode=no -C debuginfo=2 --warn=rust_2018_idioms '--deny=clippy::unwrap_used' --forbid=unsafe_code --warn=unreachable_pub '--deny=clippy::unimplemented' '--deny=clippy::todo' '--deny=clippy::panic' --warn=missing_docs '--deny=clippy::mem_forget' '--deny=clippy::indexing_slicing' '--deny=clippy::float_cmp' '--deny=clippy::expect_used' '--deny=clippy::dbg_macro' --test --check-cfg 'cfg(docsrs,test)' --check-cfg 'cfg(feature, values())' -C metadata=cc327639876ee248 -C extra-filename=-ad9a41401e531637 --out-dir /tmp/cargo-mutants-pstore-FkDeYx.tmp/target/debug/deps -C incremental=/tmp/cargo-mutants-pstore-FkDeYx.tmp/target/debug/incremental -L dependency=/tmp/cargo-mutants-pstore-FkDeYx.tmp/target/debug/deps --extern bytes=/tmp/cargo-mutants-pstore-FkDeYx.tmp/target/debug/deps/libbytes-31b8f712e3be84e8.rlib --extern futures_util=/tmp/cargo-mutants-pstore-FkDeYx.tmp/target/debug/deps/libfutures_util-9467758a9490225b.rlib --extern pstore_blob=/tmp/cargo-mutants-pstore-FkDeYx.tmp/target/debug/deps/libpstore_blob-a1c846e65fcdfc47.rlib --extern pstore_format=/tmp/cargo-mutants-pstore-FkDeYx.tmp/target/debug/deps/libpstore_format-b47669c15c655435.rlib --extern pstore_testkit=/tmp/cargo-mutants-pstore-FkDeYx.tmp/target/debug/deps/libpstore_testkit-c70127229fd98aeb.rlib --extern pstore_types=/tmp/cargo-mutants-pstore-FkDeYx.tmp/target/debug/deps/libpstore_types-c19df0e60947a156.rlib --extern tokio=/tmp/cargo-mutants-pstore-FkDeYx.tmp/target/debug/deps/libtokio-c4794fa7272c7af3.rlib`
error[E0277]: the trait bound `Clustering: Default` is not satisfied
   --> crates/pstore-index/src/cluster.rs:167:9
    |
167 |         Default::default() /* ~ changed by cargo-mutants ~ */
    |         ^^^^^^^^^^^^^^^^^^ the trait `Default` is not implemented for `Clustering`
    |
help: consider annotating `Clustering` with `#[derive(Default)]`
    |
 99 + #[derive(Default)]
100 | pub struct Clustering {
    |

For more information about this error, try `rustc --explain E0277`.
error: could not compile `pstore-index` (lib) due to 1 previous error

Caused by:
  process didn't exit successfully: `/home/tuong/.rustup/toolchains/1.90-x86_64-unknown-linux-gnu/bin/rustc --crate-name pstore_index --edition=2024 crates/pstore-index/src/lib.rs --error-format=json --json=diagnostic-rendered-ansi,artifacts,future-incompat --crate-type lib --emit=dep-info,metadata,link -C embed-bitcode=no -C debuginfo=2 --warn=rust_2018_idioms '--deny=clippy::unwrap_used' --forbid=unsafe_code --warn=unreachable_pub '--deny=clippy::unimplemented' '--deny=clippy::todo' '--deny=clippy::panic' --warn=missing_docs '--deny=clippy::mem_forget' '--deny=clippy::indexing_slicing' '--deny=clippy::float_cmp' '--deny=clippy::expect_used' '--deny=clippy::dbg_macro' --check-cfg 'cfg(docsrs,test)' --check-cfg 'cfg(feature, values())' -C metadata=a242405e799e600f -C extra-filename=-66ac2b71496e370d --out-dir /tmp/cargo-mutants-pstore-FkDeYx.tmp/target/debug/deps -C incremental=/tmp/cargo-mutants-pstore-FkDeYx.tmp/target/debug/incremental -L dependency=/tmp/cargo-mutants-pstore-FkDeYx.tmp/target/debug/deps --extern bytes=/tmp/cargo-mutants-pstore-FkDeYx.tmp/target/debug/deps/libbytes-31b8f712e3be84e8.rmeta --extern futures_util=/tmp/cargo-mutants-pstore-FkDeYx.tmp/target/debug/deps/libfutures_util-9467758a9490225b.rmeta --extern pstore_blob=/tmp/cargo-mutants-pstore-FkDeYx.tmp/target/debug/deps/libpstore_blob-a1c846e65fcdfc47.rmeta --extern pstore_format=/tmp/cargo-mutants-pstore-FkDeYx.tmp/target/debug/deps/libpstore_format-b47669c15c655435.rmeta` (exit status: 1)
warning: build failed, waiting for other jobs to finish...
error: could not compile `pstore-index` (lib test) due to 1 previous error

Caused by:
  process didn't exit successfully: `/home/tuong/.rustup/toolchains/1.90-x86_64-unknown-linux-gnu/bin/rustc --crate-name pstore_index --edition=2024 crates/pstore-index/src/lib.rs --error-format=json --json=diagnostic-rendered-ansi,artifacts,future-incompat --emit=dep-info,link -C embed-bitcode=no -C debuginfo=2 --warn=rust_2018_idioms '--deny=clippy::unwrap_used' --forbid=unsafe_code --warn=unreachable_pub '--deny=clippy::unimplemented' '--deny=clippy::todo' '--deny=clippy::panic' --warn=missing_docs '--deny=clippy::mem_forget' '--deny=clippy::indexing_slicing' '--deny=clippy::float_cmp' '--deny=clippy::expect_used' '--deny=clippy::dbg_macro' --test --check-cfg 'cfg(docsrs,test)' --check-cfg 'cfg(feature, values())' -C metadata=cc327639876ee248 -C extra-filename=-ad9a41401e531637 --out-dir /tmp/cargo-mutants-pstore-FkDeYx.tmp/target/debug/deps -C incremental=/tmp/cargo-mutants-pstore-FkDeYx.tmp/target/debug/incremental -L dependency=/tmp/cargo-mutants-pstore-FkDeYx.tmp/target/debug/deps --extern bytes=/tmp/cargo-mutants-pstore-FkDeYx.tmp/target/debug/deps/libbytes-31b8f712e3be84e8.rlib --extern futures_util=/tmp/cargo-mutants-pstore-FkDeYx.tmp/target/debug/deps/libfutures_util-9467758a9490225b.rlib --extern pstore_blob=/tmp/cargo-mutants-pstore-FkDeYx.tmp/target/debug/deps/libpstore_blob-a1c846e65fcdfc47.rlib --extern pstore_format=/tmp/cargo-mutants-pstore-FkDeYx.tmp/target/debug/deps/libpstore_format-b47669c15c655435.rlib --extern pstore_testkit=/tmp/cargo-mutants-pstore-FkDeYx.tmp/target/debug/deps/libpstore_testkit-c70127229fd98aeb.rlib --extern pstore_types=/tmp/cargo-mutants-pstore-FkDeYx.tmp/target/debug/deps/libpstore_types-c19df0e60947a156.rlib --extern tokio=/tmp/cargo-mutants-pstore-FkDeYx.tmp/target/debug/deps/libtokio-c4794fa7272c7af3.rlib` (exit status: 1)

*** result: Failure(101)
