
*** crates/pstore-format/src/reader.rs:56:40: replace - with / in Segment::open

*** mutation diff:
--- crates/pstore-format/src/reader.rs
+++ replace - with / in Segment::open
@@ -48,17 +48,17 @@
         }
 
         // Where in the object the bytes we hold begin. Derived from the footer's own
         // offsets rather than from a separately-fetched length.
         let seg_len = index_offset + u64::from(index_len) + FOOTER_LEN as u64;
         let tail_start = seg_len.saturating_sub(tail.len() as u64);
         let idx_bytes = {
             if index_offset >= tail_start {
-                let lo = (index_offset - tail_start) as usize;
+                let lo = (index_offset / /* ~ changed by cargo-mutants ~ */ tail_start) as usize;
                 let hi = lo
                     .checked_add(index_len as usize)
                     .ok_or(FormatError::Truncated)?;
                 Bytes::copy_from_slice(tail.get(lo..hi).ok_or(FormatError::Truncated)?)
             } else {
                 // Only now, and only for a segment whose index section is large.
                 store
                     .get_range(key, index_offset..index_offset + u64::from(index_len))


*** /home/tuong/.rustup/toolchains/1.90-x86_64-unknown-linux-gnu/bin/cargo test --no-run --verbose --package=pstore-format@0.1.0
    Blocking waiting for file lock on package cache
    Blocking waiting for file lock on package cache
    Blocking waiting for file lock on package cache
       Fresh unicode-ident v1.0.24
       Fresh pin-project-lite v0.2.17
       Fresh futures-core v0.3.34
       Fresh slab v0.4.12
       Fresh futures-task v0.3.34
       Fresh bytes v1.12.1
       Fresh pstore-types v0.1.0 (/tmp/cargo-mutants-pstore-zLaeUx.tmp/crates/pstore-types)
       Fresh proc-macro2 v1.0.107
       Fresh futures-util v0.3.34
       Fresh quote v1.0.47
       Fresh syn v3.0.5
       Fresh thiserror-impl v2.0.20
       Fresh tokio-macros v2.7.2
       Fresh async-trait v0.1.92
       Fresh thiserror v2.0.20
       Fresh tokio v1.53.1
       Fresh pstore-blob v0.1.0 (/tmp/cargo-mutants-pstore-zLaeUx.tmp/crates/pstore-blob)
       Dirty pstore-format v0.1.0 (/tmp/cargo-mutants-pstore-zLaeUx.tmp/crates/pstore-format): the file `crates/pstore-format/src/reader.rs` has changed (1788611771.611515758s, 1s after last build at 1788611770.225226836s)
   Compiling pstore-format v0.1.0 (/tmp/cargo-mutants-pstore-zLaeUx.tmp/crates/pstore-format)
     Running `/home/tuong/.rustup/toolchains/1.90-x86_64-unknown-linux-gnu/bin/rustc --crate-name pstore_format --edition=2024 crates/pstore-format/src/lib.rs --error-format=json --json=diagnostic-rendered-ansi,artifacts,future-incompat --emit=dep-info,link -C embed-bitcode=no -C debuginfo=2 --warn=rust_2018_idioms '--deny=clippy::unwrap_used' --forbid=unsafe_code --warn=unreachable_pub '--deny=clippy::unimplemented' '--deny=clippy::todo' '--deny=clippy::panic' --warn=missing_docs '--deny=clippy::mem_forget' '--deny=clippy::indexing_slicing' '--deny=clippy::float_cmp' '--deny=clippy::expect_used' '--deny=clippy::dbg_macro' --test --check-cfg 'cfg(docsrs,test)' --check-cfg 'cfg(feature, values())' -C metadata=821cada9fb09dc73 -C extra-filename=-6c8cb96cbdbdb465 --out-dir /tmp/cargo-mutants-pstore-zLaeUx.tmp/target/debug/deps -C incremental=/tmp/cargo-mutants-pstore-zLaeUx.tmp/target/debug/incremental -L dependency=/tmp/cargo-mutants-pstore-zLaeUx.tmp/target/debug/deps --extern async_trait=/tmp/cargo-mutants-pstore-zLaeUx.tmp/target/debug/deps/libasync_trait-efaaae825ff87b5f.so --extern bytes=/tmp/cargo-mutants-pstore-zLaeUx.tmp/target/debug/deps/libbytes-31b8f712e3be84e8.rlib --extern pstore_blob=/tmp/cargo-mutants-pstore-zLaeUx.tmp/target/debug/deps/libpstore_blob-b6cf016c092a0ac2.rlib --extern pstore_types=/tmp/cargo-mutants-pstore-zLaeUx.tmp/target/debug/deps/libpstore_types-c19df0e60947a156.rlib --extern thiserror=/tmp/cargo-mutants-pstore-zLaeUx.tmp/target/debug/deps/libthiserror-a555ba146edbfd98.rlib --extern tokio=/tmp/cargo-mutants-pstore-zLaeUx.tmp/target/debug/deps/libtokio-1c12c7fb7aae7e9d.rlib`
     Running `/home/tuong/.rustup/toolchains/1.90-x86_64-unknown-linux-gnu/bin/rustc --crate-name pstore_format --edition=2024 crates/pstore-format/src/lib.rs --error-format=json --json=diagnostic-rendered-ansi,artifacts,future-incompat --crate-type lib --emit=dep-info,metadata,link -C embed-bitcode=no -C debuginfo=2 --warn=rust_2018_idioms '--deny=clippy::unwrap_used' --forbid=unsafe_code --warn=unreachable_pub '--deny=clippy::unimplemented' '--deny=clippy::todo' '--deny=clippy::panic' --warn=missing_docs '--deny=clippy::mem_forget' '--deny=clippy::indexing_slicing' '--deny=clippy::float_cmp' '--deny=clippy::expect_used' '--deny=clippy::dbg_macro' --check-cfg 'cfg(docsrs,test)' --check-cfg 'cfg(feature, values())' -C metadata=57d28a0e0e46fc90 -C extra-filename=-1275d00aeb99a72a --out-dir /tmp/cargo-mutants-pstore-zLaeUx.tmp/target/debug/deps -C incremental=/tmp/cargo-mutants-pstore-zLaeUx.tmp/target/debug/incremental -L dependency=/tmp/cargo-mutants-pstore-zLaeUx.tmp/target/debug/deps --extern async_trait=/tmp/cargo-mutants-pstore-zLaeUx.tmp/target/debug/deps/libasync_trait-efaaae825ff87b5f.so --extern bytes=/tmp/cargo-mutants-pstore-zLaeUx.tmp/target/debug/deps/libbytes-31b8f712e3be84e8.rmeta --extern pstore_blob=/tmp/cargo-mutants-pstore-zLaeUx.tmp/target/debug/deps/libpstore_blob-b6cf016c092a0ac2.rmeta --extern pstore_types=/tmp/cargo-mutants-pstore-zLaeUx.tmp/target/debug/deps/libpstore_types-c19df0e60947a156.rmeta --extern thiserror=/tmp/cargo-mutants-pstore-zLaeUx.tmp/target/debug/deps/libthiserror-a555ba146edbfd98.rmeta`
     Running `/home/tuong/.rustup/toolchains/1.90-x86_64-unknown-linux-gnu/bin/rustc --crate-name segment --edition=2024 crates/pstore-format/tests/segment.rs --error-format=json --json=diagnostic-rendered-ansi,artifacts,future-incompat --emit=dep-info,link -C embed-bitcode=no -C debuginfo=2 --warn=rust_2018_idioms '--deny=clippy::unwrap_used' --forbid=unsafe_code --warn=unreachable_pub '--deny=clippy::unimplemented' '--deny=clippy::todo' '--deny=clippy::panic' --warn=missing_docs '--deny=clippy::mem_forget' '--deny=clippy::indexing_slicing' '--deny=clippy::float_cmp' '--deny=clippy::expect_used' '--deny=clippy::dbg_macro' --test --check-cfg 'cfg(docsrs,test)' --check-cfg 'cfg(feature, values())' -C metadata=a243db0e9609e460 -C extra-filename=-a5c2cb1d0b2aa6ef --out-dir /tmp/cargo-mutants-pstore-zLaeUx.tmp/target/debug/deps -C incremental=/tmp/cargo-mutants-pstore-zLaeUx.tmp/target/debug/incremental -L dependency=/tmp/cargo-mutants-pstore-zLaeUx.tmp/target/debug/deps --extern async_trait=/tmp/cargo-mutants-pstore-zLaeUx.tmp/target/debug/deps/libasync_trait-efaaae825ff87b5f.so --extern bytes=/tmp/cargo-mutants-pstore-zLaeUx.tmp/target/debug/deps/libbytes-31b8f712e3be84e8.rlib --extern pstore_blob=/tmp/cargo-mutants-pstore-zLaeUx.tmp/target/debug/deps/libpstore_blob-b6cf016c092a0ac2.rlib --extern pstore_format=/tmp/cargo-mutants-pstore-zLaeUx.tmp/target/debug/deps/libpstore_format-1275d00aeb99a72a.rlib --extern pstore_types=/tmp/cargo-mutants-pstore-zLaeUx.tmp/target/debug/deps/libpstore_types-c19df0e60947a156.rlib --extern thiserror=/tmp/cargo-mutants-pstore-zLaeUx.tmp/target/debug/deps/libthiserror-a555ba146edbfd98.rlib --extern tokio=/tmp/cargo-mutants-pstore-zLaeUx.tmp/target/debug/deps/libtokio-1c12c7fb7aae7e9d.rlib`
     Running `/home/tuong/.rustup/toolchains/1.90-x86_64-unknown-linux-gnu/bin/rustc --crate-name search --edition=2024 crates/pstore-format/tests/search.rs --error-format=json --json=diagnostic-rendered-ansi,artifacts,future-incompat --emit=dep-info,link -C embed-bitcode=no -C debuginfo=2 --warn=rust_2018_idioms '--deny=clippy::unwrap_used' --forbid=unsafe_code --warn=unreachable_pub '--deny=clippy::unimplemented' '--deny=clippy::todo' '--deny=clippy::panic' --warn=missing_docs '--deny=clippy::mem_forget' '--deny=clippy::indexing_slicing' '--deny=clippy::float_cmp' '--deny=clippy::expect_used' '--deny=clippy::dbg_macro' --test --check-cfg 'cfg(docsrs,test)' --check-cfg 'cfg(feature, values())' -C metadata=a12da3018441d499 -C extra-filename=-d4e51932dcef29a0 --out-dir /tmp/cargo-mutants-pstore-zLaeUx.tmp/target/debug/deps -C incremental=/tmp/cargo-mutants-pstore-zLaeUx.tmp/target/debug/incremental -L dependency=/tmp/cargo-mutants-pstore-zLaeUx.tmp/target/debug/deps --extern async_trait=/tmp/cargo-mutants-pstore-zLaeUx.tmp/target/debug/deps/libasync_trait-efaaae825ff87b5f.so --extern bytes=/tmp/cargo-mutants-pstore-zLaeUx.tmp/target/debug/deps/libbytes-31b8f712e3be84e8.rlib --extern pstore_blob=/tmp/cargo-mutants-pstore-zLaeUx.tmp/target/debug/deps/libpstore_blob-b6cf016c092a0ac2.rlib --extern pstore_format=/tmp/cargo-mutants-pstore-zLaeUx.tmp/target/debug/deps/libpstore_format-1275d00aeb99a72a.rlib --extern pstore_types=/tmp/cargo-mutants-pstore-zLaeUx.tmp/target/debug/deps/libpstore_types-c19df0e60947a156.rlib --extern thiserror=/tmp/cargo-mutants-pstore-zLaeUx.tmp/target/debug/deps/libthiserror-a555ba146edbfd98.rlib --extern tokio=/tmp/cargo-mutants-pstore-zLaeUx.tmp/target/debug/deps/libtokio-1c12c7fb7aae7e9d.rlib`
     Running `/home/tuong/.rustup/toolchains/1.90-x86_64-unknown-linux-gnu/bin/rustc --crate-name corrupt --edition=2024 crates/pstore-format/tests/corrupt.rs --error-format=json --json=diagnostic-rendered-ansi,artifacts,future-incompat --emit=dep-info,link -C embed-bitcode=no -C debuginfo=2 --warn=rust_2018_idioms '--deny=clippy::unwrap_used' --forbid=unsafe_code --warn=unreachable_pub '--deny=clippy::unimplemented' '--deny=clippy::todo' '--deny=clippy::panic' --warn=missing_docs '--deny=clippy::mem_forget' '--deny=clippy::indexing_slicing' '--deny=clippy::float_cmp' '--deny=clippy::expect_used' '--deny=clippy::dbg_macro' --test --check-cfg 'cfg(docsrs,test)' --check-cfg 'cfg(feature, values())' -C metadata=de6f1515f976f7e8 -C extra-filename=-cff173796626ae2c --out-dir /tmp/cargo-mutants-pstore-zLaeUx.tmp/target/debug/deps -C incremental=/tmp/cargo-mutants-pstore-zLaeUx.tmp/target/debug/incremental -L dependency=/tmp/cargo-mutants-pstore-zLaeUx.tmp/target/debug/deps --extern async_trait=/tmp/cargo-mutants-pstore-zLaeUx.tmp/target/debug/deps/libasync_trait-efaaae825ff87b5f.so --extern bytes=/tmp/cargo-mutants-pstore-zLaeUx.tmp/target/debug/deps/libbytes-31b8f712e3be84e8.rlib --extern pstore_blob=/tmp/cargo-mutants-pstore-zLaeUx.tmp/target/debug/deps/libpstore_blob-b6cf016c092a0ac2.rlib --extern pstore_format=/tmp/cargo-mutants-pstore-zLaeUx.tmp/target/debug/deps/libpstore_format-1275d00aeb99a72a.rlib --extern pstore_types=/tmp/cargo-mutants-pstore-zLaeUx.tmp/target/debug/deps/libpstore_types-c19df0e60947a156.rlib --extern thiserror=/tmp/cargo-mutants-pstore-zLaeUx.tmp/target/debug/deps/libthiserror-a555ba146edbfd98.rlib --extern tokio=/tmp/cargo-mutants-pstore-zLaeUx.tmp/target/debug/deps/libtokio-1c12c7fb7aae7e9d.rlib`
    Finished `test` profile [unoptimized + debuginfo] target(s) in 1.32s
  Executable `/tmp/cargo-mutants-pstore-zLaeUx.tmp/target/debug/deps/pstore_format-6c8cb96cbdbdb465`
  Executable `/tmp/cargo-mutants-pstore-zLaeUx.tmp/target/debug/deps/corrupt-cff173796626ae2c`
  Executable `/tmp/cargo-mutants-pstore-zLaeUx.tmp/target/debug/deps/search-d4e51932dcef29a0`
  Executable `/tmp/cargo-mutants-pstore-zLaeUx.tmp/target/debug/deps/segment-a5c2cb1d0b2aa6ef`

*** result: Success

*** /home/tuong/.rustup/toolchains/1.90-x86_64-unknown-linux-gnu/bin/cargo test --verbose --package=pstore-format@0.1.0
    Blocking waiting for file lock on package cache
    Blocking waiting for file lock on package cache
    Blocking waiting for file lock on package cache
    Blocking waiting for file lock on shared package cache
       Fresh unicode-ident v1.0.24
       Fresh proc-macro2 v1.0.107
       Fresh quote v1.0.47
       Fresh syn v3.0.5
       Fresh pin-project-lite v0.2.17
       Fresh tokio-macros v2.7.2
       Fresh thiserror-impl v2.0.20
       Fresh futures-core v0.3.34
       Fresh slab v0.4.12
       Fresh futures-task v0.3.34
       Fresh futures-util v0.3.34
       Fresh tokio v1.53.1
       Fresh async-trait v0.1.92
       Fresh bytes v1.12.1
       Fresh pstore-types v0.1.0 (/tmp/cargo-mutants-pstore-zLaeUx.tmp/crates/pstore-types)
       Fresh thiserror v2.0.20
       Fresh pstore-blob v0.1.0 (/tmp/cargo-mutants-pstore-zLaeUx.tmp/crates/pstore-blob)
       Fresh pstore-format v0.1.0 (/tmp/cargo-mutants-pstore-zLaeUx.tmp/crates/pstore-format)
    Finished `test` profile [unoptimized + debuginfo] target(s) in 0.06s
     Running `/tmp/cargo-mutants-pstore-zLaeUx.tmp/target/debug/deps/pstore_format-6c8cb96cbdbdb465`

running 4 tests
test codec::tests::every_primitive_refuses_a_short_buffer_rather_than_panicking ... ok
test codec::tests::a_string_field_rejects_invalid_utf8 ... ok
test codec::tests::the_checksum_changes_when_any_byte_does ... ok
test codec::tests::every_primitive_round_trips ... ok

test result: ok. 4 passed; 0 failed; 0 ignored; 0 measured; 0 filtered out; finished in 0.00s

     Running `/tmp/cargo-mutants-pstore-zLaeUx.tmp/target/debug/deps/corrupt-cff173796626ae2c`

running 10 tests
test a_document_starts_with_no_attributes ... ok
test a_future_version_is_refused_rather_than_guessed_at ... ok
test a_missing_segment_is_an_error_not_an_empty_one ... ok
test a_scan_of_a_segment_whose_blocks_are_gone_is_an_error ... FAILED
test a_segment_with_an_impossible_block_count_is_refused ... FAILED
test a_tampered_index_section_is_caught_by_the_checksum ... FAILED
test a_truncated_segment_is_an_error ... ok
test filters_match_rows_by_type ... ok
test an_unknown_value_tag_is_an_error ... FAILED
test filters_prune_only_what_they_provably_can ... ok

failures:

---- a_scan_of_a_segment_whose_blocks_are_gone_is_an_error stdout ----

thread 'a_scan_of_a_segment_whose_blocks_are_gone_is_an_error' panicked at /tmp/cargo-mutants-pstore-zLaeUx.tmp/crates/pstore-format/src/reader.rs:56:26:
attempt to divide by zero
note: run with `RUST_BACKTRACE=1` environment variable to display a backtrace

---- a_segment_with_an_impossible_block_count_is_refused stdout ----

thread 'a_segment_with_an_impossible_block_count_is_refused' panicked at /tmp/cargo-mutants-pstore-zLaeUx.tmp/crates/pstore-format/src/reader.rs:56:26:
attempt to divide by zero

---- a_tampered_index_section_is_caught_by_the_checksum stdout ----

thread 'a_tampered_index_section_is_caught_by_the_checksum' panicked at /tmp/cargo-mutants-pstore-zLaeUx.tmp/crates/pstore-format/src/reader.rs:56:26:
attempt to divide by zero

---- an_unknown_value_tag_is_an_error stdout ----

thread 'an_unknown_value_tag_is_an_error' panicked at /tmp/cargo-mutants-pstore-zLaeUx.tmp/crates/pstore-format/src/reader.rs:56:26:
attempt to divide by zero


failures:
    a_scan_of_a_segment_whose_blocks_are_gone_is_an_error
    a_segment_with_an_impossible_block_count_is_refused
    a_tampered_index_section_is_caught_by_the_checksum
    an_unknown_value_tag_is_an_error

test result: FAILED. 6 passed; 4 failed; 0 ignored; 0 measured; 0 filtered out; finished in 0.00s

error: test failed, to rerun pass `-p pstore-format --test corrupt`

*** result: Failure(101)
